--------- beginning of crash
02-14 12:23:43.172 23534 23534 E AndroidRuntime: FATAL EXCEPTION: main
02-14 12:23:43.172 23534 23534 E AndroidRuntime: Process: com.instagram.android, PID: 23534
02-14 12:23:43.172 23534 23534 E AndroidRuntime: java.lang.NoSuchFieldError: No static field ig4a_launcher_migrate_security_challenge_to_maa_fdid_v2_enable_caa_password_reset of type J in class LX/0Ar; or its superclasses (declaration of 'X.0Ar' appears in /data/app/~~AUPdJmCR4PW1chXVi6-13Q==/com.instagram.android-xN2izrJdmo2vCl8O0YsioQ==/base.apk)
02-14 12:23:43.172 23534 23534 E AndroidRuntime: 	at X.ReX.<clinit>(Unknown Source:0)
02-14 12:23:43.172 23534 23534 E AndroidRuntime: 	at com.instagram.urlhandlers.passwordreset.PasswordResetExternalUrlHandlerActivity.onCreate(Unknown Source:534)
02-14 12:23:43.172 23534 23534 E AndroidRuntime: 	at android.app.Activity.performCreate(Activity.java:8130)
02-14 12:23:43.172 23534 23534 E AndroidRuntime: 	at android.app.Activity.performCreate(Activity.java:8110)
02-14 12:23:43.172 23534 23534 E AndroidRuntime: 	at android.app.Instrumentation.callActivityOnCreate(Instrumentation.java:1343)
02-14 12:23:43.172 23534 23534 E AndroidRuntime: 	at android.app.ActivityThread.performLaunchActivity(ActivityThread.java:3781)
02-14 12:23:43.172 23534 23534 E AndroidRuntime: 	at android.app.ActivityThread.handleLaunchActivity(ActivityThread.java:3977)
02-14 12:23:43.172 23534 23534 E AndroidRuntime: 	at android.app.servertransaction.LaunchActivityItem.execute(LaunchActivityItem.java:109)
02-14 12:23:43.172 23534 23534 E AndroidRuntime: 	at android.app.servertransaction.TransactionExecutor.executeCallbacks(TransactionExecutor.java:135)
02-14 12:23:43.172 23534 23534 E AndroidRuntime: 	at android.app.servertransaction.TransactionExecutor.execute(TransactionExecutor.java:95)
02-14 12:23:43.172 23534 23534 E AndroidRuntime: 	at android.app.ActivityThread$H.handleMessage(ActivityThread.java:2374)
02-14 12:23:43.172 23534 23534 E AndroidRuntime: 	at X.0Gz.A00(:13)
02-14 12:23:43.172 23534 23534 E AndroidRuntime: 	at X.A8W.A87(Unknown Source:36)
02-14 12:23:43.172 23534 23534 E AndroidRuntime: 	at X.0Gz.handleMessage(:35)
02-14 12:23:43.172 23534 23534 E AndroidRuntime: 	at android.os.Handler.dispatchMessage(Handler.java:102)
02-14 12:23:43.172 23534 23534 E AndroidRuntime: 	at android.os.Looper.loopOnce(Looper.java:233)
02-14 12:23:43.172 23534 23534 E AndroidRuntime: 	at android.os.Looper.loop(Looper.java:344)
02-14 12:23:43.172 23534 23534 E AndroidRuntime: 	at android.app.ActivityThread.main(ActivityThread.java:8248)
02-14 12:23:43.172 23534 23534 E AndroidRuntime: 	at java.lang.reflect.Method.invoke(Native Method)
02-14 12:23:43.172 23534 23534 E AndroidRuntime: 	at com.android.internal.os.RuntimeInit$MethodAndArgsCaller.run(RuntimeInit.java:589)
02-14 12:23:43.172 23534 23534 E AndroidRuntime: 	at com.android.internal.os.ZygoteInit.main(ZygoteInit.java:1071)
02-16 02:25:19.432  9221  9477 F libc    : Fatal signal 11 (SIGSEGV), code 1 (SEGV_MAPERR), fault addr 0x223670cd62f0f in tid 9477 (network), pid 9221 (napchat.android)
02-16 02:25:24.505  9819  9819 F DEBUG   : *** *** *** *** *** *** *** *** *** *** *** *** *** *** *** ***
02-16 02:25:24.505  9819  9819 F DEBUG   : Build fingerprint: 'realme/RMX2151/RMX2151L1:12/SP1A.210812.016/Q.bf75e7-1:user/release-keys'
02-16 02:25:24.505  9819  9819 F DEBUG   : Revision: '0'
02-16 02:25:24.505  9819  9819 F DEBUG   : ABI: 'arm64'
02-16 02:25:24.505  9819  9819 F DEBUG   : Timestamp: 2026-02-16 02:25:19.754383795+0530
02-16 02:25:24.505  9819  9819 F DEBUG   : Process uptime: 0s
02-16 02:25:24.505  9819  9819 F DEBUG   : Cmdline: com.snapchat.android
02-16 02:25:24.509  9819  9819 F DEBUG   : pid: 9221, tid: 9477, name: network  >>> com.snapchat.android <<<
02-16 02:25:24.509  9819  9819 F DEBUG   : uid: 11103
02-16 02:25:24.509  9819  9819 F DEBUG   : signal 11 (SIGSEGV), code 1 (SEGV_MAPERR), fault addr 0x223670cd62f0f
02-16 02:25:24.509  9819  9819 F DEBUG   :     x0  00000074ecccb060  x1  00000073a124b660  x2  000000000000001c  x3  00000074eccd1a28
02-16 02:25:24.509  9819  9819 F DEBUG   :     x4  0000000000000018  x5  0000000000000000  x6  0000000000000010  x7  7f7f7f7f7f7f7f7f
02-16 02:25:24.509  9819  9819 F DEBUG   :     x8  860223670cd62f0f  x9  000000000000001c  x10 b40000744c64bfd8  x11 ffffffffffffffe4
02-16 02:25:24.509  9819  9819 F DEBUG   :     x12 000000000000001c  x13 860223670cd62f2b  x14 00000000ffffffe4  x15 00000074ecccb060
02-16 02:25:24.510  9819  9819 F DEBUG   :     x16 0000000000000053  x17 000000000000004e  x18 00000073a0e70000  x19 00000073a124e000
02-16 02:25:24.510  9819  9819 F DEBUG   :     x20 00000073a124b660  x21 0000000000000091  x22 00000073a124e000  x23 00000073a124b9b0
02-16 02:25:24.510  9819  9819 F DEBUG   :     x24 00000073a124b560  x25 00000073ce353150  x26 b40000744e762f68  x27 000000000000001c
02-16 02:25:24.510  9819  9819 F DEBUG   :     x28 00000073a124e000  x29 00000073a124b480
02-16 02:25:24.510  9819  9819 F DEBUG   :     lr  00000074ecccd068  sp  00000073a124b480  pc  00000074fd38b264  pst 0000000020001000
02-16 02:25:24.510  9819  9819 F DEBUG   : backtrace:
02-16 02:25:24.510  9819  9819 F DEBUG   :       #00 pc 00000000000c6264  /apex/com.android.runtime/lib64/bionic/libc.so (getenv+116) (BuildId: f24f65acf653c409ca4332aced817a71)
02-16 02:25:24.510  9819  9819 F DEBUG   :       #01 pc 0000000000004064  /system/lib64/libnetd_client.so (FwmarkClient::shouldSetFwmark(int) (.cfi)+28) (BuildId: 673fee4291282081696eb3e9d0ca8685)
02-16 02:25:24.510  9819  9819 F DEBUG   :       #02 pc 0000000000005b64  /system/lib64/libnetd_client.so ((anonymous namespace)::netdClientConnect(int, sockaddr const*, unsigned int) (.cfi)+420) (BuildId: 673fee4291282081696eb3e9d0ca8685)
02-16 02:25:24.510  9819  9819 F DEBUG   :       #03 pc 0000000000bc34a8  /data/app/~~dJek9VSK_jQ2xlo4nfEL1g==/com.snapchat.android--1A5IdhR7h44DxrLRSAJsQ==/split_config.arm64_v8a.apk (BuildId: 718ce36122b4d51839512de833ed18fd)
02-16 02:25:24.511  9819  9819 F DEBUG   :       #04 pc 0000000000bbe0dc  /data/app/~~dJek9VSK_jQ2xlo4nfEL1g==/com.snapchat.android--1A5IdhR7h44DxrLRSAJsQ==/split_config.arm64_v8a.apk (BuildId: 718ce36122b4d51839512de833ed18fd)
02-16 02:25:24.511  9819  9819 F DEBUG   :       #05 pc 0000000000bbd218  /data/app/~~dJek9VSK_jQ2xlo4nfEL1g==/com.snapchat.android--1A5IdhR7h44DxrLRSAJsQ==/split_config.arm64_v8a.apk (BuildId: 718ce36122b4d51839512de833ed18fd)
02-16 02:25:24.511  9819  9819 F DEBUG   :       #06 pc 0000000000bbad14  /data/app/~~dJek9VSK_jQ2xlo4nfEL1g==/com.snapchat.android--1A5IdhR7h44DxrLRSAJsQ==/split_config.arm64_v8a.apk (BuildId: 718ce36122b4d51839512de833ed18fd)
02-16 02:25:24.511  9819  9819 F DEBUG   :       #07 pc 0000000000bb5dbc  /data/app/~~dJek9VSK_jQ2xlo4nfEL1g==/com.snapchat.android--1A5IdhR7h44DxrLRSAJsQ==/split_config.arm64_v8a.apk (BuildId: 718ce36122b4d51839512de833ed18fd)
02-16 02:25:24.511  9819  9819 F DEBUG   :       #08 pc 0000000000ba6c04  /data/app/~~dJek9VSK_jQ2xlo4nfEL1g==/com.snapchat.android--1A5IdhR7h44DxrLRSAJsQ==/split_config.arm64_v8a.apk (BuildId: 718ce36122b4d51839512de833ed18fd)
02-16 02:25:24.511  9819  9819 F DEBUG   :       #09 pc 0000000000ba49a4  /data/app/~~dJek9VSK_jQ2xlo4nfEL1g==/com.snapchat.android--1A5IdhR7h44DxrLRSAJsQ==/split_config.arm64_v8a.apk (BuildId: 718ce36122b4d51839512de833ed18fd)
02-16 02:25:24.511  9819  9819 F DEBUG   :       #10 pc 0000000000ba3974  /data/app/~~dJek9VSK_jQ2xlo4nfEL1g==/com.snapchat.android--1A5IdhR7h44DxrLRSAJsQ==/split_config.arm64_v8a.apk (BuildId: 718ce36122b4d51839512de833ed18fd)
02-16 02:25:24.512  9819  9819 F DEBUG   :       #11 pc 0000000000b93820  /data/app/~~dJek9VSK_jQ2xlo4nfEL1g==/com.snapchat.android--1A5IdhR7h44DxrLRSAJsQ==/split_config.arm64_v8a.apk (BuildId: 718ce36122b4d51839512de833ed18fd)
02-16 02:25:24.512  9819  9819 F DEBUG   :       #12 pc 0000000000b91020  /data/app/~~dJek9VSK_jQ2xlo4nfEL1g==/com.snapchat.android--1A5IdhR7h44DxrLRSAJsQ==/split_config.arm64_v8a.apk (BuildId: 718ce36122b4d51839512de833ed18fd)
02-16 02:25:24.512  9819  9819 F DEBUG   :       #13 pc 0000000000b2c66c  /data/app/~~dJek9VSK_jQ2xlo4nfEL1g==/com.snapchat.android--1A5IdhR7h44DxrLRSAJsQ==/split_config.arm64_v8a.apk (BuildId: 718ce36122b4d51839512de833ed18fd)
02-16 02:25:24.512  9819  9819 F DEBUG   :       #14 pc 00000000009bf854  /data/app/~~dJek9VSK_jQ2xlo4nfEL1g==/com.snapchat.android--1A5IdhR7h44DxrLRSAJsQ==/split_config.arm64_v8a.apk (BuildId: 718ce36122b4d51839512de833ed18fd)
02-16 02:25:24.512  9819  9819 F DEBUG   :       #15 pc 00000000009bf580  /data/app/~~dJek9VSK_jQ2xlo4nfEL1g==/com.snapchat.android--1A5IdhR7h44DxrLRSAJsQ==/split_config.arm64_v8a.apk (BuildId: 718ce36122b4d51839512de833ed18fd)
02-16 02:25:24.512  9819  9819 F DEBUG   :       #16 pc 00000000009bf1d8  /data/app/~~dJek9VSK_jQ2xlo4nfEL1g==/com.snapchat.android--1A5IdhR7h44DxrLRSAJsQ==/split_config.arm64_v8a.apk (BuildId: 718ce36122b4d51839512de833ed18fd)
02-16 02:25:24.512  9819  9819 F DEBUG   :       #17 pc 00000000009bd5b8  /data/app/~~dJek9VSK_jQ2xlo4nfEL1g==/com.snapchat.android--1A5IdhR7h44DxrLRSAJsQ==/split_config.arm64_v8a.apk (BuildId: 718ce36122b4d51839512de833ed18fd)
02-16 02:25:24.512  9819  9819 F DEBUG   :       #18 pc 00000000009bd204  /data/app/~~dJek9VSK_jQ2xlo4nfEL1g==/com.snapchat.android--1A5IdhR7h44DxrLRSAJsQ==/split_config.arm64_v8a.apk (BuildId: 718ce36122b4d51839512de833ed18fd)
02-16 02:25:24.512  9819  9819 F DEBUG   :       #19 pc 00000000009b80a0  /data/app/~~dJek9VSK_jQ2xlo4nfEL1g==/com.snapchat.android--1A5IdhR7h44DxrLRSAJsQ==/split_config.arm64_v8a.apk (BuildId: 718ce36122b4d51839512de833ed18fd)
02-16 02:25:24.512  9819  9819 F DEBUG   :       #20 pc 00000000009b6050  /data/app/~~dJek9VSK_jQ2xlo4nfEL1g==/com.snapchat.android--1A5IdhR7h44DxrLRSAJsQ==/split_config.arm64_v8a.apk (BuildId: 718ce36122b4d51839512de833ed18fd)
02-16 02:25:24.513  9819  9819 F DEBUG   :       #21 pc 00000000000dc188  /apex/com.android.runtime/lib64/bionic/libc.so (__pthread_start(void*)+264) (BuildId: f24f65acf653c409ca4332aced817a71)
02-16 02:25:24.513  9819  9819 F DEBUG   :       #22 pc 000000000007a438  /apex/com.android.runtime/lib64/bionic/libc.so (__start_thread+64) (BuildId: f24f65acf653c409ca4332aced817a71)
02-16 23:33:18.128 31568 31769 F libc    : Fatal signal 11 (SIGSEGV), code 1 (SEGV_MAPERR), fault addr 0x0 in tid 31769 (Analytics2-Even), pid 31568 (stagram.android)
02-16 23:33:20.977 10015 10015 F DEBUG   : *** *** *** *** *** *** *** *** *** *** *** *** *** *** *** ***
02-16 23:33:20.977 10015 10015 F DEBUG   : Build fingerprint: 'realme/RMX2151/RMX2151L1:12/SP1A.210812.016/Q.bf75e7-1:user/release-keys'
02-16 23:33:20.977 10015 10015 F DEBUG   : Revision: '0'
02-16 23:33:20.977 10015 10015 F DEBUG   : ABI: 'arm64'
02-16 23:33:20.977 10015 10015 F DEBUG   : Timestamp: 2026-02-16 23:33:18.344488878+0530
02-16 23:33:20.977 10015 10015 F DEBUG   : Process uptime: 0s
02-16 23:33:20.977 10015 10015 F DEBUG   : Cmdline: com.instagram.android
02-16 23:33:20.977 10015 10015 F DEBUG   : pid: 31568, tid: 31769, name: Analytics2-Even  >>> com.instagram.android <<<
02-16 23:33:20.977 10015 10015 F DEBUG   : uid: 11199
02-16 23:33:20.977 10015 10015 F DEBUG   : signal 11 (SIGSEGV), code 1 (SEGV_MAPERR), fault addr 0x0
02-16 23:33:20.977 10015 10015 F DEBUG   : Cause: null pointer dereference
02-16 23:33:20.977 10015 10015 F DEBUG   :     x0  0000000000000000  x1  000000000000007d  x2  0000000000000001  x3  0000000000000008
02-16 23:33:20.977 10015 10015 F DEBUG   :     x4  b4000073a261c779  x5  b40000745413371e  x6  00000073b6219910  x7  0000000000000031
02-16 23:33:20.977 10015 10015 F DEBUG   :     x8  00000073902613d0  x9  ffffffffffffffff  x10 0000000000000040  x11 000000000000003d
02-16 23:33:20.977 10015 10015 F DEBUG   :     x12 5f646e756f706d6f  x13 222c5d2274736166  x14 000e1d76b336c06b  x15 000049840313c40d
02-16 23:33:20.977 10015 10015 F DEBUG   :     x16 00000073d0640250  x17 00000073d2ee87b8  x18 000000736f1e2000  x19 0000007390261268
02-16 23:33:20.977 10015 10015 F DEBUG   :     x20 0000000000000001  x21 00000073943fb4d0  x22 0000007390261370  x23 0000000000000000
02-16 23:33:20.977 10015 10015 F DEBUG   :     x24 0000000000000002  x25 0000000000000001  x26 0000000000000004  x27 0000007390262000
02-16 23:33:20.977 10015 10015 F DEBUG   :     x28 0000000000000001  x29 0000000000000005
02-16 23:33:20.977 10015 10015 F DEBUG   :     lr  00000073b62171e0  sp  0000007390261230  pc  00000073b6217238  pst 0000000060001000
02-16 23:33:20.977 10015 10015 F DEBUG   : backtrace:
02-16 23:33:20.977 10015 10015 F DEBUG   :   NOTE: Function names and BuildId information is missing for some frames due
02-16 23:33:20.977 10015 10015 F DEBUG   :   NOTE: to unreadable libraries. For unwinds of apps, only shared libraries
02-16 23:33:20.977 10015 10015 F DEBUG   :   NOTE: found under the lib/ directory are readable.
02-16 23:33:20.977 10015 10015 F DEBUG   :   NOTE: On this device, run setenforce 0 to make the libraries readable.
02-16 23:33:20.977 10015 10015 F DEBUG   :       #00 pc 0000000000005238  /data/data/com.instagram.android/lib-compressed/libfalco-e2e-logger-jni.so
02-16 23:33:20.977 10015 10015 F DEBUG   :       #01 pc 0000000003dd7a70  /data/app/~~VSfEy0ypMtp2LIQT9NZ5Nw==/com.instagram.android-vDr05BipDJeLGQGFZc3uWw==/oat/arm64/base.odex (art_jni_trampoline+128)
02-20 11:00:59.039   562   562 F libc    : crash_dump helper failed to exec, or was killed
02-20 11:00:59.076   626   626 F libc    : crash_dump helper failed to exec, or was killed
02-20 21:58:13.832  1007 12099 F libc    : Fatal signal 11 (SIGSEGV), code 1 (SEGV_MAPERR), fault addr 0xdc in tid 12099 (HwBinder:1007_7), pid 1007 (audio.service.m)
02-20 21:58:14.402 21228 21228 F DEBUG   : *** *** *** *** *** *** *** *** *** *** *** *** *** *** *** ***
02-20 21:58:14.402 21228 21228 F DEBUG   : Build fingerprint: 'realme/RMX2151/RMX2151L1:12/SP1A.210812.016/Q.bf75e7-1:user/release-keys'
02-20 21:58:14.402 21228 21228 F DEBUG   : Revision: '0'
02-20 21:58:14.402 21228 21228 F DEBUG   : ABI: 'arm'
02-20 21:58:14.402 21228 21228 F DEBUG   : Timestamp: 2026-02-20 21:58:14.034832982+0530
02-20 21:58:14.402 21228 21228 F DEBUG   : Process uptime: 0s
02-20 21:58:14.402 21228 21228 F DEBUG   : Cmdline: /vendor/bin/hw/android.hardware.audio.service.mediatek
02-20 21:58:14.402 21228 21228 F DEBUG   : pid: 1007, tid: 12099, name: HwBinder:1007_7  >>> /vendor/bin/hw/android.hardware.audio.service.mediatek <<<
02-20 21:58:14.402 21228 21228 F DEBUG   : uid: 1041
02-20 21:58:14.402 21228 21228 F DEBUG   : signal 11 (SIGSEGV), code 1 (SEGV_MAPERR), fault addr 0xdc
02-20 21:58:14.402 21228 21228 F DEBUG   : Cause: null pointer dereference
02-20 21:58:14.402 21228 21228 F DEBUG   :     r0  00000000  r1  cb3c3356  r2  00000000  r3  00000001
02-20 21:58:14.402 21228 21228 F DEBUG   :     r4  00000000  r5  ed527d9f  r6  00000000  r7  ed71829c
02-20 21:58:14.402 21228 21228 F DEBUG   :     r8  f01b324c  r9  ed549607  r10 00000130  r11 f01b324c
02-20 21:58:14.402 21228 21228 F DEBUG   :     ip  ed71c550  sp  e83fb6d0  lr  ed673a94  pc  edaf2364
02-20 21:58:14.402 21228 21228 F DEBUG   : backtrace:
02-20 21:58:14.402 21228 21228 F DEBUG   :       #00 pc 00005364  /apex/com.android.vndk.v31/lib/libtinyalsa.so (pcm_stop+4) (BuildId: 5398abd3eb9ac5bf3d20ae4ee8e2926d)
02-20 21:58:14.402 21228 21228 F DEBUG   :       #01 pc 001d7a90  /vendor/lib/hw/audio.primary.mt6785.so (android::AudioALSACaptureDataProviderEchoRef::close()+348) (BuildId: 529c695d33fd8263ffc6be0cad796fab)
02-20 21:58:14.402 21228 21228 F DEBUG   :       #02 pc 001cc400  /vendor/lib/hw/audio.primary.mt6785.so (android::AudioALSACaptureDataProviderBase::detach(android::IAudioALSACaptureDataClient*)+648) (BuildId: 529c695d33fd8263ffc6be0cad796fab)
02-20 21:58:14.402 21228 21228 F DEBUG   :       #03 pc 00150c30  /vendor/lib/hw/audio.primary.mt6785.so (android::AudioALSACaptureDataClientAurisysNormal::~AudioALSACaptureDataClientAurisysNormal()+108) (BuildId: 529c695d33fd8263ffc6be0cad796fab)
02-20 21:58:14.402 21228 21228 F DEBUG   :       #04 pc 001511c0  /vendor/lib/hw/audio.primary.mt6785.so (android::AudioALSACaptureDataClientAurisysNormal::~AudioALSACaptureDataClientAurisysNormal()+4) (BuildId: 529c695d33fd8263ffc6be0cad796fab)
02-20 21:58:14.402 21228 21228 F DEBUG   :       #05 pc 001c2ebc  /vendor/lib/hw/audio.primary.mt6785.so (android::AudioALSACaptureHandlerAEC::close()+176) (BuildId: 529c695d33fd8263ffc6be0cad796fab)
02-20 21:58:14.402 21228 21228 F DEBUG   :       #06 pc 00215ed4  /vendor/lib/hw/audio.primary.mt6785.so (android::AudioALSAStreamIn::close()+548) (BuildId: 529c695d33fd8263ffc6be0cad796fab)
02-20 21:58:14.402 21228 21228 F DEBUG   :       #07 pc 002114e0  /vendor/lib/hw/audio.primary.mt6785.so (android::AudioALSAStreamIn::standby_l(bool)+484) (BuildId: 529c695d33fd8263ffc6be0cad796fab)
02-20 21:58:14.402 21228 21228 F DEBUG   :       #08 pc 00213590  /vendor/lib/hw/audio.primary.mt6785.so (android::AudioALSAStreamIn::standby(bool)+268) (BuildId: 529c695d33fd8263ffc6be0cad796fab)
02-20 21:58:14.403 21228 21228 F DEBUG   :       #09 pc 00225598  /vendor/lib/hw/audio.primary.mt6785.so (android::AudioALSAStreamManager::standbyAllInputStreams(bool, capture_handler_t)+220) (BuildId: 529c695d33fd8263ffc6be0cad796fab)
02-20 21:58:14.403 21228 21228 F DEBUG   :       #10 pc 0022a76c  /vendor/lib/hw/audio.primary.mt6785.so (android::AudioALSAStreamManager::routingInputDevice(android::AudioALSAStreamIn*, audio_devices_t, audio_devices_t)+520) (BuildId: 529c695d33fd8263ffc6be0cad796fab)
02-20 21:58:14.403 21228 21228 F DEBUG   :       #11 pc 00213a8c  /vendor/lib/hw/audio.primary.mt6785.so (android::AudioALSAStreamIn::setParameters(android::String8 const&)+748) (BuildId: 529c695d33fd8263ffc6be0cad796fab)
02-20 21:58:14.403 21228 21228 F DEBUG   :       #12 pc 0022de08  /vendor/lib/hw/audio.primary.mt6785.so (android::AudioALSAStreamManager::setParameters(android::String8 const&, int)+244) (BuildId: 529c695d33fd8263ffc6be0cad796fab)
02-20 21:58:14.403 21228 21228 F DEBUG   :       #13 pc 0019e5ec  /vendor/lib/hw/audio.primary.mt6785.so (android::AudioALSAHardware::createAudioPatch(unsigned int, audio_port_config const*, unsigned int, audio_port_config const*, int*)+908) (BuildId: 529c695d33fd8263ffc6be0cad796fab)
02-20 21:58:14.403 21228 21228 F DEBUG   :       #14 pc 0001b9c9  /vendor/lib/hw/android.hardware.audio@7.0-impl-mediatek.so (android::hardware::audio::V7_0::implementation::Device::createOrUpdateAudioPatch(int, android::hardware::hidl_vec<android::hardware::audio::common::V7_0::AudioPortConfig> const&, android::hardware::hidl_vec<android::hardware::audio::common::V7_0::AudioPortConfig> const&)+156) (BuildId: a2d4325433928fedb3df4a92c25490f9)
02-20 21:58:14.403 21228 21228 F DEBUG   :       #15 pc 0001c85d  /vendor/lib/hw/android.hardware.audio@7.0-impl-mediatek.so (android::hardware::audio::V7_0::implementation::Device::updateAudioPatch(int, android::hardware::hidl_vec<android::hardware::audio::common::V7_0::AudioPortConfig> const&, android::hardware::hidl_vec<android::hardware::audio::common::V7_0::AudioPortConfig> const&, std::__1::function<void (android::hardware::audio::V7_0::Result, int)>)+32) (BuildId: a2d4325433928fedb3df4a92c25490f9)
02-20 21:58:14.403 21228 21228 F DEBUG   :       #16 pc 00029305  /vendor/lib/hw/android.hardware.audio@7.0-impl-mediatek.so (vendor::mediatek::hardware::audio::V7_1::implementation::MTKPrimaryDevice::updateAudioPatch(int, android::hardware::hidl_vec<android::hardware::audio::common::V7_0::AudioPortConfig> const&, android::hardware::hidl_vec<android::hardware::audio::common::V7_0::AudioPortConfig> const&, std::__1::function<void (android::hardware::audio::V7_0::Result, int)>)+56) (BuildId: a2d4325433928fedb3df4a92c25490f9)
02-20 21:58:14.403 21228 21228 F DEBUG   :       #17 pc 00033d2b  /vendor/lib/android.hardware.audio@7.0.so (android::hardware::audio::V7_0::BnHwDevice::_hidl_updateAudioPatch(android::hidl::base::V1_0::BnHwBase*, android::hardware::Parcel const&, android::hardware::Parcel*, std::__1::function<void (android::hardware::Parcel&)>)+402) (BuildId: d3308a1f63a286a2fd24f9404c9cab03)
02-20 21:58:14.403 21228 21228 F DEBUG   :       #18 pc 0001d0b1  /vendor/lib/vendor.mediatek.hardware.audio@7.1.so (vendor::mediatek::hardware::audio::V7_1::BnHwMTKPrimaryDevice::onTransact(unsigned int, android::hardware::Parcel const&, android::hardware::Parcel*, unsigned int, std::__1::function<void (android::hardware::Parcel&)>)+1872) (BuildId: 2b77bb2bc3e110a0cb745191ae4cf591)
02-20 21:58:14.403 21228 21228 F DEBUG   :       #19 pc 0004cba7  /apex/com.android.vndk.v31/lib/libhidlbase.so (android::hardware::BHwBinder::transact(unsigned int, android::hardware::Parcel const&, android::hardware::Parcel*, unsigned int, std::__1::function<void (android::hardware::Parcel&)>)+90) (BuildId: 50f50cc38a6cdc062be70a1bbbb0bad1)
02-20 21:58:14.403 21228 21228 F DEBUG   :       #20 pc 0004bb9d  /apex/com.android.vndk.v31/lib/libhidlbase.so (android::hardware::IPCThreadState::getAndExecuteCommand()+968) (BuildId: 50f50cc38a6cdc062be70a1bbbb0bad1)
02-20 21:58:14.403 21228 21228 F DEBUG   :       #21 pc 0004b735  /apex/com.android.vndk.v31/lib/libhidlbase.so (android::hardware::IPCThreadState::joinThreadPool(bool)+56) (BuildId: 50f50cc38a6cdc062be70a1bbbb0bad1)
02-20 21:58:14.403 21228 21228 F DEBUG   :       #22 pc 0004b6f5  /apex/com.android.vndk.v31/lib/libhidlbase.so (android::hardware::PoolThread::threadLoop()+12) (BuildId: 50f50cc38a6cdc062be70a1bbbb0bad1)
02-20 21:58:14.403 21228 21228 F DEBUG   :       #23 pc 0000d327  /apex/com.android.vndk.v31/lib/libutils.so (android::Thread::_threadLoop(void*)+166) (BuildId: a51533203ca682a9c9284842414e5eea)
02-20 21:58:14.403 21228 21228 F DEBUG   :       #24 pc 0000ce67  /apex/com.android.vndk.v31/lib/libutils.so (thread_data_t::trampoline(thread_data_t const*)+254) (BuildId: a51533203ca682a9c9284842414e5eea)
02-20 21:58:14.403 21228 21228 F DEBUG   :       #25 pc 0009f3f7  /apex/com.android.runtime/lib/bionic/libc.so (__pthread_start(void*)+40) (BuildId: 31468457402d45f9c2aec801ea9152dd)
02-20 21:58:14.403 21228 21228 F DEBUG   :       #26 pc 000585e5  /apex/com.android.runtime/lib/bionic/libc.so (__start_thread+30) (BuildId: 31468457402d45f9c2aec801ea9152dd)
02-20 21:58:29.410  3725  4588 E AndroidRuntime: FATAL EXCEPTION: OplusAtlasEvent
02-20 21:58:29.410  3725  4588 E AndroidRuntime: Process: com.oplus.persist.multimedia, PID: 3725
02-20 21:58:29.410  3725  4588 E AndroidRuntime: java.lang.IllegalArgumentException: maybe exception by reason audioserver die, please collect log and contact multimedia
02-20 21:58:29.410  3725  4588 E AndroidRuntime: 	at com.oplus.atlas.OplusAtlasService.doExceptionWarning(OplusAtlasService.java:286)
02-20 21:58:29.410  3725  4588 E AndroidRuntime: 	at com.oplus.atlas.OplusAtlasService$AtlasServiceHandler.myHandleMessage(OplusAtlasService.java:452)
02-20 21:58:29.410  3725  4588 E AndroidRuntime: 	at com.oplus.atlas.OplusMessageHandler$MyHandler.handleMessage(OplusMessageHandler.java:27)
02-20 21:58:29.410  3725  4588 E AndroidRuntime: 	at android.os.Handler.dispatchMessage(Handler.java:106)
02-20 21:58:29.410  3725  4588 E AndroidRuntime: 	at android.os.Looper.loopOnce(Looper.java:233)
02-20 21:58:29.410  3725  4588 E AndroidRuntime: 	at android.os.Looper.loop(Looper.java:344)
02-20 21:58:29.410  3725  4588 E AndroidRuntime: 	at com.oplus.atlas.OplusMessageHandler$HanderThread.run(OplusMessageHandler.java:45)
--------- beginning of system
02-24 00:47:14.398   988  1482 E FrameworkListener: read() failed (Connection reset by peer)
02-24 00:47:14.431  1953  2051 E ArtManagerService: Failed to prepare profile for com.ravidandaiya.climborfall:/data/app/~~Qhp4cwnDw0oj9uBBB1FEWw==/com.ravidandaiya.climborfall-I6GyodZ3T8OkhBrlod3MSg==/base.apk
02-24 00:47:16.099  1953  2040 E VerityUtils: Failed to measure fs-verity, errno 1: /data/app/~~hr7deg0vfEk6DCUsvU8drQ==/com.coloros.phonemanager-gTVi9NTJ6WoT1Rnk6ZnC_Q==/base.apk
02-24 00:47:16.120  1953  4310 E WindowManager: makeSurface ActivityRecord{619c709 u0 com.ravidandaiya.climborfall/.MainActivity t1827} windowType 2
02-24 00:47:16.176  1953  2601 E OplusDisplayPowerControllerFeature: execute mBlockReasonList.clear
02-24 00:47:16.489 16173 16320 E ActivityThread: Failed to find provider info for com.oplus.safecenter.provider.security_lock
02-24 00:47:17.688  1953  2040 E VerityUtils: Failed to measure fs-verity, errno 1: /data/app/~~Qhp4cwnDw0oj9uBBB1FEWw==/com.ravidandaiya.climborfall-I6GyodZ3T8OkhBrlod3MSg==/base.apk
02-24 00:47:18.147 16533 16533 E OplusCustomizeRestrictionManager: sInstance is null, start a new sInstance
02-24 00:47:18.221  1953  2040 E VerityUtils: Failed to measure fs-verity, errno 1: /data/app/~~Qhp4cwnDw0oj9uBBB1FEWw==/com.ravidandaiya.climborfall-I6GyodZ3T8OkhBrlod3MSg==/base.apk
02-24 00:47:19.607  1953  2040 E VerityUtils: Failed to measure fs-verity, errno 1: /data/app/~~hr7deg0vfEk6DCUsvU8drQ==/com.coloros.phonemanager-gTVi9NTJ6WoT1Rnk6ZnC_Q==/base.apk
02-24 00:47:19.691 16713 17040 E ActivityThread: Failed to find provider info for com.oplus.safecenter.provider.security_lock
02-24 00:47:19.968 16953 16953 E OplusCustomizeRestrictionManager: sInstance is null, start a new sInstance
02-24 00:47:20.423  1953  4657 E OplusCustomizeRestrictionManagerService: isBiometricDisabled start
02-24 00:47:20.435  1953  1992 E OplusCustomizeRestrictionManagerService: isBiometricDisabled start
02-24 00:47:21.266 16713 17311 E ActivityThread: Failed to find provider info for com.oplus.phonemanager.RiskDetectDataProvider
02-24 00:47:21.880 16713 16876 E ActivityThread: Failed to find provider info for com.oplus.securityguard.SecurityEventProvider
02-24 00:47:22.590 17516 17653 E ActivityThread: Failed to find provider info for com.heytap.mcs.cckit.provider
02-24 00:47:23.454 17468 17695 E ActivityThread: Failed to find provider info for com.facebook.appmanager.nekodirect
02-24 00:47:29.219 17858 17892 E ActivityThread: Failed to find provider info for com.nearme.instant.platform.sharedDataCentre
02-24 00:48:00.029  1953  4672 E OplusCustomizeRestrictionManagerService: isBiometricDisabled start
02-24 00:48:00.035  1953  1992 E OplusCustomizeRestrictionManagerService: isBiometricDisabled start
02-24 00:48:21.969  1953  1992 E OplusCustomizeRestrictionManagerService: getMobileDataMode error :s == null
02-24 00:48:22.020  1953  2090 E OplusCustomizeRestrictionManagerService: getMobileDataMode error :s == null
02-24 00:48:22.042  1953  2608 E OplusCustomizeRestrictionManagerService: getMobileDataMode error :s == null
02-24 00:48:22.051  1953  2608 E OplusCustomizeRestrictionManagerService: getMobileDataMode error :s == null
02-24 00:48:22.069  1953  4646 E OplusCustomizeRestrictionManagerService: getMobileDataMode error :s == null
02-24 00:48:23.225  1953  2090 E WindowManager: makeSurface WallpaperWindowToken{991a109 token=android.os.Binder@f407210} windowType 2013
02-24 00:48:23.262  1953  4646 E OplusZoomWindowManagerService: hideZoomWindow fail, zoomStack null
02-24 00:48:24.213  1953  2090 E WindowManager: makeSurface WindowToken{5b19c2d android.os.BinderProxy@86c9344} windowType 2024
02-24 00:48:24.808  1953  4646 E InputMethodManagerService: startInputOrWindowGainedFocusInternal: display ID mismatch. from client:0 from window:-1
02-24 00:48:25.758 18235 18235 E ActivityThread: Failed to find provider info for com.glance.glancebridgesdk.provider
02-24 00:48:26.032  1953  4678 E WindowManager: makeSurface ActivityRecord{2004c8a u0 com.ravidandaiya.climborfall/.MainActivity t1828} windowType 2
02-24 00:48:26.118 18301 18301 E OplusCustomizeRestrictionManager: sInstance is null, start a new sInstance
02-24 00:48:26.162  1953  1999 E WindowManager: makeSurface WallpaperWindowToken{991a109 token=android.os.Binder@f407210} windowType 2013
02-24 00:48:27.760 18499 18499 E OplusCustomizeRestrictionManager: sInstance is null, start a new sInstance
02-24 00:48:39.723 18669 18763 E ActivityThread: Failed to find provider info for com.facebook.appmanager.nekodirect
02-24 00:48:40.157  1953  1991 E OplusCustomizeRestrictionManagerService: isBackButtonDisabled start
02-24 00:48:40.230 18800 18800 E OplusCustomizeRestrictionManager: sInstance is null, start a new sInstance
02-24 00:48:50.515  9987 12719 E ActivityThread: Failed to find provider info for com.oplus.statistics.provider
02-24 00:48:50.516  9987 12719 E OplusStatistics--: IllegalArgumentException:java.lang.IllegalArgumentException: Unknown URL content://com.oplus.statistics.provider/track_event
02-24 00:49:00.032  1953  2089 E OplusCustomizeRestrictionManagerService: isBiometricDisabled start
02-24 00:49:00.045  1953  1991 E OplusCustomizeRestrictionManagerService: isBiometricDisabled start
02-24 00:49:08.928 19072 19112 E ActivityThread: Failed to find provider info for com.nearme.instant.platform.sharedDataCentre
02-24 00:49:21.809  1953  4307 E WindowManager: makeSurface WindowToken{f9178b1 android.os.BinderProxy@8fbf58} windowType 2024
02-24 00:49:33.537 19671 19671 E OplusCustomizeRestrictionManager: sInstance is null, start a new sInstance
02-24 00:49:36.917 19823 19937 E ActivityThread: Failed to find provider info for com.facebook.appmanager.nekodirect
02-24 00:49:38.885 20188 20188 E OplusCustomizeRestrictionManager: sInstance is null, start a new sInstance
02-24 00:49:40.208 20305 20305 E OplusCustomizeRestrictionManager: sInstance is null, start a new sInstance
02-24 00:50:00.078  1953  2601 E OplusCustomizeRestrictionManagerService: isBiometricDisabled start
02-24 00:50:00.081  1953  2601 E OplusCustomizeRestrictionManagerService: isBiometricDisabled start
02-24 00:50:00.085  1953  2601 E OplusCustomizeRestrictionManagerService: isBiometricDisabled start
02-24 00:50:00.095  1953  2601 E OplusCustomizeRestrictionManagerService: isBiometricDisabled start
02-24 00:50:10.907 20704 20704 E OplusCustomizeRestrictionManager: sInstance is null, start a new sInstance
02-24 00:50:12.089  1953  2607 E OplusCustomizeRestrictionManagerService: isBiometricDisabled start
02-24 00:50:12.094  1953  2607 E OplusCustomizeRestrictionManagerService: isBiometricDisabled start
02-24 00:50:12.242 20883 20883 E OplusCustomizeRestrictionManager: sInstance is null, start a new sInstance
02-24 00:50:13.400 20995 20995 E OplusCustomizeRestrictionManager: sInstance is null, start a new sInstance
02-24 00:50:14.536 21031 21031 E OplusCustomizeRestrictionManager: sInstance is null, start a new sInstance
02-24 00:50:15.976  1953  3648 E InputMethodManagerService: startInputOrWindowGainedFocusInternal: display ID mismatch. from client:0 from window:-1
02-24 00:50:17.547  1953  2748 E OplusDisplayPowerControllerFeature: execute mBlockReasonList.clear
02-24 00:50:18.772 21140 21254 E ActivityThread: Failed to find provider info for com.facebook.appmanager.nekodirect
02-24 00:50:53.435  1953  4310 E OplusCustomizeRestrictionManagerService: isBiometricDisabled start
02-24 00:50:53.438  1953  4310 E OplusCustomizeRestrictionManagerService: isBiometricDisabled start
02-24 00:51:00.006  1953  4646 E OplusCustomizeRestrictionManagerService: isBiometricDisabled start
02-24 00:51:00.007  1953  4646 E OplusCustomizeRestrictionManagerService: isBiometricDisabled start
02-24 00:51:00.029  1953  4646 E OplusCustomizeRestrictionManagerService: isBiometricDisabled start
02-24 00:51:00.030  1953  4646 E OplusCustomizeRestrictionManagerService: isBiometricDisabled start
02-24 00:52:00.012  1953  4668 E OplusCustomizeRestrictionManagerService: isBiometricDisabled start
02-24 00:52:00.013  1953  4668 E OplusCustomizeRestrictionManagerService: isBiometricDisabled start
02-24 00:52:22.036 22417 22451 E ActivityThread: Failed to find provider info for com.nearme.instant.platform.sharedDataCentre
02-24 00:53:00.019  1953  4297 E OplusCustomizeRestrictionManagerService: isBiometricDisabled start
02-24 00:53:00.021  1953  2607 E OplusCustomizeRestrictionManagerService: isBiometricDisabled start
02-24 00:53:15.651  1953  2795 E MaxBrightnessController: no config
02-24 00:53:40.346  1953  2040 E VerityUtils: Failed to measure fs-verity, errno 1: /data/app/~~jRbm0BmbhukVQNtL-rnAfA==/com.crrepa.band.dafit-hJcXtU74qgjHgsmhQqyn8A==/base.apk
02-24 00:53:41.800 23079 23079 E OplusCustomizeRestrictionManager: sInstance is null, start a new sInstance
02-24 00:54:00.027  1953  4675 E OplusCustomizeRestrictionManagerService: isBiometricDisabled start
02-24 00:54:00.028  1953  4657 E OplusCustomizeRestrictionManagerService: isBiometricDisabled start
02-24 00:54:50.184  1953  4657 E PackageDexUsage: Unsupported context?
02-24 00:54:51.153  1953  3495 E PackageDexUsage: Unsupported context?
02-24 00:54:54.501 24311 24311 E OplusCustomizeRestrictionManager: sInstance is null, start a new sInstance
02-24 00:55:00.033  1953  1992 E OplusCustomizeRestrictionManagerService: isBiometricDisabled start
02-24 00:55:00.035  1953  4672 E OplusCustomizeRestrictionManagerService: isBiometricDisabled start
02-24 00:55:05.033 24535 24572 E OplusCustomizeRestrictionManager: sInstance is null, start a new sInstance
02-24 00:55:08.908 24728 24834 E ActivityThread: Failed to find provider info for com.facebook.appmanager.nekodirect
02-24 00:56:00.026  1953  4657 E OplusCustomizeRestrictionManagerService: isBiometricDisabled start
02-24 00:56:00.029  1953  4657 E OplusCustomizeRestrictionManagerService: isBiometricDisabled start
--------- beginning of main
02-24 00:56:50.127  1348 19202 E Metadata2/Entry: itemAt(531):Get data error , tag ffffffff, mContentPtr 0x0 (itemAt){#531:vendor/mediatek/proprietary/hardware/mtkcam/utils/metadata/metadata/Entry.cpp}
02-24 00:56:50.127  1348 19202 E Metadata2/Entry: itemAt(531):Get data error , tag ffffffff, mContentPtr 0x0 (itemAt){#531:vendor/mediatek/proprietary/hardware/mtkcam/utils/metadata/metadata/Entry.cpp}
02-24 00:56:50.127  1348 19202 E KEYFILE : [ERROR   ] keyfilegroup.cpp:348 GetKeyValues() pKeyName :OrientationInfo[1][com.instagram.android] is not found!
02-24 00:56:50.158  1348 21703 E Hal3ARaw: [setStereoParams] Dev(2) StereoQ has Error message (setStereoParams){#1565:vendor/mediatek/proprietary/hardware/mtkcam/aaa/source/isp_50/wrapper/Hal3ARawImp.cpp}
02-24 00:56:50.158  1348 19202 E NormalPipe: [vendor/mediatek/proprietary/hardware/mtkcam/drv/src/isp/mt6785/iopipe/CamIO/NormalPipe.cpp, sendCommand, line3260] ERROR: error: sendCommand fail: (cmd,arg1,arg2,arg3)=(0x00001500,0x70A9DD7890,0x70A9DD7894,0xB40000707A3C8E5C) (sendCommand){#3260:vendor/mediatek/proprietary/hardware/mtkcam/drv/src/isp/mt6785/iopipe/CamIO/NormalPipe.cpp}
02-24 00:56:50.161  1348 19202 E Metadata2/Entry: itemAt(531):Get data error , tag ffffffff, mContentPtr 0x0 (itemAt){#531:vendor/mediatek/proprietary/hardware/mtkcam/utils/metadata/metadata/Entry.cpp}
02-24 00:56:50.162  1348 19202 E Metadata2/Entry: itemAt(531):Get data error , tag ffffffff, mContentPtr 0x0 (itemAt){#531:vendor/mediatek/proprietary/hardware/mtkcam/utils/metadata/metadata/Entry.cpp}
02-24 00:56:50.162  1348 19202 E KEYFILE : [ERROR   ] keyfilegroup.cpp:348 GetKeyValues() pKeyName :OrientationInfo[1][com.instagram.android] is not found!
02-24 00:56:50.191  1348 21703 E Hal3ARaw: [setStereoParams] Dev(2) StereoQ has Error message (setStereoParams){#1565:vendor/mediatek/proprietary/hardware/mtkcam/aaa/source/isp_50/wrapper/Hal3ARawImp.cpp}
02-24 00:56:50.191  1348 19202 E NormalPipe: [vendor/mediatek/proprietary/hardware/mtkcam/drv/src/isp/mt6785/iopipe/CamIO/NormalPipe.cpp, sendCommand, line3260] ERROR: error: sendCommand fail: (cmd,arg1,arg2,arg3)=(0x00001500,0x70A9DD7890,0x70A9DD7894,0xB4000070AD0DB65C) (sendCommand){#3260:vendor/mediatek/proprietary/hardware/mtkcam/drv/src/isp/mt6785/iopipe/CamIO/NormalPipe.cpp}
02-24 00:56:50.193  1348 19202 E Metadata2/Entry: itemAt(531):Get data error , tag ffffffff, mContentPtr 0x0 (itemAt){#531:vendor/mediatek/proprietary/hardware/mtkcam/utils/metadata/metadata/Entry.cpp}
02-24 00:56:50.193  1348 19202 E Metadata2/Entry: itemAt(531):Get data error , tag ffffffff, mContentPtr 0x0 (itemAt){#531:vendor/mediatek/proprietary/hardware/mtkcam/utils/metadata/metadata/Entry.cpp}
02-24 00:56:50.193  1348 19202 E KEYFILE : [ERROR   ] keyfilegroup.cpp:348 GetKeyValues() pKeyName :OrientationInfo[1][com.instagram.android] is not found!
02-24 00:56:50.224  1348 21703 E Hal3ARaw: [setStereoParams] Dev(2) StereoQ has Error message (setStereoParams){#1565:vendor/mediatek/proprietary/hardware/mtkcam/aaa/source/isp_50/wrapper/Hal3ARawImp.cpp}
02-24 00:56:50.224  1348 19202 E NormalPipe: [vendor/mediatek/proprietary/hardware/mtkcam/drv/src/isp/mt6785/iopipe/CamIO/NormalPipe.cpp, sendCommand, line3260] ERROR: error: sendCommand fail: (cmd,arg1,arg2,arg3)=(0x00001500,0x70A9DD7890,0x70A9DD7894,0xB4000070AD193A5C) (sendCommand){#3260:vendor/mediatek/proprietary/hardware/mtkcam/drv/src/isp/mt6785/iopipe/CamIO/NormalPipe.cpp}
02-24 00:56:50.227  1348 19202 E Metadata2/Entry: itemAt(531):Get data error , tag ffffffff, mContentPtr 0x0 (itemAt){#531:vendor/mediatek/proprietary/hardware/mtkcam/utils/metadata/metadata/Entry.cpp}
02-24 00:56:50.227  1348 19202 E Metadata2/Entry: itemAt(531):Get data error , tag ffffffff, mContentPtr 0x0 (itemAt){#531:vendor/mediatek/proprietary/hardware/mtkcam/utils/metadata/metadata/Entry.cpp}
02-24 00:56:50.227  1348 19202 E KEYFILE : [ERROR   ] keyfilegroup.cpp:348 GetKeyValues() pKeyName :OrientationInfo[1][com.instagram.android] is not found!
02-24 00:56:50.258  1348 21703 E Hal3ARaw: [setStereoParams] Dev(2) StereoQ has Error message (setStereoParams){#1565:vendor/mediatek/proprietary/hardware/mtkcam/aaa/source/isp_50/wrapper/Hal3ARawImp.cpp}
02-24 00:56:50.258  1348 19202 E NormalPipe: [vendor/mediatek/proprietary/hardware/mtkcam/drv/src/isp/mt6785/iopipe/CamIO/NormalPipe.cpp, sendCommand, line3260] ERROR: error: sendCommand fail: (cmd,arg1,arg2,arg3)=(0x00001500,0x70A9DD7890,0x70A9DD7894,0xB4000070AD19565C) (sendCommand){#3260:vendor/mediatek/proprietary/hardware/mtkcam/drv/src/isp/mt6785/iopipe/CamIO/NormalPipe.cpp}
02-24 00:56:50.260  1348  5440 E Metadata2/Entry: itemAt(531):Get data error , tag ffffffff, mContentPtr 0x0 (itemAt){#531:vendor/mediatek/proprietary/hardware/mtkcam/utils/metadata/metadata/Entry.cpp}
02-24 00:56:50.260  1348  5440 E Metadata2/Entry: itemAt(531):Get data error , tag ffffffff, mContentPtr 0x0 (itemAt){#531:vendor/mediatek/proprietary/hardware/mtkcam/utils/metadata/metadata/Entry.cpp}
02-24 00:56:50.260  1348  5440 E KEYFILE : [ERROR   ] keyfilegroup.cpp:348 GetKeyValues() pKeyName :OrientationInfo[1][com.instagram.android] is not found!
02-24 00:56:50.291  1348  5440 E NormalPipe: [vendor/mediatek/proprietary/hardware/mtkcam/drv/src/isp/mt6785/iopipe/CamIO/NormalPipe.cpp, sendCommand, line3260] ERROR: error: sendCommand fail: (cmd,arg1,arg2,arg3)=(0x00001500,0x707F188890,0x707F188894,0xB4000070A99D665C) (sendCommand){#3260:vendor/mediatek/proprietary/hardware/mtkcam/drv/src/isp/mt6785/iopipe/CamIO/NormalPipe.cpp}
02-24 00:56:50.291  1348 21703 E Hal3ARaw: [setStereoParams] Dev(2) StereoQ has Error message (setStereoParams){#1565:vendor/mediatek/proprietary/hardware/mtkcam/aaa/source/isp_50/wrapper/Hal3ARawImp.cpp}
02-24 00:56:50.294  1348  5440 E Metadata2/Entry: itemAt(531):Get data error , tag ffffffff, mContentPtr 0x0 (itemAt){#531:vendor/mediatek/proprietary/hardware/mtkcam/utils/metadata/metadata/Entry.cpp}
02-24 00:56:50.294  1348  5440 E Metadata2/Entry: itemAt(531):Get data error , tag ffffffff, mContentPtr 0x0 (itemAt){#531:vendor/mediatek/proprietary/hardware/mtkcam/utils/metadata/metadata/Entry.cpp}
02-24 00:56:50.294  1348  5440 E KEYFILE : [ERROR   ] keyfilegroup.cpp:348 GetKeyValues() pKeyName :OrientationInfo[1][com.instagram.android] is not found!
02-24 00:56:50.325  1348 21703 E Hal3ARaw: [setStereoParams] Dev(2) StereoQ has Error message (setStereoParams){#1565:vendor/mediatek/proprietary/hardware/mtkcam/aaa/source/isp_50/wrapper/Hal3ARawImp.cpp}
02-24 00:56:50.325  1348  5440 E NormalPipe: [vendor/mediatek/proprietary/hardware/mtkcam/drv/src/isp/mt6785/iopipe/CamIO/NormalPipe.cpp, sendCommand, line3260] ERROR: error: sendCommand fail: (cmd,arg1,arg2,arg3)=(0x00001500,0x707F188890,0x707F188894,0xB4000070A99D825C) (sendCommand){#3260:vendor/mediatek/proprietary/hardware/mtkcam/drv/src/isp/mt6785/iopipe/CamIO/NormalPipe.cpp}
02-24 00:56:50.328  1348  5440 E Metadata2/Entry: itemAt(531):Get data error , tag ffffffff, mContentPtr 0x0 (itemAt){#531:vendor/mediatek/proprietary/hardware/mtkcam/utils/metadata/metadata/Entry.cpp}
02-24 00:56:50.328  1348  5440 E Metadata2/Entry: itemAt(531):Get data error , tag ffffffff, mContentPtr 0x0 (itemAt){#531:vendor/mediatek/proprietary/hardware/mtkcam/utils/metadata/metadata/Entry.cpp}
02-24 00:56:50.328  1348  5440 E KEYFILE : [ERROR   ] keyfilegroup.cpp:348 GetKeyValues() pKeyName :OrientationInfo[1][com.instagram.android] is not found!
02-24 00:56:50.358  1348 21703 E Hal3ARaw: [setStereoParams] Dev(2) StereoQ has Error message (setStereoParams){#1565:vendor/mediatek/proprietary/hardware/mtkcam/aaa/source/isp_50/wrapper/Hal3ARawImp.cpp}
02-24 00:56:50.358  1348  5440 E NormalPipe: [vendor/mediatek/proprietary/hardware/mtkcam/drv/src/isp/mt6785/iopipe/CamIO/NormalPipe.cpp, sendCommand, line3260] ERROR: error: sendCommand fail: (cmd,arg1,arg2,arg3)=(0x00001500,0x707F188890,0x707F188894,0xB400007077DEBE5C) (sendCommand){#3260:vendor/mediatek/proprietary/hardware/mtkcam/drv/src/isp/mt6785/iopipe/CamIO/NormalPipe.cpp}
02-24 00:56:50.361  1348  5440 E Metadata2/Entry: itemAt(531):Get data error , tag ffffffff, mContentPtr 0x0 (itemAt){#531:vendor/mediatek/proprietary/hardware/mtkcam/utils/metadata/metadata/Entry.cpp}
02-24 00:56:50.361  1348  5440 E Metadata2/Entry: itemAt(531):Get data error , tag ffffffff, mContentPtr 0x0 (itemAt){#531:vendor/mediatek/proprietary/hardware/mtkcam/utils/metadata/metadata/Entry.cpp}
02-24 00:56:50.361  1348  5440 E KEYFILE : [ERROR   ] keyfilegroup.cpp:348 GetKeyValues() pKeyName :OrientationInfo[1][com.instagram.android] is not found!
02-24 00:56:50.391  1348 21703 E Hal3ARaw: [setStereoParams] Dev(2) StereoQ has Error message (setStereoParams){#1565:vendor/mediatek/proprietary/hardware/mtkcam/aaa/source/isp_50/wrapper/Hal3ARawImp.cpp}
02-24 00:56:50.391  1348  5440 E NormalPipe: [vendor/mediatek/proprietary/hardware/mtkcam/drv/src/isp/mt6785/iopipe/CamIO/NormalPipe.cpp, sendCommand, line3260] ERROR: error: sendCommand fail: (cmd,arg1,arg2,arg3)=(0x00001500,0x707F188890,0x707F188894,0xB400007077DF665C) (sendCommand){#3260:vendor/mediatek/proprietary/hardware/mtkcam/drv/src/isp/mt6785/iopipe/CamIO/NormalPipe.cpp}
02-24 00:56:50.393  1348 19202 E Metadata2/Entry: itemAt(531):Get data error , tag ffffffff, mContentPtr 0x0 (itemAt){#531:vendor/mediatek/proprietary/hardware/mtkcam/utils/metadata/metadata/Entry.cpp}
02-24 00:56:50.394  1348 19202 E Metadata2/Entry: itemAt(531):Get data error , tag ffffffff, mContentPtr 0x0 (itemAt){#531:vendor/mediatek/proprietary/hardware/mtkcam/utils/metadata/metadata/Entry.cpp}
02-24 00:56:50.394  1348 19202 E KEYFILE : [ERROR   ] keyfilegroup.cpp:348 GetKeyValues() pKeyName :OrientationInfo[1][com.instagram.android] is not found!
02-24 00:56:50.424  1348 21703 E Hal3ARaw: [setStereoParams] Dev(2) StereoQ has Error message (setStereoParams){#1565:vendor/mediatek/proprietary/hardware/mtkcam/aaa/source/isp_50/wrapper/Hal3ARawImp.cpp}
02-24 00:56:50.424  1348 19202 E NormalPipe: [vendor/mediatek/proprietary/hardware/mtkcam/drv/src/isp/mt6785/iopipe/CamIO/NormalPipe.cpp, sendCommand, line3260] ERROR: error: sendCommand fail: (cmd,arg1,arg2,arg3)=(0x00001500,0x70A9DD7890,0x70A9DD7894,0xB4000070A99D9E5C) (sendCommand){#3260:vendor/mediatek/proprietary/hardware/mtkcam/drv/src/isp/mt6785/iopipe/CamIO/NormalPipe.cpp}
02-24 00:56:50.427  1348 19202 E Metadata2/Entry: itemAt(531):Get data error , tag ffffffff, mContentPtr 0x0 (itemAt){#531:vendor/mediatek/proprietary/hardware/mtkcam/utils/metadata/metadata/Entry.cpp}
02-24 00:56:50.427  1348 19202 E Metadata2/Entry: itemAt(531):Get data error , tag ffffffff, mContentPtr 0x0 (itemAt){#531:vendor/mediatek/proprietary/hardware/mtkcam/utils/metadata/metadata/Entry.cpp}
02-24 00:56:50.427  1348 19202 E KEYFILE : [ERROR   ] keyfilegroup.cpp:348 GetKeyValues() pKeyName :OrientationInfo[1][com.instagram.android] is not found!
02-24 00:56:50.458  1348 21703 E Hal3ARaw: [setStereoParams] Dev(2) StereoQ has Error message (setStereoParams){#1565:vendor/mediatek/proprietary/hardware/mtkcam/aaa/source/isp_50/wrapper/Hal3ARawImp.cpp}
02-24 00:56:50.458  1348 19202 E NormalPipe: [vendor/mediatek/proprietary/hardware/mtkcam/drv/src/isp/mt6785/iopipe/CamIO/NormalPipe.cpp, sendCommand, line3260] ERROR: error: sendCommand fail: (cmd,arg1,arg2,arg3)=(0x00001500,0x70A9DD7890,0x70A9DD7894,0xB40000707D08EE5C) (sendCommand){#3260:vendor/mediatek/proprietary/hardware/mtkcam/drv/src/isp/mt6785/iopipe/CamIO/NormalPipe.cpp}
02-24 00:56:50.460  1348 19202 E Metadata2/Entry: itemAt(531):Get data error , tag ffffffff, mContentPtr 0x0 (itemAt){#531:vendor/mediatek/proprietary/hardware/mtkcam/utils/metadata/metadata/Entry.cpp}
02-24 00:56:50.461  1348 19202 E Metadata2/Entry: itemAt(531):Get data error , tag ffffffff, mContentPtr 0x0 (itemAt){#531:vendor/mediatek/proprietary/hardware/mtkcam/utils/metadata/metadata/Entry.cpp}
02-24 00:56:50.461  1348 19202 E KEYFILE : [ERROR   ] keyfilegroup.cpp:348 GetKeyValues() pKeyName :OrientationInfo[1][com.instagram.android] is not found!
02-24 00:56:50.491  1348 21703 E Hal3ARaw: [setStereoParams] Dev(2) StereoQ has Error message (setStereoParams){#1565:vendor/mediatek/proprietary/hardware/mtkcam/aaa/source/isp_50/wrapper/Hal3ARawImp.cpp}
02-24 00:56:50.491  1348 19202 E NormalPipe: [vendor/mediatek/proprietary/hardware/mtkcam/drv/src/isp/mt6785/iopipe/CamIO/NormalPipe.cpp, sendCommand, line3260] ERROR: error: sendCommand fail: (cmd,arg1,arg2,arg3)=(0x00001500,0x70A9DD7890,0x70A9DD7894,0xB400007076DE5A5C) (sendCommand){#3260:vendor/mediatek/proprietary/hardware/mtkcam/drv/src/isp/mt6785/iopipe/CamIO/NormalPipe.cpp}
02-24 00:56:50.495  1348 19202 E Metadata2/Entry: itemAt(531):Get data error , tag ffffffff, mContentPtr 0x0 (itemAt){#531:vendor/mediatek/proprietary/hardware/mtkcam/utils/metadata/metadata/Entry.cpp}
02-24 00:56:50.495  1348 19202 E Metadata2/Entry: itemAt(531):Get data error , tag ffffffff, mContentPtr 0x0 (itemAt){#531:vendor/mediatek/proprietary/hardware/mtkcam/utils/metadata/metadata/Entry.cpp}
02-24 00:56:50.495  1348 19202 E KEYFILE : [ERROR   ] keyfilegroup.cpp:348 GetKeyValues() pKeyName :OrientationInfo[1][com.instagram.android] is not found!
02-24 00:56:50.524  1348 21703 E Hal3ARaw: [setStereoParams] Dev(2) StereoQ has Error message (setStereoParams){#1565:vendor/mediatek/proprietary/hardware/mtkcam/aaa/source/isp_50/wrapper/Hal3ARawImp.cpp}
02-24 00:56:50.524  1348 19202 E NormalPipe: [vendor/mediatek/proprietary/hardware/mtkcam/drv/src/isp/mt6785/iopipe/CamIO/NormalPipe.cpp, sendCommand, line3260] ERROR: error: sendCommand fail: (cmd,arg1,arg2,arg3)=(0x00001500,0x70A9DD7890,0x70A9DD7894,0xB40000707B912A5C) (sendCommand){#3260:vendor/mediatek/proprietary/hardware/mtkcam/drv/src/isp/mt6785/iopipe/CamIO/NormalPipe.cpp}
02-24 00:56:50.527  1348 19202 E Metadata2/Entry: itemAt(531):Get data error , tag ffffffff, mContentPtr 0x0 (itemAt){#531:vendor/mediatek/proprietary/hardware/mtkcam/utils/metadata/metadata/Entry.cpp}
02-24 00:56:50.527  1348 19202 E Metadata2/Entry: itemAt(531):Get data error , tag ffffffff, mContentPtr 0x0 (itemAt){#531:vendor/mediatek/proprietary/hardware/mtkcam/utils/metadata/metadata/Entry.cpp}
02-24 00:56:50.527  1348 19202 E KEYFILE : [ERROR   ] keyfilegroup.cpp:348 GetKeyValues() pKeyName :OrientationInfo[1][com.instagram.android] is not found!
02-24 00:56:50.558  1348 21703 E Hal3ARaw: [setStereoParams] Dev(2) StereoQ has Error message (setStereoParams){#1565:vendor/mediatek/proprietary/hardware/mtkcam/aaa/source/isp_50/wrapper/Hal3ARawImp.cpp}
02-24 00:56:50.558  1348 19202 E NormalPipe: [vendor/mediatek/proprietary/hardware/mtkcam/drv/src/isp/mt6785/iopipe/CamIO/NormalPipe.cpp, sendCommand, line3260] ERROR: error: sendCommand fail: (cmd,arg1,arg2,arg3)=(0x00001500,0x70A9DD7890,0x70A9DD7894,0xB40000707B91465C) (sendCommand){#3260:vendor/mediatek/proprietary/hardware/mtkcam/drv/src/isp/mt6785/iopipe/CamIO/NormalPipe.cpp}
02-24 00:56:50.561  1348 19202 E Metadata2/Entry: itemAt(531):Get data error , tag ffffffff, mContentPtr 0x0 (itemAt){#531:vendor/mediatek/proprietary/hardware/mtkcam/utils/metadata/metadata/Entry.cpp}
02-24 00:56:50.561  1348 19202 E Metadata2/Entry: itemAt(531):Get data error , tag ffffffff, mContentPtr 0x0 (itemAt){#531:vendor/mediatek/proprietary/hardware/mtkcam/utils/metadata/metadata/Entry.cpp}
02-24 00:56:50.561  1348 19202 E KEYFILE : [ERROR   ] keyfilegroup.cpp:348 GetKeyValues() pKeyName :OrientationInfo[1][com.instagram.android] is not found!
02-24 00:56:50.591  1348 21703 E Hal3ARaw: [setStereoParams] Dev(2) StereoQ has Error message (setStereoParams){#1565:vendor/mediatek/proprietary/hardware/mtkcam/aaa/source/isp_50/wrapper/Hal3ARawImp.cpp}
02-24 00:56:50.591  1348 19202 E NormalPipe: [vendor/mediatek/proprietary/hardware/mtkcam/drv/src/isp/mt6785/iopipe/CamIO/NormalPipe.cpp, sendCommand, line3260] ERROR: error: sendCommand fail: (cmd,arg1,arg2,arg3)=(0x00001500,0x70A9DD7890,0x70A9DD7894,0xB40000707B91625C) (sendCommand){#3260:vendor/mediatek/proprietary/hardware/mtkcam/drv/src/isp/mt6785/iopipe/CamIO/NormalPipe.cpp}
02-24 00:56:50.593  1348 19202 E Metadata2/Entry: itemAt(531):Get data error , tag ffffffff, mContentPtr 0x0 (itemAt){#531:vendor/mediatek/proprietary/hardware/mtkcam/utils/metadata/metadata/Entry.cpp}
02-24 00:56:50.593  1348 19202 E Metadata2/Entry: itemAt(531):Get data error , tag ffffffff, mContentPtr 0x0 (itemAt){#531:vendor/mediatek/proprietary/hardware/mtkcam/utils/metadata/metadata/Entry.cpp}
02-24 00:56:50.594  1348 19202 E KEYFILE : [ERROR   ] keyfilegroup.cpp:348 GetKeyValues() pKeyName :OrientationInfo[1][com.instagram.android] is not found!
02-24 00:56:50.624  1348 21703 E Hal3ARaw: [setStereoParams] Dev(2) StereoQ has Error message (setStereoParams){#1565:vendor/mediatek/proprietary/hardware/mtkcam/aaa/source/isp_50/wrapper/Hal3ARawImp.cpp}
02-24 00:56:50.624  1348 19202 E NormalPipe: [vendor/mediatek/proprietary/hardware/mtkcam/drv/src/isp/mt6785/iopipe/CamIO/NormalPipe.cpp, sendCommand, line3260] ERROR: error: sendCommand fail: (cmd,arg1,arg2,arg3)=(0x00001500,0x70A9DD7890,0x70A9DD7894,0xB40000707B922A5C) (sendCommand){#3260:vendor/mediatek/proprietary/hardware/mtkcam/drv/src/isp/mt6785/iopipe/CamIO/NormalPipe.cpp}
02-24 00:56:50.627  1348  1348 E Metadata2/Entry: itemAt(531):Get data error , tag ffffffff, mContentPtr 0x0 (itemAt){#531:vendor/mediatek/proprietary/hardware/mtkcam/utils/metadata/metadata/Entry.cpp}
02-24 00:56:50.627  1348  1348 E Metadata2/Entry: itemAt(531):Get data error , tag ffffffff, mContentPtr 0x0 (itemAt){#531:vendor/mediatek/proprietary/hardware/mtkcam/utils/metadata/metadata/Entry.cpp}
02-24 00:56:50.627  1348  1348 E KEYFILE : [ERROR   ] keyfilegroup.cpp:348 GetKeyValues() pKeyName :OrientationInfo[1][com.instagram.android] is not found!
02-24 00:56:50.658  1348 21703 E Hal3ARaw: [setStereoParams] Dev(2) StereoQ has Error message (setStereoParams){#1565:vendor/mediatek/proprietary/hardware/mtkcam/aaa/source/isp_50/wrapper/Hal3ARawImp.cpp}
02-24 00:56:50.658  1348  1348 E NormalPipe: [vendor/mediatek/proprietary/hardware/mtkcam/drv/src/isp/mt6785/iopipe/CamIO/NormalPipe.cpp, sendCommand, line3260] ERROR: error: sendCommand fail: (cmd,arg1,arg2,arg3)=(0x00001500,0x7FCD800FF0,0x7FCD800FF4,0xB4000070AC7B225C) (sendCommand){#3260:vendor/mediatek/proprietary/hardware/mtkcam/drv/src/isp/mt6785/iopipe/CamIO/NormalPipe.cpp}
02-24 00:56:50.660  1348  1348 E Metadata2/Entry: itemAt(531):Get data error , tag ffffffff, mContentPtr 0x0 (itemAt){#531:vendor/mediatek/proprietary/hardware/mtkcam/utils/metadata/metadata/Entry.cpp}
02-24 00:56:50.660  1348  1348 E Metadata2/Entry: itemAt(531):Get data error , tag ffffffff, mContentPtr 0x0 (itemAt){#531:vendor/mediatek/proprietary/hardware/mtkcam/utils/metadata/metadata/Entry.cpp}
02-24 00:56:50.661  1348  1348 E KEYFILE : [ERROR   ] keyfilegroup.cpp:348 GetKeyValues() pKeyName :OrientationInfo[1][com.instagram.android] is not found!
02-24 00:56:50.691  1348 21703 E Hal3ARaw: [setStereoParams] Dev(2) StereoQ has Error message (setStereoParams){#1565:vendor/mediatek/proprietary/hardware/mtkcam/aaa/source/isp_50/wrapper/Hal3ARawImp.cpp}
02-24 00:56:50.691  1348  1348 E NormalPipe: [vendor/mediatek/proprietary/hardware/mtkcam/drv/src/isp/mt6785/iopipe/CamIO/NormalPipe.cpp, sendCommand, line3260] ERROR: error: sendCommand fail: (cmd,arg1,arg2,arg3)=(0x00001500,0x7FCD800FF0,0x7FCD800FF4,0xB4000070AD0DB65C) (sendCommand){#3260:vendor/mediatek/proprietary/hardware/mtkcam/drv/src/isp/mt6785/iopipe/CamIO/NormalPipe.cpp}
02-24 00:56:50.693  1348  1348 E Metadata2/Entry: itemAt(531):Get data error , tag ffffffff, mContentPtr 0x0 (itemAt){#531:vendor/mediatek/proprietary/hardware/mtkcam/utils/metadata/metadata/Entry.cpp}
02-24 00:56:50.693  1348  1348 E Metadata2/Entry: itemAt(531):Get data error , tag ffffffff, mContentPtr 0x0 (itemAt){#531:vendor/mediatek/proprietary/hardware/mtkcam/utils/metadata/metadata/Entry.cpp}
02-24 00:56:50.694  1348  1348 E KEYFILE : [ERROR   ] keyfilegroup.cpp:348 GetKeyValues() pKeyName :OrientationInfo[1][com.instagram.android] is not found!
02-24 00:56:50.724  1348  1348 E NormalPipe: [vendor/mediatek/proprietary/hardware/mtkcam/drv/src/isp/mt6785/iopipe/CamIO/NormalPipe.cpp, sendCommand, line3260] ERROR: error: sendCommand fail: (cmd,arg1,arg2,arg3)=(0x00001500,0x7FCD800FF0,0x7FCD800FF4,0xB4000070AD193A5C) (sendCommand){#3260:vendor/mediatek/proprietary/hardware/mtkcam/drv/src/isp/mt6785/iopipe/CamIO/NormalPipe.cpp}
02-24 00:56:50.725  1348 21703 E Hal3ARaw: [setStereoParams] Dev(2) StereoQ has Error message (setStereoParams){#1565:vendor/mediatek/proprietary/hardware/mtkcam/aaa/source/isp_50/wrapper/Hal3ARawImp.cpp}
02-24 00:56:50.727  1348  1348 E Metadata2/Entry: itemAt(531):Get data error , tag ffffffff, mContentPtr 0x0 (itemAt){#531:vendor/mediatek/proprietary/hardware/mtkcam/utils/metadata/metadata/Entry.cpp}
02-24 00:56:50.727  1348  1348 E Metadata2/Entry: itemAt(531):Get data error , tag ffffffff, mContentPtr 0x0 (itemAt){#531:vendor/mediatek/proprietary/hardware/mtkcam/utils/metadata/metadata/Entry.cpp}
02-24 00:56:50.728  1348  1348 E KEYFILE : [ERROR   ] keyfilegroup.cpp:348 GetKeyValues() pKeyName :OrientationInfo[1][com.instagram.android] is not found!
02-24 00:56:50.758  1348 21703 E Hal3ARaw: [setStereoParams] Dev(2) StereoQ has Error message (setStereoParams){#1565:vendor/mediatek/proprietary/hardware/mtkcam/aaa/source/isp_50/wrapper/Hal3ARawImp.cpp}
02-24 00:56:50.758  1348  1348 E NormalPipe: [vendor/mediatek/proprietary/hardware/mtkcam/drv/src/isp/mt6785/iopipe/CamIO/NormalPipe.cpp, sendCommand, line3260] ERROR: error: sendCommand fail: (cmd,arg1,arg2,arg3)=(0x00001500,0x7FCD800FF0,0x7FCD800FF4,0xB4000070AD19565C) (sendCommand){#3260:vendor/mediatek/proprietary/hardware/mtkcam/drv/src/isp/mt6785/iopipe/CamIO/NormalPipe.cpp}
02-24 00:56:50.761  1348  1348 E Metadata2/Entry: itemAt(531):Get data error , tag ffffffff, mContentPtr 0x0 (itemAt){#531:vendor/mediatek/proprietary/hardware/mtkcam/utils/metadata/metadata/Entry.cpp}
02-24 00:56:50.762  1348  1348 E Metadata2/Entry: itemAt(531):Get data error , tag ffffffff, mContentPtr 0x0 (itemAt){#531:vendor/mediatek/proprietary/hardware/mtkcam/utils/metadata/metadata/Entry.cpp}
02-24 00:56:50.762  1348  1348 E KEYFILE : [ERROR   ] keyfilegroup.cpp:348 GetKeyValues() pKeyName :OrientationInfo[1][com.instagram.android] is not found!
02-24 00:56:50.780 25006 25072 E msys    : E[N mns]_OnDiskCacheGetData(632)=>Start post callback cache refresh DNS resolution
02-24 00:56:50.780 25006 25072 E msys    : E[ADNSUCTIMH WAJMNSDNSResolver]_MNSDNSResolutionSuccess(35)=>[LogLevel:I] DNS Resolution Successful with 2 IPs, Persistent Cache Hit: 1, secondary resolver used: 0
02-24 00:56:50.781 25006 25072 E msys    : E[ADNSUCTIMH WAJMNSDNSResolver]_MNSDNSResolutionSuccess(55)=>[LogLevel:I] Resolved IP Address: 2a03:2880:f312:121:face:b00c:0:7260
02-24 00:56:50.781 25006 25072 E msys    : E[ADNSUCTIMH WAJMNSDNSResolver]_MNSDNSResolutionSuccess(55)=>[LogLevel:I] Resolved IP Address: 57.144.43.33
02-24 00:56:50.785 25006 25072 E msys    : E[N mns]_OnSystemDNSSuccessCallback(340)=>Cache refresh succeeded with system DNS resolver. IP count: 2
02-24 00:56:50.791  1348 21703 E Hal3ARaw: [setStereoParams] Dev(2) StereoQ has Error message (setStereoParams){#1565:vendor/mediatek/proprietary/hardware/mtkcam/aaa/source/isp_50/wrapper/Hal3ARawImp.cpp}
02-24 00:56:50.791  1348  1348 E NormalPipe: [vendor/mediatek/proprietary/hardware/mtkcam/drv/src/isp/mt6785/iopipe/CamIO/NormalPipe.cpp, sendCommand, line3260] ERROR: error: sendCommand fail: (cmd,arg1,arg2,arg3)=(0x00001500,0x7FCD800FF0,0x7FCD800FF4,0xB4000070A99D4A5C) (sendCommand){#3260:vendor/mediatek/proprietary/hardware/mtkcam/drv/src/isp/mt6785/iopipe/CamIO/NormalPipe.cpp}
02-24 00:56:50.793  1348  1348 E Metadata2/Entry: itemAt(531):Get data error , tag ffffffff, mContentPtr 0x0 (itemAt){#531:vendor/mediatek/proprietary/hardware/mtkcam/utils/metadata/metadata/Entry.cpp}
02-24 00:56:50.793  1348  1348 E Metadata2/Entry: itemAt(531):Get data error , tag ffffffff, mContentPtr 0x0 (itemAt){#531:vendor/mediatek/proprietary/hardware/mtkcam/utils/metadata/metadata/Entry.cpp}
02-24 00:56:50.793  1348  1348 E KEYFILE : [ERROR   ] keyfilegroup.cpp:348 GetKeyValues() pKeyName :OrientationInfo[1][com.instagram.android] is not found!
02-24 00:56:50.824  1348 21703 E Hal3ARaw: [setStereoParams] Dev(2) StereoQ has Error message (setStereoParams){#1565:vendor/mediatek/proprietary/hardware/mtkcam/aaa/source/isp_50/wrapper/Hal3ARawImp.cpp}
02-24 00:56:50.824  1348  1348 E NormalPipe: [vendor/mediatek/proprietary/hardware/mtkcam/drv/src/isp/mt6785/iopipe/CamIO/NormalPipe.cpp, sendCommand, line3260] ERROR: error: sendCommand fail: (cmd,arg1,arg2,arg3)=(0x00001500,0x7FCD800FF0,0x7FCD800FF4,0xB4000070A99D665C) (sendCommand){#3260:vendor/mediatek/proprietary/hardware/mtkcam/drv/src/isp/mt6785/iopipe/CamIO/NormalPipe.cpp}
02-24 00:56:50.827  1348  1348 E Metadata2/Entry: itemAt(531):Get data error , tag ffffffff, mContentPtr 0x0 (itemAt){#531:vendor/mediatek/proprietary/hardware/mtkcam/utils/metadata/metadata/Entry.cpp}
02-24 00:56:50.827  1348  1348 E Metadata2/Entry: itemAt(531):Get data error , tag ffffffff, mContentPtr 0x0 (itemAt){#531:vendor/mediatek/proprietary/hardware/mtkcam/utils/metadata/metadata/Entry.cpp}
02-24 00:56:50.827  1348  1348 E KEYFILE : [ERROR   ] keyfilegroup.cpp:348 GetKeyValues() pKeyName :OrientationInfo[1][com.instagram.android] is not found!
02-24 00:56:50.857  1348 21703 E Hal3ARaw: [setStereoParams] Dev(2) StereoQ has Error message (setStereoParams){#1565:vendor/mediatek/proprietary/hardware/mtkcam/aaa/source/isp_50/wrapper/Hal3ARawImp.cpp}
02-24 00:56:50.858  1348  1348 E NormalPipe: [vendor/mediatek/proprietary/hardware/mtkcam/drv/src/isp/mt6785/iopipe/CamIO/NormalPipe.cpp, sendCommand, line3260] ERROR: error: sendCommand fail: (cmd,arg1,arg2,arg3)=(0x00001500,0x7FCD800FF0,0x7FCD800FF4,0xB400007077DE6A5C) (sendCommand){#3260:vendor/mediatek/proprietary/hardware/mtkcam/drv/src/isp/mt6785/iopipe/CamIO/NormalPipe.cpp}
02-24 00:56:50.860  1348 19202 E Metadata2/Entry: itemAt(531):Get data error , tag ffffffff, mContentPtr 0x0 (itemAt){#531:vendor/mediatek/proprietary/hardware/mtkcam/utils/metadata/metadata/Entry.cpp}
02-24 00:56:50.860  1348 19202 E Metadata2/Entry: itemAt(531):Get data error , tag ffffffff, mContentPtr 0x0 (itemAt){#531:vendor/mediatek/proprietary/hardware/mtkcam/utils/metadata/metadata/Entry.cpp}
02-24 00:56:50.860  1348 19202 E KEYFILE : [ERROR   ] keyfilegroup.cpp:348 GetKeyValues() pKeyName :OrientationInfo[1][com.instagram.android] is not found!
02-24 00:56:50.891  1348 21703 E Hal3ARaw: [setStereoParams] Dev(2) StereoQ has Error message (setStereoParams){#1565:vendor/mediatek/proprietary/hardware/mtkcam/aaa/source/isp_50/wrapper/Hal3ARawImp.cpp}
02-24 00:56:50.891  1348 19202 E NormalPipe: [vendor/mediatek/proprietary/hardware/mtkcam/drv/src/isp/mt6785/iopipe/CamIO/NormalPipe.cpp, sendCommand, line3260] ERROR: error: sendCommand fail: (cmd,arg1,arg2,arg3)=(0x00001500,0x70A9DD7890,0x70A9DD7894,0xB400007076DEAE5C) (sendCommand){#3260:vendor/mediatek/proprietary/hardware/mtkcam/drv/src/isp/mt6785/iopipe/CamIO/NormalPipe.cpp}
02-24 00:56:50.894  1348 19202 E Metadata2/Entry: itemAt(531):Get data error , tag ffffffff, mContentPtr 0x0 (itemAt){#531:vendor/mediatek/proprietary/hardware/mtkcam/utils/metadata/metadata/Entry.cpp}
02-24 00:56:50.894  1348 19202 E Metadata2/Entry: itemAt(531):Get data error , tag ffffffff, mContentPtr 0x0 (itemAt){#531:vendor/mediatek/proprietary/hardware/mtkcam/utils/metadata/metadata/Entry.cpp}
02-24 00:56:50.894  1348 19202 E KEYFILE : [ERROR   ] keyfilegroup.cpp:348 GetKeyValues() pKeyName :OrientationInfo[1][com.instagram.android] is not found!
02-24 00:56:50.924  1348 21703 E Hal3ARaw: [setStereoParams] Dev(2) StereoQ has Error message (setStereoParams){#1565:vendor/mediatek/proprietary/hardware/mtkcam/aaa/source/isp_50/wrapper/Hal3ARawImp.cpp}
02-24 00:56:50.924  1348 19202 E NormalPipe: [vendor/mediatek/proprietary/hardware/mtkcam/drv/src/isp/mt6785/iopipe/CamIO/NormalPipe.cpp, sendCommand, line3260] ERROR: error: sendCommand fail: (cmd,arg1,arg2,arg3)=(0x00001500,0x70A9DD7890,0x70A9DD7894,0xB400007076506A5C) (sendCommand){#3260:vendor/mediatek/proprietary/hardware/mtkcam/drv/src/isp/mt6785/iopipe/CamIO/NormalPipe.cpp}
02-24 00:56:50.926  1348 19202 E Metadata2/Entry: itemAt(531):Get data error , tag ffffffff, mContentPtr 0x0 (itemAt){#531:vendor/mediatek/proprietary/hardware/mtkcam/utils/metadata/metadata/Entry.cpp}
02-24 00:56:50.926  1348 19202 E Metadata2/Entry: itemAt(531):Get data error , tag ffffffff, mContentPtr 0x0 (itemAt){#531:vendor/mediatek/proprietary/hardware/mtkcam/utils/metadata/metadata/Entry.cpp}
02-24 00:56:50.927  1348 19202 E KEYFILE : [ERROR   ] keyfilegroup.cpp:348 GetKeyValues() pKeyName :OrientationInfo[1][com.instagram.android] is not found!
02-24 00:56:50.958  1348 21703 E Hal3ARaw: [setStereoParams] Dev(2) StereoQ has Error message (setStereoParams){#1565:vendor/mediatek/proprietary/hardware/mtkcam/aaa/source/isp_50/wrapper/Hal3ARawImp.cpp}
02-24 00:56:50.958  1348 19202 E NormalPipe: [vendor/mediatek/proprietary/hardware/mtkcam/drv/src/isp/mt6785/iopipe/CamIO/NormalPipe.cpp, sendCommand, line3260] ERROR: error: sendCommand fail: (cmd,arg1,arg2,arg3)=(0x00001500,0x70A9DD7890,0x70A9DD7894,0xB40000707657425C) (sendCommand){#3260:vendor/mediatek/proprietary/hardware/mtkcam/drv/src/isp/mt6785/iopipe/CamIO/NormalPipe.cpp}
02-24 00:56:50.961  1348  1348 E Metadata2/Entry: itemAt(531):Get data error , tag ffffffff, mContentPtr 0x0 (itemAt){#531:vendor/mediatek/proprietary/hardware/mtkcam/utils/metadata/metadata/Entry.cpp}
02-24 00:56:50.961  1348  1348 E Metadata2/Entry: itemAt(531):Get data error , tag ffffffff, mContentPtr 0x0 (itemAt){#531:vendor/mediatek/proprietary/hardware/mtkcam/utils/metadata/metadata/Entry.cpp}
02-24 00:56:50.961  1348  1348 E KEYFILE : [ERROR   ] keyfilegroup.cpp:348 GetKeyValues() pKeyName :OrientationInfo[1][com.instagram.android] is not found!
02-24 00:56:50.991  1348 21703 E Hal3ARaw: [setStereoParams] Dev(2) StereoQ has Error message (setStereoParams){#1565:vendor/mediatek/proprietary/hardware/mtkcam/aaa/source/isp_50/wrapper/Hal3ARawImp.cpp}
02-24 00:56:50.991  1348  1348 E NormalPipe: [vendor/mediatek/proprietary/hardware/mtkcam/drv/src/isp/mt6785/iopipe/CamIO/NormalPipe.cpp, sendCommand, line3260] ERROR: error: sendCommand fail: (cmd,arg1,arg2,arg3)=(0x00001500,0x7FCD800FF0,0x7FCD800FF4,0xB400007077DE865C) (sendCommand){#3260:vendor/mediatek/proprietary/hardware/mtkcam/drv/src/isp/mt6785/iopipe/CamIO/NormalPipe.cpp}
02-24 00:56:50.993  1348 19202 E Metadata2/Entry: itemAt(531):Get data error , tag ffffffff, mContentPtr 0x0 (itemAt){#531:vendor/mediatek/proprietary/hardware/mtkcam/utils/metadata/metadata/Entry.cpp}
02-24 00:56:50.993  1348 19202 E Metadata2/Entry: itemAt(531):Get data error , tag ffffffff, mContentPtr 0x0 (itemAt){#531:vendor/mediatek/proprietary/hardware/mtkcam/utils/metadata/metadata/Entry.cpp}
02-24 00:56:50.994  1348 19202 E KEYFILE : [ERROR   ] keyfilegroup.cpp:348 GetKeyValues() pKeyName :OrientationInfo[1][com.instagram.android] is not found!
02-24 00:56:51.024  1348 21703 E Hal3ARaw: [setStereoParams] Dev(2) StereoQ has Error message (setStereoParams){#1565:vendor/mediatek/proprietary/hardware/mtkcam/aaa/source/isp_50/wrapper/Hal3ARawImp.cpp}
02-24 00:56:51.024  1348 19202 E NormalPipe: [vendor/mediatek/proprietary/hardware/mtkcam/drv/src/isp/mt6785/iopipe/CamIO/NormalPipe.cpp, sendCommand, line3260] ERROR: error: sendCommand fail: (cmd,arg1,arg2,arg3)=(0x00001500,0x70A9DD7890,0x70A9DD7894,0xB400007076575E5C) (sendCommand){#3260:vendor/mediatek/proprietary/hardware/mtkcam/drv/src/isp/mt6785/iopipe/CamIO/NormalPipe.cpp}
02-24 00:56:51.027  1348  1348 E Metadata2/Entry: itemAt(531):Get data error , tag ffffffff, mContentPtr 0x0 (itemAt){#531:vendor/mediatek/proprietary/hardware/mtkcam/utils/metadata/metadata/Entry.cpp}
02-24 00:56:51.027  1348  1348 E Metadata2/Entry: itemAt(531):Get data error , tag ffffffff, mContentPtr 0x0 (itemAt){#531:vendor/mediatek/proprietary/hardware/mtkcam/utils/metadata/metadata/Entry.cpp}
02-24 00:56:51.027  1348  1348 E KEYFILE : [ERROR   ] keyfilegroup.cpp:348 GetKeyValues() pKeyName :OrientationInfo[1][com.instagram.android] is not found!
02-24 00:56:51.057  1348 21703 E Hal3ARaw: [setStereoParams] Dev(2) StereoQ has Error message (setStereoParams){#1565:vendor/mediatek/proprietary/hardware/mtkcam/aaa/source/isp_50/wrapper/Hal3ARawImp.cpp}
02-24 00:56:51.057  1348  1348 E NormalPipe: [vendor/mediatek/proprietary/hardware/mtkcam/drv/src/isp/mt6785/iopipe/CamIO/NormalPipe.cpp, sendCommand, line3260] ERROR: error: sendCommand fail: (cmd,arg1,arg2,arg3)=(0x00001500,0x7FCD800FF0,0x7FCD800FF4,0xB400007076DE765C) (sendCommand){#3260:vendor/mediatek/proprietary/hardware/mtkcam/drv/src/isp/mt6785/iopipe/CamIO/NormalPipe.cpp}
02-24 00:56:51.060  1348  1348 E Metadata2/Entry: itemAt(531):Get data error , tag ffffffff, mContentPtr 0x0 (itemAt){#531:vendor/mediatek/proprietary/hardware/mtkcam/utils/metadata/metadata/Entry.cpp}
02-24 00:56:51.060  1348  1348 E Metadata2/Entry: itemAt(531):Get data error , tag ffffffff, mContentPtr 0x0 (itemAt){#531:vendor/mediatek/proprietary/hardware/mtkcam/utils/metadata/metadata/Entry.cpp}
02-24 00:56:51.060  1348  1348 E KEYFILE : [ERROR   ] keyfilegroup.cpp:348 GetKeyValues() pKeyName :OrientationInfo[1][com.instagram.android] is not found!
02-24 00:56:51.091  1348 21703 E Hal3ARaw: [setStereoParams] Dev(2) StereoQ has Error message (setStereoParams){#1565:vendor/mediatek/proprietary/hardware/mtkcam/aaa/source/isp_50/wrapper/Hal3ARawImp.cpp}
02-24 00:56:51.091  1348  1348 E NormalPipe: [vendor/mediatek/proprietary/hardware/mtkcam/drv/src/isp/mt6785/iopipe/CamIO/NormalPipe.cpp, sendCommand, line3260] ERROR: error: sendCommand fail: (cmd,arg1,arg2,arg3)=(0x00001500,0x7FCD800FF0,0x7FCD800FF4,0xB400007076DE925C) (sendCommand){#3260:vendor/mediatek/proprietary/hardware/mtkcam/drv/src/isp/mt6785/iopipe/CamIO/NormalPipe.cpp}
02-24 00:56:51.093  1348  1348 E Metadata2/Entry: itemAt(531):Get data error , tag ffffffff, mContentPtr 0x0 (itemAt){#531:vendor/mediatek/proprietary/hardware/mtkcam/utils/metadata/metadata/Entry.cpp}
02-24 00:56:51.093  1348  1348 E Metadata2/Entry: itemAt(531):Get data error , tag ffffffff, mContentPtr 0x0 (itemAt){#531:vendor/mediatek/proprietary/hardware/mtkcam/utils/metadata/metadata/Entry.cpp}
02-24 00:56:51.093  1348  1348 E KEYFILE : [ERROR   ] keyfilegroup.cpp:348 GetKeyValues() pKeyName :OrientationInfo[1][com.instagram.android] is not found!
02-24 00:56:51.124  1348 21703 E Hal3ARaw: [setStereoParams] Dev(2) StereoQ has Error message (setStereoParams){#1565:vendor/mediatek/proprietary/hardware/mtkcam/aaa/source/isp_50/wrapper/Hal3ARawImp.cpp}
02-24 00:56:51.124  1348  1348 E NormalPipe: [vendor/mediatek/proprietary/hardware/mtkcam/drv/src/isp/mt6785/iopipe/CamIO/NormalPipe.cpp, sendCommand, line3260] ERROR: error: sendCommand fail: (cmd,arg1,arg2,arg3)=(0x00001500,0x7FCD800FF0,0x7FCD800FF4,0xB4000070A99D825C) (sendCommand){#3260:vendor/mediatek/proprietary/hardware/mtkcam/drv/src/isp/mt6785/iopipe/CamIO/NormalPipe.cpp}
02-24 00:56:51.127  1348  1348 E Metadata2/Entry: itemAt(531):Get data error , tag ffffffff, mContentPtr 0x0 (itemAt){#531:vendor/mediatek/proprietary/hardware/mtkcam/utils/metadata/metadata/Entry.cpp}
02-24 00:56:51.127  1348  1348 E Metadata2/Entry: itemAt(531):Get data error , tag ffffffff, mContentPtr 0x0 (itemAt){#531:vendor/mediatek/proprietary/hardware/mtkcam/utils/metadata/metadata/Entry.cpp}
02-24 00:56:51.127  1348  1348 E KEYFILE : [ERROR   ] keyfilegroup.cpp:348 GetKeyValues() pKeyName :OrientationInfo[1][com.instagram.android] is not found!
02-24 00:56:51.157  1348 21703 E Hal3ARaw: [setStereoParams] Dev(2) StereoQ has Error message (setStereoParams){#1565:vendor/mediatek/proprietary/hardware/mtkcam/aaa/source/isp_50/wrapper/Hal3ARawImp.cpp}
02-24 00:56:51.157  1348  1348 E NormalPipe: [vendor/mediatek/proprietary/hardware/mtkcam/drv/src/isp/mt6785/iopipe/CamIO/NormalPipe.cpp, sendCommand, line3260] ERROR: error: sendCommand fail: (cmd,arg1,arg2,arg3)=(0x00001500,0x7FCD800FF0,0x7FCD800FF4,0xB4000070A99D9E5C) (sendCommand){#3260:vendor/mediatek/proprietary/hardware/mtkcam/drv/src/isp/mt6785/iopipe/CamIO/NormalPipe.cpp}
02-24 00:56:51.160  1348  1348 E Metadata2/Entry: itemAt(531):Get data error , tag ffffffff, mContentPtr 0x0 (itemAt){#531:vendor/mediatek/proprietary/hardware/mtkcam/utils/metadata/metadata/Entry.cpp}
02-24 00:56:51.160  1348  1348 E Metadata2/Entry: itemAt(531):Get data error , tag ffffffff, mContentPtr 0x0 (itemAt){#531:vendor/mediatek/proprietary/hardware/mtkcam/utils/metadata/metadata/Entry.cpp}
02-24 00:56:51.160  1348  1348 E KEYFILE : [ERROR   ] keyfilegroup.cpp:348 GetKeyValues() pKeyName :OrientationInfo[1][com.instagram.android] is not found!
02-24 00:56:51.191  1348 21703 E Hal3ARaw: [setStereoParams] Dev(2) StereoQ has Error message (setStereoParams){#1565:vendor/mediatek/proprietary/hardware/mtkcam/aaa/source/isp_50/wrapper/Hal3ARawImp.cpp}
02-24 00:56:51.191  1348  1348 E NormalPipe: [vendor/mediatek/proprietary/hardware/mtkcam/drv/src/isp/mt6785/iopipe/CamIO/NormalPipe.cpp, sendCommand, line3260] ERROR: error: sendCommand fail: (cmd,arg1,arg2,arg3)=(0x00001500,0x7FCD800FF0,0x7FCD800FF4,0xB40000707D08EE5C) (sendCommand){#3260:vendor/mediatek/proprietary/hardware/mtkcam/drv/src/isp/mt6785/iopipe/CamIO/NormalPipe.cpp}
02-24 00:56:51.194  1348  1348 E Metadata2/Entry: itemAt(531):Get data error , tag ffffffff, mContentPtr 0x0 (itemAt){#531:vendor/mediatek/proprietary/hardware/mtkcam/utils/metadata/metadata/Entry.cpp}
02-24 00:56:51.194  1348  1348 E Metadata2/Entry: itemAt(531):Get data error , tag ffffffff, mContentPtr 0x0 (itemAt){#531:vendor/mediatek/proprietary/hardware/mtkcam/utils/metadata/metadata/Entry.cpp}
02-24 00:56:51.194  1348  1348 E KEYFILE : [ERROR   ] keyfilegroup.cpp:348 GetKeyValues() pKeyName :OrientationInfo[1][com.instagram.android] is not found!
02-24 00:56:51.224  1348 21703 E Hal3ARaw: [setStereoParams] Dev(2) StereoQ has Error message (setStereoParams){#1565:vendor/mediatek/proprietary/hardware/mtkcam/aaa/source/isp_50/wrapper/Hal3ARawImp.cpp}
02-24 00:56:51.224  1348  1348 E NormalPipe: [vendor/mediatek/proprietary/hardware/mtkcam/drv/src/isp/mt6785/iopipe/CamIO/NormalPipe.cpp, sendCommand, line3260] ERROR: error: sendCommand fail: (cmd,arg1,arg2,arg3)=(0x00001500,0x7FCD800FF0,0x7FCD800FF4,0xB400007079AC825C) (sendCommand){#3260:vendor/mediatek/proprietary/hardware/mtkcam/drv/src/isp/mt6785/iopipe/CamIO/NormalPipe.cpp}
02-24 00:56:51.227  1348  1348 E Metadata2/Entry: itemAt(531):Get data error , tag ffffffff, mContentPtr 0x0 (itemAt){#531:vendor/mediatek/proprietary/hardware/mtkcam/utils/metadata/metadata/Entry.cpp}
02-24 00:56:51.227  1348  1348 E Metadata2/Entry: itemAt(531):Get data error , tag ffffffff, mContentPtr 0x0 (itemAt){#531:vendor/mediatek/proprietary/hardware/mtkcam/utils/metadata/metadata/Entry.cpp}
02-24 00:56:51.227  1348  1348 E KEYFILE : [ERROR   ] keyfilegroup.cpp:348 GetKeyValues() pKeyName :OrientationInfo[1][com.instagram.android] is not found!
02-24 00:56:51.258  1348  1348 E NormalPipe: [vendor/mediatek/proprietary/hardware/mtkcam/drv/src/isp/mt6785/iopipe/CamIO/NormalPipe.cpp, sendCommand, line3260] ERROR: error: sendCommand fail: (cmd,arg1,arg2,arg3)=(0x00001500,0x7FCD800FF0,0x7FCD800FF4,0xB400007079AC9E5C) (sendCommand){#3260:vendor/mediatek/proprietary/hardware/mtkcam/drv/src/isp/mt6785/iopipe/CamIO/NormalPipe.cpp}
02-24 00:56:51.258  1348 21703 E Hal3ARaw: [setStereoParams] Dev(2) StereoQ has Error message (setStereoParams){#1565:vendor/mediatek/proprietary/hardware/mtkcam/aaa/source/isp_50/wrapper/Hal3ARawImp.cpp}
02-24 00:56:51.261  1348  1348 E Metadata2/Entry: itemAt(531):Get data error , tag ffffffff, mContentPtr 0x0 (itemAt){#531:vendor/mediatek/proprietary/hardware/mtkcam/utils/metadata/metadata/Entry.cpp}
02-24 00:56:51.262  1348  1348 E Metadata2/Entry: itemAt(531):Get data error , tag ffffffff, mContentPtr 0x0 (itemAt){#531:vendor/mediatek/proprietary/hardware/mtkcam/utils/metadata/metadata/Entry.cpp}
02-24 00:56:51.262  1348  1348 E KEYFILE : [ERROR   ] keyfilegroup.cpp:348 GetKeyValues() pKeyName :OrientationInfo[1][com.instagram.android] is not found!
02-24 00:56:51.291  1348 21703 E Hal3ARaw: [setStereoParams] Dev(2) StereoQ has Error message (setStereoParams){#1565:vendor/mediatek/proprietary/hardware/mtkcam/aaa/source/isp_50/wrapper/Hal3ARawImp.cpp}
02-24 00:56:51.291  1348  1348 E NormalPipe: [vendor/mediatek/proprietary/hardware/mtkcam/drv/src/isp/mt6785/iopipe/CamIO/NormalPipe.cpp, sendCommand, line3260] ERROR: error: sendCommand fail: (cmd,arg1,arg2,arg3)=(0x00001500,0x7FCD800FF0,0x7FCD800FF4,0xB400007077DEBE5C) (sendCommand){#3260:vendor/mediatek/proprietary/hardware/mtkcam/drv/src/isp/mt6785/iopipe/CamIO/NormalPipe.cpp}
02-24 00:56:51.294  1348  1348 E Metadata2/Entry: itemAt(531):Get data error , tag ffffffff, mContentPtr 0x0 (itemAt){#531:vendor/mediatek/proprietary/hardware/mtkcam/utils/metadata/metadata/Entry.cpp}
02-24 00:56:51.294  1348  1348 E Metadata2/Entry: itemAt(531):Get data error , tag ffffffff, mContentPtr 0x0 (itemAt){#531:vendor/mediatek/proprietary/hardware/mtkcam/utils/metadata/metadata/Entry.cpp}
02-24 00:56:51.294  1348  1348 E KEYFILE : [ERROR   ] keyfilegroup.cpp:348 GetKeyValues() pKeyName :OrientationInfo[1][com.instagram.android] is not found!
02-24 00:56:51.324  1348  1348 E NormalPipe: [vendor/mediatek/proprietary/hardware/mtkcam/drv/src/isp/mt6785/iopipe/CamIO/NormalPipe.cpp, sendCommand, line3260] ERROR: error: sendCommand fail: (cmd,arg1,arg2,arg3)=(0x00001500,0x7FCD800FF0,0x7FCD800FF4,0xB400007077DF665C) (sendCommand){#3260:vendor/mediatek/proprietary/hardware/mtkcam/drv/src/isp/mt6785/iopipe/CamIO/NormalPipe.cpp}
02-24 00:56:51.324  1348 21703 E Hal3ARaw: [setStereoParams] Dev(2) StereoQ has Error message (setStereoParams){#1565:vendor/mediatek/proprietary/hardware/mtkcam/aaa/source/isp_50/wrapper/Hal3ARawImp.cpp}
02-24 00:56:51.326  1348  1348 E Metadata2/Entry: itemAt(531):Get data error , tag ffffffff, mContentPtr 0x0 (itemAt){#531:vendor/mediatek/proprietary/hardware/mtkcam/utils/metadata/metadata/Entry.cpp}
02-24 00:56:51.326  1348  1348 E Metadata2/Entry: itemAt(531):Get data error , tag ffffffff, mContentPtr 0x0 (itemAt){#531:vendor/mediatek/proprietary/hardware/mtkcam/utils/metadata/metadata/Entry.cpp}
02-24 00:56:51.326  1348  1348 E KEYFILE : [ERROR   ] keyfilegroup.cpp:348 GetKeyValues() pKeyName :OrientationInfo[1][com.instagram.android] is not found!
02-24 00:56:51.331 24288 24787 E msys    : E[N mns]_OnSystemDNSSuccessCallback(340)=>Cache refresh succeeded with system DNS resolver. IP count: 2
02-24 00:56:51.336  6648  6652 E IHansComunication: HANS printMessageBody: RCVed message body: type = 0, port = 86870, caller_pid = 1953, caller_uid = 1000, target_pid = 23357, target_uid = 11129, pkg_cmd = -1
02-24 00:56:51.357  1348 21703 E Hal3ARaw: [setStereoParams] Dev(2) StereoQ has Error message (setStereoParams){#1565:vendor/mediatek/proprietary/hardware/mtkcam/aaa/source/isp_50/wrapper/Hal3ARawImp.cpp}
02-24 00:56:51.357  1348  1348 E NormalPipe: [vendor/mediatek/proprietary/hardware/mtkcam/drv/src/isp/mt6785/iopipe/CamIO/NormalPipe.cpp, sendCommand, line3260] ERROR: error: sendCommand fail: (cmd,arg1,arg2,arg3)=(0x00001500,0x7FCD800FF0,0x7FCD800FF4,0xB400007076DE5A5C) (sendCommand){#3260:vendor/mediatek/proprietary/hardware/mtkcam/drv/src/isp/mt6785/iopipe/CamIO/NormalPipe.cpp}
02-24 00:56:51.360  1348  1348 E Metadata2/Entry: itemAt(531):Get data error , tag ffffffff, mContentPtr 0x0 (itemAt){#531:vendor/mediatek/proprietary/hardware/mtkcam/utils/metadata/metadata/Entry.cpp}
02-24 00:56:51.360  1348  1348 E Metadata2/Entry: itemAt(531):Get data error , tag ffffffff, mContentPtr 0x0 (itemAt){#531:vendor/mediatek/proprietary/hardware/mtkcam/utils/metadata/metadata/Entry.cpp}
02-24 00:56:51.360  1348  1348 E KEYFILE : [ERROR   ] keyfilegroup.cpp:348 GetKeyValues() pKeyName :OrientationInfo[1][com.instagram.android] is not found!
02-24 00:56:51.391  1348 21703 E Hal3ARaw: [setStereoParams] Dev(2) StereoQ has Error message (setStereoParams){#1565:vendor/mediatek/proprietary/hardware/mtkcam/aaa/source/isp_50/wrapper/Hal3ARawImp.cpp}
02-24 00:56:51.391  1348  1348 E NormalPipe: [vendor/mediatek/proprietary/hardware/mtkcam/drv/src/isp/mt6785/iopipe/CamIO/NormalPipe.cpp, sendCommand, line3260] ERROR: error: sendCommand fail: (cmd,arg1,arg2,arg3)=(0x00001500,0x7FCD800FF0,0x7FCD800FF4,0xB40000707B912A5C) (sendCommand){#3260:vendor/mediatek/proprietary/hardware/mtkcam/drv/src/isp/mt6785/iopipe/CamIO/NormalPipe.cpp}
02-24 00:56:51.395  1348  1348 E Metadata2/Entry: itemAt(531):Get data error , tag ffffffff, mContentPtr 0x0 (itemAt){#531:vendor/mediatek/proprietary/hardware/mtkcam/utils/metadata/metadata/Entry.cpp}
02-24 00:56:51.395  1348  1348 E Metadata2/Entry: itemAt(531):Get data error , tag ffffffff, mContentPtr 0x0 (itemAt){#531:vendor/mediatek/proprietary/hardware/mtkcam/utils/metadata/metadata/Entry.cpp}
02-24 00:56:51.395  1348  1348 E KEYFILE : [ERROR   ] keyfilegroup.cpp:348 GetKeyValues() pKeyName :OrientationInfo[1][com.instagram.android] is not found!
02-24 00:56:51.424  1348 21703 E Hal3ARaw: [setStereoParams] Dev(2) StereoQ has Error message (setStereoParams){#1565:vendor/mediatek/proprietary/hardware/mtkcam/aaa/source/isp_50/wrapper/Hal3ARawImp.cpp}
02-24 00:56:51.424  1348  1348 E NormalPipe: [vendor/mediatek/proprietary/hardware/mtkcam/drv/src/isp/mt6785/iopipe/CamIO/NormalPipe.cpp, sendCommand, line3260] ERROR: error: sendCommand fail: (cmd,arg1,arg2,arg3)=(0x00001500,0x7FCD800FF0,0x7FCD800FF4,0xB40000707B91465C) (sendCommand){#3260:vendor/mediatek/proprietary/hardware/mtkcam/drv/src/isp/mt6785/iopipe/CamIO/NormalPipe.cpp}
02-24 00:56:51.428  1348  1348 E Metadata2/Entry: itemAt(531):Get data error , tag ffffffff, mContentPtr 0x0 (itemAt){#531:vendor/mediatek/proprietary/hardware/mtkcam/utils/metadata/metadata/Entry.cpp}
02-24 00:56:51.428  1348  1348 E Metadata2/Entry: itemAt(531):Get data error , tag ffffffff, mContentPtr 0x0 (itemAt){#531:vendor/mediatek/proprietary/hardware/mtkcam/utils/metadata/metadata/Entry.cpp}
02-24 00:56:51.428  1348  1348 E KEYFILE : [ERROR   ] keyfilegroup.cpp:348 GetKeyValues() pKeyName :OrientationInfo[1][com.instagram.android] is not found!
02-24 00:56:51.457  1348 21703 E Hal3ARaw: [setStereoParams] Dev(2) StereoQ has Error message (setStereoParams){#1565:vendor/mediatek/proprietary/hardware/mtkcam/aaa/source/isp_50/wrapper/Hal3ARawImp.cpp}
02-24 00:56:51.457  1348  1348 E NormalPipe: [vendor/mediatek/proprietary/hardware/mtkcam/drv/src/isp/mt6785/iopipe/CamIO/NormalPipe.cpp, sendCommand, line3260] ERROR: error: sendCommand fail: (cmd,arg1,arg2,arg3)=(0x00001500,0x7FCD800FF0,0x7FCD800FF4,0xB4000070AC7B225C) (sendCommand){#3260:vendor/mediatek/proprietary/hardware/mtkcam/drv/src/isp/mt6785/iopipe/CamIO/NormalPipe.cpp}
02-24 00:56:51.460  1348  1348 E Metadata2/Entry: itemAt(531):Get data error , tag ffffffff, mContentPtr 0x0 (itemAt){#531:vendor/mediatek/proprietary/hardware/mtkcam/utils/metadata/metadata/Entry.cpp}
02-24 00:56:51.461  1348  1348 E Metadata2/Entry: itemAt(531):Get data error , tag ffffffff, mContentPtr 0x0 (itemAt){#531:vendor/mediatek/proprietary/hardware/mtkcam/utils/metadata/metadata/Entry.cpp}
02-24 00:56:51.461  1348  1348 E KEYFILE : [ERROR   ] keyfilegroup.cpp:348 GetKeyValues() pKeyName :OrientationInfo[1][com.instagram.android] is not found!
02-24 00:56:51.491  1348 21703 E Hal3ARaw: [setStereoParams] Dev(2) StereoQ has Error message (setStereoParams){#1565:vendor/mediatek/proprietary/hardware/mtkcam/aaa/source/isp_50/wrapper/Hal3ARawImp.cpp}
02-24 00:56:51.491  1348  1348 E NormalPipe: [vendor/mediatek/proprietary/hardware/mtkcam/drv/src/isp/mt6785/iopipe/CamIO/NormalPipe.cpp, sendCommand, line3260] ERROR: error: sendCommand fail: (cmd,arg1,arg2,arg3)=(0x00001500,0x7FCD800FF0,0x7FCD800FF4,0xB4000070AD0DB65C) (sendCommand){#3260:vendor/mediatek/proprietary/hardware/mtkcam/drv/src/isp/mt6785/iopipe/CamIO/NormalPipe.cpp}
02-24 00:56:51.493  1348 19202 E Metadata2/Entry: itemAt(531):Get data error , tag ffffffff, mContentPtr 0x0 (itemAt){#531:vendor/mediatek/proprietary/hardware/mtkcam/utils/metadata/metadata/Entry.cpp}
02-24 00:56:51.493  1348 19202 E Metadata2/Entry: itemAt(531):Get data error , tag ffffffff, mContentPtr 0x0 (itemAt){#531:vendor/mediatek/proprietary/hardware/mtkcam/utils/metadata/metadata/Entry.cpp}
02-24 00:56:51.493  1348 19202 E KEYFILE : [ERROR   ] keyfilegroup.cpp:348 GetKeyValues() pKeyName :OrientationInfo[1][com.instagram.android] is not found!
02-24 00:56:51.524  1348 21703 E Hal3ARaw: [setStereoParams] Dev(2) StereoQ has Error message (setStereoParams){#1565:vendor/mediatek/proprietary/hardware/mtkcam/aaa/source/isp_50/wrapper/Hal3ARawImp.cpp}
02-24 00:56:51.524  1348 19202 E NormalPipe: [vendor/mediatek/proprietary/hardware/mtkcam/drv/src/isp/mt6785/iopipe/CamIO/NormalPipe.cpp, sendCommand, line3260] ERROR: error: sendCommand fail: (cmd,arg1,arg2,arg3)=(0x00001500,0x70A9DD7890,0x70A9DD7894,0xB400007048BE9A5C) (sendCommand){#3260:vendor/mediatek/proprietary/hardware/mtkcam/drv/src/isp/mt6785/iopipe/CamIO/NormalPipe.cpp}
02-24 00:56:51.527  1348  5440 E Metadata2/Entry: itemAt(531):Get data error , tag ffffffff, mContentPtr 0x0 (itemAt){#531:vendor/mediatek/proprietary/hardware/mtkcam/utils/metadata/metadata/Entry.cpp}
02-24 00:56:51.527  1348  5440 E Metadata2/Entry: itemAt(531):Get data error , tag ffffffff, mContentPtr 0x0 (itemAt){#531:vendor/mediatek/proprietary/hardware/mtkcam/utils/metadata/metadata/Entry.cpp}
02-24 00:56:51.528  1348  5440 E KEYFILE : [ERROR   ] keyfilegroup.cpp:348 GetKeyValues() pKeyName :OrientationInfo[1][com.instagram.android] is not found!
02-24 00:56:51.557  1348  5440 E NormalPipe: [vendor/mediatek/proprietary/hardware/mtkcam/drv/src/isp/mt6785/iopipe/CamIO/NormalPipe.cpp, sendCommand, line3260] ERROR: error: sendCommand fail: (cmd,arg1,arg2,arg3)=(0x00001500,0x707F188890,0x707F188894,0xB400007077DF9E5C) (sendCommand){#3260:vendor/mediatek/proprietary/hardware/mtkcam/drv/src/isp/mt6785/iopipe/CamIO/NormalPipe.cpp}
02-24 00:56:51.557  1348 21703 E Hal3ARaw: [setStereoParams] Dev(2) StereoQ has Error message (setStereoParams){#1565:vendor/mediatek/proprietary/hardware/mtkcam/aaa/source/isp_50/wrapper/Hal3ARawImp.cpp}
02-24 00:56:51.561  1348 19202 E Metadata2/Entry: itemAt(531):Get data error , tag ffffffff, mContentPtr 0x0 (itemAt){#531:vendor/mediatek/proprietary/hardware/mtkcam/utils/metadata/metadata/Entry.cpp}
02-24 00:56:51.561  1348 19202 E Metadata2/Entry: itemAt(531):Get data error , tag ffffffff, mContentPtr 0x0 (itemAt){#531:vendor/mediatek/proprietary/hardware/mtkcam/utils/metadata/metadata/Entry.cpp}
02-24 00:56:51.561  1348 19202 E KEYFILE : [ERROR   ] keyfilegroup.cpp:348 GetKeyValues() pKeyName :OrientationInfo[1][com.instagram.android] is not found!
02-24 00:56:51.590  1348 21703 E Hal3ARaw: [setStereoParams] Dev(2) StereoQ has Error message (setStereoParams){#1565:vendor/mediatek/proprietary/hardware/mtkcam/aaa/source/isp_50/wrapper/Hal3ARawImp.cpp}
02-24 00:56:51.591  1348 19202 E NormalPipe: [vendor/mediatek/proprietary/hardware/mtkcam/drv/src/isp/mt6785/iopipe/CamIO/NormalPipe.cpp, sendCommand, line3260] ERROR: error: sendCommand fail: (cmd,arg1,arg2,arg3)=(0x00001500,0x70A9DD7890,0x70A9DD7894,0xB400007048BEB65C) (sendCommand){#3260:vendor/mediatek/proprietary/hardware/mtkcam/drv/src/isp/mt6785/iopipe/CamIO/NormalPipe.cpp}
02-24 00:56:51.595  1348  5440 E Metadata2/Entry: itemAt(531):Get data error , tag ffffffff, mContentPtr 0x0 (itemAt){#531:vendor/mediatek/proprietary/hardware/mtkcam/utils/metadata/metadata/Entry.cpp}
02-24 00:56:51.595  1348  5440 E Metadata2/Entry: itemAt(531):Get data error , tag ffffffff, mContentPtr 0x0 (itemAt){#531:vendor/mediatek/proprietary/hardware/mtkcam/utils/metadata/metadata/Entry.cpp}
02-24 00:56:51.595  1348  5440 E KEYFILE : [ERROR   ] keyfilegroup.cpp:348 GetKeyValues() pKeyName :OrientationInfo[1][com.instagram.android] is not found!
02-24 00:56:51.624  1348  5440 E NormalPipe: [vendor/mediatek/proprietary/hardware/mtkcam/drv/src/isp/mt6785/iopipe/CamIO/NormalPipe.cpp, sendCommand, line3260] ERROR: error: sendCommand fail: (cmd,arg1,arg2,arg3)=(0x00001500,0x707F188890,0x707F188894,0xB4000070771F7E5C) (sendCommand){#3260:vendor/mediatek/proprietary/hardware/mtkcam/drv/src/isp/mt6785/iopipe/CamIO/NormalPipe.cpp}
02-24 00:56:51.624  1348 21703 E Hal3ARaw: [setStereoParams] Dev(2) StereoQ has Error message (setStereoParams){#1565:vendor/mediatek/proprietary/hardware/mtkcam/aaa/source/isp_50/wrapper/Hal3ARawImp.cpp}
02-24 00:56:51.628  1348  5440 E Metadata2/Entry: itemAt(531):Get data error , tag ffffffff, mContentPtr 0x0 (itemAt){#531:vendor/mediatek/proprietary/hardware/mtkcam/utils/metadata/metadata/Entry.cpp}
02-24 00:56:51.628  1348  5440 E Metadata2/Entry: itemAt(531):Get data error , tag ffffffff, mContentPtr 0x0 (itemAt){#531:vendor/mediatek/proprietary/hardware/mtkcam/utils/metadata/metadata/Entry.cpp}
02-24 00:56:51.628  1348  5440 E KEYFILE : [ERROR   ] keyfilegroup.cpp:348 GetKeyValues() pKeyName :OrientationInfo[1][com.instagram.android] is not found!
02-24 00:56:51.636 24288 24787 E msys    : E[N mns]_OnSystemDNSSuccessCallback(340)=>Cache refresh succeeded with system DNS resolver. IP count: 2
02-24 00:56:51.657  1348 21703 E Hal3ARaw: [setStereoParams] Dev(2) StereoQ has Error message (setStereoParams){#1565:vendor/mediatek/proprietary/hardware/mtkcam/aaa/source/isp_50/wrapper/Hal3ARawImp.cpp}
02-24 00:56:51.657  1348  5440 E NormalPipe: [vendor/mediatek/proprietary/hardware/mtkcam/drv/src/isp/mt6785/iopipe/CamIO/NormalPipe.cpp, sendCommand, line3260] ERROR: error: sendCommand fail: (cmd,arg1,arg2,arg3)=(0x00001500,0x707F188890,0x707F188894,0xB40000707650865C) (sendCommand){#3260:vendor/mediatek/proprietary/hardware/mtkcam/drv/src/isp/mt6785/iopipe/CamIO/NormalPipe.cpp}
02-24 00:56:51.661  1348  5440 E Metadata2/Entry: itemAt(531):Get data error , tag ffffffff, mContentPtr 0x0 (itemAt){#531:vendor/mediatek/proprietary/hardware/mtkcam/utils/metadata/metadata/Entry.cpp}
02-24 00:56:51.661  1348  5440 E Metadata2/Entry: itemAt(531):Get data error , tag ffffffff, mContentPtr 0x0 (itemAt){#531:vendor/mediatek/proprietary/hardware/mtkcam/utils/metadata/metadata/Entry.cpp}
02-24 00:56:51.661  1348  5440 E KEYFILE : [ERROR   ] keyfilegroup.cpp:348 GetKeyValues() pKeyName :OrientationInfo[1][com.instagram.android] is not found!
02-24 00:56:51.690  1348 21703 E Hal3ARaw: [setStereoParams] Dev(2) StereoQ has Error message (setStereoParams){#1565:vendor/mediatek/proprietary/hardware/mtkcam/aaa/source/isp_50/wrapper/Hal3ARawImp.cpp}
02-24 00:56:51.691  1348  5440 E NormalPipe: [vendor/mediatek/proprietary/hardware/mtkcam/drv/src/isp/mt6785/iopipe/CamIO/NormalPipe.cpp, sendCommand, line3260] ERROR: error: sendCommand fail: (cmd,arg1,arg2,arg3)=(0x00001500,0x707F188890,0x707F188894,0xB40000707650A25C) (sendCommand){#3260:vendor/mediatek/proprietary/hardware/mtkcam/drv/src/isp/mt6785/iopipe/CamIO/NormalPipe.cpp}
02-24 00:56:51.695  1348  5440 E Metadata2/Entry: itemAt(531):Get data error , tag ffffffff, mContentPtr 0x0 (itemAt){#531:vendor/mediatek/proprietary/hardware/mtkcam/utils/metadata/metadata/Entry.cpp}
02-24 00:56:51.695  1348  5440 E Metadata2/Entry: itemAt(531):Get data error , tag ffffffff, mContentPtr 0x0 (itemAt){#531:vendor/mediatek/proprietary/hardware/mtkcam/utils/metadata/metadata/Entry.cpp}
02-24 00:56:51.695  1348  5440 E KEYFILE : [ERROR   ] keyfilegroup.cpp:348 GetKeyValues() pKeyName :OrientationInfo[1][com.instagram.android] is not found!
02-24 00:56:51.724  1348 21703 E Hal3ARaw: [setStereoParams] Dev(2) StereoQ has Error message (setStereoParams){#1565:vendor/mediatek/proprietary/hardware/mtkcam/aaa/source/isp_50/wrapper/Hal3ARawImp.cpp}
02-24 00:56:51.724  1348  5440 E NormalPipe: [vendor/mediatek/proprietary/hardware/mtkcam/drv/src/isp/mt6785/iopipe/CamIO/NormalPipe.cpp, sendCommand, line3260] ERROR: error: sendCommand fail: (cmd,arg1,arg2,arg3)=(0x00001500,0x707F188890,0x707F188894,0xB40000707650BE5C) (sendCommand){#3260:vendor/mediatek/proprietary/hardware/mtkcam/drv/src/isp/mt6785/iopipe/CamIO/NormalPipe.cpp}
02-24 00:56:51.727  1348 19202 E Metadata2/Entry: itemAt(531):Get data error , tag ffffffff, mContentPtr 0x0 (itemAt){#531:vendor/mediatek/proprietary/hardware/mtkcam/utils/metadata/metadata/Entry.cpp}
02-24 00:56:51.727  1348 19202 E Metadata2/Entry: itemAt(531):Get data error , tag ffffffff, mContentPtr 0x0 (itemAt){#531:vendor/mediatek/proprietary/hardware/mtkcam/utils/metadata/metadata/Entry.cpp}
02-24 00:56:51.727  1348 19202 E KEYFILE : [ERROR   ] keyfilegroup.cpp:348 GetKeyValues() pKeyName :OrientationInfo[1][com.instagram.android] is not found!
02-24 00:56:51.757  1348 21703 E Hal3ARaw: [setStereoParams] Dev(2) StereoQ has Error message (setStereoParams){#1565:vendor/mediatek/proprietary/hardware/mtkcam/aaa/source/isp_50/wrapper/Hal3ARawImp.cpp}
02-24 00:56:51.757  1348 19202 E NormalPipe: [vendor/mediatek/proprietary/hardware/mtkcam/drv/src/isp/mt6785/iopipe/CamIO/NormalPipe.cpp, sendCommand, line3260] ERROR: error: sendCommand fail: (cmd,arg1,arg2,arg3)=(0x00001500,0x70A9DD7890,0x70A9DD7894,0xB400007048BED25C) (sendCommand){#3260:vendor/mediatek/proprietary/hardware/mtkcam/drv/src/isp/mt6785/iopipe/CamIO/NormalPipe.cpp}
02-24 00:56:51.760  1348 13643 E Metadata2/Entry: itemAt(531):Get data error , tag ffffffff, mContentPtr 0x0 (itemAt){#531:vendor/mediatek/proprietary/hardware/mtkcam/utils/metadata/metadata/Entry.cpp}
02-24 00:56:51.760  1348 13643 E Metadata2/Entry: itemAt(531):Get data error , tag ffffffff, mContentPtr 0x0 (itemAt){#531:vendor/mediatek/proprietary/hardware/mtkcam/utils/metadata/metadata/Entry.cpp}
02-24 00:56:51.760  1348 13643 E KEYFILE : [ERROR   ] keyfilegroup.cpp:348 GetKeyValues() pKeyName :OrientationInfo[1][com.instagram.android] is not found!
02-24 00:56:51.790  1348 21703 E Hal3ARaw: [setStereoParams] Dev(2) StereoQ has Error message (setStereoParams){#1565:vendor/mediatek/proprietary/hardware/mtkcam/aaa/source/isp_50/wrapper/Hal3ARawImp.cpp}
02-24 00:56:51.790  1348 13643 E NormalPipe: [vendor/mediatek/proprietary/hardware/mtkcam/drv/src/isp/mt6785/iopipe/CamIO/NormalPipe.cpp, sendCommand, line3260] ERROR: error: sendCommand fail: (cmd,arg1,arg2,arg3)=(0x00001500,0x70AE4DC890,0x70AE4DC894,0xB40000707A6F6E5C) (sendCommand){#3260:vendor/mediatek/proprietary/hardware/mtkcam/drv/src/isp/mt6785/iopipe/CamIO/NormalPipe.cpp}
02-24 00:56:51.794  1348 13643 E Metadata2/Entry: itemAt(531):Get data error , tag ffffffff, mContentPtr 0x0 (itemAt){#531:vendor/mediatek/proprietary/hardware/mtkcam/utils/metadata/metadata/Entry.cpp}
02-24 00:56:51.794  1348 13643 E Metadata2/Entry: itemAt(531):Get data error , tag ffffffff, mContentPtr 0x0 (itemAt){#531:vendor/mediatek/proprietary/hardware/mtkcam/utils/metadata/metadata/Entry.cpp}
02-24 00:56:51.794  1348 13643 E KEYFILE : [ERROR   ] keyfilegroup.cpp:348 GetKeyValues() pKeyName :OrientationInfo[1][com.instagram.android] is not found!
02-24 00:56:51.824  1348 21703 E Hal3ARaw: [setStereoParams] Dev(2) StereoQ has Error message (setStereoParams){#1565:vendor/mediatek/proprietary/hardware/mtkcam/aaa/source/isp_50/wrapper/Hal3ARawImp.cpp}
02-24 00:56:51.824  1348 13643 E NormalPipe: [vendor/mediatek/proprietary/hardware/mtkcam/drv/src/isp/mt6785/iopipe/CamIO/NormalPipe.cpp, sendCommand, line3260] ERROR: error: sendCommand fail: (cmd,arg1,arg2,arg3)=(0x00001500,0x70AE4DC890,0x70AE4DC894,0xB4000070797E2A5C) (sendCommand){#3260:vendor/mediatek/proprietary/hardware/mtkcam/drv/src/isp/mt6785/iopipe/CamIO/NormalPipe.cpp}
02-24 00:56:51.826  1348 13643 E Metadata2/Entry: itemAt(531):Get data error , tag ffffffff, mContentPtr 0x0 (itemAt){#531:vendor/mediatek/proprietary/hardware/mtkcam/utils/metadata/metadata/Entry.cpp}
02-24 00:56:51.827  1348 13643 E Metadata2/Entry: itemAt(531):Get data error , tag ffffffff, mContentPtr 0x0 (itemAt){#531:vendor/mediatek/proprietary/hardware/mtkcam/utils/metadata/metadata/Entry.cpp}
02-24 00:56:51.827  1348 13643 E KEYFILE : [ERROR   ] keyfilegroup.cpp:348 GetKeyValues() pKeyName :OrientationInfo[1][com.instagram.android] is not found!
02-24 00:56:51.857  1348 21703 E Hal3ARaw: [setStereoParams] Dev(2) StereoQ has Error message (setStereoParams){#1565:vendor/mediatek/proprietary/hardware/mtkcam/aaa/source/isp_50/wrapper/Hal3ARawImp.cpp}
02-24 00:56:51.857  1348 13643 E NormalPipe: [vendor/mediatek/proprietary/hardware/mtkcam/drv/src/isp/mt6785/iopipe/CamIO/NormalPipe.cpp, sendCommand, line3260] ERROR: error: sendCommand fail: (cmd,arg1,arg2,arg3)=(0x00001500,0x70AE4DC890,0x70AE4DC894,0xB4000070797E625C) (sendCommand){#3260:vendor/mediatek/proprietary/hardware/mtkcam/drv/src/isp/mt6785/iopipe/CamIO/NormalPipe.cpp}
02-24 00:56:51.860  1348 13643 E Metadata2/Entry: itemAt(531):Get data error , tag ffffffff, mContentPtr 0x0 (itemAt){#531:vendor/mediatek/proprietary/hardware/mtkcam/utils/metadata/metadata/Entry.cpp}
02-24 00:56:51.860  1348 13643 E Metadata2/Entry: itemAt(531):Get data error , tag ffffffff, mContentPtr 0x0 (itemAt){#531:vendor/mediatek/proprietary/hardware/mtkcam/utils/metadata/metadata/Entry.cpp}
02-24 00:56:51.861  1348 13643 E KEYFILE : [ERROR   ] keyfilegroup.cpp:348 GetKeyValues() pKeyName :OrientationInfo[1][com.instagram.android] is not found!
02-24 00:56:51.891  1348 21703 E Hal3ARaw: [setStereoParams] Dev(2) StereoQ has Error message (setStereoParams){#1565:vendor/mediatek/proprietary/hardware/mtkcam/aaa/source/isp_50/wrapper/Hal3ARawImp.cpp}
02-24 00:56:51.891  1348 13643 E NormalPipe: [vendor/mediatek/proprietary/hardware/mtkcam/drv/src/isp/mt6785/iopipe/CamIO/NormalPipe.cpp, sendCommand, line3260] ERROR: error: sendCommand fail: (cmd,arg1,arg2,arg3)=(0x00001500,0x70AE4DC890,0x70AE4DC894,0xB4000070797E7E5C) (sendCommand){#3260:vendor/mediatek/proprietary/hardware/mtkcam/drv/src/isp/mt6785/iopipe/CamIO/NormalPipe.cpp}
02-24 00:56:51.895  1348 13643 E Metadata2/Entry: itemAt(531):Get data error , tag ffffffff, mContentPtr 0x0 (itemAt){#531:vendor/mediatek/proprietary/hardware/mtkcam/utils/metadata/metadata/Entry.cpp}
02-24 00:56:51.895  1348 13643 E Metadata2/Entry: itemAt(531):Get data error , tag ffffffff, mContentPtr 0x0 (itemAt){#531:vendor/mediatek/proprietary/hardware/mtkcam/utils/metadata/metadata/Entry.cpp}
02-24 00:56:51.895  1348 13643 E KEYFILE : [ERROR   ] keyfilegroup.cpp:348 GetKeyValues() pKeyName :OrientationInfo[1][com.instagram.android] is not found!
02-24 00:56:51.923  1348 21703 E Hal3ARaw: [setStereoParams] Dev(2) StereoQ has Error message (setStereoParams){#1565:vendor/mediatek/proprietary/hardware/mtkcam/aaa/source/isp_50/wrapper/Hal3ARawImp.cpp}
02-24 00:56:51.924  1348 13643 E NormalPipe: [vendor/mediatek/proprietary/hardware/mtkcam/drv/src/isp/mt6785/iopipe/CamIO/NormalPipe.cpp, sendCommand, line3260] ERROR: error: sendCommand fail: (cmd,arg1,arg2,arg3)=(0x00001500,0x70AE4DC890,0x70AE4DC894,0xB400007076F82A5C) (sendCommand){#3260:vendor/mediatek/proprietary/hardware/mtkcam/drv/src/isp/mt6785/iopipe/CamIO/NormalPipe.cpp}
02-24 00:56:51.928  1348 13643 E Metadata2/Entry: itemAt(531):Get data error , tag ffffffff, mContentPtr 0x0 (itemAt){#531:vendor/mediatek/proprietary/hardware/mtkcam/utils/metadata/metadata/Entry.cpp}
02-24 00:56:51.928  1348 13643 E Metadata2/Entry: itemAt(531):Get data error , tag ffffffff, mContentPtr 0x0 (itemAt){#531:vendor/mediatek/proprietary/hardware/mtkcam/utils/metadata/metadata/Entry.cpp}
02-24 00:56:51.928  1348 13643 E KEYFILE : [ERROR   ] keyfilegroup.cpp:348 GetKeyValues() pKeyName :OrientationInfo[1][com.instagram.android] is not found!
02-24 00:56:51.957  1348 21703 E Hal3ARaw: [setStereoParams] Dev(2) StereoQ has Error message (setStereoParams){#1565:vendor/mediatek/proprietary/hardware/mtkcam/aaa/source/isp_50/wrapper/Hal3ARawImp.cpp}
02-24 00:56:51.957  1348 13643 E NormalPipe: [vendor/mediatek/proprietary/hardware/mtkcam/drv/src/isp/mt6785/iopipe/CamIO/NormalPipe.cpp, sendCommand, line3260] ERROR: error: sendCommand fail: (cmd,arg1,arg2,arg3)=(0x00001500,0x70AE4DC890,0x70AE4DC894,0xB400007076F8465C) (sendCommand){#3260:vendor/mediatek/proprietary/hardware/mtkcam/drv/src/isp/mt6785/iopipe/CamIO/NormalPipe.cpp}
02-24 00:56:51.961  1348 13643 E Metadata2/Entry: itemAt(531):Get data error , tag ffffffff, mContentPtr 0x0 (itemAt){#531:vendor/mediatek/proprietary/hardware/mtkcam/utils/metadata/metadata/Entry.cpp}
02-24 00:56:51.961  1348 13643 E Metadata2/Entry: itemAt(531):Get data error , tag ffffffff, mContentPtr 0x0 (itemAt){#531:vendor/mediatek/proprietary/hardware/mtkcam/utils/metadata/metadata/Entry.cpp}
02-24 00:56:51.961  1348 13643 E KEYFILE : [ERROR   ] keyfilegroup.cpp:348 GetKeyValues() pKeyName :OrientationInfo[1][com.instagram.android] is not found!
02-24 00:56:51.990  1348 21703 E Hal3ARaw: [setStereoParams] Dev(2) StereoQ has Error message (setStereoParams){#1565:vendor/mediatek/proprietary/hardware/mtkcam/aaa/source/isp_50/wrapper/Hal3ARawImp.cpp}
02-24 00:56:51.990  1348 13643 E NormalPipe: [vendor/mediatek/proprietary/hardware/mtkcam/drv/src/isp/mt6785/iopipe/CamIO/NormalPipe.cpp, sendCommand, line3260] ERROR: error: sendCommand fail: (cmd,arg1,arg2,arg3)=(0x00001500,0x70AE4DC890,0x70AE4DC894,0xB400007076F8625C) (sendCommand){#3260:vendor/mediatek/proprietary/hardware/mtkcam/drv/src/isp/mt6785/iopipe/CamIO/NormalPipe.cpp}
02-24 00:56:51.993  1348 13643 E Metadata2/Entry: itemAt(531):Get data error , tag ffffffff, mContentPtr 0x0 (itemAt){#531:vendor/mediatek/proprietary/hardware/mtkcam/utils/metadata/metadata/Entry.cpp}
02-24 00:56:51.993  1348 13643 E Metadata2/Entry: itemAt(531):Get data error , tag ffffffff, mContentPtr 0x0 (itemAt){#531:vendor/mediatek/proprietary/hardware/mtkcam/utils/metadata/metadata/Entry.cpp}
02-24 00:56:51.993  1348 13643 E KEYFILE : [ERROR   ] keyfilegroup.cpp:348 GetKeyValues() pKeyName :OrientationInfo[1][com.instagram.android] is not found!
02-24 00:56:52.024  1348 21703 E Hal3ARaw: [setStereoParams] Dev(2) StereoQ has Error message (setStereoParams){#1565:vendor/mediatek/proprietary/hardware/mtkcam/aaa/source/isp_50/wrapper/Hal3ARawImp.cpp}
02-24 00:56:52.024  1348 13643 E NormalPipe: [vendor/mediatek/proprietary/hardware/mtkcam/drv/src/isp/mt6785/iopipe/CamIO/NormalPipe.cpp, sendCommand, line3260] ERROR: error: sendCommand fail: (cmd,arg1,arg2,arg3)=(0x00001500,0x70AE4DC890,0x70AE4DC894,0xB400007098D2AA5C) (sendCommand){#3260:vendor/mediatek/proprietary/hardware/mtkcam/drv/src/isp/mt6785/iopipe/CamIO/NormalPipe.cpp}
02-24 00:56:52.027  1348  5440 E Metadata2/Entry: itemAt(531):Get data error , tag ffffffff, mContentPtr 0x0 (itemAt){#531:vendor/mediatek/proprietary/hardware/mtkcam/utils/metadata/metadata/Entry.cpp}
02-24 00:56:52.027  1348  5440 E Metadata2/Entry: itemAt(531):Get data error , tag ffffffff, mContentPtr 0x0 (itemAt){#531:vendor/mediatek/proprietary/hardware/mtkcam/utils/metadata/metadata/Entry.cpp}
02-24 00:56:52.027  1348  5440 E KEYFILE : [ERROR   ] keyfilegroup.cpp:348 GetKeyValues() pKeyName :OrientationInfo[1][com.instagram.android] is not found!
02-24 00:56:52.057  1348 21703 E Hal3ARaw: [setStereoParams] Dev(2) StereoQ has Error message (setStereoParams){#1565:vendor/mediatek/proprietary/hardware/mtkcam/aaa/source/isp_50/wrapper/Hal3ARawImp.cpp}
02-24 00:56:52.057  1348  5440 E NormalPipe: [vendor/mediatek/proprietary/hardware/mtkcam/drv/src/isp/mt6785/iopipe/CamIO/NormalPipe.cpp, sendCommand, line3260] ERROR: error: sendCommand fail: (cmd,arg1,arg2,arg3)=(0x00001500,0x707F188890,0x707F188894,0xB4000070A99D825C) (sendCommand){#3260:vendor/mediatek/proprietary/hardware/mtkcam/drv/src/isp/mt6785/iopipe/CamIO/NormalPipe.cpp}
02-24 00:56:52.061  1348  5440 E Metadata2/Entry: itemAt(531):Get data error , tag ffffffff, mContentPtr 0x0 (itemAt){#531:vendor/mediatek/proprietary/hardware/mtkcam/utils/metadata/metadata/Entry.cpp}
02-24 00:56:52.061  1348  5440 E Metadata2/Entry: itemAt(531):Get data error , tag ffffffff, mContentPtr 0x0 (itemAt){#531:vendor/mediatek/proprietary/hardware/mtkcam/utils/metadata/metadata/Entry.cpp}
02-24 00:56:52.061  1348  5440 E KEYFILE : [ERROR   ] keyfilegroup.cpp:348 GetKeyValues() pKeyName :OrientationInfo[1][com.instagram.android] is not found!
02-24 00:56:52.091  1348 21703 E Hal3ARaw: [setStereoParams] Dev(2) StereoQ has Error message (setStereoParams){#1565:vendor/mediatek/proprietary/hardware/mtkcam/aaa/source/isp_50/wrapper/Hal3ARawImp.cpp}
02-24 00:56:52.091  1348  5440 E NormalPipe: [vendor/mediatek/proprietary/hardware/mtkcam/drv/src/isp/mt6785/iopipe/CamIO/NormalPipe.cpp, sendCommand, line3260] ERROR: error: sendCommand fail: (cmd,arg1,arg2,arg3)=(0x00001500,0x707F188890,0x707F188894,0xB4000070A99D9E5C) (sendCommand){#3260:vendor/mediatek/proprietary/hardware/mtkcam/drv/src/isp/mt6785/iopipe/CamIO/NormalPipe.cpp}
02-24 00:56:52.095  1348  5440 E Metadata2/Entry: itemAt(531):Get data error , tag ffffffff, mContentPtr 0x0 (itemAt){#531:vendor/mediatek/proprietary/hardware/mtkcam/utils/metadata/metadata/Entry.cpp}
02-24 00:56:52.095  1348  5440 E Metadata2/Entry: itemAt(531):Get data error , tag ffffffff, mContentPtr 0x0 (itemAt){#531:vendor/mediatek/proprietary/hardware/mtkcam/utils/metadata/metadata/Entry.cpp}
02-24 00:56:52.095  1348  5440 E KEYFILE : [ERROR   ] keyfilegroup.cpp:348 GetKeyValues() pKeyName :OrientationInfo[1][com.instagram.android] is not found!
02-24 00:56:52.123  1348 21703 E Hal3ARaw: [setStereoParams] Dev(2) StereoQ has Error message (setStereoParams){#1565:vendor/mediatek/proprietary/hardware/mtkcam/aaa/source/isp_50/wrapper/Hal3ARawImp.cpp}
02-24 00:56:52.124  1348  5440 E NormalPipe: [vendor/mediatek/proprietary/hardware/mtkcam/drv/src/isp/mt6785/iopipe/CamIO/NormalPipe.cpp, sendCommand, line3260] ERROR: error: sendCommand fail: (cmd,arg1,arg2,arg3)=(0x00001500,0x707F188890,0x707F188894,0xB40000707D08EE5C) (sendCommand){#3260:vendor/mediatek/proprietary/hardware/mtkcam/drv/src/isp/mt6785/iopipe/CamIO/NormalPipe.cpp}
02-24 00:56:52.127  1348  5440 E Metadata2/Entry: itemAt(531):Get data error , tag ffffffff, mContentPtr 0x0 (itemAt){#531:vendor/mediatek/proprietary/hardware/mtkcam/utils/metadata/metadata/Entry.cpp}
02-24 00:56:52.127  1348  5440 E Metadata2/Entry: itemAt(531):Get data error , tag ffffffff, mContentPtr 0x0 (itemAt){#531:vendor/mediatek/proprietary/hardware/mtkcam/utils/metadata/metadata/Entry.cpp}
02-24 00:56:52.128  1348  5440 E KEYFILE : [ERROR   ] keyfilegroup.cpp:348 GetKeyValues() pKeyName :OrientationInfo[1][com.instagram.android] is not found!
02-24 00:56:52.157  1348 21703 E Hal3ARaw: [setStereoParams] Dev(2) StereoQ has Error message (setStereoParams){#1565:vendor/mediatek/proprietary/hardware/mtkcam/aaa/source/isp_50/wrapper/Hal3ARawImp.cpp}
02-24 00:56:52.157  1348  5440 E NormalPipe: [vendor/mediatek/proprietary/hardware/mtkcam/drv/src/isp/mt6785/iopipe/CamIO/NormalPipe.cpp, sendCommand, line3260] ERROR: error: sendCommand fail: (cmd,arg1,arg2,arg3)=(0x00001500,0x707F188890,0x707F188894,0xB400007079AC825C) (sendCommand){#3260:vendor/mediatek/proprietary/hardware/mtkcam/drv/src/isp/mt6785/iopipe/CamIO/NormalPipe.cpp}
02-24 00:56:52.161  1348  5440 E Metadata2/Entry: itemAt(531):Get data error , tag ffffffff, mContentPtr 0x0 (itemAt){#531:vendor/mediatek/proprietary/hardware/mtkcam/utils/metadata/metadata/Entry.cpp}
02-24 00:56:52.161  1348  5440 E Metadata2/Entry: itemAt(531):Get data error , tag ffffffff, mContentPtr 0x0 (itemAt){#531:vendor/mediatek/proprietary/hardware/mtkcam/utils/metadata/metadata/Entry.cpp}
02-24 00:56:52.161  1348  5440 E KEYFILE : [ERROR   ] keyfilegroup.cpp:348 GetKeyValues() pKeyName :OrientationInfo[1][com.instagram.android] is not found!
02-24 00:56:52.190  1348 21703 E Hal3ARaw: [setStereoParams] Dev(2) StereoQ has Error message (setStereoParams){#1565:vendor/mediatek/proprietary/hardware/mtkcam/aaa/source/isp_50/wrapper/Hal3ARawImp.cpp}
02-24 00:56:52.190  1348  5440 E NormalPipe: [vendor/mediatek/proprietary/hardware/mtkcam/drv/src/isp/mt6785/iopipe/CamIO/NormalPipe.cpp, sendCommand, line3260] ERROR: error: sendCommand fail: (cmd,arg1,arg2,arg3)=(0x00001500,0x707F188890,0x707F188894,0xB400007079AC9E5C) (sendCommand){#3260:vendor/mediatek/proprietary/hardware/mtkcam/drv/src/isp/mt6785/iopipe/CamIO/NormalPipe.cpp}
02-24 00:56:52.194  1348  5440 E Metadata2/Entry: itemAt(531):Get data error , tag ffffffff, mContentPtr 0x0 (itemAt){#531:vendor/mediatek/proprietary/hardware/mtkcam/utils/metadata/metadata/Entry.cpp}
02-24 00:56:52.194  1348  5440 E Metadata2/Entry: itemAt(531):Get data error , tag ffffffff, mContentPtr 0x0 (itemAt){#531:vendor/mediatek/proprietary/hardware/mtkcam/utils/metadata/metadata/Entry.cpp}
02-24 00:56:52.194  1348  5440 E KEYFILE : [ERROR   ] keyfilegroup.cpp:348 GetKeyValues() pKeyName :OrientationInfo[1][com.instagram.android] is not found!
02-24 00:56:52.223  1348 21703 E Hal3ARaw: [setStereoParams] Dev(2) StereoQ has Error message (setStereoParams){#1565:vendor/mediatek/proprietary/hardware/mtkcam/aaa/source/isp_50/wrapper/Hal3ARawImp.cpp}
02-24 00:56:52.224  1348  5440 E NormalPipe: [vendor/mediatek/proprietary/hardware/mtkcam/drv/src/isp/mt6785/iopipe/CamIO/NormalPipe.cpp, sendCommand, line3260] ERROR: error: sendCommand fail: (cmd,arg1,arg2,arg3)=(0x00001500,0x707F188890,0x707F188894,0xB400007077DE865C) (sendCommand){#3260:vendor/mediatek/proprietary/hardware/mtkcam/drv/src/isp/mt6785/iopipe/CamIO/NormalPipe.cpp}
02-24 00:56:52.227  1348 19202 E Metadata2/Entry: itemAt(531):Get data error , tag ffffffff, mContentPtr 0x0 (itemAt){#531:vendor/mediatek/proprietary/hardware/mtkcam/utils/metadata/metadata/Entry.cpp}
02-24 00:56:52.227  1348 19202 E Metadata2/Entry: itemAt(531):Get data error , tag ffffffff, mContentPtr 0x0 (itemAt){#531:vendor/mediatek/proprietary/hardware/mtkcam/utils/metadata/metadata/Entry.cpp}
02-24 00:56:52.227  1348 19202 E KEYFILE : [ERROR   ] keyfilegroup.cpp:348 GetKeyValues() pKeyName :OrientationInfo[1][com.instagram.android] is not found!
02-24 00:56:52.257  1348 21703 E Hal3ARaw: [setStereoParams] Dev(2) StereoQ has Error message (setStereoParams){#1565:vendor/mediatek/proprietary/hardware/mtkcam/aaa/source/isp_50/wrapper/Hal3ARawImp.cpp}
02-24 00:56:52.257  1348 19202 E NormalPipe: [vendor/mediatek/proprietary/hardware/mtkcam/drv/src/isp/mt6785/iopipe/CamIO/NormalPipe.cpp, sendCommand, line3260] ERROR: error: sendCommand fail: (cmd,arg1,arg2,arg3)=(0x00001500,0x70A9DD7890,0x70A9DD7894,0xB400007048BEEE5C) (sendCommand){#3260:vendor/mediatek/proprietary/hardware/mtkcam/drv/src/isp/mt6785/iopipe/CamIO/NormalPipe.cpp}
02-24 00:56:52.260  1348 19202 E Metadata2/Entry: itemAt(531):Get data error , tag ffffffff, mContentPtr 0x0 (itemAt){#531:vendor/mediatek/proprietary/hardware/mtkcam/utils/metadata/metadata/Entry.cpp}
02-24 00:56:52.260  1348 19202 E Metadata2/Entry: itemAt(531):Get data error , tag ffffffff, mContentPtr 0x0 (itemAt){#531:vendor/mediatek/proprietary/hardware/mtkcam/utils/metadata/metadata/Entry.cpp}
02-24 00:56:52.260  1348 19202 E KEYFILE : [ERROR   ] keyfilegroup.cpp:348 GetKeyValues() pKeyName :OrientationInfo[1][com.instagram.android] is not found!
02-24 00:56:52.290  1348 21703 E Hal3ARaw: [setStereoParams] Dev(2) StereoQ has Error message (setStereoParams){#1565:vendor/mediatek/proprietary/hardware/mtkcam/aaa/source/isp_50/wrapper/Hal3ARawImp.cpp}
02-24 00:56:52.290  1348 19202 E NormalPipe: [vendor/mediatek/proprietary/hardware/mtkcam/drv/src/isp/mt6785/iopipe/CamIO/NormalPipe.cpp, sendCommand, line3260] ERROR: error: sendCommand fail: (cmd,arg1,arg2,arg3)=(0x00001500,0x70A9DD7890,0x70A9DD7894,0xB400007079AC4A5C) (sendCommand){#3260:vendor/mediatek/proprietary/hardware/mtkcam/drv/src/isp/mt6785/iopipe/CamIO/NormalPipe.cpp}
02-24 00:56:52.293  1348 19202 E Metadata2/Entry: itemAt(531):Get data error , tag ffffffff, mContentPtr 0x0 (itemAt){#531:vendor/mediatek/proprietary/hardware/mtkcam/utils/metadata/metadata/Entry.cpp}
02-24 00:56:52.293  1348 19202 E Metadata2/Entry: itemAt(531):Get data error , tag ffffffff, mContentPtr 0x0 (itemAt){#531:vendor/mediatek/proprietary/hardware/mtkcam/utils/metadata/metadata/Entry.cpp}
02-24 00:56:52.293  1348 19202 E KEYFILE : [ERROR   ] keyfilegroup.cpp:348 GetKeyValues() pKeyName :OrientationInfo[1][com.instagram.android] is not found!
02-24 00:56:52.324  1348 21703 E Hal3ARaw: [setStereoParams] Dev(2) StereoQ has Error message (setStereoParams){#1565:vendor/mediatek/proprietary/hardware/mtkcam/aaa/source/isp_50/wrapper/Hal3ARawImp.cpp}
02-24 00:56:52.324  1348 19202 E NormalPipe: [vendor/mediatek/proprietary/hardware/mtkcam/drv/src/isp/mt6785/iopipe/CamIO/NormalPipe.cpp, sendCommand, line3260] ERROR: error: sendCommand fail: (cmd,arg1,arg2,arg3)=(0x00001500,0x70A9DD7890,0x70A9DD7894,0xB400007079AC665C) (sendCommand){#3260:vendor/mediatek/proprietary/hardware/mtkcam/drv/src/isp/mt6785/iopipe/CamIO/NormalPipe.cpp}
02-24 00:56:52.327  1348 13643 E Metadata2/Entry: itemAt(531):Get data error , tag ffffffff, mContentPtr 0x0 (itemAt){#531:vendor/mediatek/proprietary/hardware/mtkcam/utils/metadata/metadata/Entry.cpp}
02-24 00:56:52.327  1348 13643 E Metadata2/Entry: itemAt(531):Get data error , tag ffffffff, mContentPtr 0x0 (itemAt){#531:vendor/mediatek/proprietary/hardware/mtkcam/utils/metadata/metadata/Entry.cpp}
02-24 00:56:52.327  1348 13643 E KEYFILE : [ERROR   ] keyfilegroup.cpp:348 GetKeyValues() pKeyName :OrientationInfo[1][com.instagram.android] is not found!
02-24 00:56:52.357  1348 21703 E Hal3ARaw: [setStereoParams] Dev(2) StereoQ has Error message (setStereoParams){#1565:vendor/mediatek/proprietary/hardware/mtkcam/aaa/source/isp_50/wrapper/Hal3ARawImp.cpp}
02-24 00:56:52.357  1348 13643 E NormalPipe: [vendor/mediatek/proprietary/hardware/mtkcam/drv/src/isp/mt6785/iopipe/CamIO/NormalPipe.cpp, sendCommand, line3260] ERROR: error: sendCommand fail: (cmd,arg1,arg2,arg3)=(0x00001500,0x70AE4DC890,0x70AE4DC894,0xB400007098D2FE5C) (sendCommand){#3260:vendor/mediatek/proprietary/hardware/mtkcam/drv/src/isp/mt6785/iopipe/CamIO/NormalPipe.cpp}
02-24 00:56:52.359  1348 13643 E Metadata2/Entry: itemAt(531):Get data error , tag ffffffff, mContentPtr 0x0 (itemAt){#531:vendor/mediatek/proprietary/hardware/mtkcam/utils/metadata/metadata/Entry.cpp}
02-24 00:56:52.359  1348 13643 E Metadata2/Entry: itemAt(531):Get data error , tag ffffffff, mContentPtr 0x0 (itemAt){#531:vendor/mediatek/proprietary/hardware/mtkcam/utils/metadata/metadata/Entry.cpp}
02-24 00:56:52.360  1348 13643 E KEYFILE : [ERROR   ] keyfilegroup.cpp:348 GetKeyValues() pKeyName :OrientationInfo[1][com.instagram.android] is not found!
02-24 00:56:52.390  1348 21703 E Hal3ARaw: [setStereoParams] Dev(2) StereoQ has Error message (setStereoParams){#1565:vendor/mediatek/proprietary/hardware/mtkcam/aaa/source/isp_50/wrapper/Hal3ARawImp.cpp}
02-24 00:56:52.390  1348 13643 E NormalPipe: [vendor/mediatek/proprietary/hardware/mtkcam/drv/src/isp/mt6785/iopipe/CamIO/NormalPipe.cpp, sendCommand, line3260] ERROR: error: sendCommand fail: (cmd,arg1,arg2,arg3)=(0x00001500,0x70AE4DC890,0x70AE4DC894,0xB400007098D92A5C) (sendCommand){#3260:vendor/mediatek/proprietary/hardware/mtkcam/drv/src/isp/mt6785/iopipe/CamIO/NormalPipe.cpp}
02-24 00:56:52.392  1348 13643 E Metadata2/Entry: itemAt(531):Get data error , tag ffffffff, mContentPtr 0x0 (itemAt){#531:vendor/mediatek/proprietary/hardware/mtkcam/utils/metadata/metadata/Entry.cpp}
02-24 00:56:52.392  1348 13643 E Metadata2/Entry: itemAt(531):Get data error , tag ffffffff, mContentPtr 0x0 (itemAt){#531:vendor/mediatek/proprietary/hardware/mtkcam/utils/metadata/metadata/Entry.cpp}
02-24 00:56:52.392  1348 13643 E KEYFILE : [ERROR   ] keyfilegroup.cpp:348 GetKeyValues() pKeyName :OrientationInfo[1][com.instagram.android] is not found!
02-24 00:56:52.423  1348 21703 E Hal3ARaw: [setStereoParams] Dev(2) StereoQ has Error message (setStereoParams){#1565:vendor/mediatek/proprietary/hardware/mtkcam/aaa/source/isp_50/wrapper/Hal3ARawImp.cpp}
02-24 00:56:52.423  1348 13643 E NormalPipe: [vendor/mediatek/proprietary/hardware/mtkcam/drv/src/isp/mt6785/iopipe/CamIO/NormalPipe.cpp, sendCommand, line3260] ERROR: error: sendCommand fail: (cmd,arg1,arg2,arg3)=(0x00001500,0x70AE4DC890,0x70AE4DC894,0xB40000707EF5E65C) (sendCommand){#3260:vendor/mediatek/proprietary/hardware/mtkcam/drv/src/isp/mt6785/iopipe/CamIO/NormalPipe.cpp}
02-24 00:56:52.426  1348  5440 E Metadata2/Entry: itemAt(531):Get data error , tag ffffffff, mContentPtr 0x0 (itemAt){#531:vendor/mediatek/proprietary/hardware/mtkcam/utils/metadata/metadata/Entry.cpp}
02-24 00:56:52.426  1348  5440 E Metadata2/Entry: itemAt(531):Get data error , tag ffffffff, mContentPtr 0x0 (itemAt){#531:vendor/mediatek/proprietary/hardware/mtkcam/utils/metadata/metadata/Entry.cpp}
02-24 00:56:52.426  1348  5440 E KEYFILE : [ERROR   ] keyfilegroup.cpp:348 GetKeyValues() pKeyName :OrientationInfo[1][com.instagram.android] is not found!
02-24 00:56:52.457  1348 21703 E Hal3ARaw: [setStereoParams] Dev(2) StereoQ has Error message (setStereoParams){#1565:vendor/mediatek/proprietary/hardware/mtkcam/aaa/source/isp_50/wrapper/Hal3ARawImp.cpp}
02-24 00:56:52.457  1348  5440 E NormalPipe: [vendor/mediatek/proprietary/hardware/mtkcam/drv/src/isp/mt6785/iopipe/CamIO/NormalPipe.cpp, sendCommand, line3260] ERROR: error: sendCommand fail: (cmd,arg1,arg2,arg3)=(0x00001500,0x707F188890,0x707F188894,0xB400007077DEBE5C) (sendCommand){#3260:vendor/mediatek/proprietary/hardware/mtkcam/drv/src/isp/mt6785/iopipe/CamIO/NormalPipe.cpp}
02-24 00:56:52.460  1348  5440 E Metadata2/Entry: itemAt(531):Get data error , tag ffffffff, mContentPtr 0x0 (itemAt){#531:vendor/mediatek/proprietary/hardware/mtkcam/utils/metadata/metadata/Entry.cpp}
02-24 00:56:52.460  1348  5440 E Metadata2/Entry: itemAt(531):Get data error , tag ffffffff, mContentPtr 0x0 (itemAt){#531:vendor/mediatek/proprietary/hardware/mtkcam/utils/metadata/metadata/Entry.cpp}
02-24 00:56:52.460  1348  5440 E KEYFILE : [ERROR   ] keyfilegroup.cpp:348 GetKeyValues() pKeyName :OrientationInfo[1][com.instagram.android] is not found!
02-24 00:56:52.490  1348 21703 E Hal3ARaw: [setStereoParams] Dev(2) StereoQ has Error message (setStereoParams){#1565:vendor/mediatek/proprietary/hardware/mtkcam/aaa/source/isp_50/wrapper/Hal3ARawImp.cpp}
02-24 00:56:52.490  1348  5440 E NormalPipe: [vendor/mediatek/proprietary/hardware/mtkcam/drv/src/isp/mt6785/iopipe/CamIO/NormalPipe.cpp, sendCommand, line3260] ERROR: error: sendCommand fail: (cmd,arg1,arg2,arg3)=(0x00001500,0x707F188890,0x707F188894,0xB400007077DF665C) (sendCommand){#3260:vendor/mediatek/proprietary/hardware/mtkcam/drv/src/isp/mt6785/iopipe/CamIO/NormalPipe.cpp}
02-24 00:56:52.493  1348  5440 E Metadata2/Entry: itemAt(531):Get data error , tag ffffffff, mContentPtr 0x0 (itemAt){#531:vendor/mediatek/proprietary/hardware/mtkcam/utils/metadata/metadata/Entry.cpp}
02-24 00:56:52.493  1348  5440 E Metadata2/Entry: itemAt(531):Get data error , tag ffffffff, mContentPtr 0x0 (itemAt){#531:vendor/mediatek/proprietary/hardware/mtkcam/utils/metadata/metadata/Entry.cpp}
02-24 00:56:52.493  1348  5440 E KEYFILE : [ERROR   ] keyfilegroup.cpp:348 GetKeyValues() pKeyName :OrientationInfo[1][com.instagram.android] is not found!
02-24 00:56:52.523  1348 21703 E Hal3ARaw: [setStereoParams] Dev(2) StereoQ has Error message (setStereoParams){#1565:vendor/mediatek/proprietary/hardware/mtkcam/aaa/source/isp_50/wrapper/Hal3ARawImp.cpp}
02-24 00:56:52.523  1348  5440 E NormalPipe: [vendor/mediatek/proprietary/hardware/mtkcam/drv/src/isp/mt6785/iopipe/CamIO/NormalPipe.cpp, sendCommand, line3260] ERROR: error: sendCommand fail: (cmd,arg1,arg2,arg3)=(0x00001500,0x707F188890,0x707F188894,0xB400007076DE5A5C) (sendCommand){#3260:vendor/mediatek/proprietary/hardware/mtkcam/drv/src/isp/mt6785/iopipe/CamIO/NormalPipe.cpp}
02-24 00:56:52.526  1348 19202 E Metadata2/Entry: itemAt(531):Get data error , tag ffffffff, mContentPtr 0x0 (itemAt){#531:vendor/mediatek/proprietary/hardware/mtkcam/utils/metadata/metadata/Entry.cpp}
02-24 00:56:52.527  1348 19202 E Metadata2/Entry: itemAt(531):Get data error , tag ffffffff, mContentPtr 0x0 (itemAt){#531:vendor/mediatek/proprietary/hardware/mtkcam/utils/metadata/metadata/Entry.cpp}
02-24 00:56:52.527  1348 19202 E KEYFILE : [ERROR   ] keyfilegroup.cpp:348 GetKeyValues() pKeyName :OrientationInfo[1][com.instagram.android] is not found!
02-24 00:56:52.557  1348 21703 E Hal3ARaw: [setStereoParams] Dev(2) StereoQ has Error message (setStereoParams){#1565:vendor/mediatek/proprietary/hardware/mtkcam/aaa/source/isp_50/wrapper/Hal3ARawImp.cpp}
02-24 00:56:52.557  1348 19202 E NormalPipe: [vendor/mediatek/proprietary/hardware/mtkcam/drv/src/isp/mt6785/iopipe/CamIO/NormalPipe.cpp, sendCommand, line3260] ERROR: error: sendCommand fail: (cmd,arg1,arg2,arg3)=(0x00001500,0x70A9DD7890,0x70A9DD7894,0xB4000070AC7B225C) (sendCommand){#3260:vendor/mediatek/proprietary/hardware/mtkcam/drv/src/isp/mt6785/iopipe/CamIO/NormalPipe.cpp}
02-24 00:56:52.560  1348 19202 E Metadata2/Entry: itemAt(531):Get data error , tag ffffffff, mContentPtr 0x0 (itemAt){#531:vendor/mediatek/proprietary/hardware/mtkcam/utils/metadata/metadata/Entry.cpp}
02-24 00:56:52.560  1348 19202 E Metadata2/Entry: itemAt(531):Get data error , tag ffffffff, mContentPtr 0x0 (itemAt){#531:vendor/mediatek/proprietary/hardware/mtkcam/utils/metadata/metadata/Entry.cpp}
02-24 00:56:52.560  1348 19202 E KEYFILE : [ERROR   ] keyfilegroup.cpp:348 GetKeyValues() pKeyName :OrientationInfo[1][com.instagram.android] is not found!
02-24 00:56:52.590  1348 19202 E NormalPipe: [vendor/mediatek/proprietary/hardware/mtkcam/drv/src/isp/mt6785/iopipe/CamIO/NormalPipe.cpp, sendCommand, line3260] ERROR: error: sendCommand fail: (cmd,arg1,arg2,arg3)=(0x00001500,0x70A9DD7890,0x70A9DD7894,0xB4000070AD0DB65C) (sendCommand){#3260:vendor/mediatek/proprietary/hardware/mtkcam/drv/src/isp/mt6785/iopipe/CamIO/NormalPipe.cpp}
02-24 00:56:52.590  1348 21703 E Hal3ARaw: [setStereoParams] Dev(2) StereoQ has Error message (setStereoParams){#1565:vendor/mediatek/proprietary/hardware/mtkcam/aaa/source/isp_50/wrapper/Hal3ARawImp.cpp}
02-24 00:56:52.593  1348 19202 E Metadata2/Entry: itemAt(531):Get data error , tag ffffffff, mContentPtr 0x0 (itemAt){#531:vendor/mediatek/proprietary/hardware/mtkcam/utils/metadata/metadata/Entry.cpp}
02-24 00:56:52.593  1348 19202 E Metadata2/Entry: itemAt(531):Get data error , tag ffffffff, mContentPtr 0x0 (itemAt){#531:vendor/mediatek/proprietary/hardware/mtkcam/utils/metadata/metadata/Entry.cpp}
02-24 00:56:52.593  1348 19202 E KEYFILE : [ERROR   ] keyfilegroup.cpp:348 GetKeyValues() pKeyName :OrientationInfo[1][com.instagram.android] is not found!
02-24 00:56:52.623  1348 21703 E Hal3ARaw: [setStereoParams] Dev(2) StereoQ has Error message (setStereoParams){#1565:vendor/mediatek/proprietary/hardware/mtkcam/aaa/source/isp_50/wrapper/Hal3ARawImp.cpp}
02-24 00:56:52.623  1348 19202 E NormalPipe: [vendor/mediatek/proprietary/hardware/mtkcam/drv/src/isp/mt6785/iopipe/CamIO/NormalPipe.cpp, sendCommand, line3260] ERROR: error: sendCommand fail: (cmd,arg1,arg2,arg3)=(0x00001500,0x70A9DD7890,0x70A9DD7894,0xB400007077DF9E5C) (sendCommand){#3260:vendor/mediatek/proprietary/hardware/mtkcam/drv/src/isp/mt6785/iopipe/CamIO/NormalPipe.cpp}
02-24 00:56:52.627  1348  1348 E Metadata2/Entry: itemAt(531):Get data error , tag ffffffff, mContentPtr 0x0 (itemAt){#531:vendor/mediatek/proprietary/hardware/mtkcam/utils/metadata/metadata/Entry.cpp}
02-24 00:56:52.627  1348  1348 E Metadata2/Entry: itemAt(531):Get data error , tag ffffffff, mContentPtr 0x0 (itemAt){#531:vendor/mediatek/proprietary/hardware/mtkcam/utils/metadata/metadata/Entry.cpp}
02-24 00:56:52.627  1348  1348 E KEYFILE : [ERROR   ] keyfilegroup.cpp:348 GetKeyValues() pKeyName :OrientationInfo[1][com.instagram.android] is not found!
02-24 00:56:52.656  1348 21703 E Hal3ARaw: [setStereoParams] Dev(2) StereoQ has Error message (setStereoParams){#1565:vendor/mediatek/proprietary/hardware/mtkcam/aaa/source/isp_50/wrapper/Hal3ARawImp.cpp}
02-24 00:56:52.657  1348  1348 E NormalPipe: [vendor/mediatek/proprietary/hardware/mtkcam/drv/src/isp/mt6785/iopipe/CamIO/NormalPipe.cpp, sendCommand, line3260] ERROR: error: sendCommand fail: (cmd,arg1,arg2,arg3)=(0x00001500,0x7FCD800FF0,0x7FCD800FF4,0xB4000070AD193A5C) (sendCommand){#3260:vendor/mediatek/proprietary/hardware/mtkcam/drv/src/isp/mt6785/iopipe/CamIO/NormalPipe.cpp}
02-24 00:56:52.659  1348  1348 E Metadata2/Entry: itemAt(531):Get data error , tag ffffffff, mContentPtr 0x0 (itemAt){#531:vendor/mediatek/proprietary/hardware/mtkcam/utils/metadata/metadata/Entry.cpp}
02-24 00:56:52.659  1348  1348 E Metadata2/Entry: itemAt(531):Get data error , tag ffffffff, mContentPtr 0x0 (itemAt){#531:vendor/mediatek/proprietary/hardware/mtkcam/utils/metadata/metadata/Entry.cpp}
02-24 00:56:52.659  1348  1348 E KEYFILE : [ERROR   ] keyfilegroup.cpp:348 GetKeyValues() pKeyName :OrientationInfo[1][com.instagram.android] is not found!
02-24 00:56:52.690  1348 21703 E Hal3ARaw: [setStereoParams] Dev(2) StereoQ has Error message (setStereoParams){#1565:vendor/mediatek/proprietary/hardware/mtkcam/aaa/source/isp_50/wrapper/Hal3ARawImp.cpp}
02-24 00:56:52.690  1348  1348 E NormalPipe: [vendor/mediatek/proprietary/hardware/mtkcam/drv/src/isp/mt6785/iopipe/CamIO/NormalPipe.cpp, sendCommand, line3260] ERROR: error: sendCommand fail: (cmd,arg1,arg2,arg3)=(0x00001500,0x7FCD800FF0,0x7FCD800FF4,0xB4000070AD19565C) (sendCommand){#3260:vendor/mediatek/proprietary/hardware/mtkcam/drv/src/isp/mt6785/iopipe/CamIO/NormalPipe.cpp}
02-24 00:56:52.693  1348  1348 E Metadata2/Entry: itemAt(531):Get data error , tag ffffffff, mContentPtr 0x0 (itemAt){#531:vendor/mediatek/proprietary/hardware/mtkcam/utils/metadata/metadata/Entry.cpp}
02-24 00:56:52.693  1348  1348 E Metadata2/Entry: itemAt(531):Get data error , tag ffffffff, mContentPtr 0x0 (itemAt){#531:vendor/mediatek/proprietary/hardware/mtkcam/utils/metadata/metadata/Entry.cpp}
02-24 00:56:52.693  1348  1348 E KEYFILE : [ERROR   ] keyfilegroup.cpp:348 GetKeyValues() pKeyName :OrientationInfo[1][com.instagram.android] is not found!
02-24 00:56:52.723  1348 21703 E Hal3ARaw: [setStereoParams] Dev(2) StereoQ has Error message (setStereoParams){#1565:vendor/mediatek/proprietary/hardware/mtkcam/aaa/source/isp_50/wrapper/Hal3ARawImp.cpp}
02-24 00:56:52.723  1348  1348 E NormalPipe: [vendor/mediatek/proprietary/hardware/mtkcam/drv/src/isp/mt6785/iopipe/CamIO/NormalPipe.cpp, sendCommand, line3260] ERROR: error: sendCommand fail: (cmd,arg1,arg2,arg3)=(0x00001500,0x7FCD800FF0,0x7FCD800FF4,0xB4000070A99D4A5C) (sendCommand){#3260:vendor/mediatek/proprietary/hardware/mtkcam/drv/src/isp/mt6785/iopipe/CamIO/NormalPipe.cpp}
02-24 00:56:52.726  1348  1348 E Metadata2/Entry: itemAt(531):Get data error , tag ffffffff, mContentPtr 0x0 (itemAt){#531:vendor/mediatek/proprietary/hardware/mtkcam/utils/metadata/metadata/Entry.cpp}
02-24 00:56:52.726  1348  1348 E Metadata2/Entry: itemAt(531):Get data error , tag ffffffff, mContentPtr 0x0 (itemAt){#531:vendor/mediatek/proprietary/hardware/mtkcam/utils/metadata/metadata/Entry.cpp}
02-24 00:56:52.727  1348  1348 E KEYFILE : [ERROR   ] keyfilegroup.cpp:348 GetKeyValues() pKeyName :OrientationInfo[1][com.instagram.android] is not found!
02-24 00:56:52.756  1348 21703 E Hal3ARaw: [setStereoParams] Dev(2) StereoQ has Error message (setStereoParams){#1565:vendor/mediatek/proprietary/hardware/mtkcam/aaa/source/isp_50/wrapper/Hal3ARawImp.cpp}
02-24 00:56:52.756  1348  1348 E NormalPipe: [vendor/mediatek/proprietary/hardware/mtkcam/drv/src/isp/mt6785/iopipe/CamIO/NormalPipe.cpp, sendCommand, line3260] ERROR: error: sendCommand fail: (cmd,arg1,arg2,arg3)=(0x00001500,0x7FCD800FF0,0x7FCD800FF4,0xB4000070A99D665C) (sendCommand){#3260:vendor/mediatek/proprietary/hardware/mtkcam/drv/src/isp/mt6785/iopipe/CamIO/NormalPipe.cpp}
02-24 00:56:52.759  1348  1348 E Metadata2/Entry: itemAt(531):Get data error , tag ffffffff, mContentPtr 0x0 (itemAt){#531:vendor/mediatek/proprietary/hardware/mtkcam/utils/metadata/metadata/Entry.cpp}
02-24 00:56:52.759  1348  1348 E Metadata2/Entry: itemAt(531):Get data error , tag ffffffff, mContentPtr 0x0 (itemAt){#531:vendor/mediatek/proprietary/hardware/mtkcam/utils/metadata/metadata/Entry.cpp}
02-24 00:56:52.759  1348  1348 E KEYFILE : [ERROR   ] keyfilegroup.cpp:348 GetKeyValues() pKeyName :OrientationInfo[1][com.instagram.android] is not found!
02-24 00:56:52.790  1348 21703 E Hal3ARaw: [setStereoParams] Dev(2) StereoQ has Error message (setStereoParams){#1565:vendor/mediatek/proprietary/hardware/mtkcam/aaa/source/isp_50/wrapper/Hal3ARawImp.cpp}
02-24 00:56:52.790  1348  1348 E NormalPipe: [vendor/mediatek/proprietary/hardware/mtkcam/drv/src/isp/mt6785/iopipe/CamIO/NormalPipe.cpp, sendCommand, line3260] ERROR: error: sendCommand fail: (cmd,arg1,arg2,arg3)=(0x00001500,0x7FCD800FF0,0x7FCD800FF4,0xB400007077DE6A5C) (sendCommand){#3260:vendor/mediatek/proprietary/hardware/mtkcam/drv/src/isp/mt6785/iopipe/CamIO/NormalPipe.cpp}
02-24 00:56:52.792  1348  1348 E Metadata2/Entry: itemAt(531):Get data error , tag ffffffff, mContentPtr 0x0 (itemAt){#531:vendor/mediatek/proprietary/hardware/mtkcam/utils/metadata/metadata/Entry.cpp}
02-24 00:56:52.792  1348  1348 E Metadata2/Entry: itemAt(531):Get data error , tag ffffffff, mContentPtr 0x0 (itemAt){#531:vendor/mediatek/proprietary/hardware/mtkcam/utils/metadata/metadata/Entry.cpp}
02-24 00:56:52.792  1348  1348 E KEYFILE : [ERROR   ] keyfilegroup.cpp:348 GetKeyValues() pKeyName :OrientationInfo[1][com.instagram.android] is not found!
02-24 00:56:52.823  1348 21703 E Hal3ARaw: [setStereoParams] Dev(2) StereoQ has Error message (setStereoParams){#1565:vendor/mediatek/proprietary/hardware/mtkcam/aaa/source/isp_50/wrapper/Hal3ARawImp.cpp}
02-24 00:56:52.823  1348  1348 E NormalPipe: [vendor/mediatek/proprietary/hardware/mtkcam/drv/src/isp/mt6785/iopipe/CamIO/NormalPipe.cpp, sendCommand, line3260] ERROR: error: sendCommand fail: (cmd,arg1,arg2,arg3)=(0x00001500,0x7FCD800FF0,0x7FCD800FF4,0xB400007076DEAE5C) (sendCommand){#3260:vendor/mediatek/proprietary/hardware/mtkcam/drv/src/isp/mt6785/iopipe/CamIO/NormalPipe.cpp}
02-24 00:56:52.825  1348 19202 E Metadata2/Entry: itemAt(531):Get data error , tag ffffffff, mContentPtr 0x0 (itemAt){#531:vendor/mediatek/proprietary/hardware/mtkcam/utils/metadata/metadata/Entry.cpp}
02-24 00:56:52.826  1348 19202 E Metadata2/Entry: itemAt(531):Get data error , tag ffffffff, mContentPtr 0x0 (itemAt){#531:vendor/mediatek/proprietary/hardware/mtkcam/utils/metadata/metadata/Entry.cpp}
02-24 00:56:52.826  1348 19202 E KEYFILE : [ERROR   ] keyfilegroup.cpp:348 GetKeyValues() pKeyName :OrientationInfo[1][com.instagram.android] is not found!
02-24 00:56:52.856  1348 21703 E Hal3ARaw: [setStereoParams] Dev(2) StereoQ has Error message (setStereoParams){#1565:vendor/mediatek/proprietary/hardware/mtkcam/aaa/source/isp_50/wrapper/Hal3ARawImp.cpp}
02-24 00:56:52.856  1348 19202 E NormalPipe: [vendor/mediatek/proprietary/hardware/mtkcam/drv/src/isp/mt6785/iopipe/CamIO/NormalPipe.cpp, sendCommand, line3260] ERROR: error: sendCommand fail: (cmd,arg1,arg2,arg3)=(0x00001500,0x70A9DD7890,0x70A9DD7894,0xB4000070771F7E5C) (sendCommand){#3260:vendor/mediatek/proprietary/hardware/mtkcam/drv/src/isp/mt6785/iopipe/CamIO/NormalPipe.cpp}
02-24 00:56:52.859  1348 19202 E Metadata2/Entry: itemAt(531):Get data error , tag ffffffff, mContentPtr 0x0 (itemAt){#531:vendor/mediatek/proprietary/hardware/mtkcam/utils/metadata/metadata/Entry.cpp}
02-24 00:56:52.859  1348 19202 E Metadata2/Entry: itemAt(531):Get data error , tag ffffffff, mContentPtr 0x0 (itemAt){#531:vendor/mediatek/proprietary/hardware/mtkcam/utils/metadata/metadata/Entry.cpp}
02-24 00:56:52.859  1348 19202 E KEYFILE : [ERROR   ] keyfilegroup.cpp:348 GetKeyValues() pKeyName :OrientationInfo[1][com.instagram.android] is not found!
02-24 00:56:52.890  1348 21703 E Hal3ARaw: [setStereoParams] Dev(2) StereoQ has Error message (setStereoParams){#1565:vendor/mediatek/proprietary/hardware/mtkcam/aaa/source/isp_50/wrapper/Hal3ARawImp.cpp}
02-24 00:56:52.890  1348 19202 E NormalPipe: [vendor/mediatek/proprietary/hardware/mtkcam/drv/src/isp/mt6785/iopipe/CamIO/NormalPipe.cpp, sendCommand, line3260] ERROR: error: sendCommand fail: (cmd,arg1,arg2,arg3)=(0x00001500,0x70A9DD7890,0x70A9DD7894,0xB400007076DE925C) (sendCommand){#3260:vendor/mediatek/proprietary/hardware/mtkcam/drv/src/isp/mt6785/iopipe/CamIO/NormalPipe.cpp}
02-24 00:56:52.892  1348  1348 E Metadata2/Entry: itemAt(531):Get data error , tag ffffffff, mContentPtr 0x0 (itemAt){#531:vendor/mediatek/proprietary/hardware/mtkcam/utils/metadata/metadata/Entry.cpp}
02-24 00:56:52.892  1348  1348 E Metadata2/Entry: itemAt(531):Get data error , tag ffffffff, mContentPtr 0x0 (itemAt){#531:vendor/mediatek/proprietary/hardware/mtkcam/utils/metadata/metadata/Entry.cpp}
02-24 00:56:52.892  1348  1348 E KEYFILE : [ERROR   ] keyfilegroup.cpp:348 GetKeyValues() pKeyName :OrientationInfo[1][com.instagram.android] is not found!
02-24 00:56:52.923  1348 21703 E Hal3ARaw: [setStereoParams] Dev(2) StereoQ has Error message (setStereoParams){#1565:vendor/mediatek/proprietary/hardware/mtkcam/aaa/source/isp_50/wrapper/Hal3ARawImp.cpp}
02-24 00:56:52.923  1348  1348 E NormalPipe: [vendor/mediatek/proprietary/hardware/mtkcam/drv/src/isp/mt6785/iopipe/CamIO/NormalPipe.cpp, sendCommand, line3260] ERROR: error: sendCommand fail: (cmd,arg1,arg2,arg3)=(0x00001500,0x7FCD800FF0,0x7FCD800FF4,0xB400007076506A5C) (sendCommand){#3260:vendor/mediatek/proprietary/hardware/mtkcam/drv/src/isp/mt6785/iopipe/CamIO/NormalPipe.cpp}
02-24 00:56:52.926  1348  1348 E Metadata2/Entry: itemAt(531):Get data error , tag ffffffff, mContentPtr 0x0 (itemAt){#531:vendor/mediatek/proprietary/hardware/mtkcam/utils/metadata/metadata/Entry.cpp}
02-24 00:56:52.926  1348  1348 E Metadata2/Entry: itemAt(531):Get data error , tag ffffffff, mContentPtr 0x0 (itemAt){#531:vendor/mediatek/proprietary/hardware/mtkcam/utils/metadata/metadata/Entry.cpp}
02-24 00:56:52.926  1348  1348 E KEYFILE : [ERROR   ] keyfilegroup.cpp:348 GetKeyValues() pKeyName :OrientationInfo[1][com.instagram.android] is not found!
02-24 00:56:52.956  1348 21703 E Hal3ARaw: [setStereoParams] Dev(2) StereoQ has Error message (setStereoParams){#1565:vendor/mediatek/proprietary/hardware/mtkcam/aaa/source/isp_50/wrapper/Hal3ARawImp.cpp}
02-24 00:56:52.956  1348  1348 E NormalPipe: [vendor/mediatek/proprietary/hardware/mtkcam/drv/src/isp/mt6785/iopipe/CamIO/NormalPipe.cpp, sendCommand, line3260] ERROR: error: sendCommand fail: (cmd,arg1,arg2,arg3)=(0x00001500,0x7FCD800FF0,0x7FCD800FF4,0xB40000707657425C) (sendCommand){#3260:vendor/mediatek/proprietary/hardware/mtkcam/drv/src/isp/mt6785/iopipe/CamIO/NormalPipe.cpp}
02-24 00:56:52.959  1348  1348 E Metadata2/Entry: itemAt(531):Get data error , tag ffffffff, mContentPtr 0x0 (itemAt){#531:vendor/mediatek/proprietary/hardware/mtkcam/utils/metadata/metadata/Entry.cpp}
02-24 00:56:52.959  1348  1348 E Metadata2/Entry: itemAt(531):Get data error , tag ffffffff, mContentPtr 0x0 (itemAt){#531:vendor/mediatek/proprietary/hardware/mtkcam/utils/metadata/metadata/Entry.cpp}
02-24 00:56:52.959  1348  1348 E KEYFILE : [ERROR   ] keyfilegroup.cpp:348 GetKeyValues() pKeyName :OrientationInfo[1][com.instagram.android] is not found!
02-24 00:56:52.990  1348 21703 E Hal3ARaw: [setStereoParams] Dev(2) StereoQ has Error message (setStereoParams){#1565:vendor/mediatek/proprietary/hardware/mtkcam/aaa/source/isp_50/wrapper/Hal3ARawImp.cpp}
02-24 00:56:52.990  1348  1348 E NormalPipe: [vendor/mediatek/proprietary/hardware/mtkcam/drv/src/isp/mt6785/iopipe/CamIO/NormalPipe.cpp, sendCommand, line3260] ERROR: error: sendCommand fail: (cmd,arg1,arg2,arg3)=(0x00001500,0x7FCD800FF0,0x7FCD800FF4,0xB4000070A99D825C) (sendCommand){#3260:vendor/mediatek/proprietary/hardware/mtkcam/drv/src/isp/mt6785/iopipe/CamIO/NormalPipe.cpp}
02-24 00:56:52.992  1348  1348 E Metadata2/Entry: itemAt(531):Get data error , tag ffffffff, mContentPtr 0x0 (itemAt){#531:vendor/mediatek/proprietary/hardware/mtkcam/utils/metadata/metadata/Entry.cpp}
02-24 00:56:52.992  1348  1348 E Metadata2/Entry: itemAt(531):Get data error , tag ffffffff, mContentPtr 0x0 (itemAt){#531:vendor/mediatek/proprietary/hardware/mtkcam/utils/metadata/metadata/Entry.cpp}
02-24 00:56:52.992  1348  1348 E KEYFILE : [ERROR   ] keyfilegroup.cpp:348 GetKeyValues() pKeyName :OrientationInfo[1][com.instagram.android] is not found!
02-24 00:56:53.023  1348 21703 E Hal3ARaw: [setStereoParams] Dev(2) StereoQ has Error message (setStereoParams){#1565:vendor/mediatek/proprietary/hardware/mtkcam/aaa/source/isp_50/wrapper/Hal3ARawImp.cpp}
02-24 00:56:53.023  1348  1348 E NormalPipe: [vendor/mediatek/proprietary/hardware/mtkcam/drv/src/isp/mt6785/iopipe/CamIO/NormalPipe.cpp, sendCommand, line3260] ERROR: error: sendCommand fail: (cmd,arg1,arg2,arg3)=(0x00001500,0x7FCD800FF0,0x7FCD800FF4,0xB4000070A99D9E5C) (sendCommand){#3260:vendor/mediatek/proprietary/hardware/mtkcam/drv/src/isp/mt6785/iopipe/CamIO/NormalPipe.cpp}
02-24 00:56:53.026  1348  1348 E Metadata2/Entry: itemAt(531):Get data error , tag ffffffff, mContentPtr 0x0 (itemAt){#531:vendor/mediatek/proprietary/hardware/mtkcam/utils/metadata/metadata/Entry.cpp}
02-24 00:56:53.026  1348  1348 E Metadata2/Entry: itemAt(531):Get data error , tag ffffffff, mContentPtr 0x0 (itemAt){#531:vendor/mediatek/proprietary/hardware/mtkcam/utils/metadata/metadata/Entry.cpp}
02-24 00:56:53.026  1348  1348 E KEYFILE : [ERROR   ] keyfilegroup.cpp:348 GetKeyValues() pKeyName :OrientationInfo[1][com.instagram.android] is not found!
02-24 00:56:53.056  1348 21703 E Hal3ARaw: [setStereoParams] Dev(2) StereoQ has Error message (setStereoParams){#1565:vendor/mediatek/proprietary/hardware/mtkcam/aaa/source/isp_50/wrapper/Hal3ARawImp.cpp}
02-24 00:56:53.056  1348  1348 E NormalPipe: [vendor/mediatek/proprietary/hardware/mtkcam/drv/src/isp/mt6785/iopipe/CamIO/NormalPipe.cpp, sendCommand, line3260] ERROR: error: sendCommand fail: (cmd,arg1,arg2,arg3)=(0x00001500,0x7FCD800FF0,0x7FCD800FF4,0xB40000707D08EE5C) (sendCommand){#3260:vendor/mediatek/proprietary/hardware/mtkcam/drv/src/isp/mt6785/iopipe/CamIO/NormalPipe.cpp}
02-24 00:56:53.059  1348  1348 E Metadata2/Entry: itemAt(531):Get data error , tag ffffffff, mContentPtr 0x0 (itemAt){#531:vendor/mediatek/proprietary/hardware/mtkcam/utils/metadata/metadata/Entry.cpp}
02-24 00:56:53.059  1348  1348 E Metadata2/Entry: itemAt(531):Get data error , tag ffffffff, mContentPtr 0x0 (itemAt){#531:vendor/mediatek/proprietary/hardware/mtkcam/utils/metadata/metadata/Entry.cpp}
02-24 00:56:53.059  1348  1348 E KEYFILE : [ERROR   ] keyfilegroup.cpp:348 GetKeyValues() pKeyName :OrientationInfo[1][com.instagram.android] is not found!
02-24 00:56:53.090  1348 21703 E Hal3ARaw: [setStereoParams] Dev(2) StereoQ has Error message (setStereoParams){#1565:vendor/mediatek/proprietary/hardware/mtkcam/aaa/source/isp_50/wrapper/Hal3ARawImp.cpp}
02-24 00:56:53.090  1348  1348 E NormalPipe: [vendor/mediatek/proprietary/hardware/mtkcam/drv/src/isp/mt6785/iopipe/CamIO/NormalPipe.cpp, sendCommand, line3260] ERROR: error: sendCommand fail: (cmd,arg1,arg2,arg3)=(0x00001500,0x7FCD800FF0,0x7FCD800FF4,0xB400007077DE865C) (sendCommand){#3260:vendor/mediatek/proprietary/hardware/mtkcam/drv/src/isp/mt6785/iopipe/CamIO/NormalPipe.cpp}
02-24 00:56:53.092  1348  1348 E Metadata2/Entry: itemAt(531):Get data error , tag ffffffff, mContentPtr 0x0 (itemAt){#531:vendor/mediatek/proprietary/hardware/mtkcam/utils/metadata/metadata/Entry.cpp}
02-24 00:56:53.092  1348  1348 E Metadata2/Entry: itemAt(531):Get data error , tag ffffffff, mContentPtr 0x0 (itemAt){#531:vendor/mediatek/proprietary/hardware/mtkcam/utils/metadata/metadata/Entry.cpp}
02-24 00:56:53.092  1348  1348 E KEYFILE : [ERROR   ] keyfilegroup.cpp:348 GetKeyValues() pKeyName :OrientationInfo[1][com.instagram.android] is not found!
02-24 00:56:53.123  1348 21703 E Hal3ARaw: [setStereoParams] Dev(2) StereoQ has Error message (setStereoParams){#1565:vendor/mediatek/proprietary/hardware/mtkcam/aaa/source/isp_50/wrapper/Hal3ARawImp.cpp}
02-24 00:56:53.123  1348  1348 E NormalPipe: [vendor/mediatek/proprietary/hardware/mtkcam/drv/src/isp/mt6785/iopipe/CamIO/NormalPipe.cpp, sendCommand, line3260] ERROR: error: sendCommand fail: (cmd,arg1,arg2,arg3)=(0x00001500,0x7FCD800FF0,0x7FCD800FF4,0xB40000707B91465C) (sendCommand){#3260:vendor/mediatek/proprietary/hardware/mtkcam/drv/src/isp/mt6785/iopipe/CamIO/NormalPipe.cpp}
02-24 00:56:53.125  1348  1348 E Metadata2/Entry: itemAt(531):Get data error , tag ffffffff, mContentPtr 0x0 (itemAt){#531:vendor/mediatek/proprietary/hardware/mtkcam/utils/metadata/metadata/Entry.cpp}
02-24 00:56:53.126  1348  1348 E Metadata2/Entry: itemAt(531):Get data error , tag ffffffff, mContentPtr 0x0 (itemAt){#531:vendor/mediatek/proprietary/hardware/mtkcam/utils/metadata/metadata/Entry.cpp}
02-24 00:56:53.126  1348  1348 E KEYFILE : [ERROR   ] keyfilegroup.cpp:348 GetKeyValues() pKeyName :OrientationInfo[1][com.instagram.android] is not found!
02-24 00:56:53.156  1348  1348 E NormalPipe: [vendor/mediatek/proprietary/hardware/mtkcam/drv/src/isp/mt6785/iopipe/CamIO/NormalPipe.cpp, sendCommand, line3260] ERROR: error: sendCommand fail: (cmd,arg1,arg2,arg3)=(0x00001500,0x7FCD800FF0,0x7FCD800FF4,0xB40000707B91625C) (sendCommand){#3260:vendor/mediatek/proprietary/hardware/mtkcam/drv/src/isp/mt6785/iopipe/CamIO/NormalPipe.cpp}
02-24 00:56:53.156  1348 21703 E Hal3ARaw: [setStereoParams] Dev(2) StereoQ has Error message (setStereoParams){#1565:vendor/mediatek/proprietary/hardware/mtkcam/aaa/source/isp_50/wrapper/Hal3ARawImp.cpp}
02-24 00:56:53.159  1348  1348 E Metadata2/Entry: itemAt(531):Get data error , tag ffffffff, mContentPtr 0x0 (itemAt){#531:vendor/mediatek/proprietary/hardware/mtkcam/utils/metadata/metadata/Entry.cpp}
02-24 00:56:53.159  1348  1348 E Metadata2/Entry: itemAt(531):Get data error , tag ffffffff, mContentPtr 0x0 (itemAt){#531:vendor/mediatek/proprietary/hardware/mtkcam/utils/metadata/metadata/Entry.cpp}
02-24 00:56:53.159  1348  1348 E KEYFILE : [ERROR   ] keyfilegroup.cpp:348 GetKeyValues() pKeyName :OrientationInfo[1][com.instagram.android] is not found!
02-24 00:56:53.190  1348 21703 E Hal3ARaw: [setStereoParams] Dev(2) StereoQ has Error message (setStereoParams){#1565:vendor/mediatek/proprietary/hardware/mtkcam/aaa/source/isp_50/wrapper/Hal3ARawImp.cpp}
02-24 00:56:53.190  1348  1348 E NormalPipe: [vendor/mediatek/proprietary/hardware/mtkcam/drv/src/isp/mt6785/iopipe/CamIO/NormalPipe.cpp, sendCommand, line3260] ERROR: error: sendCommand fail: (cmd,arg1,arg2,arg3)=(0x00001500,0x7FCD800FF0,0x7FCD800FF4,0xB40000707B922A5C) (sendCommand){#3260:vendor/mediatek/proprietary/hardware/mtkcam/drv/src/isp/mt6785/iopipe/CamIO/NormalPipe.cpp}
02-24 00:56:53.194  1348  1348 E Metadata2/Entry: itemAt(531):Get data error , tag ffffffff, mContentPtr 0x0 (itemAt){#531:vendor/mediatek/proprietary/hardware/mtkcam/utils/metadata/metadata/Entry.cpp}
02-24 00:56:53.194  1348  1348 E Metadata2/Entry: itemAt(531):Get data error , tag ffffffff, mContentPtr 0x0 (itemAt){#531:vendor/mediatek/proprietary/hardware/mtkcam/utils/metadata/metadata/Entry.cpp}
02-24 00:56:53.194  1348  1348 E KEYFILE : [ERROR   ] keyfilegroup.cpp:348 GetKeyValues() pKeyName :OrientationInfo[1][com.instagram.android] is not found!
02-24 00:56:53.223  1348 21703 E Hal3ARaw: [setStereoParams] Dev(2) StereoQ has Error message (setStereoParams){#1565:vendor/mediatek/proprietary/hardware/mtkcam/aaa/source/isp_50/wrapper/Hal3ARawImp.cpp}
02-24 00:56:53.223  1348  1348 E NormalPipe: [vendor/mediatek/proprietary/hardware/mtkcam/drv/src/isp/mt6785/iopipe/CamIO/NormalPipe.cpp, sendCommand, line3260] ERROR: error: sendCommand fail: (cmd,arg1,arg2,arg3)=(0x00001500,0x7FCD800FF0,0x7FCD800FF4,0xB400007048BE9A5C) (sendCommand){#3260:vendor/mediatek/proprietary/hardware/mtkcam/drv/src/isp/mt6785/iopipe/CamIO/NormalPipe.cpp}
02-24 00:56:53.226  1348  1348 E Metadata2/Entry: itemAt(531):Get data error , tag ffffffff, mContentPtr 0x0 (itemAt){#531:vendor/mediatek/proprietary/hardware/mtkcam/utils/metadata/metadata/Entry.cpp}
02-24 00:56:53.226  1348  1348 E Metadata2/Entry: itemAt(531):Get data error , tag ffffffff, mContentPtr 0x0 (itemAt){#531:vendor/mediatek/proprietary/hardware/mtkcam/utils/metadata/metadata/Entry.cpp}
02-24 00:56:53.227  1348  1348 E KEYFILE : [ERROR   ] keyfilegroup.cpp:348 GetKeyValues() pKeyName :OrientationInfo[1][com.instagram.android] is not found!
02-24 00:56:53.256  1348 21703 E Hal3ARaw: [setStereoParams] Dev(2) StereoQ has Error message (setStereoParams){#1565:vendor/mediatek/proprietary/hardware/mtkcam/aaa/source/isp_50/wrapper/Hal3ARawImp.cpp}
02-24 00:56:53.256  1348  1348 E NormalPipe: [vendor/mediatek/proprietary/hardware/mtkcam/drv/src/isp/mt6785/iopipe/CamIO/NormalPipe.cpp, sendCommand, line3260] ERROR: error: sendCommand fail: (cmd,arg1,arg2,arg3)=(0x00001500,0x7FCD800FF0,0x7FCD800FF4,0xB400007048BEB65C) (sendCommand){#3260:vendor/mediatek/proprietary/hardware/mtkcam/drv/src/isp/mt6785/iopipe/CamIO/NormalPipe.cpp}
02-24 00:56:53.259  1348  1348 E Metadata2/Entry: itemAt(531):Get data error , tag ffffffff, mContentPtr 0x0 (itemAt){#531:vendor/mediatek/proprietary/hardware/mtkcam/utils/metadata/metadata/Entry.cpp}
02-24 00:56:53.259  1348  1348 E Metadata2/Entry: itemAt(531):Get data error , tag ffffffff, mContentPtr 0x0 (itemAt){#531:vendor/mediatek/proprietary/hardware/mtkcam/utils/metadata/metadata/Entry.cpp}
02-24 00:56:53.259  1348  1348 E KEYFILE : [ERROR   ] keyfilegroup.cpp:348 GetKeyValues() pKeyName :OrientationInfo[1][com.instagram.android] is not found!
02-24 00:56:53.289  1348 21703 E Hal3ARaw: [setStereoParams] Dev(2) StereoQ has Error message (setStereoParams){#1565:vendor/mediatek/proprietary/hardware/mtkcam/aaa/source/isp_50/wrapper/Hal3ARawImp.cpp}
02-24 00:56:53.290  1348  1348 E NormalPipe: [vendor/mediatek/proprietary/hardware/mtkcam/drv/src/isp/mt6785/iopipe/CamIO/NormalPipe.cpp, sendCommand, line3260] ERROR: error: sendCommand fail: (cmd,arg1,arg2,arg3)=(0x00001500,0x7FCD800FF0,0x7FCD800FF4,0xB400007048BED25C) (sendCommand){#3260:vendor/mediatek/proprietary/hardware/mtkcam/drv/src/isp/mt6785/iopipe/CamIO/NormalPipe.cpp}
02-24 00:56:53.292  1348 13643 E Metadata2/Entry: itemAt(531):Get data error , tag ffffffff, mContentPtr 0x0 (itemAt){#531:vendor/mediatek/proprietary/hardware/mtkcam/utils/metadata/metadata/Entry.cpp}
02-24 00:56:53.292  1348 13643 E Metadata2/Entry: itemAt(531):Get data error , tag ffffffff, mContentPtr 0x0 (itemAt){#531:vendor/mediatek/proprietary/hardware/mtkcam/utils/metadata/metadata/Entry.cpp}
02-24 00:56:53.292  1348 13643 E KEYFILE : [ERROR   ] keyfilegroup.cpp:348 GetKeyValues() pKeyName :OrientationInfo[1][com.instagram.android] is not found!
02-24 00:56:53.323  1348 13643 E NormalPipe: [vendor/mediatek/proprietary/hardware/mtkcam/drv/src/isp/mt6785/iopipe/CamIO/NormalPipe.cpp, sendCommand, line3260] ERROR: error: sendCommand fail: (cmd,arg1,arg2,arg3)=(0x00001500,0x70AE4DC890,0x70AE4DC894,0xB40000707EF6025C) (sendCommand){#3260:vendor/mediatek/proprietary/hardware/mtkcam/drv/src/isp/mt6785/iopipe/CamIO/NormalPipe.cpp}
02-24 00:56:53.323  1348 21703 E Hal3ARaw: [setStereoParams] Dev(2) StereoQ has Error message (setStereoParams){#1565:vendor/mediatek/proprietary/hardware/mtkcam/aaa/source/isp_50/wrapper/Hal3ARawImp.cpp}
02-24 00:56:53.325  1348 13643 E Metadata2/Entry: itemAt(531):Get data error , tag ffffffff, mContentPtr 0x0 (itemAt){#531:vendor/mediatek/proprietary/hardware/mtkcam/utils/metadata/metadata/Entry.cpp}
02-24 00:56:53.325  1348 13643 E Metadata2/Entry: itemAt(531):Get data error , tag ffffffff, mContentPtr 0x0 (itemAt){#531:vendor/mediatek/proprietary/hardware/mtkcam/utils/metadata/metadata/Entry.cpp}
02-24 00:56:53.326  1348 13643 E KEYFILE : [ERROR   ] keyfilegroup.cpp:348 GetKeyValues() pKeyName :OrientationInfo[1][com.instagram.android] is not found!
02-24 00:56:53.356  1348 21703 E Hal3ARaw: [setStereoParams] Dev(2) StereoQ has Error message (setStereoParams){#1565:vendor/mediatek/proprietary/hardware/mtkcam/aaa/source/isp_50/wrapper/Hal3ARawImp.cpp}
02-24 00:56:53.356  1348 13643 E NormalPipe: [vendor/mediatek/proprietary/hardware/mtkcam/drv/src/isp/mt6785/iopipe/CamIO/NormalPipe.cpp, sendCommand, line3260] ERROR: error: sendCommand fail: (cmd,arg1,arg2,arg3)=(0x00001500,0x70AE4DC890,0x70AE4DC894,0xB40000707EF61E5C) (sendCommand){#3260:vendor/mediatek/proprietary/hardware/mtkcam/drv/src/isp/mt6785/iopipe/CamIO/NormalPipe.cpp}
02-24 00:56:53.359  1348 13643 E Metadata2/Entry: itemAt(531):Get data error , tag ffffffff, mContentPtr 0x0 (itemAt){#531:vendor/mediatek/proprietary/hardware/mtkcam/utils/metadata/metadata/Entry.cpp}
02-24 00:56:53.359  1348 13643 E Metadata2/Entry: itemAt(531):Get data error , tag ffffffff, mContentPtr 0x0 (itemAt){#531:vendor/mediatek/proprietary/hardware/mtkcam/utils/metadata/metadata/Entry.cpp}
02-24 00:56:53.360  1348 13643 E KEYFILE : [ERROR   ] keyfilegroup.cpp:348 GetKeyValues() pKeyName :OrientationInfo[1][com.instagram.android] is not found!
02-24 00:56:53.389  1348 13643 E NormalPipe: [vendor/mediatek/proprietary/hardware/mtkcam/drv/src/isp/mt6785/iopipe/CamIO/NormalPipe.cpp, sendCommand, line3260] ERROR: error: sendCommand fail: (cmd,arg1,arg2,arg3)=(0x00001500,0x70AE4DC890,0x70AE4DC894,0xB40000707A6F525C) (sendCommand){#3260:vendor/mediatek/proprietary/hardware/mtkcam/drv/src/isp/mt6785/iopipe/CamIO/NormalPipe.cpp}
02-24 00:56:53.389  1348 21703 E Hal3ARaw: [setStereoParams] Dev(2) StereoQ has Error message (setStereoParams){#1565:vendor/mediatek/proprietary/hardware/mtkcam/aaa/source/isp_50/wrapper/Hal3ARawImp.cpp}
02-24 00:56:53.392  1348 13643 E Metadata2/Entry: itemAt(531):Get data error , tag ffffffff, mContentPtr 0x0 (itemAt){#531:vendor/mediatek/proprietary/hardware/mtkcam/utils/metadata/metadata/Entry.cpp}
02-24 00:56:53.392  1348 13643 E Metadata2/Entry: itemAt(531):Get data error , tag ffffffff, mContentPtr 0x0 (itemAt){#531:vendor/mediatek/proprietary/hardware/mtkcam/utils/metadata/metadata/Entry.cpp}
02-24 00:56:53.392  1348 13643 E KEYFILE : [ERROR   ] keyfilegroup.cpp:348 GetKeyValues() pKeyName :OrientationInfo[1][com.instagram.android] is not found!
02-24 00:56:53.423  1348 21703 E Hal3ARaw: [setStereoParams] Dev(2) StereoQ has Error message (setStereoParams){#1565:vendor/mediatek/proprietary/hardware/mtkcam/aaa/source/isp_50/wrapper/Hal3ARawImp.cpp}
02-24 00:56:53.423  1348 13643 E NormalPipe: [vendor/mediatek/proprietary/hardware/mtkcam/drv/src/isp/mt6785/iopipe/CamIO/NormalPipe.cpp, sendCommand, line3260] ERROR: error: sendCommand fail: (cmd,arg1,arg2,arg3)=(0x00001500,0x70AE4DC890,0x70AE4DC894,0xB400007076F87E5C) (sendCommand){#3260:vendor/mediatek/proprietary/hardware/mtkcam/drv/src/isp/mt6785/iopipe/CamIO/NormalPipe.cpp}
02-24 00:56:53.425  1348 13643 E Metadata2/Entry: itemAt(531):Get data error , tag ffffffff, mContentPtr 0x0 (itemAt){#531:vendor/mediatek/proprietary/hardware/mtkcam/utils/metadata/metadata/Entry.cpp}
02-24 00:56:53.425  1348 13643 E Metadata2/Entry: itemAt(531):Get data error , tag ffffffff, mContentPtr 0x0 (itemAt){#531:vendor/mediatek/proprietary/hardware/mtkcam/utils/metadata/metadata/Entry.cpp}
02-24 00:56:53.426  1348 13643 E KEYFILE : [ERROR   ] keyfilegroup.cpp:348 GetKeyValues() pKeyName :OrientationInfo[1][com.instagram.android] is not found!
02-24 00:56:53.456  1348 21703 E Hal3ARaw: [setStereoParams] Dev(2) StereoQ has Error message (setStereoParams){#1565:vendor/mediatek/proprietary/hardware/mtkcam/aaa/source/isp_50/wrapper/Hal3ARawImp.cpp}
02-24 00:56:53.456  1348 13643 E NormalPipe: [vendor/mediatek/proprietary/hardware/mtkcam/drv/src/isp/mt6785/iopipe/CamIO/NormalPipe.cpp, sendCommand, line3260] ERROR: error: sendCommand fail: (cmd,arg1,arg2,arg3)=(0x00001500,0x70AE4DC890,0x70AE4DC894,0xB40000707EFA9A5C) (sendCommand){#3260:vendor/mediatek/proprietary/hardware/mtkcam/drv/src/isp/mt6785/iopipe/CamIO/NormalPipe.cpp}
02-24 00:56:53.459  1348 19202 E Metadata2/Entry: itemAt(531):Get data error , tag ffffffff, mContentPtr 0x0 (itemAt){#531:vendor/mediatek/proprietary/hardware/mtkcam/utils/metadata/metadata/Entry.cpp}
02-24 00:56:53.459  1348 19202 E Metadata2/Entry: itemAt(531):Get data error , tag ffffffff, mContentPtr 0x0 (itemAt){#531:vendor/mediatek/proprietary/hardware/mtkcam/utils/metadata/metadata/Entry.cpp}
02-24 00:56:53.459  1348 19202 E KEYFILE : [ERROR   ] keyfilegroup.cpp:348 GetKeyValues() pKeyName :OrientationInfo[1][com.instagram.android] is not found!
02-24 00:56:53.490  1348 21703 E Hal3ARaw: [setStereoParams] Dev(2) StereoQ has Error message (setStereoParams){#1565:vendor/mediatek/proprietary/hardware/mtkcam/aaa/source/isp_50/wrapper/Hal3ARawImp.cpp}
02-24 00:56:53.490  1348 19202 E NormalPipe: [vendor/mediatek/proprietary/hardware/mtkcam/drv/src/isp/mt6785/iopipe/CamIO/NormalPipe.cpp, sendCommand, line3260] ERROR: error: sendCommand fail: (cmd,arg1,arg2,arg3)=(0x00001500,0x70A9DD7890,0x70A9DD7894,0xB40000707650865C) (sendCommand){#3260:vendor/mediatek/proprietary/hardware/mtkcam/drv/src/isp/mt6785/iopipe/CamIO/NormalPipe.cpp}
02-24 00:56:53.492  1348 19202 E Metadata2/Entry: itemAt(531):Get data error , tag ffffffff, mContentPtr 0x0 (itemAt){#531:vendor/mediatek/proprietary/hardware/mtkcam/utils/metadata/metadata/Entry.cpp}
02-24 00:56:53.492  1348 19202 E Metadata2/Entry: itemAt(531):Get data error , tag ffffffff, mContentPtr 0x0 (itemAt){#531:vendor/mediatek/proprietary/hardware/mtkcam/utils/metadata/metadata/Entry.cpp}
02-24 00:56:53.493  1348 19202 E KEYFILE : [ERROR   ] keyfilegroup.cpp:348 GetKeyValues() pKeyName :OrientationInfo[1][com.instagram.android] is not found!
02-24 00:56:53.514 24288 25055 E RSDGWSender.cpp: DGW: Send failure: StreamCoordinator destroyed
02-24 00:56:53.516 24288 24787 E msys    : E[N mns]_OnDiskCacheGetData(632)=>Start post callback cache refresh DNS resolution
02-24 00:56:53.522 24288 24787 E msys    : E[N mns]_OnSystemDNSSuccessCallback(340)=>Cache refresh succeeded with system DNS resolver. IP count: 2
02-24 00:56:53.523  1348 21703 E Hal3ARaw: [setStereoParams] Dev(2) StereoQ has Error message (setStereoParams){#1565:vendor/mediatek/proprietary/hardware/mtkcam/aaa/source/isp_50/wrapper/Hal3ARawImp.cpp}
02-24 00:56:53.523  1348 19202 E NormalPipe: [vendor/mediatek/proprietary/hardware/mtkcam/drv/src/isp/mt6785/iopipe/CamIO/NormalPipe.cpp, sendCommand, line3260] ERROR: error: sendCommand fail: (cmd,arg1,arg2,arg3)=(0x00001500,0x70A9DD7890,0x70A9DD7894,0xB40000707650A25C) (sendCommand){#3260:vendor/mediatek/proprietary/hardware/mtkcam/drv/src/isp/mt6785/iopipe/CamIO/NormalPipe.cpp}
02-24 00:56:53.526  1348  1348 E Metadata2/Entry: itemAt(531):Get data error , tag ffffffff, mContentPtr 0x0 (itemAt){#531:vendor/mediatek/proprietary/hardware/mtkcam/utils/metadata/metadata/Entry.cpp}
02-24 00:56:53.526  1348  1348 E Metadata2/Entry: itemAt(531):Get data error , tag ffffffff, mContentPtr 0x0 (itemAt){#531:vendor/mediatek/proprietary/hardware/mtkcam/utils/metadata/metadata/Entry.cpp}
02-24 00:56:53.526  1348  1348 E KEYFILE : [ERROR   ] keyfilegroup.cpp:348 GetKeyValues() pKeyName :OrientationInfo[1][com.instagram.android] is not found!
02-24 00:56:53.556  1348 21703 E Hal3ARaw: [setStereoParams] Dev(2) StereoQ has Error message (setStereoParams){#1565:vendor/mediatek/proprietary/hardware/mtkcam/aaa/source/isp_50/wrapper/Hal3ARawImp.cpp}
02-24 00:56:53.556  1348  1348 E NormalPipe: [vendor/mediatek/proprietary/hardware/mtkcam/drv/src/isp/mt6785/iopipe/CamIO/NormalPipe.cpp, sendCommand, line3260] ERROR: error: sendCommand fail: (cmd,arg1,arg2,arg3)=(0x00001500,0x7FCD800FF0,0x7FCD800FF4,0xB4000070AC7B225C) (sendCommand){#3260:vendor/mediatek/proprietary/hardware/mtkcam/drv/src/isp/mt6785/iopipe/CamIO/NormalPipe.cpp}
02-24 00:56:53.558  1348  1348 E Metadata2/Entry: itemAt(531):Get data error , tag ffffffff, mContentPtr 0x0 (itemAt){#531:vendor/mediatek/proprietary/hardware/mtkcam/utils/metadata/metadata/Entry.cpp}
02-24 00:56:53.558  1348  1348 E Metadata2/Entry: itemAt(531):Get data error , tag ffffffff, mContentPtr 0x0 (itemAt){#531:vendor/mediatek/proprietary/hardware/mtkcam/utils/metadata/metadata/Entry.cpp}
02-24 00:56:53.558  1348  1348 E KEYFILE : [ERROR   ] keyfilegroup.cpp:348 GetKeyValues() pKeyName :OrientationInfo[1][com.instagram.android] is not found!
02-24 00:56:53.589  1348 21703 E Hal3ARaw: [setStereoParams] Dev(2) StereoQ has Error message (setStereoParams){#1565:vendor/mediatek/proprietary/hardware/mtkcam/aaa/source/isp_50/wrapper/Hal3ARawImp.cpp}
02-24 00:56:53.589  1348  1348 E NormalPipe: [vendor/mediatek/proprietary/hardware/mtkcam/drv/src/isp/mt6785/iopipe/CamIO/NormalPipe.cpp, sendCommand, line3260] ERROR: error: sendCommand fail: (cmd,arg1,arg2,arg3)=(0x00001500,0x7FCD800FF0,0x7FCD800FF4,0xB4000070AD0DB65C) (sendCommand){#3260:vendor/mediatek/proprietary/hardware/mtkcam/drv/src/isp/mt6785/iopipe/CamIO/NormalPipe.cpp}
02-24 00:56:53.592  1348  1348 E Metadata2/Entry: itemAt(531):Get data error , tag ffffffff, mContentPtr 0x0 (itemAt){#531:vendor/mediatek/proprietary/hardware/mtkcam/utils/metadata/metadata/Entry.cpp}
02-24 00:56:53.592  1348  1348 E Metadata2/Entry: itemAt(531):Get data error , tag ffffffff, mContentPtr 0x0 (itemAt){#531:vendor/mediatek/proprietary/hardware/mtkcam/utils/metadata/metadata/Entry.cpp}
02-24 00:56:53.592  1348  1348 E KEYFILE : [ERROR   ] keyfilegroup.cpp:348 GetKeyValues() pKeyName :OrientationInfo[1][com.instagram.android] is not found!
02-24 00:56:53.623  1348 21703 E Hal3ARaw: [setStereoParams] Dev(2) StereoQ has Error message (setStereoParams){#1565:vendor/mediatek/proprietary/hardware/mtkcam/aaa/source/isp_50/wrapper/Hal3ARawImp.cpp}
02-24 00:56:53.623  1348  1348 E NormalPipe: [vendor/mediatek/proprietary/hardware/mtkcam/drv/src/isp/mt6785/iopipe/CamIO/NormalPipe.cpp, sendCommand, line3260] ERROR: error: sendCommand fail: (cmd,arg1,arg2,arg3)=(0x00001500,0x7FCD800FF0,0x7FCD800FF4,0xB4000070AD193A5C) (sendCommand){#3260:vendor/mediatek/proprietary/hardware/mtkcam/drv/src/isp/mt6785/iopipe/CamIO/NormalPipe.cpp}
02-24 00:56:53.625  1348  1348 E Metadata2/Entry: itemAt(531):Get data error , tag ffffffff, mContentPtr 0x0 (itemAt){#531:vendor/mediatek/proprietary/hardware/mtkcam/utils/metadata/metadata/Entry.cpp}
02-24 00:56:53.626  1348  1348 E Metadata2/Entry: itemAt(531):Get data error , tag ffffffff, mContentPtr 0x0 (itemAt){#531:vendor/mediatek/proprietary/hardware/mtkcam/utils/metadata/metadata/Entry.cpp}
02-24 00:56:53.626  1348  1348 E KEYFILE : [ERROR   ] keyfilegroup.cpp:348 GetKeyValues() pKeyName :OrientationInfo[1][com.instagram.android] is not found!
02-24 00:56:53.656  1348 21703 E Hal3ARaw: [setStereoParams] Dev(2) StereoQ has Error message (setStereoParams){#1565:vendor/mediatek/proprietary/hardware/mtkcam/aaa/source/isp_50/wrapper/Hal3ARawImp.cpp}
02-24 00:56:53.656  1348  1348 E NormalPipe: [vendor/mediatek/proprietary/hardware/mtkcam/drv/src/isp/mt6785/iopipe/CamIO/NormalPipe.cpp, sendCommand, line3260] ERROR: error: sendCommand fail: (cmd,arg1,arg2,arg3)=(0x00001500,0x7FCD800FF0,0x7FCD800FF4,0xB4000070AD19565C) (sendCommand){#3260:vendor/mediatek/proprietary/hardware/mtkcam/drv/src/isp/mt6785/iopipe/CamIO/NormalPipe.cpp}
02-24 00:56:53.659  1348 19202 E Metadata2/Entry: itemAt(531):Get data error , tag ffffffff, mContentPtr 0x0 (itemAt){#531:vendor/mediatek/proprietary/hardware/mtkcam/utils/metadata/metadata/Entry.cpp}
02-24 00:56:53.659  1348 19202 E Metadata2/Entry: itemAt(531):Get data error , tag ffffffff, mContentPtr 0x0 (itemAt){#531:vendor/mediatek/proprietary/hardware/mtkcam/utils/metadata/metadata/Entry.cpp}
02-24 00:56:53.659  1348 19202 E KEYFILE : [ERROR   ] keyfilegroup.cpp:348 GetKeyValues() pKeyName :OrientationInfo[1][com.instagram.android] is not found!
02-24 00:56:53.690  1348 21703 E Hal3ARaw: [setStereoParams] Dev(2) StereoQ has Error message (setStereoParams){#1565:vendor/mediatek/proprietary/hardware/mtkcam/aaa/source/isp_50/wrapper/Hal3ARawImp.cpp}
02-24 00:56:53.690  1348 19202 E NormalPipe: [vendor/mediatek/proprietary/hardware/mtkcam/drv/src/isp/mt6785/iopipe/CamIO/NormalPipe.cpp, sendCommand, line3260] ERROR: error: sendCommand fail: (cmd,arg1,arg2,arg3)=(0x00001500,0x70A9DD7890,0x70A9DD7894,0xB40000707650BE5C) (sendCommand){#3260:vendor/mediatek/proprietary/hardware/mtkcam/drv/src/isp/mt6785/iopipe/CamIO/NormalPipe.cpp}
02-24 00:56:53.693  1348 19202 E Metadata2/Entry: itemAt(531):Get data error , tag ffffffff, mContentPtr 0x0 (itemAt){#531:vendor/mediatek/proprietary/hardware/mtkcam/utils/metadata/metadata/Entry.cpp}
02-24 00:56:53.693  1348 19202 E Metadata2/Entry: itemAt(531):Get data error , tag ffffffff, mContentPtr 0x0 (itemAt){#531:vendor/mediatek/proprietary/hardware/mtkcam/utils/metadata/metadata/Entry.cpp}
02-24 00:56:53.693  1348 19202 E KEYFILE : [ERROR   ] keyfilegroup.cpp:348 GetKeyValues() pKeyName :OrientationInfo[1][com.instagram.android] is not found!
02-24 00:56:53.716 24288 24787 E msys    : E[N mns]_OnDiskCacheGetData(632)=>Start post callback cache refresh DNS resolution
02-24 00:56:53.720 24288 24787 E msys    : E[N mns]_OnSystemDNSSuccessCallback(340)=>Cache refresh succeeded with system DNS resolver. IP count: 2
02-24 00:56:53.723  1348 21703 E Hal3ARaw: [setStereoParams] Dev(2) StereoQ has Error message (setStereoParams){#1565:vendor/mediatek/proprietary/hardware/mtkcam/aaa/source/isp_50/wrapper/Hal3ARawImp.cpp}
02-24 00:56:53.723  1348 19202 E NormalPipe: [vendor/mediatek/proprietary/hardware/mtkcam/drv/src/isp/mt6785/iopipe/CamIO/NormalPipe.cpp, sendCommand, line3260] ERROR: error: sendCommand fail: (cmd,arg1,arg2,arg3)=(0x00001500,0x70A9DD7890,0x70A9DD7894,0xB400007076575E5C) (sendCommand){#3260:vendor/mediatek/proprietary/hardware/mtkcam/drv/src/isp/mt6785/iopipe/CamIO/NormalPipe.cpp}
02-24 00:56:53.725  1348 19202 E Metadata2/Entry: itemAt(531):Get data error , tag ffffffff, mContentPtr 0x0 (itemAt){#531:vendor/mediatek/proprietary/hardware/mtkcam/utils/metadata/metadata/Entry.cpp}
02-24 00:56:53.725  1348 19202 E Metadata2/Entry: itemAt(531):Get data error , tag ffffffff, mContentPtr 0x0 (itemAt){#531:vendor/mediatek/proprietary/hardware/mtkcam/utils/metadata/metadata/Entry.cpp}
02-24 00:56:53.726  1348 19202 E KEYFILE : [ERROR   ] keyfilegroup.cpp:348 GetKeyValues() pKeyName :OrientationInfo[1][com.instagram.android] is not found!
02-24 00:56:53.756  1348 21703 E Hal3ARaw: [setStereoParams] Dev(2) StereoQ has Error message (setStereoParams){#1565:vendor/mediatek/proprietary/hardware/mtkcam/aaa/source/isp_50/wrapper/Hal3ARawImp.cpp}
02-24 00:56:53.756  1348 19202 E NormalPipe: [vendor/mediatek/proprietary/hardware/mtkcam/drv/src/isp/mt6785/iopipe/CamIO/NormalPipe.cpp, sendCommand, line3260] ERROR: error: sendCommand fail: (cmd,arg1,arg2,arg3)=(0x00001500,0x70A9DD7890,0x70A9DD7894,0xB40000707B912A5C) (sendCommand){#3260:vendor/mediatek/proprietary/hardware/mtkcam/drv/src/isp/mt6785/iopipe/CamIO/NormalPipe.cpp}
02-24 00:56:53.759  1348 13643 E Metadata2/Entry: itemAt(531):Get data error , tag ffffffff, mContentPtr 0x0 (itemAt){#531:vendor/mediatek/proprietary/hardware/mtkcam/utils/metadata/metadata/Entry.cpp}
02-24 00:56:53.759  1348 13643 E Metadata2/Entry: itemAt(531):Get data error , tag ffffffff, mContentPtr 0x0 (itemAt){#531:vendor/mediatek/proprietary/hardware/mtkcam/utils/metadata/metadata/Entry.cpp}
02-24 00:56:53.759  1348 13643 E KEYFILE : [ERROR   ] keyfilegroup.cpp:348 GetKeyValues() pKeyName :OrientationInfo[1][com.instagram.android] is not found!
02-24 00:56:53.789  1348 21703 E Hal3ARaw: [setStereoParams] Dev(2) StereoQ has Error message (setStereoParams){#1565:vendor/mediatek/proprietary/hardware/mtkcam/aaa/source/isp_50/wrapper/Hal3ARawImp.cpp}
02-24 00:56:53.789  1348 13643 E NormalPipe: [vendor/mediatek/proprietary/hardware/mtkcam/drv/src/isp/mt6785/iopipe/CamIO/NormalPipe.cpp, sendCommand, line3260] ERROR: error: sendCommand fail: (cmd,arg1,arg2,arg3)=(0x00001500,0x70AE4DC890,0x70AE4DC894,0xB40000707EFAB65C) (sendCommand){#3260:vendor/mediatek/proprietary/hardware/mtkcam/drv/src/isp/mt6785/iopipe/CamIO/NormalPipe.cpp}
02-24 00:56:53.793  1348 19202 E Metadata2/Entry: itemAt(531):Get data error , tag ffffffff, mContentPtr 0x0 (itemAt){#531:vendor/mediatek/proprietary/hardware/mtkcam/utils/metadata/metadata/Entry.cpp}
02-24 00:56:53.793  1348 19202 E Metadata2/Entry: itemAt(531):Get data error , tag ffffffff, mContentPtr 0x0 (itemAt){#531:vendor/mediatek/proprietary/hardware/mtkcam/utils/metadata/metadata/Entry.cpp}
02-24 00:56:53.793  1348 19202 E KEYFILE : [ERROR   ] keyfilegroup.cpp:348 GetKeyValues() pKeyName :OrientationInfo[1][com.instagram.android] is not found!
02-24 00:56:53.823  1348 21703 E Hal3ARaw: [setStereoParams] Dev(2) StereoQ has Error message (setStereoParams){#1565:vendor/mediatek/proprietary/hardware/mtkcam/aaa/source/isp_50/wrapper/Hal3ARawImp.cpp}
02-24 00:56:53.823  1348 19202 E NormalPipe: [vendor/mediatek/proprietary/hardware/mtkcam/drv/src/isp/mt6785/iopipe/CamIO/NormalPipe.cpp, sendCommand, line3260] ERROR: error: sendCommand fail: (cmd,arg1,arg2,arg3)=(0x00001500,0x70A9DD7890,0x70A9DD7894,0xB4000070771F7E5C) (sendCommand){#3260:vendor/mediatek/proprietary/hardware/mtkcam/drv/src/isp/mt6785/iopipe/CamIO/NormalPipe.cpp}
02-24 00:56:53.825  1348 13643 E Metadata2/Entry: itemAt(531):Get data error , tag ffffffff, mContentPtr 0x0 (itemAt){#531:vendor/mediatek/proprietary/hardware/mtkcam/utils/metadata/metadata/Entry.cpp}
02-24 00:56:53.825  1348 13643 E Metadata2/Entry: itemAt(531):Get data error , tag ffffffff, mContentPtr 0x0 (itemAt){#531:vendor/mediatek/proprietary/hardware/mtkcam/utils/metadata/metadata/Entry.cpp}
02-24 00:56:53.826  1348 13643 E KEYFILE : [ERROR   ] keyfilegroup.cpp:348 GetKeyValues() pKeyName :OrientationInfo[1][com.instagram.android] is not found!
02-24 00:56:53.856  1348 21703 E Hal3ARaw: [setStereoParams] Dev(2) StereoQ has Error message (setStereoParams){#1565:vendor/mediatek/proprietary/hardware/mtkcam/aaa/source/isp_50/wrapper/Hal3ARawImp.cpp}
02-24 00:56:53.856  1348 13643 E NormalPipe: [vendor/mediatek/proprietary/hardware/mtkcam/drv/src/isp/mt6785/iopipe/CamIO/NormalPipe.cpp, sendCommand, line3260] ERROR: error: sendCommand fail: (cmd,arg1,arg2,arg3)=(0x00001500,0x70AE4DC890,0x70AE4DC894,0xB400007098D2AA5C) (sendCommand){#3260:vendor/mediatek/proprietary/hardware/mtkcam/drv/src/isp/mt6785/iopipe/CamIO/NormalPipe.cpp}
02-24 00:56:53.858  1348 13643 E Metadata2/Entry: itemAt(531):Get data error , tag ffffffff, mContentPtr 0x0 (itemAt){#531:vendor/mediatek/proprietary/hardware/mtkcam/utils/metadata/metadata/Entry.cpp}
02-24 00:56:53.858  1348 13643 E Metadata2/Entry: itemAt(531):Get data error , tag ffffffff, mContentPtr 0x0 (itemAt){#531:vendor/mediatek/proprietary/hardware/mtkcam/utils/metadata/metadata/Entry.cpp}
02-24 00:56:53.858  1348 13643 E KEYFILE : [ERROR   ] keyfilegroup.cpp:348 GetKeyValues() pKeyName :OrientationInfo[1][com.instagram.android] is not found!
02-24 00:56:53.890  1348 21703 E Hal3ARaw: [setStereoParams] Dev(2) StereoQ has Error message (setStereoParams){#1565:vendor/mediatek/proprietary/hardware/mtkcam/aaa/source/isp_50/wrapper/Hal3ARawImp.cpp}
02-24 00:56:53.890  1348 13643 E NormalPipe: [vendor/mediatek/proprietary/hardware/mtkcam/drv/src/isp/mt6785/iopipe/CamIO/NormalPipe.cpp, sendCommand, line3260] ERROR: error: sendCommand fail: (cmd,arg1,arg2,arg3)=(0x00001500,0x70AE4DC890,0x70AE4DC894,0xB400007098D2FE5C) (sendCommand){#3260:vendor/mediatek/proprietary/hardware/mtkcam/drv/src/isp/mt6785/iopipe/CamIO/NormalPipe.cpp}
02-24 00:56:53.892  1348 13643 E Metadata2/Entry: itemAt(531):Get data error , tag ffffffff, mContentPtr 0x0 (itemAt){#531:vendor/mediatek/proprietary/hardware/mtkcam/utils/metadata/metadata/Entry.cpp}
02-24 00:56:53.892  1348 13643 E Metadata2/Entry: itemAt(531):Get data error , tag ffffffff, mContentPtr 0x0 (itemAt){#531:vendor/mediatek/proprietary/hardware/mtkcam/utils/metadata/metadata/Entry.cpp}
02-24 00:56:53.892  1348 13643 E KEYFILE : [ERROR   ] keyfilegroup.cpp:348 GetKeyValues() pKeyName :OrientationInfo[1][com.instagram.android] is not found!
02-24 00:56:53.922 24288 24496 E msys    : E[N mns]_OnDiskCacheGetData(632)=>Start post callback cache refresh DNS resolution
02-24 00:56:53.924  1348 21703 E Hal3ARaw: [setStereoParams] Dev(2) StereoQ has Error message (setStereoParams){#1565:vendor/mediatek/proprietary/hardware/mtkcam/aaa/source/isp_50/wrapper/Hal3ARawImp.cpp}
02-24 00:56:53.924  1348 13643 E NormalPipe: [vendor/mediatek/proprietary/hardware/mtkcam/drv/src/isp/mt6785/iopipe/CamIO/NormalPipe.cpp, sendCommand, line3260] ERROR: error: sendCommand fail: (cmd,arg1,arg2,arg3)=(0x00001500,0x70AE4DC890,0x70AE4DC894,0xB400007098D92A5C) (sendCommand){#3260:vendor/mediatek/proprietary/hardware/mtkcam/drv/src/isp/mt6785/iopipe/CamIO/NormalPipe.cpp}
02-24 00:56:53.926  1348  1348 E Metadata2/Entry: itemAt(531):Get data error , tag ffffffff, mContentPtr 0x0 (itemAt){#531:vendor/mediatek/proprietary/hardware/mtkcam/utils/metadata/metadata/Entry.cpp}
02-24 00:56:53.926  1348  1348 E Metadata2/Entry: itemAt(531):Get data error , tag ffffffff, mContentPtr 0x0 (itemAt){#531:vendor/mediatek/proprietary/hardware/mtkcam/utils/metadata/metadata/Entry.cpp}
02-24 00:56:53.926  1348  1348 E KEYFILE : [ERROR   ] keyfilegroup.cpp:348 GetKeyValues() pKeyName :OrientationInfo[1][com.instagram.android] is not found!
02-24 00:56:53.956  1348 21703 E Hal3ARaw: [setStereoParams] Dev(2) StereoQ has Error message (setStereoParams){#1565:vendor/mediatek/proprietary/hardware/mtkcam/aaa/source/isp_50/wrapper/Hal3ARawImp.cpp}
02-24 00:56:53.956  1348  1348 E NormalPipe: [vendor/mediatek/proprietary/hardware/mtkcam/drv/src/isp/mt6785/iopipe/CamIO/NormalPipe.cpp, sendCommand, line3260] ERROR: error: sendCommand fail: (cmd,arg1,arg2,arg3)=(0x00001500,0x7FCD800FF0,0x7FCD800FF4,0xB40000707D08EE5C) (sendCommand){#3260:vendor/mediatek/proprietary/hardware/mtkcam/drv/src/isp/mt6785/iopipe/CamIO/NormalPipe.cpp}
02-24 00:56:53.959  1348  1348 E Metadata2/Entry: itemAt(531):Get data error , tag ffffffff, mContentPtr 0x0 (itemAt){#531:vendor/mediatek/proprietary/hardware/mtkcam/utils/metadata/metadata/Entry.cpp}
02-24 00:56:53.959  1348  1348 E Metadata2/Entry: itemAt(531):Get data error , tag ffffffff, mContentPtr 0x0 (itemAt){#531:vendor/mediatek/proprietary/hardware/mtkcam/utils/metadata/metadata/Entry.cpp}
02-24 00:56:53.959  1348  1348 E KEYFILE : [ERROR   ] keyfilegroup.cpp:348 GetKeyValues() pKeyName :OrientationInfo[1][com.instagram.android] is not found!
02-24 00:56:53.989  1348 21703 E Hal3ARaw: [setStereoParams] Dev(2) StereoQ has Error message (setStereoParams){#1565:vendor/mediatek/proprietary/hardware/mtkcam/aaa/source/isp_50/wrapper/Hal3ARawImp.cpp}
02-24 00:56:53.989  1348  1348 E NormalPipe: [vendor/mediatek/proprietary/hardware/mtkcam/drv/src/isp/mt6785/iopipe/CamIO/NormalPipe.cpp, sendCommand, line3260] ERROR: error: sendCommand fail: (cmd,arg1,arg2,arg3)=(0x00001500,0x7FCD800FF0,0x7FCD800FF4,0xB400007077DE6A5C) (sendCommand){#3260:vendor/mediatek/proprietary/hardware/mtkcam/drv/src/isp/mt6785/iopipe/CamIO/NormalPipe.cpp}
02-24 00:56:53.992  1348  1348 E Metadata2/Entry: itemAt(531):Get data error , tag ffffffff, mContentPtr 0x0 (itemAt){#531:vendor/mediatek/proprietary/hardware/mtkcam/utils/metadata/metadata/Entry.cpp}
02-24 00:56:53.992  1348  1348 E Metadata2/Entry: itemAt(531):Get data error , tag ffffffff, mContentPtr 0x0 (itemAt){#531:vendor/mediatek/proprietary/hardware/mtkcam/utils/metadata/metadata/Entry.cpp}
02-24 00:56:53.992  1348  1348 E KEYFILE : [ERROR   ] keyfilegroup.cpp:348 GetKeyValues() pKeyName :OrientationInfo[1][com.instagram.android] is not found!
02-24 00:56:54.022  1348 21703 E Hal3ARaw: [setStereoParams] Dev(2) StereoQ has Error message (setStereoParams){#1565:vendor/mediatek/proprietary/hardware/mtkcam/aaa/source/isp_50/wrapper/Hal3ARawImp.cpp}
02-24 00:56:54.023  1348  1348 E NormalPipe: [vendor/mediatek/proprietary/hardware/mtkcam/drv/src/isp/mt6785/iopipe/CamIO/NormalPipe.cpp, sendCommand, line3260] ERROR: error: sendCommand fail: (cmd,arg1,arg2,arg3)=(0x00001500,0x7FCD800FF0,0x7FCD800FF4,0xB400007077DE865C) (sendCommand){#3260:vendor/mediatek/proprietary/hardware/mtkcam/drv/src/isp/mt6785/iopipe/CamIO/NormalPipe.cpp}
02-24 00:56:54.025  1348  1348 E Metadata2/Entry: itemAt(531):Get data error , tag ffffffff, mContentPtr 0x0 (itemAt){#531:vendor/mediatek/proprietary/hardware/mtkcam/utils/metadata/metadata/Entry.cpp}
02-24 00:56:54.025  1348  1348 E Metadata2/Entry: itemAt(531):Get data error , tag ffffffff, mContentPtr 0x0 (itemAt){#531:vendor/mediatek/proprietary/hardware/mtkcam/utils/metadata/metadata/Entry.cpp}
02-24 00:56:54.025  1348  1348 E KEYFILE : [ERROR   ] keyfilegroup.cpp:348 GetKeyValues() pKeyName :OrientationInfo[1][com.instagram.android] is not found!
02-24 00:56:54.056  1348 21703 E Hal3ARaw: [setStereoParams] Dev(2) StereoQ has Error message (setStereoParams){#1565:vendor/mediatek/proprietary/hardware/mtkcam/aaa/source/isp_50/wrapper/Hal3ARawImp.cpp}
02-24 00:56:54.056  1348  1348 E NormalPipe: [vendor/mediatek/proprietary/hardware/mtkcam/drv/src/isp/mt6785/iopipe/CamIO/NormalPipe.cpp, sendCommand, line3260] ERROR: error: sendCommand fail: (cmd,arg1,arg2,arg3)=(0x00001500,0x7FCD800FF0,0x7FCD800FF4,0xB400007077DEBE5C) (sendCommand){#3260:vendor/mediatek/proprietary/hardware/mtkcam/drv/src/isp/mt6785/iopipe/CamIO/NormalPipe.cpp}
02-24 00:56:54.059  1348  1348 E Metadata2/Entry: itemAt(531):Get data error , tag ffffffff, mContentPtr 0x0 (itemAt){#531:vendor/mediatek/proprietary/hardware/mtkcam/utils/metadata/metadata/Entry.cpp}
02-24 00:56:54.059  1348  1348 E Metadata2/Entry: itemAt(531):Get data error , tag ffffffff, mContentPtr 0x0 (itemAt){#531:vendor/mediatek/proprietary/hardware/mtkcam/utils/metadata/metadata/Entry.cpp}
02-24 00:56:54.059  1348  1348 E KEYFILE : [ERROR   ] keyfilegroup.cpp:348 GetKeyValues() pKeyName :OrientationInfo[1][com.instagram.android] is not found!
02-24 00:56:54.089  1348 21703 E Hal3ARaw: [setStereoParams] Dev(2) StereoQ has Error message (setStereoParams){#1565:vendor/mediatek/proprietary/hardware/mtkcam/aaa/source/isp_50/wrapper/Hal3ARawImp.cpp}
02-24 00:56:54.089  1348  1348 E NormalPipe: [vendor/mediatek/proprietary/hardware/mtkcam/drv/src/isp/mt6785/iopipe/CamIO/NormalPipe.cpp, sendCommand, line3260] ERROR: error: sendCommand fail: (cmd,arg1,arg2,arg3)=(0x00001500,0x7FCD800FF0,0x7FCD800FF4,0xB400007077DF665C) (sendCommand){#3260:vendor/mediatek/proprietary/hardware/mtkcam/drv/src/isp/mt6785/iopipe/CamIO/NormalPipe.cpp}
02-24 00:56:54.092  1348  1348 E Metadata2/Entry: itemAt(531):Get data error , tag ffffffff, mContentPtr 0x0 (itemAt){#531:vendor/mediatek/proprietary/hardware/mtkcam/utils/metadata/metadata/Entry.cpp}
02-24 00:56:54.092  1348  1348 E Metadata2/Entry: itemAt(531):Get data error , tag ffffffff, mContentPtr 0x0 (itemAt){#531:vendor/mediatek/proprietary/hardware/mtkcam/utils/metadata/metadata/Entry.cpp}
02-24 00:56:54.092  1348  1348 E KEYFILE : [ERROR   ] keyfilegroup.cpp:348 GetKeyValues() pKeyName :OrientationInfo[1][com.instagram.android] is not found!
02-24 00:56:54.122  1348 21703 E Hal3ARaw: [setStereoParams] Dev(2) StereoQ has Error message (setStereoParams){#1565:vendor/mediatek/proprietary/hardware/mtkcam/aaa/source/isp_50/wrapper/Hal3ARawImp.cpp}
02-24 00:56:54.123  1348  1348 E NormalPipe: [vendor/mediatek/proprietary/hardware/mtkcam/drv/src/isp/mt6785/iopipe/CamIO/NormalPipe.cpp, sendCommand, line3260] ERROR: error: sendCommand fail: (cmd,arg1,arg2,arg3)=(0x00001500,0x7FCD800FF0,0x7FCD800FF4,0xB400007077DF9E5C) (sendCommand){#3260:vendor/mediatek/proprietary/hardware/mtkcam/drv/src/isp/mt6785/iopipe/CamIO/NormalPipe.cpp}
02-24 00:56:54.123 24288 24496 E msys    : E[N mns]_OnDiskCacheGetData(632)=>Start post callback cache refresh DNS resolution
02-24 00:56:54.125  1348 19202 E Metadata2/Entry: itemAt(531):Get data error , tag ffffffff, mContentPtr 0x0 (itemAt){#531:vendor/mediatek/proprietary/hardware/mtkcam/utils/metadata/metadata/Entry.cpp}
02-24 00:56:54.125  1348 19202 E Metadata2/Entry: itemAt(531):Get data error , tag ffffffff, mContentPtr 0x0 (itemAt){#531:vendor/mediatek/proprietary/hardware/mtkcam/utils/metadata/metadata/Entry.cpp}
02-24 00:56:54.125  1348 19202 E KEYFILE : [ERROR   ] keyfilegroup.cpp:348 GetKeyValues() pKeyName :OrientationInfo[1][com.instagram.android] is not found!
02-24 00:56:54.156  1348 21703 E Hal3ARaw: [setStereoParams] Dev(2) StereoQ has Error message (setStereoParams){#1565:vendor/mediatek/proprietary/hardware/mtkcam/aaa/source/isp_50/wrapper/Hal3ARawImp.cpp}
02-24 00:56:54.156  1348 19202 E NormalPipe: [vendor/mediatek/proprietary/hardware/mtkcam/drv/src/isp/mt6785/iopipe/CamIO/NormalPipe.cpp, sendCommand, line3260] ERROR: error: sendCommand fail: (cmd,arg1,arg2,arg3)=(0x00001500,0x70A9DD7890,0x70A9DD7894,0xB400007076DE5A5C) (sendCommand){#3260:vendor/mediatek/proprietary/hardware/mtkcam/drv/src/isp/mt6785/iopipe/CamIO/NormalPipe.cpp}
02-24 00:56:54.158  1348  1348 E Metadata2/Entry: itemAt(531):Get data error , tag ffffffff, mContentPtr 0x0 (itemAt){#531:vendor/mediatek/proprietary/hardware/mtkcam/utils/metadata/metadata/Entry.cpp}
02-24 00:56:54.158  1348  1348 E Metadata2/Entry: itemAt(531):Get data error , tag ffffffff, mContentPtr 0x0 (itemAt){#531:vendor/mediatek/proprietary/hardware/mtkcam/utils/metadata/metadata/Entry.cpp}
02-24 00:56:54.159  1348  1348 E KEYFILE : [ERROR   ] keyfilegroup.cpp:348 GetKeyValues() pKeyName :OrientationInfo[1][com.instagram.android] is not found!
02-24 00:56:54.189  1348  1348 E NormalPipe: [vendor/mediatek/proprietary/hardware/mtkcam/drv/src/isp/mt6785/iopipe/CamIO/NormalPipe.cpp, sendCommand, line3260] ERROR: error: sendCommand fail: (cmd,arg1,arg2,arg3)=(0x00001500,0x7FCD800FF0,0x7FCD800FF4,0xB4000070AC7B225C) (sendCommand){#3260:vendor/mediatek/proprietary/hardware/mtkcam/drv/src/isp/mt6785/iopipe/CamIO/NormalPipe.cpp}
02-24 00:56:54.189  1348 21703 E Hal3ARaw: [setStereoParams] Dev(2) StereoQ has Error message (setStereoParams){#1565:vendor/mediatek/proprietary/hardware/mtkcam/aaa/source/isp_50/wrapper/Hal3ARawImp.cpp}
02-24 00:56:54.192  1348 19202 E Metadata2/Entry: itemAt(531):Get data error , tag ffffffff, mContentPtr 0x0 (itemAt){#531:vendor/mediatek/proprietary/hardware/mtkcam/utils/metadata/metadata/Entry.cpp}
02-24 00:56:54.192  1348 19202 E Metadata2/Entry: itemAt(531):Get data error , tag ffffffff, mContentPtr 0x0 (itemAt){#531:vendor/mediatek/proprietary/hardware/mtkcam/utils/metadata/metadata/Entry.cpp}
02-24 00:56:54.192  1348 19202 E KEYFILE : [ERROR   ] keyfilegroup.cpp:348 GetKeyValues() pKeyName :OrientationInfo[1][com.instagram.android] is not found!
02-24 00:56:54.223  1348 21703 E Hal3ARaw: [setStereoParams] Dev(2) StereoQ has Error message (setStereoParams){#1565:vendor/mediatek/proprietary/hardware/mtkcam/aaa/source/isp_50/wrapper/Hal3ARawImp.cpp}
02-24 00:56:54.223  1348 19202 E NormalPipe: [vendor/mediatek/proprietary/hardware/mtkcam/drv/src/isp/mt6785/iopipe/CamIO/NormalPipe.cpp, sendCommand, line3260] ERROR: error: sendCommand fail: (cmd,arg1,arg2,arg3)=(0x00001500,0x70A9DD7890,0x70A9DD7894,0xB400007076DE925C) (sendCommand){#3260:vendor/mediatek/proprietary/hardware/mtkcam/drv/src/isp/mt6785/iopipe/CamIO/NormalPipe.cpp}
02-24 00:56:54.226  1348  1348 E Metadata2/Entry: itemAt(531):Get data error , tag ffffffff, mContentPtr 0x0 (itemAt){#531:vendor/mediatek/proprietary/hardware/mtkcam/utils/metadata/metadata/Entry.cpp}
02-24 00:56:54.226  1348  1348 E Metadata2/Entry: itemAt(531):Get data error , tag ffffffff, mContentPtr 0x0 (itemAt){#531:vendor/mediatek/proprietary/hardware/mtkcam/utils/metadata/metadata/Entry.cpp}
02-24 00:56:54.226  1348  1348 E KEYFILE : [ERROR   ] keyfilegroup.cpp:348 GetKeyValues() pKeyName :OrientationInfo[1][com.instagram.android] is not found!
02-24 00:56:54.256  1348 21703 E Hal3ARaw: [setStereoParams] Dev(2) StereoQ has Error message (setStereoParams){#1565:vendor/mediatek/proprietary/hardware/mtkcam/aaa/source/isp_50/wrapper/Hal3ARawImp.cpp}
02-24 00:56:54.256  1348  1348 E NormalPipe: [vendor/mediatek/proprietary/hardware/mtkcam/drv/src/isp/mt6785/iopipe/CamIO/NormalPipe.cpp, sendCommand, line3260] ERROR: error: sendCommand fail: (cmd,arg1,arg2,arg3)=(0x00001500,0x7FCD800FF0,0x7FCD800FF4,0xB4000070AD0DB65C) (sendCommand){#3260:vendor/mediatek/proprietary/hardware/mtkcam/drv/src/isp/mt6785/iopipe/CamIO/NormalPipe.cpp}
02-24 00:56:54.259  1348 13643 E Metadata2/Entry: itemAt(531):Get data error , tag ffffffff, mContentPtr 0x0 (itemAt){#531:vendor/mediatek/proprietary/hardware/mtkcam/utils/metadata/metadata/Entry.cpp}
02-24 00:56:54.259  1348 13643 E Metadata2/Entry: itemAt(531):Get data error , tag ffffffff, mContentPtr 0x0 (itemAt){#531:vendor/mediatek/proprietary/hardware/mtkcam/utils/metadata/metadata/Entry.cpp}
02-24 00:56:54.259  1348 13643 E KEYFILE : [ERROR   ] keyfilegroup.cpp:348 GetKeyValues() pKeyName :OrientationInfo[1][com.instagram.android] is not found!
02-24 00:56:54.289  1348 21703 E Hal3ARaw: [setStereoParams] Dev(2) StereoQ has Error message (setStereoParams){#1565:vendor/mediatek/proprietary/hardware/mtkcam/aaa/source/isp_50/wrapper/Hal3ARawImp.cpp}
02-24 00:56:54.289  1348 13643 E NormalPipe: [vendor/mediatek/proprietary/hardware/mtkcam/drv/src/isp/mt6785/iopipe/CamIO/NormalPipe.cpp, sendCommand, line3260] ERROR: error: sendCommand fail: (cmd,arg1,arg2,arg3)=(0x00001500,0x70AE4DC890,0x70AE4DC894,0xB40000707EF5E65C) (sendCommand){#3260:vendor/mediatek/proprietary/hardware/mtkcam/drv/src/isp/mt6785/iopipe/CamIO/NormalPipe.cpp}
02-24 00:56:54.291  1348 13643 E Metadata2/Entry: itemAt(531):Get data error , tag ffffffff, mContentPtr 0x0 (itemAt){#531:vendor/mediatek/proprietary/hardware/mtkcam/utils/metadata/metadata/Entry.cpp}
02-24 00:56:54.291  1348 13643 E Metadata2/Entry: itemAt(531):Get data error , tag ffffffff, mContentPtr 0x0 (itemAt){#531:vendor/mediatek/proprietary/hardware/mtkcam/utils/metadata/metadata/Entry.cpp}
02-24 00:56:54.291  1348 13643 E KEYFILE : [ERROR   ] keyfilegroup.cpp:348 GetKeyValues() pKeyName :OrientationInfo[1][com.instagram.android] is not found!
02-24 00:56:54.322  1348 21703 E Hal3ARaw: [setStereoParams] Dev(2) StereoQ has Error message (setStereoParams){#1565:vendor/mediatek/proprietary/hardware/mtkcam/aaa/source/isp_50/wrapper/Hal3ARawImp.cpp}
02-24 00:56:54.322  1348 13643 E NormalPipe: [vendor/mediatek/proprietary/hardware/mtkcam/drv/src/isp/mt6785/iopipe/CamIO/NormalPipe.cpp, sendCommand, line3260] ERROR: error: sendCommand fail: (cmd,arg1,arg2,arg3)=(0x00001500,0x70AE4DC890,0x70AE4DC894,0xB40000707EFAD25C) (sendCommand){#3260:vendor/mediatek/proprietary/hardware/mtkcam/drv/src/isp/mt6785/iopipe/CamIO/NormalPipe.cpp}
02-24 00:56:54.325  1348 19202 E Metadata2/Entry: itemAt(531):Get data error , tag ffffffff, mContentPtr 0x0 (itemAt){#531:vendor/mediatek/proprietary/hardware/mtkcam/utils/metadata/metadata/Entry.cpp}
02-24 00:56:54.325  1348 19202 E Metadata2/Entry: itemAt(531):Get data error , tag ffffffff, mContentPtr 0x0 (itemAt){#531:vendor/mediatek/proprietary/hardware/mtkcam/utils/metadata/metadata/Entry.cpp}
02-24 00:56:54.325  1348 19202 E KEYFILE : [ERROR   ] keyfilegroup.cpp:348 GetKeyValues() pKeyName :OrientationInfo[1][com.instagram.android] is not found!
02-24 00:56:54.356  1348 21703 E Hal3ARaw: [setStereoParams] Dev(2) StereoQ has Error message (setStereoParams){#1565:vendor/mediatek/proprietary/hardware/mtkcam/aaa/source/isp_50/wrapper/Hal3ARawImp.cpp}
02-24 00:56:54.356  1348 19202 E NormalPipe: [vendor/mediatek/proprietary/hardware/mtkcam/drv/src/isp/mt6785/iopipe/CamIO/NormalPipe.cpp, sendCommand, line3260] ERROR: error: sendCommand fail: (cmd,arg1,arg2,arg3)=(0x00001500,0x70A9DD7890,0x70A9DD7894,0xB400007076DEAE5C) (sendCommand){#3260:vendor/mediatek/proprietary/hardware/mtkcam/drv/src/isp/mt6785/iopipe/CamIO/NormalPipe.cpp}
02-24 00:56:54.358  1348  1348 E Metadata2/Entry: itemAt(531):Get data error , tag ffffffff, mContentPtr 0x0 (itemAt){#531:vendor/mediatek/proprietary/hardware/mtkcam/utils/metadata/metadata/Entry.cpp}
02-24 00:56:54.358  1348  1348 E Metadata2/Entry: itemAt(531):Get data error , tag ffffffff, mContentPtr 0x0 (itemAt){#531:vendor/mediatek/proprietary/hardware/mtkcam/utils/metadata/metadata/Entry.cpp}
02-24 00:56:54.358  1348  1348 E KEYFILE : [ERROR   ] keyfilegroup.cpp:348 GetKeyValues() pKeyName :OrientationInfo[1][com.instagram.android] is not found!
02-24 00:56:54.389  1348 21703 E Hal3ARaw: [setStereoParams] Dev(2) StereoQ has Error message (setStereoParams){#1565:vendor/mediatek/proprietary/hardware/mtkcam/aaa/source/isp_50/wrapper/Hal3ARawImp.cpp}
02-24 00:56:54.389  1348  1348 E NormalPipe: [vendor/mediatek/proprietary/hardware/mtkcam/drv/src/isp/mt6785/iopipe/CamIO/NormalPipe.cpp, sendCommand, line3260] ERROR: error: sendCommand fail: (cmd,arg1,arg2,arg3)=(0x00001500,0x7FCD800FF0,0x7FCD800FF4,0xB40000707650865C) (sendCommand){#3260:vendor/mediatek/proprietary/hardware/mtkcam/drv/src/isp/mt6785/iopipe/CamIO/NormalPipe.cpp}
02-24 00:56:54.393  1348  1348 E Metadata2/Entry: itemAt(531):Get data error , tag ffffffff, mContentPtr 0x0 (itemAt){#531:vendor/mediatek/proprietary/hardware/mtkcam/utils/metadata/metadata/Entry.cpp}
02-24 00:56:54.393  1348  1348 E Metadata2/Entry: itemAt(531):Get data error , tag ffffffff, mContentPtr 0x0 (itemAt){#531:vendor/mediatek/proprietary/hardware/mtkcam/utils/metadata/metadata/Entry.cpp}
02-24 00:56:54.393  1348  1348 E KEYFILE : [ERROR   ] keyfilegroup.cpp:348 GetKeyValues() pKeyName :OrientationInfo[1][com.instagram.android] is not found!
02-24 00:56:54.422  1348 21703 E Hal3ARaw: [setStereoParams] Dev(2) StereoQ has Error message (setStereoParams){#1565:vendor/mediatek/proprietary/hardware/mtkcam/aaa/source/isp_50/wrapper/Hal3ARawImp.cpp}
02-24 00:56:54.422  1348  1348 E NormalPipe: [vendor/mediatek/proprietary/hardware/mtkcam/drv/src/isp/mt6785/iopipe/CamIO/NormalPipe.cpp, sendCommand, line3260] ERROR: error: sendCommand fail: (cmd,arg1,arg2,arg3)=(0x00001500,0x7FCD800FF0,0x7FCD800FF4,0xB40000707650A25C) (sendCommand){#3260:vendor/mediatek/proprietary/hardware/mtkcam/drv/src/isp/mt6785/iopipe/CamIO/NormalPipe.cpp}
02-24 00:56:54.424  1348  1348 E Metadata2/Entry: itemAt(531):Get data error , tag ffffffff, mContentPtr 0x0 (itemAt){#531:vendor/mediatek/proprietary/hardware/mtkcam/utils/metadata/metadata/Entry.cpp}
02-24 00:56:54.424  1348  1348 E Metadata2/Entry: itemAt(531):Get data error , tag ffffffff, mContentPtr 0x0 (itemAt){#531:vendor/mediatek/proprietary/hardware/mtkcam/utils/metadata/metadata/Entry.cpp}
02-24 00:56:54.425  1348  1348 E KEYFILE : [ERROR   ] keyfilegroup.cpp:348 GetKeyValues() pKeyName :OrientationInfo[1][com.instagram.android] is not found!
02-24 00:56:54.456  1348 21703 E Hal3ARaw: [setStereoParams] Dev(2) StereoQ has Error message (setStereoParams){#1565:vendor/mediatek/proprietary/hardware/mtkcam/aaa/source/isp_50/wrapper/Hal3ARawImp.cpp}
02-24 00:56:54.456  1348  1348 E NormalPipe: [vendor/mediatek/proprietary/hardware/mtkcam/drv/src/isp/mt6785/iopipe/CamIO/NormalPipe.cpp, sendCommand, line3260] ERROR: error: sendCommand fail: (cmd,arg1,arg2,arg3)=(0x00001500,0x7FCD800FF0,0x7FCD800FF4,0xB400007048BEB65C) (sendCommand){#3260:vendor/mediatek/proprietary/hardware/mtkcam/drv/src/isp/mt6785/iopipe/CamIO/NormalPipe.cpp}
02-24 00:56:54.460  1348  1348 E Metadata2/Entry: itemAt(531):Get data error , tag ffffffff, mContentPtr 0x0 (itemAt){#531:vendor/mediatek/proprietary/hardware/mtkcam/utils/metadata/metadata/Entry.cpp}
02-24 00:56:54.460  1348  1348 E Metadata2/Entry: itemAt(531):Get data error , tag ffffffff, mContentPtr 0x0 (itemAt){#531:vendor/mediatek/proprietary/hardware/mtkcam/utils/metadata/metadata/Entry.cpp}
02-24 00:56:54.461  1348  1348 E KEYFILE : [ERROR   ] keyfilegroup.cpp:348 GetKeyValues() pKeyName :OrientationInfo[1][com.instagram.android] is not found!
02-24 00:56:54.489  1348 21703 E Hal3ARaw: [setStereoParams] Dev(2) StereoQ has Error message (setStereoParams){#1565:vendor/mediatek/proprietary/hardware/mtkcam/aaa/source/isp_50/wrapper/Hal3ARawImp.cpp}
02-24 00:56:54.489  1348  1348 E NormalPipe: [vendor/mediatek/proprietary/hardware/mtkcam/drv/src/isp/mt6785/iopipe/CamIO/NormalPipe.cpp, sendCommand, line3260] ERROR: error: sendCommand fail: (cmd,arg1,arg2,arg3)=(0x00001500,0x7FCD800FF0,0x7FCD800FF4,0xB400007048BED25C) (sendCommand){#3260:vendor/mediatek/proprietary/hardware/mtkcam/drv/src/isp/mt6785/iopipe/CamIO/NormalPipe.cpp}
02-24 00:56:54.492  1348  1348 E Metadata2/Entry: itemAt(531):Get data error , tag ffffffff, mContentPtr 0x0 (itemAt){#531:vendor/mediatek/proprietary/hardware/mtkcam/utils/metadata/metadata/Entry.cpp}
02-24 00:56:54.492  1348  1348 E Metadata2/Entry: itemAt(531):Get data error , tag ffffffff, mContentPtr 0x0 (itemAt){#531:vendor/mediatek/proprietary/hardware/mtkcam/utils/metadata/metadata/Entry.cpp}
02-24 00:56:54.492  1348  1348 E KEYFILE : [ERROR   ] keyfilegroup.cpp:348 GetKeyValues() pKeyName :OrientationInfo[1][com.instagram.android] is not found!
02-24 00:56:54.522  1348 21703 E Hal3ARaw: [setStereoParams] Dev(2) StereoQ has Error message (setStereoParams){#1565:vendor/mediatek/proprietary/hardware/mtkcam/aaa/source/isp_50/wrapper/Hal3ARawImp.cpp}
02-24 00:56:54.522  1348  1348 E NormalPipe: [vendor/mediatek/proprietary/hardware/mtkcam/drv/src/isp/mt6785/iopipe/CamIO/NormalPipe.cpp, sendCommand, line3260] ERROR: error: sendCommand fail: (cmd,arg1,arg2,arg3)=(0x00001500,0x7FCD800FF0,0x7FCD800FF4,0xB400007048BEEE5C) (sendCommand){#3260:vendor/mediatek/proprietary/hardware/mtkcam/drv/src/isp/mt6785/iopipe/CamIO/NormalPipe.cpp}
02-24 00:56:54.525  1348  1348 E Metadata2/Entry: itemAt(531):Get data error , tag ffffffff, mContentPtr 0x0 (itemAt){#531:vendor/mediatek/proprietary/hardware/mtkcam/utils/metadata/metadata/Entry.cpp}
02-24 00:56:54.526  1348  1348 E Metadata2/Entry: itemAt(531):Get data error , tag ffffffff, mContentPtr 0x0 (itemAt){#531:vendor/mediatek/proprietary/hardware/mtkcam/utils/metadata/metadata/Entry.cpp}
02-24 00:56:54.526  1348  1348 E KEYFILE : [ERROR   ] keyfilegroup.cpp:348 GetKeyValues() pKeyName :OrientationInfo[1][com.instagram.android] is not found!
02-24 00:56:54.556  1348 21703 E Hal3ARaw: [setStereoParams] Dev(2) StereoQ has Error message (setStereoParams){#1565:vendor/mediatek/proprietary/hardware/mtkcam/aaa/source/isp_50/wrapper/Hal3ARawImp.cpp}
02-24 00:56:54.556  1348  1348 E NormalPipe: [vendor/mediatek/proprietary/hardware/mtkcam/drv/src/isp/mt6785/iopipe/CamIO/NormalPipe.cpp, sendCommand, line3260] ERROR: error: sendCommand fail: (cmd,arg1,arg2,arg3)=(0x00001500,0x7FCD800FF0,0x7FCD800FF4,0xB4000070A99D4A5C) (sendCommand){#3260:vendor/mediatek/proprietary/hardware/mtkcam/drv/src/isp/mt6785/iopipe/CamIO/NormalPipe.cpp}
02-24 00:56:54.558  1348  1348 E Metadata2/Entry: itemAt(531):Get data error , tag ffffffff, mContentPtr 0x0 (itemAt){#531:vendor/mediatek/proprietary/hardware/mtkcam/utils/metadata/metadata/Entry.cpp}
02-24 00:56:54.559  1348  1348 E Metadata2/Entry: itemAt(531):Get data error , tag ffffffff, mContentPtr 0x0 (itemAt){#531:vendor/mediatek/proprietary/hardware/mtkcam/utils/metadata/metadata/Entry.cpp}
02-24 00:56:54.559  1348  1348 E KEYFILE : [ERROR   ] keyfilegroup.cpp:348 GetKeyValues() pKeyName :OrientationInfo[1][com.instagram.android] is not found!
02-24 00:56:54.589  1348 21703 E Hal3ARaw: [setStereoParams] Dev(2) StereoQ has Error message (setStereoParams){#1565:vendor/mediatek/proprietary/hardware/mtkcam/aaa/source/isp_50/wrapper/Hal3ARawImp.cpp}
02-24 00:56:54.589  1348  1348 E NormalPipe: [vendor/mediatek/proprietary/hardware/mtkcam/drv/src/isp/mt6785/iopipe/CamIO/NormalPipe.cpp, sendCommand, line3260] ERROR: error: sendCommand fail: (cmd,arg1,arg2,arg3)=(0x00001500,0x7FCD800FF0,0x7FCD800FF4,0xB4000070A99D665C) (sendCommand){#3260:vendor/mediatek/proprietary/hardware/mtkcam/drv/src/isp/mt6785/iopipe/CamIO/NormalPipe.cpp}
02-24 00:56:54.592  1348  1348 E Metadata2/Entry: itemAt(531):Get data error , tag ffffffff, mContentPtr 0x0 (itemAt){#531:vendor/mediatek/proprietary/hardware/mtkcam/utils/metadata/metadata/Entry.cpp}
02-24 00:56:54.592  1348  1348 E Metadata2/Entry: itemAt(531):Get data error , tag ffffffff, mContentPtr 0x0 (itemAt){#531:vendor/mediatek/proprietary/hardware/mtkcam/utils/metadata/metadata/Entry.cpp}
02-24 00:56:54.592  1348  1348 E KEYFILE : [ERROR   ] keyfilegroup.cpp:348 GetKeyValues() pKeyName :OrientationInfo[1][com.instagram.android] is not found!
02-24 00:56:54.622  1348 21703 E Hal3ARaw: [setStereoParams] Dev(2) StereoQ has Error message (setStereoParams){#1565:vendor/mediatek/proprietary/hardware/mtkcam/aaa/source/isp_50/wrapper/Hal3ARawImp.cpp}
02-24 00:56:54.622  1348  1348 E NormalPipe: [vendor/mediatek/proprietary/hardware/mtkcam/drv/src/isp/mt6785/iopipe/CamIO/NormalPipe.cpp, sendCommand, line3260] ERROR: error: sendCommand fail: (cmd,arg1,arg2,arg3)=(0x00001500,0x7FCD800FF0,0x7FCD800FF4,0xB4000070A99D825C) (sendCommand){#3260:vendor/mediatek/proprietary/hardware/mtkcam/drv/src/isp/mt6785/iopipe/CamIO/NormalPipe.cpp}
02-24 00:56:54.625  1348  1348 E Metadata2/Entry: itemAt(531):Get data error , tag ffffffff, mContentPtr 0x0 (itemAt){#531:vendor/mediatek/proprietary/hardware/mtkcam/utils/metadata/metadata/Entry.cpp}
02-24 00:56:54.625  1348  1348 E Metadata2/Entry: itemAt(531):Get data error , tag ffffffff, mContentPtr 0x0 (itemAt){#531:vendor/mediatek/proprietary/hardware/mtkcam/utils/metadata/metadata/Entry.cpp}
02-24 00:56:54.625  1348  1348 E KEYFILE : [ERROR   ] keyfilegroup.cpp:348 GetKeyValues() pKeyName :OrientationInfo[1][com.instagram.android] is not found!
02-24 00:56:54.655  1348 21703 E Hal3ARaw: [setStereoParams] Dev(2) StereoQ has Error message (setStereoParams){#1565:vendor/mediatek/proprietary/hardware/mtkcam/aaa/source/isp_50/wrapper/Hal3ARawImp.cpp}
02-24 00:56:54.656  1348  1348 E NormalPipe: [vendor/mediatek/proprietary/hardware/mtkcam/drv/src/isp/mt6785/iopipe/CamIO/NormalPipe.cpp, sendCommand, line3260] ERROR: error: sendCommand fail: (cmd,arg1,arg2,arg3)=(0x00001500,0x7FCD800FF0,0x7FCD800FF4,0xB4000070AD193A5C) (sendCommand){#3260:vendor/mediatek/proprietary/hardware/mtkcam/drv/src/isp/mt6785/iopipe/CamIO/NormalPipe.cpp}
02-24 00:56:54.658  1348 19202 E Metadata2/Entry: itemAt(531):Get data error , tag ffffffff, mContentPtr 0x0 (itemAt){#531:vendor/mediatek/proprietary/hardware/mtkcam/utils/metadata/metadata/Entry.cpp}
02-24 00:56:54.658  1348 19202 E Metadata2/Entry: itemAt(531):Get data error , tag ffffffff, mContentPtr 0x0 (itemAt){#531:vendor/mediatek/proprietary/hardware/mtkcam/utils/metadata/metadata/Entry.cpp}
02-24 00:56:54.659  1348 19202 E KEYFILE : [ERROR   ] keyfilegroup.cpp:348 GetKeyValues() pKeyName :OrientationInfo[1][com.instagram.android] is not found!
02-24 00:56:54.689  1348 21703 E Hal3ARaw: [setStereoParams] Dev(2) StereoQ has Error message (setStereoParams){#1565:vendor/mediatek/proprietary/hardware/mtkcam/aaa/source/isp_50/wrapper/Hal3ARawImp.cpp}
02-24 00:56:54.689  1348 19202 E NormalPipe: [vendor/mediatek/proprietary/hardware/mtkcam/drv/src/isp/mt6785/iopipe/CamIO/NormalPipe.cpp, sendCommand, line3260] ERROR: error: sendCommand fail: (cmd,arg1,arg2,arg3)=(0x00001500,0x70A9DD7890,0x70A9DD7894,0xB400007076506A5C) (sendCommand){#3260:vendor/mediatek/proprietary/hardware/mtkcam/drv/src/isp/mt6785/iopipe/CamIO/NormalPipe.cpp}
02-24 00:56:54.692  1348  1348 E Metadata2/Entry: itemAt(531):Get data error , tag ffffffff, mContentPtr 0x0 (itemAt){#531:vendor/mediatek/proprietary/hardware/mtkcam/utils/metadata/metadata/Entry.cpp}
02-24 00:56:54.692  1348  1348 E Metadata2/Entry: itemAt(531):Get data error , tag ffffffff, mContentPtr 0x0 (itemAt){#531:vendor/mediatek/proprietary/hardware/mtkcam/utils/metadata/metadata/Entry.cpp}
02-24 00:56:54.693  1348  1348 E KEYFILE : [ERROR   ] keyfilegroup.cpp:348 GetKeyValues() pKeyName :OrientationInfo[1][com.instagram.android] is not found!
02-24 00:56:54.722  1348 21703 E Hal3ARaw: [setStereoParams] Dev(2) StereoQ has Error message (setStereoParams){#1565:vendor/mediatek/proprietary/hardware/mtkcam/aaa/source/isp_50/wrapper/Hal3ARawImp.cpp}
02-24 00:56:54.722  1348  1348 E NormalPipe: [vendor/mediatek/proprietary/hardware/mtkcam/drv/src/isp/mt6785/iopipe/CamIO/NormalPipe.cpp, sendCommand, line3260] ERROR: error: sendCommand fail: (cmd,arg1,arg2,arg3)=(0x00001500,0x7FCD800FF0,0x7FCD800FF4,0xB4000070AD19565C) (sendCommand){#3260:vendor/mediatek/proprietary/hardware/mtkcam/drv/src/isp/mt6785/iopipe/CamIO/NormalPipe.cpp}
02-24 00:56:54.725  1348 13643 E Metadata2/Entry: itemAt(531):Get data error , tag ffffffff, mContentPtr 0x0 (itemAt){#531:vendor/mediatek/proprietary/hardware/mtkcam/utils/metadata/metadata/Entry.cpp}
02-24 00:56:54.725  1348 13643 E Metadata2/Entry: itemAt(531):Get data error , tag ffffffff, mContentPtr 0x0 (itemAt){#531:vendor/mediatek/proprietary/hardware/mtkcam/utils/metadata/metadata/Entry.cpp}
02-24 00:56:54.725  1348 13643 E KEYFILE : [ERROR   ] keyfilegroup.cpp:348 GetKeyValues() pKeyName :OrientationInfo[1][com.instagram.android] is not found!
02-24 00:56:54.756  1348 21703 E Hal3ARaw: [setStereoParams] Dev(2) StereoQ has Error message (setStereoParams){#1565:vendor/mediatek/proprietary/hardware/mtkcam/aaa/source/isp_50/wrapper/Hal3ARawImp.cpp}
02-24 00:56:54.756  1348 13643 E NormalPipe: [vendor/mediatek/proprietary/hardware/mtkcam/drv/src/isp/mt6785/iopipe/CamIO/NormalPipe.cpp, sendCommand, line3260] ERROR: error: sendCommand fail: (cmd,arg1,arg2,arg3)=(0x00001500,0x70AE4DC890,0x70AE4DC894,0xB40000707EFAEE5C) (sendCommand){#3260:vendor/mediatek/proprietary/hardware/mtkcam/drv/src/isp/mt6785/iopipe/CamIO/NormalPipe.cpp}
02-24 00:56:54.759  1348 13643 E Metadata2/Entry: itemAt(531):Get data error , tag ffffffff, mContentPtr 0x0 (itemAt){#531:vendor/mediatek/proprietary/hardware/mtkcam/utils/metadata/metadata/Entry.cpp}
02-24 00:56:54.759  1348 13643 E Metadata2/Entry: itemAt(531):Get data error , tag ffffffff, mContentPtr 0x0 (itemAt){#531:vendor/mediatek/proprietary/hardware/mtkcam/utils/metadata/metadata/Entry.cpp}
02-24 00:56:54.759  1348 13643 E KEYFILE : [ERROR   ] keyfilegroup.cpp:348 GetKeyValues() pKeyName :OrientationInfo[1][com.instagram.android] is not found!
02-24 00:56:54.789  1348 21703 E Hal3ARaw: [setStereoParams] Dev(2) StereoQ has Error message (setStereoParams){#1565:vendor/mediatek/proprietary/hardware/mtkcam/aaa/source/isp_50/wrapper/Hal3ARawImp.cpp}
02-24 00:56:54.789  1348 13643 E NormalPipe: [vendor/mediatek/proprietary/hardware/mtkcam/drv/src/isp/mt6785/iopipe/CamIO/NormalPipe.cpp, sendCommand, line3260] ERROR: error: sendCommand fail: (cmd,arg1,arg2,arg3)=(0x00001500,0x70AE4DC890,0x70AE4DC894,0xB40000707A6F6E5C) (sendCommand){#3260:vendor/mediatek/proprietary/hardware/mtkcam/drv/src/isp/mt6785/iopipe/CamIO/NormalPipe.cpp}
02-24 00:56:54.791  1348 13643 E Metadata2/Entry: itemAt(531):Get data error , tag ffffffff, mContentPtr 0x0 (itemAt){#531:vendor/mediatek/proprietary/hardware/mtkcam/utils/metadata/metadata/Entry.cpp}
02-24 00:56:54.791  1348 13643 E Metadata2/Entry: itemAt(531):Get data error , tag ffffffff, mContentPtr 0x0 (itemAt){#531:vendor/mediatek/proprietary/hardware/mtkcam/utils/metadata/metadata/Entry.cpp}
02-24 00:56:54.792  1348 13643 E KEYFILE : [ERROR   ] keyfilegroup.cpp:348 GetKeyValues() pKeyName :OrientationInfo[1][com.instagram.android] is not found!
02-24 00:56:54.822  1348 13643 E NormalPipe: [vendor/mediatek/proprietary/hardware/mtkcam/drv/src/isp/mt6785/iopipe/CamIO/NormalPipe.cpp, sendCommand, line3260] ERROR: error: sendCommand fail: (cmd,arg1,arg2,arg3)=(0x00001500,0x70AE4DC890,0x70AE4DC894,0xB4000070797E2A5C) (sendCommand){#3260:vendor/mediatek/proprietary/hardware/mtkcam/drv/src/isp/mt6785/iopipe/CamIO/NormalPipe.cpp}
02-24 00:56:54.822  1348 21703 E Hal3ARaw: [setStereoParams] Dev(2) StereoQ has Error message (setStereoParams){#1565:vendor/mediatek/proprietary/hardware/mtkcam/aaa/source/isp_50/wrapper/Hal3ARawImp.cpp}
02-24 00:56:54.824  1348 19202 E Metadata2/Entry: itemAt(531):Get data error , tag ffffffff, mContentPtr 0x0 (itemAt){#531:vendor/mediatek/proprietary/hardware/mtkcam/utils/metadata/metadata/Entry.cpp}
02-24 00:56:54.824  1348 19202 E Metadata2/Entry: itemAt(531):Get data error , tag ffffffff, mContentPtr 0x0 (itemAt){#531:vendor/mediatek/proprietary/hardware/mtkcam/utils/metadata/metadata/Entry.cpp}
02-24 00:56:54.825  1348 19202 E KEYFILE : [ERROR   ] keyfilegroup.cpp:348 GetKeyValues() pKeyName :OrientationInfo[1][com.instagram.android] is not found!
02-24 00:56:54.855  1348 19202 E NormalPipe: [vendor/mediatek/proprietary/hardware/mtkcam/drv/src/isp/mt6785/iopipe/CamIO/NormalPipe.cpp, sendCommand, line3260] ERROR: error: sendCommand fail: (cmd,arg1,arg2,arg3)=(0x00001500,0x70A9DD7890,0x70A9DD7894,0xB40000707657425C) (sendCommand){#3260:vendor/mediatek/proprietary/hardware/mtkcam/drv/src/isp/mt6785/iopipe/CamIO/NormalPipe.cpp}
02-24 00:56:54.855  1348 21703 E Hal3ARaw: [setStereoParams] Dev(2) StereoQ has Error message (setStereoParams){#1565:vendor/mediatek/proprietary/hardware/mtkcam/aaa/source/isp_50/wrapper/Hal3ARawImp.cpp}
02-24 00:56:54.858  1348 13643 E Metadata2/Entry: itemAt(531):Get data error , tag ffffffff, mContentPtr 0x0 (itemAt){#531:vendor/mediatek/proprietary/hardware/mtkcam/utils/metadata/metadata/Entry.cpp}
02-24 00:56:54.858  1348 13643 E Metadata2/Entry: itemAt(531):Get data error , tag ffffffff, mContentPtr 0x0 (itemAt){#531:vendor/mediatek/proprietary/hardware/mtkcam/utils/metadata/metadata/Entry.cpp}
02-24 00:56:54.858  1348 13643 E KEYFILE : [ERROR   ] keyfilegroup.cpp:348 GetKeyValues() pKeyName :OrientationInfo[1][com.instagram.android] is not found!
02-24 00:56:54.889  1348 21703 E Hal3ARaw: [setStereoParams] Dev(2) StereoQ has Error message (setStereoParams){#1565:vendor/mediatek/proprietary/hardware/mtkcam/aaa/source/isp_50/wrapper/Hal3ARawImp.cpp}
02-24 00:56:54.889  1348 13643 E NormalPipe: [vendor/mediatek/proprietary/hardware/mtkcam/drv/src/isp/mt6785/iopipe/CamIO/NormalPipe.cpp, sendCommand, line3260] ERROR: error: sendCommand fail: (cmd,arg1,arg2,arg3)=(0x00001500,0x70AE4DC890,0x70AE4DC894,0xB4000070797E625C) (sendCommand){#3260:vendor/mediatek/proprietary/hardware/mtkcam/drv/src/isp/mt6785/iopipe/CamIO/NormalPipe.cpp}
02-24 00:56:54.891  1348 13643 E Metadata2/Entry: itemAt(531):Get data error , tag ffffffff, mContentPtr 0x0 (itemAt){#531:vendor/mediatek/proprietary/hardware/mtkcam/utils/metadata/metadata/Entry.cpp}
02-24 00:56:54.891  1348 13643 E Metadata2/Entry: itemAt(531):Get data error , tag ffffffff, mContentPtr 0x0 (itemAt){#531:vendor/mediatek/proprietary/hardware/mtkcam/utils/metadata/metadata/Entry.cpp}
02-24 00:56:54.891  1348 13643 E KEYFILE : [ERROR   ] keyfilegroup.cpp:348 GetKeyValues() pKeyName :OrientationInfo[1][com.instagram.android] is not found!
02-24 00:56:54.922  1348 21703 E Hal3ARaw: [setStereoParams] Dev(2) StereoQ has Error message (setStereoParams){#1565:vendor/mediatek/proprietary/hardware/mtkcam/aaa/source/isp_50/wrapper/Hal3ARawImp.cpp}
02-24 00:56:54.922  1348 13643 E NormalPipe: [vendor/mediatek/proprietary/hardware/mtkcam/drv/src/isp/mt6785/iopipe/CamIO/NormalPipe.cpp, sendCommand, line3260] ERROR: error: sendCommand fail: (cmd,arg1,arg2,arg3)=(0x00001500,0x70AE4DC890,0x70AE4DC894,0xB4000070797E7E5C) (sendCommand){#3260:vendor/mediatek/proprietary/hardware/mtkcam/drv/src/isp/mt6785/iopipe/CamIO/NormalPipe.cpp}
02-24 00:56:54.925  1348  1348 E Metadata2/Entry: itemAt(531):Get data error , tag ffffffff, mContentPtr 0x0 (itemAt){#531:vendor/mediatek/proprietary/hardware/mtkcam/utils/metadata/metadata/Entry.cpp}
02-24 00:56:54.925  1348  1348 E Metadata2/Entry: itemAt(531):Get data error , tag ffffffff, mContentPtr 0x0 (itemAt){#531:vendor/mediatek/proprietary/hardware/mtkcam/utils/metadata/metadata/Entry.cpp}
02-24 00:56:54.925  1348  1348 E KEYFILE : [ERROR   ] keyfilegroup.cpp:348 GetKeyValues() pKeyName :OrientationInfo[1][com.instagram.android] is not found!
02-24 00:56:54.955  1348 21703 E Hal3ARaw: [setStereoParams] Dev(2) StereoQ has Error message (setStereoParams){#1565:vendor/mediatek/proprietary/hardware/mtkcam/aaa/source/isp_50/wrapper/Hal3ARawImp.cpp}
02-24 00:56:54.955  1348  1348 E NormalPipe: [vendor/mediatek/proprietary/hardware/mtkcam/drv/src/isp/mt6785/iopipe/CamIO/NormalPipe.cpp, sendCommand, line3260] ERROR: error: sendCommand fail: (cmd,arg1,arg2,arg3)=(0x00001500,0x7FCD800FF0,0x7FCD800FF4,0xB4000070A99D9E5C) (sendCommand){#3260:vendor/mediatek/proprietary/hardware/mtkcam/drv/src/isp/mt6785/iopipe/CamIO/NormalPipe.cpp}
02-24 00:56:54.958  1348  1348 E Metadata2/Entry: itemAt(531):Get data error , tag ffffffff, mContentPtr 0x0 (itemAt){#531:vendor/mediatek/proprietary/hardware/mtkcam/utils/metadata/metadata/Entry.cpp}
02-24 00:56:54.958  1348  1348 E Metadata2/Entry: itemAt(531):Get data error , tag ffffffff, mContentPtr 0x0 (itemAt){#531:vendor/mediatek/proprietary/hardware/mtkcam/utils/metadata/metadata/Entry.cpp}
02-24 00:56:54.958  1348  1348 E KEYFILE : [ERROR   ] keyfilegroup.cpp:348 GetKeyValues() pKeyName :OrientationInfo[1][com.instagram.android] is not found!
02-24 00:56:54.989  1348 21703 E Hal3ARaw: [setStereoParams] Dev(2) StereoQ has Error message (setStereoParams){#1565:vendor/mediatek/proprietary/hardware/mtkcam/aaa/source/isp_50/wrapper/Hal3ARawImp.cpp}
02-24 00:56:54.989  1348  1348 E NormalPipe: [vendor/mediatek/proprietary/hardware/mtkcam/drv/src/isp/mt6785/iopipe/CamIO/NormalPipe.cpp, sendCommand, line3260] ERROR: error: sendCommand fail: (cmd,arg1,arg2,arg3)=(0x00001500,0x7FCD800FF0,0x7FCD800FF4,0xB40000707D08EE5C) (sendCommand){#3260:vendor/mediatek/proprietary/hardware/mtkcam/drv/src/isp/mt6785/iopipe/CamIO/NormalPipe.cpp}
02-24 00:56:54.991  1348  1348 E Metadata2/Entry: itemAt(531):Get data error , tag ffffffff, mContentPtr 0x0 (itemAt){#531:vendor/mediatek/proprietary/hardware/mtkcam/utils/metadata/metadata/Entry.cpp}
02-24 00:56:54.992  1348  1348 E Metadata2/Entry: itemAt(531):Get data error , tag ffffffff, mContentPtr 0x0 (itemAt){#531:vendor/mediatek/proprietary/hardware/mtkcam/utils/metadata/metadata/Entry.cpp}
02-24 00:56:54.992  1348  1348 E KEYFILE : [ERROR   ] keyfilegroup.cpp:348 GetKeyValues() pKeyName :OrientationInfo[1][com.instagram.android] is not found!
02-24 00:56:55.022  1348 21703 E Hal3ARaw: [setStereoParams] Dev(2) StereoQ has Error message (setStereoParams){#1565:vendor/mediatek/proprietary/hardware/mtkcam/aaa/source/isp_50/wrapper/Hal3ARawImp.cpp}
02-24 00:56:55.022  1348  1348 E NormalPipe: [vendor/mediatek/proprietary/hardware/mtkcam/drv/src/isp/mt6785/iopipe/CamIO/NormalPipe.cpp, sendCommand, line3260] ERROR: error: sendCommand fail: (cmd,arg1,arg2,arg3)=(0x00001500,0x7FCD800FF0,0x7FCD800FF4,0xB400007077DE6A5C) (sendCommand){#3260:vendor/mediatek/proprietary/hardware/mtkcam/drv/src/isp/mt6785/iopipe/CamIO/NormalPipe.cpp}
02-24 00:56:55.024  1348 19202 E Metadata2/Entry: itemAt(531):Get data error , tag ffffffff, mContentPtr 0x0 (itemAt){#531:vendor/mediatek/proprietary/hardware/mtkcam/utils/metadata/metadata/Entry.cpp}
02-24 00:56:55.024  1348 19202 E Metadata2/Entry: itemAt(531):Get data error , tag ffffffff, mContentPtr 0x0 (itemAt){#531:vendor/mediatek/proprietary/hardware/mtkcam/utils/metadata/metadata/Entry.cpp}
02-24 00:56:55.024  1348 19202 E KEYFILE : [ERROR   ] keyfilegroup.cpp:348 GetKeyValues() pKeyName :OrientationInfo[1][com.instagram.android] is not found!
02-24 00:56:55.055  1348 21703 E Hal3ARaw: [setStereoParams] Dev(2) StereoQ has Error message (setStereoParams){#1565:vendor/mediatek/proprietary/hardware/mtkcam/aaa/source/isp_50/wrapper/Hal3ARawImp.cpp}
02-24 00:56:55.055  1348 19202 E NormalPipe: [vendor/mediatek/proprietary/hardware/mtkcam/drv/src/isp/mt6785/iopipe/CamIO/NormalPipe.cpp, sendCommand, line3260] ERROR: error: sendCommand fail: (cmd,arg1,arg2,arg3)=(0x00001500,0x70A9DD7890,0x70A9DD7894,0xB40000707B91465C) (sendCommand){#3260:vendor/mediatek/proprietary/hardware/mtkcam/drv/src/isp/mt6785/iopipe/CamIO/NormalPipe.cpp}
02-24 00:56:55.058  1348  1348 E Metadata2/Entry: itemAt(531):Get data error , tag ffffffff, mContentPtr 0x0 (itemAt){#531:vendor/mediatek/proprietary/hardware/mtkcam/utils/metadata/metadata/Entry.cpp}
02-24 00:56:55.058  1348  1348 E Metadata2/Entry: itemAt(531):Get data error , tag ffffffff, mContentPtr 0x0 (itemAt){#531:vendor/mediatek/proprietary/hardware/mtkcam/utils/metadata/metadata/Entry.cpp}
02-24 00:56:55.058  1348  1348 E KEYFILE : [ERROR   ] keyfilegroup.cpp:348 GetKeyValues() pKeyName :OrientationInfo[1][com.instagram.android] is not found!
02-24 00:56:55.089  1348 21703 E Hal3ARaw: [setStereoParams] Dev(2) StereoQ has Error message (setStereoParams){#1565:vendor/mediatek/proprietary/hardware/mtkcam/aaa/source/isp_50/wrapper/Hal3ARawImp.cpp}
02-24 00:56:55.089  1348  1348 E NormalPipe: [vendor/mediatek/proprietary/hardware/mtkcam/drv/src/isp/mt6785/iopipe/CamIO/NormalPipe.cpp, sendCommand, line3260] ERROR: error: sendCommand fail: (cmd,arg1,arg2,arg3)=(0x00001500,0x7FCD800FF0,0x7FCD800FF4,0xB400007077DE865C) (sendCommand){#3260:vendor/mediatek/proprietary/hardware/mtkcam/drv/src/isp/mt6785/iopipe/CamIO/NormalPipe.cpp}
02-24 00:56:55.091  1348  1348 E Metadata2/Entry: itemAt(531):Get data error , tag ffffffff, mContentPtr 0x0 (itemAt){#531:vendor/mediatek/proprietary/hardware/mtkcam/utils/metadata/metadata/Entry.cpp}
02-24 00:56:55.091  1348  1348 E Metadata2/Entry: itemAt(531):Get data error , tag ffffffff, mContentPtr 0x0 (itemAt){#531:vendor/mediatek/proprietary/hardware/mtkcam/utils/metadata/metadata/Entry.cpp}
02-24 00:56:55.091  1348  1348 E KEYFILE : [ERROR   ] keyfilegroup.cpp:348 GetKeyValues() pKeyName :OrientationInfo[1][com.instagram.android] is not found!
02-24 00:56:55.122  1348 21703 E Hal3ARaw: [setStereoParams] Dev(2) StereoQ has Error message (setStereoParams){#1565:vendor/mediatek/proprietary/hardware/mtkcam/aaa/source/isp_50/wrapper/Hal3ARawImp.cpp}
02-24 00:56:55.122  1348  1348 E NormalPipe: [vendor/mediatek/proprietary/hardware/mtkcam/drv/src/isp/mt6785/iopipe/CamIO/NormalPipe.cpp, sendCommand, line3260] ERROR: error: sendCommand fail: (cmd,arg1,arg2,arg3)=(0x00001500,0x7FCD800FF0,0x7FCD800FF4,0xB4000070771F7E5C) (sendCommand){#3260:vendor/mediatek/proprietary/hardware/mtkcam/drv/src/isp/mt6785/iopipe/CamIO/NormalPipe.cpp}
02-24 00:56:55.124  1348  1348 E Metadata2/Entry: itemAt(531):Get data error , tag ffffffff, mContentPtr 0x0 (itemAt){#531:vendor/mediatek/proprietary/hardware/mtkcam/utils/metadata/metadata/Entry.cpp}
02-24 00:56:55.124  1348  1348 E Metadata2/Entry: itemAt(531):Get data error , tag ffffffff, mContentPtr 0x0 (itemAt){#531:vendor/mediatek/proprietary/hardware/mtkcam/utils/metadata/metadata/Entry.cpp}
02-24 00:56:55.125  1348  1348 E KEYFILE : [ERROR   ] keyfilegroup.cpp:348 GetKeyValues() pKeyName :OrientationInfo[1][com.instagram.android] is not found!
02-24 00:56:55.156  1348 21703 E Hal3ARaw: [setStereoParams] Dev(2) StereoQ has Error message (setStereoParams){#1565:vendor/mediatek/proprietary/hardware/mtkcam/aaa/source/isp_50/wrapper/Hal3ARawImp.cpp}
02-24 00:56:55.156  1348  1348 E NormalPipe: [vendor/mediatek/proprietary/hardware/mtkcam/drv/src/isp/mt6785/iopipe/CamIO/NormalPipe.cpp, sendCommand, line3260] ERROR: error: sendCommand fail: (cmd,arg1,arg2,arg3)=(0x00001500,0x7FCD800FF0,0x7FCD800FF4,0xB40000707650BE5C) (sendCommand){#3260:vendor/mediatek/proprietary/hardware/mtkcam/drv/src/isp/mt6785/iopipe/CamIO/NormalPipe.cpp}
02-24 00:56:55.159  1348  1348 E Metadata2/Entry: itemAt(531):Get data error , tag ffffffff, mContentPtr 0x0 (itemAt){#531:vendor/mediatek/proprietary/hardware/mtkcam/utils/metadata/metadata/Entry.cpp}
02-24 00:56:55.159  1348  1348 E Metadata2/Entry: itemAt(531):Get data error , tag ffffffff, mContentPtr 0x0 (itemAt){#531:vendor/mediatek/proprietary/hardware/mtkcam/utils/metadata/metadata/Entry.cpp}
02-24 00:56:55.159  1348  1348 E KEYFILE : [ERROR   ] keyfilegroup.cpp:348 GetKeyValues() pKeyName :OrientationInfo[1][com.instagram.android] is not found!
02-24 00:56:55.189  1348 21703 E Hal3ARaw: [setStereoParams] Dev(2) StereoQ has Error message (setStereoParams){#1565:vendor/mediatek/proprietary/hardware/mtkcam/aaa/source/isp_50/wrapper/Hal3ARawImp.cpp}
02-24 00:56:55.189  1348  1348 E NormalPipe: [vendor/mediatek/proprietary/hardware/mtkcam/drv/src/isp/mt6785/iopipe/CamIO/NormalPipe.cpp, sendCommand, line3260] ERROR: error: sendCommand fail: (cmd,arg1,arg2,arg3)=(0x00001500,0x7FCD800FF0,0x7FCD800FF4,0xB400007076575E5C) (sendCommand){#3260:vendor/mediatek/proprietary/hardware/mtkcam/drv/src/isp/mt6785/iopipe/CamIO/NormalPipe.cpp}
02-24 00:56:55.191  1348  1348 E Metadata2/Entry: itemAt(531):Get data error , tag ffffffff, mContentPtr 0x0 (itemAt){#531:vendor/mediatek/proprietary/hardware/mtkcam/utils/metadata/metadata/Entry.cpp}
02-24 00:56:55.191  1348  1348 E Metadata2/Entry: itemAt(531):Get data error , tag ffffffff, mContentPtr 0x0 (itemAt){#531:vendor/mediatek/proprietary/hardware/mtkcam/utils/metadata/metadata/Entry.cpp}
02-24 00:56:55.191  1348  1348 E KEYFILE : [ERROR   ] keyfilegroup.cpp:348 GetKeyValues() pKeyName :OrientationInfo[1][com.instagram.android] is not found!
02-24 00:56:55.222  1348  1348 E NormalPipe: [vendor/mediatek/proprietary/hardware/mtkcam/drv/src/isp/mt6785/iopipe/CamIO/NormalPipe.cpp, sendCommand, line3260] ERROR: error: sendCommand fail: (cmd,arg1,arg2,arg3)=(0x00001500,0x7FCD800FF0,0x7FCD800FF4,0xB4000070AC7B225C) (sendCommand){#3260:vendor/mediatek/proprietary/hardware/mtkcam/drv/src/isp/mt6785/iopipe/CamIO/NormalPipe.cpp}
02-24 00:56:55.222  1348 21703 E Hal3ARaw: [setStereoParams] Dev(2) StereoQ has Error message (setStereoParams){#1565:vendor/mediatek/proprietary/hardware/mtkcam/aaa/source/isp_50/wrapper/Hal3ARawImp.cpp}
02-24 00:56:55.225  1348 19202 E Metadata2/Entry: itemAt(531):Get data error , tag ffffffff, mContentPtr 0x0 (itemAt){#531:vendor/mediatek/proprietary/hardware/mtkcam/utils/metadata/metadata/Entry.cpp}
02-24 00:56:55.225  1348 19202 E Metadata2/Entry: itemAt(531):Get data error , tag ffffffff, mContentPtr 0x0 (itemAt){#531:vendor/mediatek/proprietary/hardware/mtkcam/utils/metadata/metadata/Entry.cpp}
02-24 00:56:55.225  1348 19202 E KEYFILE : [ERROR   ] keyfilegroup.cpp:348 GetKeyValues() pKeyName :OrientationInfo[1][com.instagram.android] is not found!
02-24 00:56:55.255  1348 21703 E Hal3ARaw: [setStereoParams] Dev(2) StereoQ has Error message (setStereoParams){#1565:vendor/mediatek/proprietary/hardware/mtkcam/aaa/source/isp_50/wrapper/Hal3ARawImp.cpp}
02-24 00:56:55.255  1348 19202 E NormalPipe: [vendor/mediatek/proprietary/hardware/mtkcam/drv/src/isp/mt6785/iopipe/CamIO/NormalPipe.cpp, sendCommand, line3260] ERROR: error: sendCommand fail: (cmd,arg1,arg2,arg3)=(0x00001500,0x70A9DD7890,0x70A9DD7894,0xB40000707B91625C) (sendCommand){#3260:vendor/mediatek/proprietary/hardware/mtkcam/drv/src/isp/mt6785/iopipe/CamIO/NormalPipe.cpp}
02-24 00:56:55.259  1348 19202 E Metadata2/Entry: itemAt(531):Get data error , tag ffffffff, mContentPtr 0x0 (itemAt){#531:vendor/mediatek/proprietary/hardware/mtkcam/utils/metadata/metadata/Entry.cpp}
02-24 00:56:55.259  1348 19202 E Metadata2/Entry: itemAt(531):Get data error , tag ffffffff, mContentPtr 0x0 (itemAt){#531:vendor/mediatek/proprietary/hardware/mtkcam/utils/metadata/metadata/Entry.cpp}
02-24 00:56:55.259  1348 19202 E KEYFILE : [ERROR   ] keyfilegroup.cpp:348 GetKeyValues() pKeyName :OrientationInfo[1][com.instagram.android] is not found!
02-24 00:56:55.288  1348 21703 E Hal3ARaw: [setStereoParams] Dev(2) StereoQ has Error message (setStereoParams){#1565:vendor/mediatek/proprietary/hardware/mtkcam/aaa/source/isp_50/wrapper/Hal3ARawImp.cpp}
02-24 00:56:55.289  1348 19202 E NormalPipe: [vendor/mediatek/proprietary/hardware/mtkcam/drv/src/isp/mt6785/iopipe/CamIO/NormalPipe.cpp, sendCommand, line3260] ERROR: error: sendCommand fail: (cmd,arg1,arg2,arg3)=(0x00001500,0x70A9DD7890,0x70A9DD7894,0xB40000707B922A5C) (sendCommand){#3260:vendor/mediatek/proprietary/hardware/mtkcam/drv/src/isp/mt6785/iopipe/CamIO/NormalPipe.cpp}
02-24 00:56:55.292  1348 13643 E Metadata2/Entry: itemAt(531):Get data error , tag ffffffff, mContentPtr 0x0 (itemAt){#531:vendor/mediatek/proprietary/hardware/mtkcam/utils/metadata/metadata/Entry.cpp}
02-24 00:56:55.292  1348 13643 E Metadata2/Entry: itemAt(531):Get data error , tag ffffffff, mContentPtr 0x0 (itemAt){#531:vendor/mediatek/proprietary/hardware/mtkcam/utils/metadata/metadata/Entry.cpp}
02-24 00:56:55.292  1348 13643 E KEYFILE : [ERROR   ] keyfilegroup.cpp:348 GetKeyValues() pKeyName :OrientationInfo[1][com.instagram.android] is not found!
02-24 00:56:55.322  1348 21703 E Hal3ARaw: [setStereoParams] Dev(2) StereoQ has Error message (setStereoParams){#1565:vendor/mediatek/proprietary/hardware/mtkcam/aaa/source/isp_50/wrapper/Hal3ARawImp.cpp}
02-24 00:56:55.322  1348 13643 E NormalPipe: [vendor/mediatek/proprietary/hardware/mtkcam/drv/src/isp/mt6785/iopipe/CamIO/NormalPipe.cpp, sendCommand, line3260] ERROR: error: sendCommand fail: (cmd,arg1,arg2,arg3)=(0x00001500,0x70AE4DC890,0x70AE4DC894,0xB400007098D2AA5C) (sendCommand){#3260:vendor/mediatek/proprietary/hardware/mtkcam/drv/src/isp/mt6785/iopipe/CamIO/NormalPipe.cpp}
02-24 00:56:55.325  1348  1348 E Metadata2/Entry: itemAt(531):Get data error , tag ffffffff, mContentPtr 0x0 (itemAt){#531:vendor/mediatek/proprietary/hardware/mtkcam/utils/metadata/metadata/Entry.cpp}
02-24 00:56:55.325  1348  1348 E Metadata2/Entry: itemAt(531):Get data error , tag ffffffff, mContentPtr 0x0 (itemAt){#531:vendor/mediatek/proprietary/hardware/mtkcam/utils/metadata/metadata/Entry.cpp}
02-24 00:56:55.326  1348  1348 E KEYFILE : [ERROR   ] keyfilegroup.cpp:348 GetKeyValues() pKeyName :OrientationInfo[1][com.instagram.android] is not found!
02-24 00:56:55.355  1348 21703 E Hal3ARaw: [setStereoParams] Dev(2) StereoQ has Error message (setStereoParams){#1565:vendor/mediatek/proprietary/hardware/mtkcam/aaa/source/isp_50/wrapper/Hal3ARawImp.cpp}
02-24 00:56:55.355  1348  1348 E NormalPipe: [vendor/mediatek/proprietary/hardware/mtkcam/drv/src/isp/mt6785/iopipe/CamIO/NormalPipe.cpp, sendCommand, line3260] ERROR: error: sendCommand fail: (cmd,arg1,arg2,arg3)=(0x00001500,0x7FCD800FF0,0x7FCD800FF4,0xB4000070AD0DB65C) (sendCommand){#3260:vendor/mediatek/proprietary/hardware/mtkcam/drv/src/isp/mt6785/iopipe/CamIO/NormalPipe.cpp}
02-24 00:56:55.359  1348 13643 E Metadata2/Entry: itemAt(531):Get data error , tag ffffffff, mContentPtr 0x0 (itemAt){#531:vendor/mediatek/proprietary/hardware/mtkcam/utils/metadata/metadata/Entry.cpp}
02-24 00:56:55.359  1348 13643 E Metadata2/Entry: itemAt(531):Get data error , tag ffffffff, mContentPtr 0x0 (itemAt){#531:vendor/mediatek/proprietary/hardware/mtkcam/utils/metadata/metadata/Entry.cpp}
02-24 00:56:55.359  1348 13643 E KEYFILE : [ERROR   ] keyfilegroup.cpp:348 GetKeyValues() pKeyName :OrientationInfo[1][com.instagram.android] is not found!
02-24 00:56:55.388  1348 21703 E Hal3ARaw: [setStereoParams] Dev(2) StereoQ has Error message (setStereoParams){#1565:vendor/mediatek/proprietary/hardware/mtkcam/aaa/source/isp_50/wrapper/Hal3ARawImp.cpp}
02-24 00:56:55.388  1348 13643 E NormalPipe: [vendor/mediatek/proprietary/hardware/mtkcam/drv/src/isp/mt6785/iopipe/CamIO/NormalPipe.cpp, sendCommand, line3260] ERROR: error: sendCommand fail: (cmd,arg1,arg2,arg3)=(0x00001500,0x70AE4DC890,0x70AE4DC894,0xB400007098D2FE5C) (sendCommand){#3260:vendor/mediatek/proprietary/hardware/mtkcam/drv/src/isp/mt6785/iopipe/CamIO/NormalPipe.cpp}
02-24 00:56:55.392  1348 13643 E Metadata2/Entry: itemAt(531):Get data error , tag ffffffff, mContentPtr 0x0 (itemAt){#531:vendor/mediatek/proprietary/hardware/mtkcam/utils/metadata/metadata/Entry.cpp}
02-24 00:56:55.392  1348 13643 E Metadata2/Entry: itemAt(531):Get data error , tag ffffffff, mContentPtr 0x0 (itemAt){#531:vendor/mediatek/proprietary/hardware/mtkcam/utils/metadata/metadata/Entry.cpp}
02-24 00:56:55.392  1348 13643 E KEYFILE : [ERROR   ] keyfilegroup.cpp:348 GetKeyValues() pKeyName :OrientationInfo[1][com.instagram.android] is not found!
02-24 00:56:55.422  1348 21703 E Hal3ARaw: [setStereoParams] Dev(2) StereoQ has Error message (setStereoParams){#1565:vendor/mediatek/proprietary/hardware/mtkcam/aaa/source/isp_50/wrapper/Hal3ARawImp.cpp}
02-24 00:56:55.422  1348 13643 E NormalPipe: [vendor/mediatek/proprietary/hardware/mtkcam/drv/src/isp/mt6785/iopipe/CamIO/NormalPipe.cpp, sendCommand, line3260] ERROR: error: sendCommand fail: (cmd,arg1,arg2,arg3)=(0x00001500,0x70AE4DC890,0x70AE4DC894,0xB400007098D92A5C) (sendCommand){#3260:vendor/mediatek/proprietary/hardware/mtkcam/drv/src/isp/mt6785/iopipe/CamIO/NormalPipe.cpp}
02-24 00:56:55.425  1348  1348 E Metadata2/Entry: itemAt(531):Get data error , tag ffffffff, mContentPtr 0x0 (itemAt){#531:vendor/mediatek/proprietary/hardware/mtkcam/utils/metadata/metadata/Entry.cpp}
02-24 00:56:55.426  1348  1348 E Metadata2/Entry: itemAt(531):Get data error , tag ffffffff, mContentPtr 0x0 (itemAt){#531:vendor/mediatek/proprietary/hardware/mtkcam/utils/metadata/metadata/Entry.cpp}
02-24 00:56:55.426  1348  1348 E KEYFILE : [ERROR   ] keyfilegroup.cpp:348 GetKeyValues() pKeyName :OrientationInfo[1][com.instagram.android] is not found!
02-24 00:56:55.455  1348 21703 E Hal3ARaw: [setStereoParams] Dev(2) StereoQ has Error message (setStereoParams){#1565:vendor/mediatek/proprietary/hardware/mtkcam/aaa/source/isp_50/wrapper/Hal3ARawImp.cpp}
02-24 00:56:55.455  1348  1348 E NormalPipe: [vendor/mediatek/proprietary/hardware/mtkcam/drv/src/isp/mt6785/iopipe/CamIO/NormalPipe.cpp, sendCommand, line3260] ERROR: error: sendCommand fail: (cmd,arg1,arg2,arg3)=(0x00001500,0x7FCD800FF0,0x7FCD800FF4,0xB4000070AD193A5C) (sendCommand){#3260:vendor/mediatek/proprietary/hardware/mtkcam/drv/src/isp/mt6785/iopipe/CamIO/NormalPipe.cpp}
02-24 00:56:55.458  1348  1348 E Metadata2/Entry: itemAt(531):Get data error , tag ffffffff, mContentPtr 0x0 (itemAt){#531:vendor/mediatek/proprietary/hardware/mtkcam/utils/metadata/metadata/Entry.cpp}
02-24 00:56:55.459  1348  1348 E Metadata2/Entry: itemAt(531):Get data error , tag ffffffff, mContentPtr 0x0 (itemAt){#531:vendor/mediatek/proprietary/hardware/mtkcam/utils/metadata/metadata/Entry.cpp}
02-24 00:56:55.459  1348  1348 E KEYFILE : [ERROR   ] keyfilegroup.cpp:348 GetKeyValues() pKeyName :OrientationInfo[1][com.instagram.android] is not found!
02-24 00:56:55.488  1348 21703 E Hal3ARaw: [setStereoParams] Dev(2) StereoQ has Error message (setStereoParams){#1565:vendor/mediatek/proprietary/hardware/mtkcam/aaa/source/isp_50/wrapper/Hal3ARawImp.cpp}
02-24 00:56:55.489  1348  1348 E NormalPipe: [vendor/mediatek/proprietary/hardware/mtkcam/drv/src/isp/mt6785/iopipe/CamIO/NormalPipe.cpp, sendCommand, line3260] ERROR: error: sendCommand fail: (cmd,arg1,arg2,arg3)=(0x00001500,0x7FCD800FF0,0x7FCD800FF4,0xB4000070A99D4A5C) (sendCommand){#3260:vendor/mediatek/proprietary/hardware/mtkcam/drv/src/isp/mt6785/iopipe/CamIO/NormalPipe.cpp}
02-24 00:56:55.491  1348  1348 E Metadata2/Entry: itemAt(531):Get data error , tag ffffffff, mContentPtr 0x0 (itemAt){#531:vendor/mediatek/proprietary/hardware/mtkcam/utils/metadata/metadata/Entry.cpp}
02-24 00:56:55.492  1348  1348 E Metadata2/Entry: itemAt(531):Get data error , tag ffffffff, mContentPtr 0x0 (itemAt){#531:vendor/mediatek/proprietary/hardware/mtkcam/utils/metadata/metadata/Entry.cpp}
02-24 00:56:55.492  1348  1348 E KEYFILE : [ERROR   ] keyfilegroup.cpp:348 GetKeyValues() pKeyName :OrientationInfo[1][com.instagram.android] is not found!
02-24 00:56:55.522  1348 21703 E Hal3ARaw: [setStereoParams] Dev(2) StereoQ has Error message (setStereoParams){#1565:vendor/mediatek/proprietary/hardware/mtkcam/aaa/source/isp_50/wrapper/Hal3ARawImp.cpp}
02-24 00:56:55.522  1348  1348 E NormalPipe: [vendor/mediatek/proprietary/hardware/mtkcam/drv/src/isp/mt6785/iopipe/CamIO/NormalPipe.cpp, sendCommand, line3260] ERROR: error: sendCommand fail: (cmd,arg1,arg2,arg3)=(0x00001500,0x7FCD800FF0,0x7FCD800FF4,0xB4000070A99D665C) (sendCommand){#3260:vendor/mediatek/proprietary/hardware/mtkcam/drv/src/isp/mt6785/iopipe/CamIO/NormalPipe.cpp}
02-24 00:56:55.525  1348  1348 E Metadata2/Entry: itemAt(531):Get data error , tag ffffffff, mContentPtr 0x0 (itemAt){#531:vendor/mediatek/proprietary/hardware/mtkcam/utils/metadata/metadata/Entry.cpp}
02-24 00:56:55.525  1348  1348 E Metadata2/Entry: itemAt(531):Get data error , tag ffffffff, mContentPtr 0x0 (itemAt){#531:vendor/mediatek/proprietary/hardware/mtkcam/utils/metadata/metadata/Entry.cpp}
02-24 00:56:55.526  1348  1348 E KEYFILE : [ERROR   ] keyfilegroup.cpp:348 GetKeyValues() pKeyName :OrientationInfo[1][com.instagram.android] is not found!
02-24 00:56:55.555  1348 21703 E Hal3ARaw: [setStereoParams] Dev(2) StereoQ has Error message (setStereoParams){#1565:vendor/mediatek/proprietary/hardware/mtkcam/aaa/source/isp_50/wrapper/Hal3ARawImp.cpp}
02-24 00:56:55.555  1348  1348 E NormalPipe: [vendor/mediatek/proprietary/hardware/mtkcam/drv/src/isp/mt6785/iopipe/CamIO/NormalPipe.cpp, sendCommand, line3260] ERROR: error: sendCommand fail: (cmd,arg1,arg2,arg3)=(0x00001500,0x7FCD800FF0,0x7FCD800FF4,0xB4000070AC7B225C) (sendCommand){#3260:vendor/mediatek/proprietary/hardware/mtkcam/drv/src/isp/mt6785/iopipe/CamIO/NormalPipe.cpp}
02-24 00:56:55.558  1348 19202 E Metadata2/Entry: itemAt(531):Get data error , tag ffffffff, mContentPtr 0x0 (itemAt){#531:vendor/mediatek/proprietary/hardware/mtkcam/utils/metadata/metadata/Entry.cpp}
02-24 00:56:55.558  1348 19202 E Metadata2/Entry: itemAt(531):Get data error , tag ffffffff, mContentPtr 0x0 (itemAt){#531:vendor/mediatek/proprietary/hardware/mtkcam/utils/metadata/metadata/Entry.cpp}
02-24 00:56:55.559  1348 19202 E KEYFILE : [ERROR   ] keyfilegroup.cpp:348 GetKeyValues() pKeyName :OrientationInfo[1][com.instagram.android] is not found!
02-24 00:56:55.588  1348 21703 E Hal3ARaw: [setStereoParams] Dev(2) StereoQ has Error message (setStereoParams){#1565:vendor/mediatek/proprietary/hardware/mtkcam/aaa/source/isp_50/wrapper/Hal3ARawImp.cpp}
02-24 00:56:55.588  1348 19202 E NormalPipe: [vendor/mediatek/proprietary/hardware/mtkcam/drv/src/isp/mt6785/iopipe/CamIO/NormalPipe.cpp, sendCommand, line3260] ERROR: error: sendCommand fail: (cmd,arg1,arg2,arg3)=(0x00001500,0x70A9DD7890,0x70A9DD7894,0xB400007048BE9A5C) (sendCommand){#3260:vendor/mediatek/proprietary/hardware/mtkcam/drv/src/isp/mt6785/iopipe/CamIO/NormalPipe.cpp}
02-24 00:56:55.591  1348 19202 E Metadata2/Entry: itemAt(531):Get data error , tag ffffffff, mContentPtr 0x0 (itemAt){#531:vendor/mediatek/proprietary/hardware/mtkcam/utils/metadata/metadata/Entry.cpp}
02-24 00:56:55.591  1348 19202 E Metadata2/Entry: itemAt(531):Get data error , tag ffffffff, mContentPtr 0x0 (itemAt){#531:vendor/mediatek/proprietary/hardware/mtkcam/utils/metadata/metadata/Entry.cpp}
02-24 00:56:55.592  1348 19202 E KEYFILE : [ERROR   ] keyfilegroup.cpp:348 GetKeyValues() pKeyName :OrientationInfo[1][com.instagram.android] is not found!
02-24 00:56:55.592  3773  3787 E horae   : 0: back:42018,frame:39204,front:42009, 9, +(5554), 1 ,40600,48000,47572,45947
02-24 00:56:55.622  1348 21703 E Hal3ARaw: [setStereoParams] Dev(2) StereoQ has Error message (setStereoParams){#1565:vendor/mediatek/proprietary/hardware/mtkcam/aaa/source/isp_50/wrapper/Hal3ARawImp.cpp}
02-24 00:56:55.622  1348 19202 E NormalPipe: [vendor/mediatek/proprietary/hardware/mtkcam/drv/src/isp/mt6785/iopipe/CamIO/NormalPipe.cpp, sendCommand, line3260] ERROR: error: sendCommand fail: (cmd,arg1,arg2,arg3)=(0x00001500,0x70A9DD7890,0x70A9DD7894,0xB400007077DE6A5C) (sendCommand){#3260:vendor/mediatek/proprietary/hardware/mtkcam/drv/src/isp/mt6785/iopipe/CamIO/NormalPipe.cpp}
02-24 00:56:55.625  1348 13643 E Metadata2/Entry: itemAt(531):Get data error , tag ffffffff, mContentPtr 0x0 (itemAt){#531:vendor/mediatek/proprietary/hardware/mtkcam/utils/metadata/metadata/Entry.cpp}
02-24 00:56:55.625  1348 13643 E Metadata2/Entry: itemAt(531):Get data error , tag ffffffff, mContentPtr 0x0 (itemAt){#531:vendor/mediatek/proprietary/hardware/mtkcam/utils/metadata/metadata/Entry.cpp}
02-24 00:56:55.626  1348 13643 E KEYFILE : [ERROR   ] keyfilegroup.cpp:348 GetKeyValues() pKeyName :OrientationInfo[1][com.instagram.android] is not found!
02-24 00:56:55.647 24288 24787 E msys    : E[N mns]_OnSystemDNSSuccessCallback(340)=>Cache refresh succeeded with system DNS resolver. IP count: 2
02-24 00:56:55.649 24288 24787 E msys    : E[N mns]_OnSystemDNSSuccessCallback(340)=>Cache refresh succeeded with system DNS resolver. IP count: 2
02-24 00:56:55.658  1348 21703 E Hal3ARaw: [setStereoParams] Dev(2) StereoQ has Error message (setStereoParams){#1565:vendor/mediatek/proprietary/hardware/mtkcam/aaa/source/isp_50/wrapper/Hal3ARawImp.cpp}
02-24 00:56:55.658  1348 13643 E NormalPipe: [vendor/mediatek/proprietary/hardware/mtkcam/drv/src/isp/mt6785/iopipe/CamIO/NormalPipe.cpp, sendCommand, line3260] ERROR: error: sendCommand fail: (cmd,arg1,arg2,arg3)=(0x00001500,0x70AE4DC890,0x70AE4DC894,0xB40000707EF5E65C) (sendCommand){#3260:vendor/mediatek/proprietary/hardware/mtkcam/drv/src/isp/mt6785/iopipe/CamIO/NormalPipe.cpp}
02-24 00:56:55.661  1348 13643 E Metadata2/Entry: itemAt(531):Get data error , tag ffffffff, mContentPtr 0x0 (itemAt){#531:vendor/mediatek/proprietary/hardware/mtkcam/utils/metadata/metadata/Entry.cpp}
02-24 00:56:55.661  1348 13643 E Metadata2/Entry: itemAt(531):Get data error , tag ffffffff, mContentPtr 0x0 (itemAt){#531:vendor/mediatek/proprietary/hardware/mtkcam/utils/metadata/metadata/Entry.cpp}
02-24 00:56:55.661  1348 13643 E KEYFILE : [ERROR   ] keyfilegroup.cpp:348 GetKeyValues() pKeyName :OrientationInfo[1][com.instagram.android] is not found!
02-24 00:56:55.689  1348 21703 E Hal3ARaw: [setStereoParams] Dev(2) StereoQ has Error message (setStereoParams){#1565:vendor/mediatek/proprietary/hardware/mtkcam/aaa/source/isp_50/wrapper/Hal3ARawImp.cpp}
02-24 00:56:55.689  1348 13643 E NormalPipe: [vendor/mediatek/proprietary/hardware/mtkcam/drv/src/isp/mt6785/iopipe/CamIO/NormalPipe.cpp, sendCommand, line3260] ERROR: error: sendCommand fail: (cmd,arg1,arg2,arg3)=(0x00001500,0x70AE4DC890,0x70AE4DC894,0xB40000707EF6025C) (sendCommand){#3260:vendor/mediatek/proprietary/hardware/mtkcam/drv/src/isp/mt6785/iopipe/CamIO/NormalPipe.cpp}
02-24 00:56:55.692  1348 13643 E Metadata2/Entry: itemAt(531):Get data error , tag ffffffff, mContentPtr 0x0 (itemAt){#531:vendor/mediatek/proprietary/hardware/mtkcam/utils/metadata/metadata/Entry.cpp}
02-24 00:56:55.692  1348 13643 E Metadata2/Entry: itemAt(531):Get data error , tag ffffffff, mContentPtr 0x0 (itemAt){#531:vendor/mediatek/proprietary/hardware/mtkcam/utils/metadata/metadata/Entry.cpp}
02-24 00:56:55.692  1348 13643 E KEYFILE : [ERROR   ] keyfilegroup.cpp:348 GetKeyValues() pKeyName :OrientationInfo[1][com.instagram.android] is not found!
02-24 00:56:55.722  1348 21703 E Hal3ARaw: [setStereoParams] Dev(2) StereoQ has Error message (setStereoParams){#1565:vendor/mediatek/proprietary/hardware/mtkcam/aaa/source/isp_50/wrapper/Hal3ARawImp.cpp}
02-24 00:56:55.722  1348 13643 E NormalPipe: [vendor/mediatek/proprietary/hardware/mtkcam/drv/src/isp/mt6785/iopipe/CamIO/NormalPipe.cpp, sendCommand, line3260] ERROR: error: sendCommand fail: (cmd,arg1,arg2,arg3)=(0x00001500,0x70AE4DC890,0x70AE4DC894,0xB40000707EF61E5C) (sendCommand){#3260:vendor/mediatek/proprietary/hardware/mtkcam/drv/src/isp/mt6785/iopipe/CamIO/NormalPipe.cpp}
02-24 00:56:55.726  1348 13643 E Metadata2/Entry: itemAt(531):Get data error , tag ffffffff, mContentPtr 0x0 (itemAt){#531:vendor/mediatek/proprietary/hardware/mtkcam/utils/metadata/metadata/Entry.cpp}
02-24 00:56:55.726  1348 13643 E Metadata2/Entry: itemAt(531):Get data error , tag ffffffff, mContentPtr 0x0 (itemAt){#531:vendor/mediatek/proprietary/hardware/mtkcam/utils/metadata/metadata/Entry.cpp}
02-24 00:56:55.727  1348 13643 E KEYFILE : [ERROR   ] keyfilegroup.cpp:348 GetKeyValues() pKeyName :OrientationInfo[1][com.instagram.android] is not found!
02-24 00:56:55.755  1348 13643 E NormalPipe: [vendor/mediatek/proprietary/hardware/mtkcam/drv/src/isp/mt6785/iopipe/CamIO/NormalPipe.cpp, sendCommand, line3260] ERROR: error: sendCommand fail: (cmd,arg1,arg2,arg3)=(0x00001500,0x70AE4DC890,0x70AE4DC894,0xB40000707EFA9A5C) (sendCommand){#3260:vendor/mediatek/proprietary/hardware/mtkcam/drv/src/isp/mt6785/iopipe/CamIO/NormalPipe.cpp}
02-24 00:56:55.756  1348 21703 E Hal3ARaw: [setStereoParams] Dev(2) StereoQ has Error message (setStereoParams){#1565:vendor/mediatek/proprietary/hardware/mtkcam/aaa/source/isp_50/wrapper/Hal3ARawImp.cpp}
02-24 00:56:55.760  1348 13643 E Metadata2/Entry: itemAt(531):Get data error , tag ffffffff, mContentPtr 0x0 (itemAt){#531:vendor/mediatek/proprietary/hardware/mtkcam/utils/metadata/metadata/Entry.cpp}
02-24 00:56:55.760  1348 13643 E Metadata2/Entry: itemAt(531):Get data error , tag ffffffff, mContentPtr 0x0 (itemAt){#531:vendor/mediatek/proprietary/hardware/mtkcam/utils/metadata/metadata/Entry.cpp}
02-24 00:56:55.760  1348 13643 E KEYFILE : [ERROR   ] keyfilegroup.cpp:348 GetKeyValues() pKeyName :OrientationInfo[1][com.instagram.android] is not found!
02-24 00:56:55.788  1348 13643 E NormalPipe: [vendor/mediatek/proprietary/hardware/mtkcam/drv/src/isp/mt6785/iopipe/CamIO/NormalPipe.cpp, sendCommand, line3260] ERROR: error: sendCommand fail: (cmd,arg1,arg2,arg3)=(0x00001500,0x70AE4DC890,0x70AE4DC894,0xB40000707EFAB65C) (sendCommand){#3260:vendor/mediatek/proprietary/hardware/mtkcam/drv/src/isp/mt6785/iopipe/CamIO/NormalPipe.cpp}
02-24 00:56:55.788  1348 21703 E Hal3ARaw: [setStereoParams] Dev(2) StereoQ has Error message (setStereoParams){#1565:vendor/mediatek/proprietary/hardware/mtkcam/aaa/source/isp_50/wrapper/Hal3ARawImp.cpp}
02-24 00:56:55.791  1348 13643 E Metadata2/Entry: itemAt(531):Get data error , tag ffffffff, mContentPtr 0x0 (itemAt){#531:vendor/mediatek/proprietary/hardware/mtkcam/utils/metadata/metadata/Entry.cpp}
02-24 00:56:55.791  1348 13643 E Metadata2/Entry: itemAt(531):Get data error , tag ffffffff, mContentPtr 0x0 (itemAt){#531:vendor/mediatek/proprietary/hardware/mtkcam/utils/metadata/metadata/Entry.cpp}
02-24 00:56:55.791  1348 13643 E KEYFILE : [ERROR   ] keyfilegroup.cpp:348 GetKeyValues() pKeyName :OrientationInfo[1][com.instagram.android] is not found!
02-24 00:56:55.822  1348 21703 E Hal3ARaw: [setStereoParams] Dev(2) StereoQ has Error message (setStereoParams){#1565:vendor/mediatek/proprietary/hardware/mtkcam/aaa/source/isp_50/wrapper/Hal3ARawImp.cpp}
02-24 00:56:55.822  1348 13643 E NormalPipe: [vendor/mediatek/proprietary/hardware/mtkcam/drv/src/isp/mt6785/iopipe/CamIO/NormalPipe.cpp, sendCommand, line3260] ERROR: error: sendCommand fail: (cmd,arg1,arg2,arg3)=(0x00001500,0x70AE4DC890,0x70AE4DC894,0xB40000707EFAD25C) (sendCommand){#3260:vendor/mediatek/proprietary/hardware/mtkcam/drv/src/isp/mt6785/iopipe/CamIO/NormalPipe.cpp}
02-24 00:56:55.825  1348 13643 E Metadata2/Entry: itemAt(531):Get data error , tag ffffffff, mContentPtr 0x0 (itemAt){#531:vendor/mediatek/proprietary/hardware/mtkcam/utils/metadata/metadata/Entry.cpp}
02-24 00:56:55.825  1348 13643 E Metadata2/Entry: itemAt(531):Get data error , tag ffffffff, mContentPtr 0x0 (itemAt){#531:vendor/mediatek/proprietary/hardware/mtkcam/utils/metadata/metadata/Entry.cpp}
02-24 00:56:55.825  1348 13643 E KEYFILE : [ERROR   ] keyfilegroup.cpp:348 GetKeyValues() pKeyName :OrientationInfo[1][com.instagram.android] is not found!
02-24 00:56:55.855  1348 21703 E Hal3ARaw: [setStereoParams] Dev(2) StereoQ has Error message (setStereoParams){#1565:vendor/mediatek/proprietary/hardware/mtkcam/aaa/source/isp_50/wrapper/Hal3ARawImp.cpp}
02-24 00:56:55.855  1348 13643 E NormalPipe: [vendor/mediatek/proprietary/hardware/mtkcam/drv/src/isp/mt6785/iopipe/CamIO/NormalPipe.cpp, sendCommand, line3260] ERROR: error: sendCommand fail: (cmd,arg1,arg2,arg3)=(0x00001500,0x70AE4DC890,0x70AE4DC894,0xB40000707EFAEE5C) (sendCommand){#3260:vendor/mediatek/proprietary/hardware/mtkcam/drv/src/isp/mt6785/iopipe/CamIO/NormalPipe.cpp}
02-24 00:56:55.858  1348 19202 E Metadata2/Entry: itemAt(531):Get data error , tag ffffffff, mContentPtr 0x0 (itemAt){#531:vendor/mediatek/proprietary/hardware/mtkcam/utils/metadata/metadata/Entry.cpp}
02-24 00:56:55.858  1348 19202 E Metadata2/Entry: itemAt(531):Get data error , tag ffffffff, mContentPtr 0x0 (itemAt){#531:vendor/mediatek/proprietary/hardware/mtkcam/utils/metadata/metadata/Entry.cpp}
02-24 00:56:55.858  1348 19202 E KEYFILE : [ERROR   ] keyfilegroup.cpp:348 GetKeyValues() pKeyName :OrientationInfo[1][com.instagram.android] is not found!
02-24 00:56:55.889  1348 21703 E Hal3ARaw: [setStereoParams] Dev(2) StereoQ has Error message (setStereoParams){#1565:vendor/mediatek/proprietary/hardware/mtkcam/aaa/source/isp_50/wrapper/Hal3ARawImp.cpp}
02-24 00:56:55.889  1348 19202 E NormalPipe: [vendor/mediatek/proprietary/hardware/mtkcam/drv/src/isp/mt6785/iopipe/CamIO/NormalPipe.cpp, sendCommand, line3260] ERROR: error: sendCommand fail: (cmd,arg1,arg2,arg3)=(0x00001500,0x70A9DD7890,0x70A9DD7894,0xB400007077DE865C) (sendCommand){#3260:vendor/mediatek/proprietary/hardware/mtkcam/drv/src/isp/mt6785/iopipe/CamIO/NormalPipe.cpp}
02-24 00:56:55.892  1348 19202 E Metadata2/Entry: itemAt(531):Get data error , tag ffffffff, mContentPtr 0x0 (itemAt){#531:vendor/mediatek/proprietary/hardware/mtkcam/utils/metadata/metadata/Entry.cpp}
02-24 00:56:55.893  1348 19202 E Metadata2/Entry: itemAt(531):Get data error , tag ffffffff, mContentPtr 0x0 (itemAt){#531:vendor/mediatek/proprietary/hardware/mtkcam/utils/metadata/metadata/Entry.cpp}
02-24 00:56:55.893  1348 19202 E KEYFILE : [ERROR   ] keyfilegroup.cpp:348 GetKeyValues() pKeyName :OrientationInfo[1][com.instagram.android] is not found!
02-24 00:56:55.922  1348 21703 E Hal3ARaw: [setStereoParams] Dev(2) StereoQ has Error message (setStereoParams){#1565:vendor/mediatek/proprietary/hardware/mtkcam/aaa/source/isp_50/wrapper/Hal3ARawImp.cpp}
02-24 00:56:55.922  1348 19202 E NormalPipe: [vendor/mediatek/proprietary/hardware/mtkcam/drv/src/isp/mt6785/iopipe/CamIO/NormalPipe.cpp, sendCommand, line3260] ERROR: error: sendCommand fail: (cmd,arg1,arg2,arg3)=(0x00001500,0x70A9DD7890,0x70A9DD7894,0xB400007077DEBE5C) (sendCommand){#3260:vendor/mediatek/proprietary/hardware/mtkcam/drv/src/isp/mt6785/iopipe/CamIO/NormalPipe.cpp}
02-24 00:56:55.924  1348 19202 E Metadata2/Entry: itemAt(531):Get data error , tag ffffffff, mContentPtr 0x0 (itemAt){#531:vendor/mediatek/proprietary/hardware/mtkcam/utils/metadata/metadata/Entry.cpp}
02-24 00:56:55.924  1348 19202 E Metadata2/Entry: itemAt(531):Get data error , tag ffffffff, mContentPtr 0x0 (itemAt){#531:vendor/mediatek/proprietary/hardware/mtkcam/utils/metadata/metadata/Entry.cpp}
02-24 00:56:55.925  1348 19202 E KEYFILE : [ERROR   ] keyfilegroup.cpp:348 GetKeyValues() pKeyName :OrientationInfo[1][com.instagram.android] is not found!
02-24 00:56:55.955  1348 21703 E Hal3ARaw: [setStereoParams] Dev(2) StereoQ has Error message (setStereoParams){#1565:vendor/mediatek/proprietary/hardware/mtkcam/aaa/source/isp_50/wrapper/Hal3ARawImp.cpp}
02-24 00:56:55.955  1348 19202 E NormalPipe: [vendor/mediatek/proprietary/hardware/mtkcam/drv/src/isp/mt6785/iopipe/CamIO/NormalPipe.cpp, sendCommand, line3260] ERROR: error: sendCommand fail: (cmd,arg1,arg2,arg3)=(0x00001500,0x70A9DD7890,0x70A9DD7894,0xB400007077DF665C) (sendCommand){#3260:vendor/mediatek/proprietary/hardware/mtkcam/drv/src/isp/mt6785/iopipe/CamIO/NormalPipe.cpp}
02-24 00:56:55.957  1348 19202 E Metadata2/Entry: itemAt(531):Get data error , tag ffffffff, mContentPtr 0x0 (itemAt){#531:vendor/mediatek/proprietary/hardware/mtkcam/utils/metadata/metadata/Entry.cpp}
02-24 00:56:55.957  1348 19202 E Metadata2/Entry: itemAt(531):Get data error , tag ffffffff, mContentPtr 0x0 (itemAt){#531:vendor/mediatek/proprietary/hardware/mtkcam/utils/metadata/metadata/Entry.cpp}
02-24 00:56:55.957  1348 19202 E KEYFILE : [ERROR   ] keyfilegroup.cpp:348 GetKeyValues() pKeyName :OrientationInfo[1][com.instagram.android] is not found!
02-24 00:56:55.988  1348 21703 E Hal3ARaw: [setStereoParams] Dev(2) StereoQ has Error message (setStereoParams){#1565:vendor/mediatek/proprietary/hardware/mtkcam/aaa/source/isp_50/wrapper/Hal3ARawImp.cpp}
02-24 00:56:55.988  1348 19202 E NormalPipe: [vendor/mediatek/proprietary/hardware/mtkcam/drv/src/isp/mt6785/iopipe/CamIO/NormalPipe.cpp, sendCommand, line3260] ERROR: error: sendCommand fail: (cmd,arg1,arg2,arg3)=(0x00001500,0x70A9DD7890,0x70A9DD7894,0xB400007077DF9E5C) (sendCommand){#3260:vendor/mediatek/proprietary/hardware/mtkcam/drv/src/isp/mt6785/iopipe/CamIO/NormalPipe.cpp}
02-24 00:56:55.990  1348 13643 E Metadata2/Entry: itemAt(531):Get data error , tag ffffffff, mContentPtr 0x0 (itemAt){#531:vendor/mediatek/proprietary/hardware/mtkcam/utils/metadata/metadata/Entry.cpp}
02-24 00:56:55.990  1348 13643 E Metadata2/Entry: itemAt(531):Get data error , tag ffffffff, mContentPtr 0x0 (itemAt){#531:vendor/mediatek/proprietary/hardware/mtkcam/utils/metadata/metadata/Entry.cpp}
02-24 00:56:55.990  1348 13643 E KEYFILE : [ERROR   ] keyfilegroup.cpp:348 GetKeyValues() pKeyName :OrientationInfo[1][com.instagram.android] is not found!
02-24 00:56:56.021  1348 21703 E Hal3ARaw: [setStereoParams] Dev(2) StereoQ has Error message (setStereoParams){#1565:vendor/mediatek/proprietary/hardware/mtkcam/aaa/source/isp_50/wrapper/Hal3ARawImp.cpp}
02-24 00:56:56.021  1348 13643 E NormalPipe: [vendor/mediatek/proprietary/hardware/mtkcam/drv/src/isp/mt6785/iopipe/CamIO/NormalPipe.cpp, sendCommand, line3260] ERROR: error: sendCommand fail: (cmd,arg1,arg2,arg3)=(0x00001500,0x70AE4DC890,0x70AE4DC894,0xB40000707A6F525C) (sendCommand){#3260:vendor/mediatek/proprietary/hardware/mtkcam/drv/src/isp/mt6785/iopipe/CamIO/NormalPipe.cpp}
02-24 00:56:56.024  1348 19202 E Metadata2/Entry: itemAt(531):Get data error , tag ffffffff, mContentPtr 0x0 (itemAt){#531:vendor/mediatek/proprietary/hardware/mtkcam/utils/metadata/metadata/Entry.cpp}
02-24 00:56:56.024  1348 19202 E Metadata2/Entry: itemAt(531):Get data error , tag ffffffff, mContentPtr 0x0 (itemAt){#531:vendor/mediatek/proprietary/hardware/mtkcam/utils/metadata/metadata/Entry.cpp}
02-24 00:56:56.024  1348 19202 E KEYFILE : [ERROR   ] keyfilegroup.cpp:348 GetKeyValues() pKeyName :OrientationInfo[1][com.instagram.android] is not found!
02-24 00:56:56.055  1348 21703 E Hal3ARaw: [setStereoParams] Dev(2) StereoQ has Error message (setStereoParams){#1565:vendor/mediatek/proprietary/hardware/mtkcam/aaa/source/isp_50/wrapper/Hal3ARawImp.cpp}
02-24 00:56:56.055  1348 19202 E NormalPipe: [vendor/mediatek/proprietary/hardware/mtkcam/drv/src/isp/mt6785/iopipe/CamIO/NormalPipe.cpp, sendCommand, line3260] ERROR: error: sendCommand fail: (cmd,arg1,arg2,arg3)=(0x00001500,0x70A9DD7890,0x70A9DD7894,0xB4000070771F7E5C) (sendCommand){#3260:vendor/mediatek/proprietary/hardware/mtkcam/drv/src/isp/mt6785/iopipe/CamIO/NormalPipe.cpp}
02-24 00:56:56.057  1348 19202 E Metadata2/Entry: itemAt(531):Get data error , tag ffffffff, mContentPtr 0x0 (itemAt){#531:vendor/mediatek/proprietary/hardware/mtkcam/utils/metadata/metadata/Entry.cpp}
02-24 00:56:56.057  1348 19202 E Metadata2/Entry: itemAt(531):Get data error , tag ffffffff, mContentPtr 0x0 (itemAt){#531:vendor/mediatek/proprietary/hardware/mtkcam/utils/metadata/metadata/Entry.cpp}
02-24 00:56:56.057  1348 19202 E KEYFILE : [ERROR   ] keyfilegroup.cpp:348 GetKeyValues() pKeyName :OrientationInfo[1][com.instagram.android] is not found!
02-24 00:56:56.088  1348 21703 E Hal3ARaw: [setStereoParams] Dev(2) StereoQ has Error message (setStereoParams){#1565:vendor/mediatek/proprietary/hardware/mtkcam/aaa/source/isp_50/wrapper/Hal3ARawImp.cpp}
02-24 00:56:56.088  1348 19202 E NormalPipe: [vendor/mediatek/proprietary/hardware/mtkcam/drv/src/isp/mt6785/iopipe/CamIO/NormalPipe.cpp, sendCommand, line3260] ERROR: error: sendCommand fail: (cmd,arg1,arg2,arg3)=(0x00001500,0x70A9DD7890,0x70A9DD7894,0xB400007076DE5A5C) (sendCommand){#3260:vendor/mediatek/proprietary/hardware/mtkcam/drv/src/isp/mt6785/iopipe/CamIO/NormalPipe.cpp}
02-24 00:56:56.090  1348 19202 E Metadata2/Entry: itemAt(531):Get data error , tag ffffffff, mContentPtr 0x0 (itemAt){#531:vendor/mediatek/proprietary/hardware/mtkcam/utils/metadata/metadata/Entry.cpp}
02-24 00:56:56.090  1348 19202 E Metadata2/Entry: itemAt(531):Get data error , tag ffffffff, mContentPtr 0x0 (itemAt){#531:vendor/mediatek/proprietary/hardware/mtkcam/utils/metadata/metadata/Entry.cpp}
02-24 00:56:56.090  1348 19202 E KEYFILE : [ERROR   ] keyfilegroup.cpp:348 GetKeyValues() pKeyName :OrientationInfo[1][com.instagram.android] is not found!
02-24 00:56:56.121  1348 21703 E Hal3ARaw: [setStereoParams] Dev(2) StereoQ has Error message (setStereoParams){#1565:vendor/mediatek/proprietary/hardware/mtkcam/aaa/source/isp_50/wrapper/Hal3ARawImp.cpp}
02-24 00:56:56.121  1348 19202 E NormalPipe: [vendor/mediatek/proprietary/hardware/mtkcam/drv/src/isp/mt6785/iopipe/CamIO/NormalPipe.cpp, sendCommand, line3260] ERROR: error: sendCommand fail: (cmd,arg1,arg2,arg3)=(0x00001500,0x70A9DD7890,0x70A9DD7894,0xB400007076DE925C) (sendCommand){#3260:vendor/mediatek/proprietary/hardware/mtkcam/drv/src/isp/mt6785/iopipe/CamIO/NormalPipe.cpp}
02-24 00:56:56.123  1348 13643 E Metadata2/Entry: itemAt(531):Get data error , tag ffffffff, mContentPtr 0x0 (itemAt){#531:vendor/mediatek/proprietary/hardware/mtkcam/utils/metadata/metadata/Entry.cpp}
02-24 00:56:56.123  1348 13643 E Metadata2/Entry: itemAt(531):Get data error , tag ffffffff, mContentPtr 0x0 (itemAt){#531:vendor/mediatek/proprietary/hardware/mtkcam/utils/metadata/metadata/Entry.cpp}
02-24 00:56:56.124  1348 13643 E KEYFILE : [ERROR   ] keyfilegroup.cpp:348 GetKeyValues() pKeyName :OrientationInfo[1][com.instagram.android] is not found!
02-24 00:56:56.155  1348 21703 E Hal3ARaw: [setStereoParams] Dev(2) StereoQ has Error message (setStereoParams){#1565:vendor/mediatek/proprietary/hardware/mtkcam/aaa/source/isp_50/wrapper/Hal3ARawImp.cpp}
02-24 00:56:56.155  1348 13643 E NormalPipe: [vendor/mediatek/proprietary/hardware/mtkcam/drv/src/isp/mt6785/iopipe/CamIO/NormalPipe.cpp, sendCommand, line3260] ERROR: error: sendCommand fail: (cmd,arg1,arg2,arg3)=(0x00001500,0x70AE4DC890,0x70AE4DC894,0xB40000707A6F6E5C) (sendCommand){#3260:vendor/mediatek/proprietary/hardware/mtkcam/drv/src/isp/mt6785/iopipe/CamIO/NormalPipe.cpp}
02-24 00:56:56.157  1348 13643 E Metadata2/Entry: itemAt(531):Get data error , tag ffffffff, mContentPtr 0x0 (itemAt){#531:vendor/mediatek/proprietary/hardware/mtkcam/utils/metadata/metadata/Entry.cpp}
02-24 00:56:56.157  1348 13643 E Metadata2/Entry: itemAt(531):Get data error , tag ffffffff, mContentPtr 0x0 (itemAt){#531:vendor/mediatek/proprietary/hardware/mtkcam/utils/metadata/metadata/Entry.cpp}
02-24 00:56:56.157  1348 13643 E KEYFILE : [ERROR   ] keyfilegroup.cpp:348 GetKeyValues() pKeyName :OrientationInfo[1][com.instagram.android] is not found!
02-24 00:56:56.188  1348 21703 E Hal3ARaw: [setStereoParams] Dev(2) StereoQ has Error message (setStereoParams){#1565:vendor/mediatek/proprietary/hardware/mtkcam/aaa/source/isp_50/wrapper/Hal3ARawImp.cpp}
02-24 00:56:56.188  1348 13643 E NormalPipe: [vendor/mediatek/proprietary/hardware/mtkcam/drv/src/isp/mt6785/iopipe/CamIO/NormalPipe.cpp, sendCommand, line3260] ERROR: error: sendCommand fail: (cmd,arg1,arg2,arg3)=(0x00001500,0x70AE4DC890,0x70AE4DC894,0xB4000070797E2A5C) (sendCommand){#3260:vendor/mediatek/proprietary/hardware/mtkcam/drv/src/isp/mt6785/iopipe/CamIO/NormalPipe.cpp}
02-24 00:56:56.190  1348 13643 E Metadata2/Entry: itemAt(531):Get data error , tag ffffffff, mContentPtr 0x0 (itemAt){#531:vendor/mediatek/proprietary/hardware/mtkcam/utils/metadata/metadata/Entry.cpp}
02-24 00:56:56.190  1348 13643 E Metadata2/Entry: itemAt(531):Get data error , tag ffffffff, mContentPtr 0x0 (itemAt){#531:vendor/mediatek/proprietary/hardware/mtkcam/utils/metadata/metadata/Entry.cpp}
02-24 00:56:56.190  1348 13643 E KEYFILE : [ERROR   ] keyfilegroup.cpp:348 GetKeyValues() pKeyName :OrientationInfo[1][com.instagram.android] is not found!
02-24 00:56:56.221  1348 21703 E Hal3ARaw: [setStereoParams] Dev(2) StereoQ has Error message (setStereoParams){#1565:vendor/mediatek/proprietary/hardware/mtkcam/aaa/source/isp_50/wrapper/Hal3ARawImp.cpp}
02-24 00:56:56.221  1348 13643 E NormalPipe: [vendor/mediatek/proprietary/hardware/mtkcam/drv/src/isp/mt6785/iopipe/CamIO/NormalPipe.cpp, sendCommand, line3260] ERROR: error: sendCommand fail: (cmd,arg1,arg2,arg3)=(0x00001500,0x70AE4DC890,0x70AE4DC894,0xB4000070797E625C) (sendCommand){#3260:vendor/mediatek/proprietary/hardware/mtkcam/drv/src/isp/mt6785/iopipe/CamIO/NormalPipe.cpp}
02-24 00:56:56.223  1348 13643 E Metadata2/Entry: itemAt(531):Get data error , tag ffffffff, mContentPtr 0x0 (itemAt){#531:vendor/mediatek/proprietary/hardware/mtkcam/utils/metadata/metadata/Entry.cpp}
02-24 00:56:56.223  1348 13643 E Metadata2/Entry: itemAt(531):Get data error , tag ffffffff, mContentPtr 0x0 (itemAt){#531:vendor/mediatek/proprietary/hardware/mtkcam/utils/metadata/metadata/Entry.cpp}
02-24 00:56:56.224  1348 13643 E KEYFILE : [ERROR   ] keyfilegroup.cpp:348 GetKeyValues() pKeyName :OrientationInfo[1][com.instagram.android] is not found!
02-24 00:56:56.255  1348 21703 E Hal3ARaw: [setStereoParams] Dev(2) StereoQ has Error message (setStereoParams){#1565:vendor/mediatek/proprietary/hardware/mtkcam/aaa/source/isp_50/wrapper/Hal3ARawImp.cpp}
02-24 00:56:56.255  1348 13643 E NormalPipe: [vendor/mediatek/proprietary/hardware/mtkcam/drv/src/isp/mt6785/iopipe/CamIO/NormalPipe.cpp, sendCommand, line3260] ERROR: error: sendCommand fail: (cmd,arg1,arg2,arg3)=(0x00001500,0x70AE4DC890,0x70AE4DC894,0xB400007098D2AA5C) (sendCommand){#3260:vendor/mediatek/proprietary/hardware/mtkcam/drv/src/isp/mt6785/iopipe/CamIO/NormalPipe.cpp}
02-24 00:56:56.257  1348 13643 E Metadata2/Entry: itemAt(531):Get data error , tag ffffffff, mContentPtr 0x0 (itemAt){#531:vendor/mediatek/proprietary/hardware/mtkcam/utils/metadata/metadata/Entry.cpp}
02-24 00:56:56.257  1348 13643 E Metadata2/Entry: itemAt(531):Get data error , tag ffffffff, mContentPtr 0x0 (itemAt){#531:vendor/mediatek/proprietary/hardware/mtkcam/utils/metadata/metadata/Entry.cpp}
02-24 00:56:56.257  1348 13643 E KEYFILE : [ERROR   ] keyfilegroup.cpp:348 GetKeyValues() pKeyName :OrientationInfo[1][com.instagram.android] is not found!
02-24 00:56:56.288  1348 21703 E Hal3ARaw: [setStereoParams] Dev(2) StereoQ has Error message (setStereoParams){#1565:vendor/mediatek/proprietary/hardware/mtkcam/aaa/source/isp_50/wrapper/Hal3ARawImp.cpp}
02-24 00:56:56.288  1348 13643 E NormalPipe: [vendor/mediatek/proprietary/hardware/mtkcam/drv/src/isp/mt6785/iopipe/CamIO/NormalPipe.cpp, sendCommand, line3260] ERROR: error: sendCommand fail: (cmd,arg1,arg2,arg3)=(0x00001500,0x70AE4DC890,0x70AE4DC894,0xB400007098D2FE5C) (sendCommand){#3260:vendor/mediatek/proprietary/hardware/mtkcam/drv/src/isp/mt6785/iopipe/CamIO/NormalPipe.cpp}
02-24 00:56:56.290  1348 13643 E Metadata2/Entry: itemAt(531):Get data error , tag ffffffff, mContentPtr 0x0 (itemAt){#531:vendor/mediatek/proprietary/hardware/mtkcam/utils/metadata/metadata/Entry.cpp}
02-24 00:56:56.290  1348 13643 E Metadata2/Entry: itemAt(531):Get data error , tag ffffffff, mContentPtr 0x0 (itemAt){#531:vendor/mediatek/proprietary/hardware/mtkcam/utils/metadata/metadata/Entry.cpp}
02-24 00:56:56.291  1348 13643 E KEYFILE : [ERROR   ] keyfilegroup.cpp:348 GetKeyValues() pKeyName :OrientationInfo[1][com.instagram.android] is not found!
02-24 00:56:56.321  1348 21703 E Hal3ARaw: [setStereoParams] Dev(2) StereoQ has Error message (setStereoParams){#1565:vendor/mediatek/proprietary/hardware/mtkcam/aaa/source/isp_50/wrapper/Hal3ARawImp.cpp}
02-24 00:56:56.321  1348 13643 E NormalPipe: [vendor/mediatek/proprietary/hardware/mtkcam/drv/src/isp/mt6785/iopipe/CamIO/NormalPipe.cpp, sendCommand, line3260] ERROR: error: sendCommand fail: (cmd,arg1,arg2,arg3)=(0x00001500,0x70AE4DC890,0x70AE4DC894,0xB400007098D92A5C) (sendCommand){#3260:vendor/mediatek/proprietary/hardware/mtkcam/drv/src/isp/mt6785/iopipe/CamIO/NormalPipe.cpp}
02-24 00:56:56.323  1348 13643 E Metadata2/Entry: itemAt(531):Get data error , tag ffffffff, mContentPtr 0x0 (itemAt){#531:vendor/mediatek/proprietary/hardware/mtkcam/utils/metadata/metadata/Entry.cpp}
02-24 00:56:56.324  1348 13643 E Metadata2/Entry: itemAt(531):Get data error , tag ffffffff, mContentPtr 0x0 (itemAt){#531:vendor/mediatek/proprietary/hardware/mtkcam/utils/metadata/metadata/Entry.cpp}
02-24 00:56:56.324  1348 13643 E KEYFILE : [ERROR   ] keyfilegroup.cpp:348 GetKeyValues() pKeyName :OrientationInfo[1][com.instagram.android] is not found!
02-24 00:56:56.355  1348 21703 E Hal3ARaw: [setStereoParams] Dev(2) StereoQ has Error message (setStereoParams){#1565:vendor/mediatek/proprietary/hardware/mtkcam/aaa/source/isp_50/wrapper/Hal3ARawImp.cpp}
02-24 00:56:56.355  1348 13643 E NormalPipe: [vendor/mediatek/proprietary/hardware/mtkcam/drv/src/isp/mt6785/iopipe/CamIO/NormalPipe.cpp, sendCommand, line3260] ERROR: error: sendCommand fail: (cmd,arg1,arg2,arg3)=(0x00001500,0x70AE4DC890,0x70AE4DC894,0xB4000070797E7E5C) (sendCommand){#3260:vendor/mediatek/proprietary/hardware/mtkcam/drv/src/isp/mt6785/iopipe/CamIO/NormalPipe.cpp}
02-24 00:56:56.357  1348 13643 E Metadata2/Entry: itemAt(531):Get data error , tag ffffffff, mContentPtr 0x0 (itemAt){#531:vendor/mediatek/proprietary/hardware/mtkcam/utils/metadata/metadata/Entry.cpp}
02-24 00:56:56.357  1348 13643 E Metadata2/Entry: itemAt(531):Get data error , tag ffffffff, mContentPtr 0x0 (itemAt){#531:vendor/mediatek/proprietary/hardware/mtkcam/utils/metadata/metadata/Entry.cpp}
02-24 00:56:56.357  1348 13643 E KEYFILE : [ERROR   ] keyfilegroup.cpp:348 GetKeyValues() pKeyName :OrientationInfo[1][com.instagram.android] is not found!
02-24 00:56:56.388  1348 21703 E Hal3ARaw: [setStereoParams] Dev(2) StereoQ has Error message (setStereoParams){#1565:vendor/mediatek/proprietary/hardware/mtkcam/aaa/source/isp_50/wrapper/Hal3ARawImp.cpp}
02-24 00:56:56.388  1348 13643 E NormalPipe: [vendor/mediatek/proprietary/hardware/mtkcam/drv/src/isp/mt6785/iopipe/CamIO/NormalPipe.cpp, sendCommand, line3260] ERROR: error: sendCommand fail: (cmd,arg1,arg2,arg3)=(0x00001500,0x70AE4DC890,0x70AE4DC894,0xB40000707A671A5C) (sendCommand){#3260:vendor/mediatek/proprietary/hardware/mtkcam/drv/src/isp/mt6785/iopipe/CamIO/NormalPipe.cpp}
02-24 00:56:56.390  1348 13643 E Metadata2/Entry: itemAt(531):Get data error , tag ffffffff, mContentPtr 0x0 (itemAt){#531:vendor/mediatek/proprietary/hardware/mtkcam/utils/metadata/metadata/Entry.cpp}
02-24 00:56:56.390  1348 13643 E Metadata2/Entry: itemAt(531):Get data error , tag ffffffff, mContentPtr 0x0 (itemAt){#531:vendor/mediatek/proprietary/hardware/mtkcam/utils/metadata/metadata/Entry.cpp}
02-24 00:56:56.390  1348 13643 E KEYFILE : [ERROR   ] keyfilegroup.cpp:348 GetKeyValues() pKeyName :OrientationInfo[1][com.instagram.android] is not found!
02-24 00:56:56.421  1348 21703 E Hal3ARaw: [setStereoParams] Dev(2) StereoQ has Error message (setStereoParams){#1565:vendor/mediatek/proprietary/hardware/mtkcam/aaa/source/isp_50/wrapper/Hal3ARawImp.cpp}
02-24 00:56:56.421  1348 13643 E NormalPipe: [vendor/mediatek/proprietary/hardware/mtkcam/drv/src/isp/mt6785/iopipe/CamIO/NormalPipe.cpp, sendCommand, line3260] ERROR: error: sendCommand fail: (cmd,arg1,arg2,arg3)=(0x00001500,0x70AE4DC890,0x70AE4DC894,0xB40000707A67365C) (sendCommand){#3260:vendor/mediatek/proprietary/hardware/mtkcam/drv/src/isp/mt6785/iopipe/CamIO/NormalPipe.cpp}
02-24 00:56:56.423  1348 13643 E Metadata2/Entry: itemAt(531):Get data error , tag ffffffff, mContentPtr 0x0 (itemAt){#531:vendor/mediatek/proprietary/hardware/mtkcam/utils/metadata/metadata/Entry.cpp}
02-24 00:56:56.423  1348 13643 E Metadata2/Entry: itemAt(531):Get data error , tag ffffffff, mContentPtr 0x0 (itemAt){#531:vendor/mediatek/proprietary/hardware/mtkcam/utils/metadata/metadata/Entry.cpp}
02-24 00:56:56.423  1348 13643 E KEYFILE : [ERROR   ] keyfilegroup.cpp:348 GetKeyValues() pKeyName :OrientationInfo[1][com.instagram.android] is not found!
02-24 00:56:56.454  1348 21703 E Hal3ARaw: [setStereoParams] Dev(2) StereoQ has Error message (setStereoParams){#1565:vendor/mediatek/proprietary/hardware/mtkcam/aaa/source/isp_50/wrapper/Hal3ARawImp.cpp}
02-24 00:56:56.455  1348 13643 E NormalPipe: [vendor/mediatek/proprietary/hardware/mtkcam/drv/src/isp/mt6785/iopipe/CamIO/NormalPipe.cpp, sendCommand, line3260] ERROR: error: sendCommand fail: (cmd,arg1,arg2,arg3)=(0x00001500,0x70AE4DC890,0x70AE4DC894,0xB40000707A67525C) (sendCommand){#3260:vendor/mediatek/proprietary/hardware/mtkcam/drv/src/isp/mt6785/iopipe/CamIO/NormalPipe.cpp}
02-24 00:56:56.457  1348 19202 E Metadata2/Entry: itemAt(531):Get data error , tag ffffffff, mContentPtr 0x0 (itemAt){#531:vendor/mediatek/proprietary/hardware/mtkcam/utils/metadata/metadata/Entry.cpp}
02-24 00:56:56.457  1348 19202 E Metadata2/Entry: itemAt(531):Get data error , tag ffffffff, mContentPtr 0x0 (itemAt){#531:vendor/mediatek/proprietary/hardware/mtkcam/utils/metadata/metadata/Entry.cpp}
02-24 00:56:56.457  1348 19202 E KEYFILE : [ERROR   ] keyfilegroup.cpp:348 GetKeyValues() pKeyName :OrientationInfo[1][com.instagram.android] is not found!
02-24 00:56:56.488  1348 19202 E NormalPipe: [vendor/mediatek/proprietary/hardware/mtkcam/drv/src/isp/mt6785/iopipe/CamIO/NormalPipe.cpp, sendCommand, line3260] ERROR: error: sendCommand fail: (cmd,arg1,arg2,arg3)=(0x00001500,0x70A9DD7890,0x70A9DD7894,0xB400007076DEAE5C) (sendCommand){#3260:vendor/mediatek/proprietary/hardware/mtkcam/drv/src/isp/mt6785/iopipe/CamIO/NormalPipe.cpp}
02-24 00:56:56.488  1348 21703 E Hal3ARaw: [setStereoParams] Dev(2) StereoQ has Error message (setStereoParams){#1565:vendor/mediatek/proprietary/hardware/mtkcam/aaa/source/isp_50/wrapper/Hal3ARawImp.cpp}
02-24 00:56:56.490  1348 19202 E Metadata2/Entry: itemAt(531):Get data error , tag ffffffff, mContentPtr 0x0 (itemAt){#531:vendor/mediatek/proprietary/hardware/mtkcam/utils/metadata/metadata/Entry.cpp}
02-24 00:56:56.490  1348 19202 E Metadata2/Entry: itemAt(531):Get data error , tag ffffffff, mContentPtr 0x0 (itemAt){#531:vendor/mediatek/proprietary/hardware/mtkcam/utils/metadata/metadata/Entry.cpp}
02-24 00:56:56.490  1348 19202 E KEYFILE : [ERROR   ] keyfilegroup.cpp:348 GetKeyValues() pKeyName :OrientationInfo[1][com.instagram.android] is not found!
02-24 00:56:56.521  1348 21703 E Hal3ARaw: [setStereoParams] Dev(2) StereoQ has Error message (setStereoParams){#1565:vendor/mediatek/proprietary/hardware/mtkcam/aaa/source/isp_50/wrapper/Hal3ARawImp.cpp}
02-24 00:56:56.521  1348 19202 E NormalPipe: [vendor/mediatek/proprietary/hardware/mtkcam/drv/src/isp/mt6785/iopipe/CamIO/NormalPipe.cpp, sendCommand, line3260] ERROR: error: sendCommand fail: (cmd,arg1,arg2,arg3)=(0x00001500,0x70A9DD7890,0x70A9DD7894,0xB40000707657425C) (sendCommand){#3260:vendor/mediatek/proprietary/hardware/mtkcam/drv/src/isp/mt6785/iopipe/CamIO/NormalPipe.cpp}
02-24 00:56:56.523  1348 19202 E Metadata2/Entry: itemAt(531):Get data error , tag ffffffff, mContentPtr 0x0 (itemAt){#531:vendor/mediatek/proprietary/hardware/mtkcam/utils/metadata/metadata/Entry.cpp}
02-24 00:56:56.523  1348 19202 E Metadata2/Entry: itemAt(531):Get data error , tag ffffffff, mContentPtr 0x0 (itemAt){#531:vendor/mediatek/proprietary/hardware/mtkcam/utils/metadata/metadata/Entry.cpp}
02-24 00:56:56.523  1348 19202 E KEYFILE : [ERROR   ] keyfilegroup.cpp:348 GetKeyValues() pKeyName :OrientationInfo[1][com.instagram.android] is not found!
02-24 00:56:56.551  1953  2268 E OplusNetworkStackManager: callback len = 2
02-24 00:56:56.552  3213  3886 E OplusNetworkStackManager: callback len = 1
02-24 00:56:56.552  3185  3379 E OplusNetworkStackManager: callback len = 1
02-24 00:56:56.555  1348 21703 E Hal3ARaw: [setStereoParams] Dev(2) StereoQ has Error message (setStereoParams){#1565:vendor/mediatek/proprietary/hardware/mtkcam/aaa/source/isp_50/wrapper/Hal3ARawImp.cpp}
02-24 00:56:56.555  1348 19202 E NormalPipe: [vendor/mediatek/proprietary/hardware/mtkcam/drv/src/isp/mt6785/iopipe/CamIO/NormalPipe.cpp, sendCommand, line3260] ERROR: error: sendCommand fail: (cmd,arg1,arg2,arg3)=(0x00001500,0x70A9DD7890,0x70A9DD7894,0xB4000070AC7B225C) (sendCommand){#3260:vendor/mediatek/proprietary/hardware/mtkcam/drv/src/isp/mt6785/iopipe/CamIO/NormalPipe.cpp}
02-24 00:56:56.557  1348 19202 E Metadata2/Entry: itemAt(531):Get data error , tag ffffffff, mContentPtr 0x0 (itemAt){#531:vendor/mediatek/proprietary/hardware/mtkcam/utils/metadata/metadata/Entry.cpp}
02-24 00:56:56.557  1348 19202 E Metadata2/Entry: itemAt(531):Get data error , tag ffffffff, mContentPtr 0x0 (itemAt){#531:vendor/mediatek/proprietary/hardware/mtkcam/utils/metadata/metadata/Entry.cpp}
02-24 00:56:56.557  1348 19202 E KEYFILE : [ERROR   ] keyfilegroup.cpp:348 GetKeyValues() pKeyName :OrientationInfo[1][com.instagram.android] is not found!
02-24 00:56:56.588  1348 19202 E NormalPipe: [vendor/mediatek/proprietary/hardware/mtkcam/drv/src/isp/mt6785/iopipe/CamIO/NormalPipe.cpp, sendCommand, line3260] ERROR: error: sendCommand fail: (cmd,arg1,arg2,arg3)=(0x00001500,0x70A9DD7890,0x70A9DD7894,0xB4000070AD0DB65C) (sendCommand){#3260:vendor/mediatek/proprietary/hardware/mtkcam/drv/src/isp/mt6785/iopipe/CamIO/NormalPipe.cpp}
02-24 00:56:56.588  1348 21703 E Hal3ARaw: [setStereoParams] Dev(2) StereoQ has Error message (setStereoParams){#1565:vendor/mediatek/proprietary/hardware/mtkcam/aaa/source/isp_50/wrapper/Hal3ARawImp.cpp}
02-24 00:56:56.590  1348 19202 E Metadata2/Entry: itemAt(531):Get data error , tag ffffffff, mContentPtr 0x0 (itemAt){#531:vendor/mediatek/proprietary/hardware/mtkcam/utils/metadata/metadata/Entry.cpp}
02-24 00:56:56.590  1348 19202 E Metadata2/Entry: itemAt(531):Get data error , tag ffffffff, mContentPtr 0x0 (itemAt){#531:vendor/mediatek/proprietary/hardware/mtkcam/utils/metadata/metadata/Entry.cpp}
02-24 00:56:56.590  1348 19202 E KEYFILE : [ERROR   ] keyfilegroup.cpp:348 GetKeyValues() pKeyName :OrientationInfo[1][com.instagram.android] is not found!
02-24 00:56:56.621  1348 21703 E Hal3ARaw: [setStereoParams] Dev(2) StereoQ has Error message (setStereoParams){#1565:vendor/mediatek/proprietary/hardware/mtkcam/aaa/source/isp_50/wrapper/Hal3ARawImp.cpp}
02-24 00:56:56.621  1348 19202 E NormalPipe: [vendor/mediatek/proprietary/hardware/mtkcam/drv/src/isp/mt6785/iopipe/CamIO/NormalPipe.cpp, sendCommand, line3260] ERROR: error: sendCommand fail: (cmd,arg1,arg2,arg3)=(0x00001500,0x70A9DD7890,0x70A9DD7894,0xB4000070AD193A5C) (sendCommand){#3260:vendor/mediatek/proprietary/hardware/mtkcam/drv/src/isp/mt6785/iopipe/CamIO/NormalPipe.cpp}
02-24 00:56:56.623  1348 19202 E Metadata2/Entry: itemAt(531):Get data error , tag ffffffff, mContentPtr 0x0 (itemAt){#531:vendor/mediatek/proprietary/hardware/mtkcam/utils/metadata/metadata/Entry.cpp}
02-24 00:56:56.623  1348 19202 E Metadata2/Entry: itemAt(531):Get data error , tag ffffffff, mContentPtr 0x0 (itemAt){#531:vendor/mediatek/proprietary/hardware/mtkcam/utils/metadata/metadata/Entry.cpp}
02-24 00:56:56.623  1348 19202 E KEYFILE : [ERROR   ] keyfilegroup.cpp:348 GetKeyValues() pKeyName :OrientationInfo[1][com.instagram.android] is not found!
02-24 00:56:56.655  1348 21703 E Hal3ARaw: [setStereoParams] Dev(2) StereoQ has Error message (setStereoParams){#1565:vendor/mediatek/proprietary/hardware/mtkcam/aaa/source/isp_50/wrapper/Hal3ARawImp.cpp}
02-24 00:56:56.655  1348 19202 E NormalPipe: [vendor/mediatek/proprietary/hardware/mtkcam/drv/src/isp/mt6785/iopipe/CamIO/NormalPipe.cpp, sendCommand, line3260] ERROR: error: sendCommand fail: (cmd,arg1,arg2,arg3)=(0x00001500,0x70A9DD7890,0x70A9DD7894,0xB4000070A99D4A5C) (sendCommand){#3260:vendor/mediatek/proprietary/hardware/mtkcam/drv/src/isp/mt6785/iopipe/CamIO/NormalPipe.cpp}
02-24 00:56:56.657  1348 13643 E Metadata2/Entry: itemAt(531):Get data error , tag ffffffff, mContentPtr 0x0 (itemAt){#531:vendor/mediatek/proprietary/hardware/mtkcam/utils/metadata/metadata/Entry.cpp}
02-24 00:56:56.657  1348 13643 E Metadata2/Entry: itemAt(531):Get data error , tag ffffffff, mContentPtr 0x0 (itemAt){#531:vendor/mediatek/proprietary/hardware/mtkcam/utils/metadata/metadata/Entry.cpp}
02-24 00:56:56.657  1348 13643 E KEYFILE : [ERROR   ] keyfilegroup.cpp:348 GetKeyValues() pKeyName :OrientationInfo[1][com.instagram.android] is not found!
02-24 00:56:56.688  1348 21703 E Hal3ARaw: [setStereoParams] Dev(2) StereoQ has Error message (setStereoParams){#1565:vendor/mediatek/proprietary/hardware/mtkcam/aaa/source/isp_50/wrapper/Hal3ARawImp.cpp}
02-24 00:56:56.688  1348 13643 E NormalPipe: [vendor/mediatek/proprietary/hardware/mtkcam/drv/src/isp/mt6785/iopipe/CamIO/NormalPipe.cpp, sendCommand, line3260] ERROR: error: sendCommand fail: (cmd,arg1,arg2,arg3)=(0x00001500,0x70AE4DC890,0x70AE4DC894,0xB40000707A676E5C) (sendCommand){#3260:vendor/mediatek/proprietary/hardware/mtkcam/drv/src/isp/mt6785/iopipe/CamIO/NormalPipe.cpp}
02-24 00:56:56.690  1348 19202 E Metadata2/Entry: itemAt(531):Get data error , tag ffffffff, mContentPtr 0x0 (itemAt){#531:vendor/mediatek/proprietary/hardware/mtkcam/utils/metadata/metadata/Entry.cpp}
02-24 00:56:56.690  1348 19202 E Metadata2/Entry: itemAt(531):Get data error , tag ffffffff, mContentPtr 0x0 (itemAt){#531:vendor/mediatek/proprietary/hardware/mtkcam/utils/metadata/metadata/Entry.cpp}
02-24 00:56:56.690  1348 19202 E KEYFILE : [ERROR   ] keyfilegroup.cpp:348 GetKeyValues() pKeyName :OrientationInfo[1][com.instagram.android] is not found!
02-24 00:56:56.721  1348 19202 E NormalPipe: [vendor/mediatek/proprietary/hardware/mtkcam/drv/src/isp/mt6785/iopipe/CamIO/NormalPipe.cpp, sendCommand, line3260] ERROR: error: sendCommand fail: (cmd,arg1,arg2,arg3)=(0x00001500,0x70A9DD7890,0x70A9DD7894,0xB4000070A99D665C) (sendCommand){#3260:vendor/mediatek/proprietary/hardware/mtkcam/drv/src/isp/mt6785/iopipe/CamIO/NormalPipe.cpp}
02-24 00:56:56.721  1348 21703 E Hal3ARaw: [setStereoParams] Dev(2) StereoQ has Error message (setStereoParams){#1565:vendor/mediatek/proprietary/hardware/mtkcam/aaa/source/isp_50/wrapper/Hal3ARawImp.cpp}
02-24 00:56:56.723  1348 19202 E Metadata2/Entry: itemAt(531):Get data error , tag ffffffff, mContentPtr 0x0 (itemAt){#531:vendor/mediatek/proprietary/hardware/mtkcam/utils/metadata/metadata/Entry.cpp}
02-24 00:56:56.723  1348 19202 E Metadata2/Entry: itemAt(531):Get data error , tag ffffffff, mContentPtr 0x0 (itemAt){#531:vendor/mediatek/proprietary/hardware/mtkcam/utils/metadata/metadata/Entry.cpp}
02-24 00:56:56.723  1348 19202 E KEYFILE : [ERROR   ] keyfilegroup.cpp:348 GetKeyValues() pKeyName :OrientationInfo[1][com.instagram.android] is not found!
02-24 00:56:56.754  1348 21703 E Hal3ARaw: [setStereoParams] Dev(2) StereoQ has Error message (setStereoParams){#1565:vendor/mediatek/proprietary/hardware/mtkcam/aaa/source/isp_50/wrapper/Hal3ARawImp.cpp}
02-24 00:56:56.755  1348 19202 E NormalPipe: [vendor/mediatek/proprietary/hardware/mtkcam/drv/src/isp/mt6785/iopipe/CamIO/NormalPipe.cpp, sendCommand, line3260] ERROR: error: sendCommand fail: (cmd,arg1,arg2,arg3)=(0x00001500,0x70A9DD7890,0x70A9DD7894,0xB400007077DE6A5C) (sendCommand){#3260:vendor/mediatek/proprietary/hardware/mtkcam/drv/src/isp/mt6785/iopipe/CamIO/NormalPipe.cpp}
02-24 00:56:56.757  1348 19202 E Metadata2/Entry: itemAt(531):Get data error , tag ffffffff, mContentPtr 0x0 (itemAt){#531:vendor/mediatek/proprietary/hardware/mtkcam/utils/metadata/metadata/Entry.cpp}
02-24 00:56:56.757  1348 19202 E Metadata2/Entry: itemAt(531):Get data error , tag ffffffff, mContentPtr 0x0 (itemAt){#531:vendor/mediatek/proprietary/hardware/mtkcam/utils/metadata/metadata/Entry.cpp}
02-24 00:56:56.757  1348 19202 E KEYFILE : [ERROR   ] keyfilegroup.cpp:348 GetKeyValues() pKeyName :OrientationInfo[1][com.instagram.android] is not found!
02-24 00:56:56.788  1348 21703 E Hal3ARaw: [setStereoParams] Dev(2) StereoQ has Error message (setStereoParams){#1565:vendor/mediatek/proprietary/hardware/mtkcam/aaa/source/isp_50/wrapper/Hal3ARawImp.cpp}
02-24 00:56:56.788  1348 19202 E NormalPipe: [vendor/mediatek/proprietary/hardware/mtkcam/drv/src/isp/mt6785/iopipe/CamIO/NormalPipe.cpp, sendCommand, line3260] ERROR: error: sendCommand fail: (cmd,arg1,arg2,arg3)=(0x00001500,0x70A9DD7890,0x70A9DD7894,0xB400007077DE865C) (sendCommand){#3260:vendor/mediatek/proprietary/hardware/mtkcam/drv/src/isp/mt6785/iopipe/CamIO/NormalPipe.cpp}
02-24 00:56:56.790  1348 19202 E Metadata2/Entry: itemAt(531):Get data error , tag ffffffff, mContentPtr 0x0 (itemAt){#531:vendor/mediatek/proprietary/hardware/mtkcam/utils/metadata/metadata/Entry.cpp}
02-24 00:56:56.790  1348 19202 E Metadata2/Entry: itemAt(531):Get data error , tag ffffffff, mContentPtr 0x0 (itemAt){#531:vendor/mediatek/proprietary/hardware/mtkcam/utils/metadata/metadata/Entry.cpp}
02-24 00:56:56.790  1348 19202 E KEYFILE : [ERROR   ] keyfilegroup.cpp:348 GetKeyValues() pKeyName :OrientationInfo[1][com.instagram.android] is not found!
02-24 00:56:56.821  1348 21703 E Hal3ARaw: [setStereoParams] Dev(2) StereoQ has Error message (setStereoParams){#1565:vendor/mediatek/proprietary/hardware/mtkcam/aaa/source/isp_50/wrapper/Hal3ARawImp.cpp}
02-24 00:56:56.821  1348 19202 E NormalPipe: [vendor/mediatek/proprietary/hardware/mtkcam/drv/src/isp/mt6785/iopipe/CamIO/NormalPipe.cpp, sendCommand, line3260] ERROR: error: sendCommand fail: (cmd,arg1,arg2,arg3)=(0x00001500,0x70A9DD7890,0x70A9DD7894,0xB400007077DEBE5C) (sendCommand){#3260:vendor/mediatek/proprietary/hardware/mtkcam/drv/src/isp/mt6785/iopipe/CamIO/NormalPipe.cpp}
02-24 00:56:56.823  1348 19202 E Metadata2/Entry: itemAt(531):Get data error , tag ffffffff, mContentPtr 0x0 (itemAt){#531:vendor/mediatek/proprietary/hardware/mtkcam/utils/metadata/metadata/Entry.cpp}
02-24 00:56:56.823  1348 19202 E Metadata2/Entry: itemAt(531):Get data error , tag ffffffff, mContentPtr 0x0 (itemAt){#531:vendor/mediatek/proprietary/hardware/mtkcam/utils/metadata/metadata/Entry.cpp}
02-24 00:56:56.823  1348 19202 E KEYFILE : [ERROR   ] keyfilegroup.cpp:348 GetKeyValues() pKeyName :OrientationInfo[1][com.instagram.android] is not found!
02-24 00:56:56.854  1348 21703 E Hal3ARaw: [setStereoParams] Dev(2) StereoQ has Error message (setStereoParams){#1565:vendor/mediatek/proprietary/hardware/mtkcam/aaa/source/isp_50/wrapper/Hal3ARawImp.cpp}
02-24 00:56:56.854  1348 19202 E NormalPipe: [vendor/mediatek/proprietary/hardware/mtkcam/drv/src/isp/mt6785/iopipe/CamIO/NormalPipe.cpp, sendCommand, line3260] ERROR: error: sendCommand fail: (cmd,arg1,arg2,arg3)=(0x00001500,0x70A9DD7890,0x70A9DD7894,0xB400007077DF665C) (sendCommand){#3260:vendor/mediatek/proprietary/hardware/mtkcam/drv/src/isp/mt6785/iopipe/CamIO/NormalPipe.cpp}
02-24 00:56:56.857  1348  1348 E Metadata2/Entry: itemAt(531):Get data error , tag ffffffff, mContentPtr 0x0 (itemAt){#531:vendor/mediatek/proprietary/hardware/mtkcam/utils/metadata/metadata/Entry.cpp}
02-24 00:56:56.857  1348  1348 E Metadata2/Entry: itemAt(531):Get data error , tag ffffffff, mContentPtr 0x0 (itemAt){#531:vendor/mediatek/proprietary/hardware/mtkcam/utils/metadata/metadata/Entry.cpp}
02-24 00:56:56.857  1348  1348 E KEYFILE : [ERROR   ] keyfilegroup.cpp:348 GetKeyValues() pKeyName :OrientationInfo[1][com.instagram.android] is not found!
02-24 00:56:56.888  1348 21703 E Hal3ARaw: [setStereoParams] Dev(2) StereoQ has Error message (setStereoParams){#1565:vendor/mediatek/proprietary/hardware/mtkcam/aaa/source/isp_50/wrapper/Hal3ARawImp.cpp}
02-24 00:56:56.888  1348  1348 E NormalPipe: [vendor/mediatek/proprietary/hardware/mtkcam/drv/src/isp/mt6785/iopipe/CamIO/NormalPipe.cpp, sendCommand, line3260] ERROR: error: sendCommand fail: (cmd,arg1,arg2,arg3)=(0x00001500,0x7FCD800FF0,0x7FCD800FF4,0xB4000070AD19565C) (sendCommand){#3260:vendor/mediatek/proprietary/hardware/mtkcam/drv/src/isp/mt6785/iopipe/CamIO/NormalPipe.cpp}
02-24 00:56:56.890  1348 19202 E Metadata2/Entry: itemAt(531):Get data error , tag ffffffff, mContentPtr 0x0 (itemAt){#531:vendor/mediatek/proprietary/hardware/mtkcam/utils/metadata/metadata/Entry.cpp}
02-24 00:56:56.890  1348 19202 E Metadata2/Entry: itemAt(531):Get data error , tag ffffffff, mContentPtr 0x0 (itemAt){#531:vendor/mediatek/proprietary/hardware/mtkcam/utils/metadata/metadata/Entry.cpp}
02-24 00:56:56.890  1348 19202 E KEYFILE : [ERROR   ] keyfilegroup.cpp:348 GetKeyValues() pKeyName :OrientationInfo[1][com.instagram.android] is not found!
02-24 00:56:56.921  1348 21703 E Hal3ARaw: [setStereoParams] Dev(2) StereoQ has Error message (setStereoParams){#1565:vendor/mediatek/proprietary/hardware/mtkcam/aaa/source/isp_50/wrapper/Hal3ARawImp.cpp}
02-24 00:56:56.921  1348 19202 E NormalPipe: [vendor/mediatek/proprietary/hardware/mtkcam/drv/src/isp/mt6785/iopipe/CamIO/NormalPipe.cpp, sendCommand, line3260] ERROR: error: sendCommand fail: (cmd,arg1,arg2,arg3)=(0x00001500,0x70A9DD7890,0x70A9DD7894,0xB400007076575E5C) (sendCommand){#3260:vendor/mediatek/proprietary/hardware/mtkcam/drv/src/isp/mt6785/iopipe/CamIO/NormalPipe.cpp}
02-24 00:56:56.923  1348 19202 E Metadata2/Entry: itemAt(531):Get data error , tag ffffffff, mContentPtr 0x0 (itemAt){#531:vendor/mediatek/proprietary/hardware/mtkcam/utils/metadata/metadata/Entry.cpp}
02-24 00:56:56.923  1348 19202 E Metadata2/Entry: itemAt(531):Get data error , tag ffffffff, mContentPtr 0x0 (itemAt){#531:vendor/mediatek/proprietary/hardware/mtkcam/utils/metadata/metadata/Entry.cpp}
02-24 00:56:56.923  1348 19202 E KEYFILE : [ERROR   ] keyfilegroup.cpp:348 GetKeyValues() pKeyName :OrientationInfo[1][com.instagram.android] is not found!
02-24 00:56:56.954  1348 21703 E Hal3ARaw: [setStereoParams] Dev(2) StereoQ has Error message (setStereoParams){#1565:vendor/mediatek/proprietary/hardware/mtkcam/aaa/source/isp_50/wrapper/Hal3ARawImp.cpp}
02-24 00:56:56.954  1348 19202 E NormalPipe: [vendor/mediatek/proprietary/hardware/mtkcam/drv/src/isp/mt6785/iopipe/CamIO/NormalPipe.cpp, sendCommand, line3260] ERROR: error: sendCommand fail: (cmd,arg1,arg2,arg3)=(0x00001500,0x70A9DD7890,0x70A9DD7894,0xB400007077DF9E5C) (sendCommand){#3260:vendor/mediatek/proprietary/hardware/mtkcam/drv/src/isp/mt6785/iopipe/CamIO/NormalPipe.cpp}
02-24 00:56:56.957  1348 13643 E Metadata2/Entry: itemAt(531):Get data error , tag ffffffff, mContentPtr 0x0 (itemAt){#531:vendor/mediatek/proprietary/hardware/mtkcam/utils/metadata/metadata/Entry.cpp}
02-24 00:56:56.957  1348 13643 E Metadata2/Entry: itemAt(531):Get data error , tag ffffffff, mContentPtr 0x0 (itemAt){#531:vendor/mediatek/proprietary/hardware/mtkcam/utils/metadata/metadata/Entry.cpp}
02-24 00:56:56.957  1348 13643 E KEYFILE : [ERROR   ] keyfilegroup.cpp:348 GetKeyValues() pKeyName :OrientationInfo[1][com.instagram.android] is not found!
02-24 00:56:56.988  1348 21703 E Hal3ARaw: [setStereoParams] Dev(2) StereoQ has Error message (setStereoParams){#1565:vendor/mediatek/proprietary/hardware/mtkcam/aaa/source/isp_50/wrapper/Hal3ARawImp.cpp}
02-24 00:56:56.988  1348 13643 E NormalPipe: [vendor/mediatek/proprietary/hardware/mtkcam/drv/src/isp/mt6785/iopipe/CamIO/NormalPipe.cpp, sendCommand, line3260] ERROR: error: sendCommand fail: (cmd,arg1,arg2,arg3)=(0x00001500,0x70AE4DC890,0x70AE4DC894,0xB40000709A2EDA5C) (sendCommand){#3260:vendor/mediatek/proprietary/hardware/mtkcam/drv/src/isp/mt6785/iopipe/CamIO/NormalPipe.cpp}
02-24 00:56:56.990  1348 13643 E Metadata2/Entry: itemAt(531):Get data error , tag ffffffff, mContentPtr 0x0 (itemAt){#531:vendor/mediatek/proprietary/hardware/mtkcam/utils/metadata/metadata/Entry.cpp}
02-24 00:56:56.990  1348 13643 E Metadata2/Entry: itemAt(531):Get data error , tag ffffffff, mContentPtr 0x0 (itemAt){#531:vendor/mediatek/proprietary/hardware/mtkcam/utils/metadata/metadata/Entry.cpp}
02-24 00:56:56.990  1348 13643 E KEYFILE : [ERROR   ] keyfilegroup.cpp:348 GetKeyValues() pKeyName :OrientationInfo[1][com.instagram.android] is not found!
02-24 00:56:57.021  1348 21703 E Hal3ARaw: [setStereoParams] Dev(2) StereoQ has Error message (setStereoParams){#1565:vendor/mediatek/proprietary/hardware/mtkcam/aaa/source/isp_50/wrapper/Hal3ARawImp.cpp}
02-24 00:56:57.021  1348 13643 E NormalPipe: [vendor/mediatek/proprietary/hardware/mtkcam/drv/src/isp/mt6785/iopipe/CamIO/NormalPipe.cpp, sendCommand, line3260] ERROR: error: sendCommand fail: (cmd,arg1,arg2,arg3)=(0x00001500,0x70AE4DC890,0x70AE4DC894,0xB40000709A2EF65C) (sendCommand){#3260:vendor/mediatek/proprietary/hardware/mtkcam/drv/src/isp/mt6785/iopipe/CamIO/NormalPipe.cpp}
02-24 00:56:57.023  1348 13643 E Metadata2/Entry: itemAt(531):Get data error , tag ffffffff, mContentPtr 0x0 (itemAt){#531:vendor/mediatek/proprietary/hardware/mtkcam/utils/metadata/metadata/Entry.cpp}
02-24 00:56:57.024  1348 13643 E Metadata2/Entry: itemAt(531):Get data error , tag ffffffff, mContentPtr 0x0 (itemAt){#531:vendor/mediatek/proprietary/hardware/mtkcam/utils/metadata/metadata/Entry.cpp}
02-24 00:56:57.024  1348 13643 E KEYFILE : [ERROR   ] keyfilegroup.cpp:348 GetKeyValues() pKeyName :OrientationInfo[1][com.instagram.android] is not found!
02-24 00:56:57.054  1348 21703 E Hal3ARaw: [setStereoParams] Dev(2) StereoQ has Error message (setStereoParams){#1565:vendor/mediatek/proprietary/hardware/mtkcam/aaa/source/isp_50/wrapper/Hal3ARawImp.cpp}
02-24 00:56:57.055  1348 13643 E NormalPipe: [vendor/mediatek/proprietary/hardware/mtkcam/drv/src/isp/mt6785/iopipe/CamIO/NormalPipe.cpp, sendCommand, line3260] ERROR: error: sendCommand fail: (cmd,arg1,arg2,arg3)=(0x00001500,0x70AE4DC890,0x70AE4DC894,0xB40000709A2F125C) (sendCommand){#3260:vendor/mediatek/proprietary/hardware/mtkcam/drv/src/isp/mt6785/iopipe/CamIO/NormalPipe.cpp}
02-24 00:56:57.057  1348 13643 E Metadata2/Entry: itemAt(531):Get data error , tag ffffffff, mContentPtr 0x0 (itemAt){#531:vendor/mediatek/proprietary/hardware/mtkcam/utils/metadata/metadata/Entry.cpp}
02-24 00:56:57.057  1348 13643 E Metadata2/Entry: itemAt(531):Get data error , tag ffffffff, mContentPtr 0x0 (itemAt){#531:vendor/mediatek/proprietary/hardware/mtkcam/utils/metadata/metadata/Entry.cpp}
02-24 00:56:57.058  1348 13643 E KEYFILE : [ERROR   ] keyfilegroup.cpp:348 GetKeyValues() pKeyName :OrientationInfo[1][com.instagram.android] is not found!
02-24 00:56:57.088  1348 21703 E Hal3ARaw: [setStereoParams] Dev(2) StereoQ has Error message (setStereoParams){#1565:vendor/mediatek/proprietary/hardware/mtkcam/aaa/source/isp_50/wrapper/Hal3ARawImp.cpp}
02-24 00:56:57.088  1348 13643 E NormalPipe: [vendor/mediatek/proprietary/hardware/mtkcam/drv/src/isp/mt6785/iopipe/CamIO/NormalPipe.cpp, sendCommand, line3260] ERROR: error: sendCommand fail: (cmd,arg1,arg2,arg3)=(0x00001500,0x70AE4DC890,0x70AE4DC894,0xB40000709A2F2E5C) (sendCommand){#3260:vendor/mediatek/proprietary/hardware/mtkcam/drv/src/isp/mt6785/iopipe/CamIO/NormalPipe.cpp}
02-24 00:56:57.091  1348 19202 E Metadata2/Entry: itemAt(531):Get data error , tag ffffffff, mContentPtr 0x0 (itemAt){#531:vendor/mediatek/proprietary/hardware/mtkcam/utils/metadata/metadata/Entry.cpp}
02-24 00:56:57.091  1348 19202 E Metadata2/Entry: itemAt(531):Get data error , tag ffffffff, mContentPtr 0x0 (itemAt){#531:vendor/mediatek/proprietary/hardware/mtkcam/utils/metadata/metadata/Entry.cpp}
02-24 00:56:57.091  1348 19202 E KEYFILE : [ERROR   ] keyfilegroup.cpp:348 GetKeyValues() pKeyName :OrientationInfo[1][com.instagram.android] is not found!
02-24 00:56:57.121  1348 21703 E Hal3ARaw: [setStereoParams] Dev(2) StereoQ has Error message (setStereoParams){#1565:vendor/mediatek/proprietary/hardware/mtkcam/aaa/source/isp_50/wrapper/Hal3ARawImp.cpp}
02-24 00:56:57.121  1348 19202 E NormalPipe: [vendor/mediatek/proprietary/hardware/mtkcam/drv/src/isp/mt6785/iopipe/CamIO/NormalPipe.cpp, sendCommand, line3260] ERROR: error: sendCommand fail: (cmd,arg1,arg2,arg3)=(0x00001500,0x70A9DD7890,0x70A9DD7894,0xB4000070771F7E5C) (sendCommand){#3260:vendor/mediatek/proprietary/hardware/mtkcam/drv/src/isp/mt6785/iopipe/CamIO/NormalPipe.cpp}
02-24 00:56:57.125  1348  1348 E Metadata2/Entry: itemAt(531):Get data error , tag ffffffff, mContentPtr 0x0 (itemAt){#531:vendor/mediatek/proprietary/hardware/mtkcam/utils/metadata/metadata/Entry.cpp}
02-24 00:56:57.125  1348  1348 E Metadata2/Entry: itemAt(531):Get data error , tag ffffffff, mContentPtr 0x0 (itemAt){#531:vendor/mediatek/proprietary/hardware/mtkcam/utils/metadata/metadata/Entry.cpp}
02-24 00:56:57.125  1348  1348 E KEYFILE : [ERROR   ] keyfilegroup.cpp:348 GetKeyValues() pKeyName :OrientationInfo[1][com.instagram.android] is not found!
02-24 00:56:57.154  1348 21703 E Hal3ARaw: [setStereoParams] Dev(2) StereoQ has Error message (setStereoParams){#1565:vendor/mediatek/proprietary/hardware/mtkcam/aaa/source/isp_50/wrapper/Hal3ARawImp.cpp}
02-24 00:56:57.154  1348  1348 E NormalPipe: [vendor/mediatek/proprietary/hardware/mtkcam/drv/src/isp/mt6785/iopipe/CamIO/NormalPipe.cpp, sendCommand, line3260] ERROR: error: sendCommand fail: (cmd,arg1,arg2,arg3)=(0x00001500,0x7FCD800FF0,0x7FCD800FF4,0xB4000070A99D825C) (sendCommand){#3260:vendor/mediatek/proprietary/hardware/mtkcam/drv/src/isp/mt6785/iopipe/CamIO/NormalPipe.cpp}
02-24 00:56:57.157  1348  1348 E Metadata2/Entry: itemAt(531):Get data error , tag ffffffff, mContentPtr 0x0 (itemAt){#531:vendor/mediatek/proprietary/hardware/mtkcam/utils/metadata/metadata/Entry.cpp}
02-24 00:56:57.157  1348  1348 E Metadata2/Entry: itemAt(531):Get data error , tag ffffffff, mContentPtr 0x0 (itemAt){#531:vendor/mediatek/proprietary/hardware/mtkcam/utils/metadata/metadata/Entry.cpp}
02-24 00:56:57.158  1348  1348 E KEYFILE : [ERROR   ] keyfilegroup.cpp:348 GetKeyValues() pKeyName :OrientationInfo[1][com.instagram.android] is not found!
02-24 00:56:57.188  1348  1348 E NormalPipe: [vendor/mediatek/proprietary/hardware/mtkcam/drv/src/isp/mt6785/iopipe/CamIO/NormalPipe.cpp, sendCommand, line3260] ERROR: error: sendCommand fail: (cmd,arg1,arg2,arg3)=(0x00001500,0x7FCD800FF0,0x7FCD800FF4,0xB4000070A99D9E5C) (sendCommand){#3260:vendor/mediatek/proprietary/hardware/mtkcam/drv/src/isp/mt6785/iopipe/CamIO/NormalPipe.cpp}
02-24 00:56:57.188  1348 21703 E Hal3ARaw: [setStereoParams] Dev(2) StereoQ has Error message (setStereoParams){#1565:vendor/mediatek/proprietary/hardware/mtkcam/aaa/source/isp_50/wrapper/Hal3ARawImp.cpp}
02-24 00:56:57.191  1348  1348 E Metadata2/Entry: itemAt(531):Get data error , tag ffffffff, mContentPtr 0x0 (itemAt){#531:vendor/mediatek/proprietary/hardware/mtkcam/utils/metadata/metadata/Entry.cpp}
02-24 00:56:57.191  1348  1348 E Metadata2/Entry: itemAt(531):Get data error , tag ffffffff, mContentPtr 0x0 (itemAt){#531:vendor/mediatek/proprietary/hardware/mtkcam/utils/metadata/metadata/Entry.cpp}
02-24 00:56:57.191  1348  1348 E KEYFILE : [ERROR   ] keyfilegroup.cpp:348 GetKeyValues() pKeyName :OrientationInfo[1][com.instagram.android] is not found!
02-24 00:56:57.221  1348 21703 E Hal3ARaw: [setStereoParams] Dev(2) StereoQ has Error message (setStereoParams){#1565:vendor/mediatek/proprietary/hardware/mtkcam/aaa/source/isp_50/wrapper/Hal3ARawImp.cpp}
02-24 00:56:57.221  1348  1348 E NormalPipe: [vendor/mediatek/proprietary/hardware/mtkcam/drv/src/isp/mt6785/iopipe/CamIO/NormalPipe.cpp, sendCommand, line3260] ERROR: error: sendCommand fail: (cmd,arg1,arg2,arg3)=(0x00001500,0x7FCD800FF0,0x7FCD800FF4,0xB40000707D08EE5C) (sendCommand){#3260:vendor/mediatek/proprietary/hardware/mtkcam/drv/src/isp/mt6785/iopipe/CamIO/NormalPipe.cpp}
02-24 00:56:57.224  1348  1348 E Metadata2/Entry: itemAt(531):Get data error , tag ffffffff, mContentPtr 0x0 (itemAt){#531:vendor/mediatek/proprietary/hardware/mtkcam/utils/metadata/metadata/Entry.cpp}
02-24 00:56:57.224  1348  1348 E Metadata2/Entry: itemAt(531):Get data error , tag ffffffff, mContentPtr 0x0 (itemAt){#531:vendor/mediatek/proprietary/hardware/mtkcam/utils/metadata/metadata/Entry.cpp}
02-24 00:56:57.224  1348  1348 E KEYFILE : [ERROR   ] keyfilegroup.cpp:348 GetKeyValues() pKeyName :OrientationInfo[1][com.instagram.android] is not found!
02-24 00:56:57.254  1348 21703 E Hal3ARaw: [setStereoParams] Dev(2) StereoQ has Error message (setStereoParams){#1565:vendor/mediatek/proprietary/hardware/mtkcam/aaa/source/isp_50/wrapper/Hal3ARawImp.cpp}
02-24 00:56:57.254  1348  1348 E NormalPipe: [vendor/mediatek/proprietary/hardware/mtkcam/drv/src/isp/mt6785/iopipe/CamIO/NormalPipe.cpp, sendCommand, line3260] ERROR: error: sendCommand fail: (cmd,arg1,arg2,arg3)=(0x00001500,0x7FCD800FF0,0x7FCD800FF4,0xB4000070AC7B225C) (sendCommand){#3260:vendor/mediatek/proprietary/hardware/mtkcam/drv/src/isp/mt6785/iopipe/CamIO/NormalPipe.cpp}
02-24 00:56:57.257  1348  1348 E Metadata2/Entry: itemAt(531):Get data error , tag ffffffff, mContentPtr 0x0 (itemAt){#531:vendor/mediatek/proprietary/hardware/mtkcam/utils/metadata/metadata/Entry.cpp}
02-24 00:56:57.258  1348  1348 E Metadata2/Entry: itemAt(531):Get data error , tag ffffffff, mContentPtr 0x0 (itemAt){#531:vendor/mediatek/proprietary/hardware/mtkcam/utils/metadata/metadata/Entry.cpp}
02-24 00:56:57.258  1348  1348 E KEYFILE : [ERROR   ] keyfilegroup.cpp:348 GetKeyValues() pKeyName :OrientationInfo[1][com.instagram.android] is not found!
02-24 00:56:57.287  1348 21703 E Hal3ARaw: [setStereoParams] Dev(2) StereoQ has Error message (setStereoParams){#1565:vendor/mediatek/proprietary/hardware/mtkcam/aaa/source/isp_50/wrapper/Hal3ARawImp.cpp}
02-24 00:56:57.288  1348  1348 E NormalPipe: [vendor/mediatek/proprietary/hardware/mtkcam/drv/src/isp/mt6785/iopipe/CamIO/NormalPipe.cpp, sendCommand, line3260] ERROR: error: sendCommand fail: (cmd,arg1,arg2,arg3)=(0x00001500,0x7FCD800FF0,0x7FCD800FF4,0xB4000070AD0DB65C) (sendCommand){#3260:vendor/mediatek/proprietary/hardware/mtkcam/drv/src/isp/mt6785/iopipe/CamIO/NormalPipe.cpp}
02-24 00:56:57.290  1348  5440 E Metadata2/Entry: itemAt(531):Get data error , tag ffffffff, mContentPtr 0x0 (itemAt){#531:vendor/mediatek/proprietary/hardware/mtkcam/utils/metadata/metadata/Entry.cpp}
02-24 00:56:57.290  1348  5440 E Metadata2/Entry: itemAt(531):Get data error , tag ffffffff, mContentPtr 0x0 (itemAt){#531:vendor/mediatek/proprietary/hardware/mtkcam/utils/metadata/metadata/Entry.cpp}
02-24 00:56:57.290  1348  5440 E KEYFILE : [ERROR   ] keyfilegroup.cpp:348 GetKeyValues() pKeyName :OrientationInfo[1][com.instagram.android] is not found!
02-24 00:56:57.321  1348 21703 E Hal3ARaw: [setStereoParams] Dev(2) StereoQ has Error message (setStereoParams){#1565:vendor/mediatek/proprietary/hardware/mtkcam/aaa/source/isp_50/wrapper/Hal3ARawImp.cpp}
02-24 00:56:57.321  1348  5440 E NormalPipe: [vendor/mediatek/proprietary/hardware/mtkcam/drv/src/isp/mt6785/iopipe/CamIO/NormalPipe.cpp, sendCommand, line3260] ERROR: error: sendCommand fail: (cmd,arg1,arg2,arg3)=(0x00001500,0x707F188890,0x707F188894,0xB400007076DE765C) (sendCommand){#3260:vendor/mediatek/proprietary/hardware/mtkcam/drv/src/isp/mt6785/iopipe/CamIO/NormalPipe.cpp}
02-24 00:56:57.324  1348  5440 E Metadata2/Entry: itemAt(531):Get data error , tag ffffffff, mContentPtr 0x0 (itemAt){#531:vendor/mediatek/proprietary/hardware/mtkcam/utils/metadata/metadata/Entry.cpp}
02-24 00:56:57.324  1348  5440 E Metadata2/Entry: itemAt(531):Get data error , tag ffffffff, mContentPtr 0x0 (itemAt){#531:vendor/mediatek/proprietary/hardware/mtkcam/utils/metadata/metadata/Entry.cpp}
02-24 00:56:57.324  1348  5440 E KEYFILE : [ERROR   ] keyfilegroup.cpp:348 GetKeyValues() pKeyName :OrientationInfo[1][com.instagram.android] is not found!
02-24 00:56:57.355  1348  5440 E NormalPipe: [vendor/mediatek/proprietary/hardware/mtkcam/drv/src/isp/mt6785/iopipe/CamIO/NormalPipe.cpp, sendCommand, line3260] ERROR: error: sendCommand fail: (cmd,arg1,arg2,arg3)=(0x00001500,0x707F188890,0x707F188894,0xB40000707A3C565C) (sendCommand){#3260:vendor/mediatek/proprietary/hardware/mtkcam/drv/src/isp/mt6785/iopipe/CamIO/NormalPipe.cpp}
02-24 00:56:57.356  1348 21703 E Hal3ARaw: [setStereoParams] Dev(2) StereoQ has Error message (setStereoParams){#1565:vendor/mediatek/proprietary/hardware/mtkcam/aaa/source/isp_50/wrapper/Hal3ARawImp.cpp}
02-24 00:56:57.359  1348  5440 E Metadata2/Entry: itemAt(531):Get data error , tag ffffffff, mContentPtr 0x0 (itemAt){#531:vendor/mediatek/proprietary/hardware/mtkcam/utils/metadata/metadata/Entry.cpp}
02-24 00:56:57.359  1348  5440 E Metadata2/Entry: itemAt(531):Get data error , tag ffffffff, mContentPtr 0x0 (itemAt){#531:vendor/mediatek/proprietary/hardware/mtkcam/utils/metadata/metadata/Entry.cpp}
02-24 00:56:57.359  1348  5440 E KEYFILE : [ERROR   ] keyfilegroup.cpp:348 GetKeyValues() pKeyName :OrientationInfo[1][com.instagram.android] is not found!
02-24 00:56:57.387  1348 21703 E Hal3ARaw: [setStereoParams] Dev(2) StereoQ has Error message (setStereoParams){#1565:vendor/mediatek/proprietary/hardware/mtkcam/aaa/source/isp_50/wrapper/Hal3ARawImp.cpp}
02-24 00:56:57.387  1348  5440 E NormalPipe: [vendor/mediatek/proprietary/hardware/mtkcam/drv/src/isp/mt6785/iopipe/CamIO/NormalPipe.cpp, sendCommand, line3260] ERROR: error: sendCommand fail: (cmd,arg1,arg2,arg3)=(0x00001500,0x707F188890,0x707F188894,0xB40000707A3C725C) (sendCommand){#3260:vendor/mediatek/proprietary/hardware/mtkcam/drv/src/isp/mt6785/iopipe/CamIO/NormalPipe.cpp}
02-24 00:56:57.390  1348  5440 E Metadata2/Entry: itemAt(531):Get data error , tag ffffffff, mContentPtr 0x0 (itemAt){#531:vendor/mediatek/proprietary/hardware/mtkcam/utils/metadata/metadata/Entry.cpp}
02-24 00:56:57.390  1348  5440 E Metadata2/Entry: itemAt(531):Get data error , tag ffffffff, mContentPtr 0x0 (itemAt){#531:vendor/mediatek/proprietary/hardware/mtkcam/utils/metadata/metadata/Entry.cpp}
02-24 00:56:57.390  1348  5440 E KEYFILE : [ERROR   ] keyfilegroup.cpp:348 GetKeyValues() pKeyName :OrientationInfo[1][com.instagram.android] is not found!
02-24 00:56:57.421  1348 21703 E Hal3ARaw: [setStereoParams] Dev(2) StereoQ has Error message (setStereoParams){#1565:vendor/mediatek/proprietary/hardware/mtkcam/aaa/source/isp_50/wrapper/Hal3ARawImp.cpp}
02-24 00:56:57.421  1348  5440 E NormalPipe: [vendor/mediatek/proprietary/hardware/mtkcam/drv/src/isp/mt6785/iopipe/CamIO/NormalPipe.cpp, sendCommand, line3260] ERROR: error: sendCommand fail: (cmd,arg1,arg2,arg3)=(0x00001500,0x707F188890,0x707F188894,0xB40000707A3C8E5C) (sendCommand){#3260:vendor/mediatek/proprietary/hardware/mtkcam/drv/src/isp/mt6785/iopipe/CamIO/NormalPipe.cpp}
02-24 00:56:57.424  1348  5440 E Metadata2/Entry: itemAt(531):Get data error , tag ffffffff, mContentPtr 0x0 (itemAt){#531:vendor/mediatek/proprietary/hardware/mtkcam/utils/metadata/metadata/Entry.cpp}
02-24 00:56:57.424  1348  5440 E Metadata2/Entry: itemAt(531):Get data error , tag ffffffff, mContentPtr 0x0 (itemAt){#531:vendor/mediatek/proprietary/hardware/mtkcam/utils/metadata/metadata/Entry.cpp}
02-24 00:56:57.425  1348  5440 E KEYFILE : [ERROR   ] keyfilegroup.cpp:348 GetKeyValues() pKeyName :OrientationInfo[1][com.instagram.android] is not found!
02-24 00:56:57.454  1348 21703 E Hal3ARaw: [setStereoParams] Dev(2) StereoQ has Error message (setStereoParams){#1565:vendor/mediatek/proprietary/hardware/mtkcam/aaa/source/isp_50/wrapper/Hal3ARawImp.cpp}
02-24 00:56:57.454  1348  5440 E NormalPipe: [vendor/mediatek/proprietary/hardware/mtkcam/drv/src/isp/mt6785/iopipe/CamIO/NormalPipe.cpp, sendCommand, line3260] ERROR: error: sendCommand fail: (cmd,arg1,arg2,arg3)=(0x00001500,0x707F188890,0x707F188894,0xB400007076506A5C) (sendCommand){#3260:vendor/mediatek/proprietary/hardware/mtkcam/drv/src/isp/mt6785/iopipe/CamIO/NormalPipe.cpp}
02-24 00:56:57.457  1348  5440 E Metadata2/Entry: itemAt(531):Get data error , tag ffffffff, mContentPtr 0x0 (itemAt){#531:vendor/mediatek/proprietary/hardware/mtkcam/utils/metadata/metadata/Entry.cpp}
02-24 00:56:57.457  1348  5440 E Metadata2/Entry: itemAt(531):Get data error , tag ffffffff, mContentPtr 0x0 (itemAt){#531:vendor/mediatek/proprietary/hardware/mtkcam/utils/metadata/metadata/Entry.cpp}
02-24 00:56:57.457  1348  5440 E KEYFILE : [ERROR   ] keyfilegroup.cpp:348 GetKeyValues() pKeyName :OrientationInfo[1][com.instagram.android] is not found!
02-24 00:56:57.487  1348 21703 E Hal3ARaw: [setStereoParams] Dev(2) StereoQ has Error message (setStereoParams){#1565:vendor/mediatek/proprietary/hardware/mtkcam/aaa/source/isp_50/wrapper/Hal3ARawImp.cpp}
02-24 00:56:57.488  1348  5440 E NormalPipe: [vendor/mediatek/proprietary/hardware/mtkcam/drv/src/isp/mt6785/iopipe/CamIO/NormalPipe.cpp, sendCommand, line3260] ERROR: error: sendCommand fail: (cmd,arg1,arg2,arg3)=(0x00001500,0x707F188890,0x707F188894,0xB40000707650865C) (sendCommand){#3260:vendor/mediatek/proprietary/hardware/mtkcam/drv/src/isp/mt6785/iopipe/CamIO/NormalPipe.cpp}
02-24 00:56:57.491  1348 19202 E Metadata2/Entry: itemAt(531):Get data error , tag ffffffff, mContentPtr 0x0 (itemAt){#531:vendor/mediatek/proprietary/hardware/mtkcam/utils/metadata/metadata/Entry.cpp}
02-24 00:56:57.491  1348 19202 E Metadata2/Entry: itemAt(531):Get data error , tag ffffffff, mContentPtr 0x0 (itemAt){#531:vendor/mediatek/proprietary/hardware/mtkcam/utils/metadata/metadata/Entry.cpp}
02-24 00:56:57.491  1348 19202 E KEYFILE : [ERROR   ] keyfilegroup.cpp:348 GetKeyValues() pKeyName :OrientationInfo[1][com.instagram.android] is not found!
02-24 00:56:57.521  1348 21703 E Hal3ARaw: [setStereoParams] Dev(2) StereoQ has Error message (setStereoParams){#1565:vendor/mediatek/proprietary/hardware/mtkcam/aaa/source/isp_50/wrapper/Hal3ARawImp.cpp}
02-24 00:56:57.521  1348 19202 E NormalPipe: [vendor/mediatek/proprietary/hardware/mtkcam/drv/src/isp/mt6785/iopipe/CamIO/NormalPipe.cpp, sendCommand, line3260] ERROR: error: sendCommand fail: (cmd,arg1,arg2,arg3)=(0x00001500,0x70A9DD7890,0x70A9DD7894,0xB400007076DE5A5C) (sendCommand){#3260:vendor/mediatek/proprietary/hardware/mtkcam/drv/src/isp/mt6785/iopipe/CamIO/NormalPipe.cpp}
02-24 00:56:57.524  1348  1348 E Metadata2/Entry: itemAt(531):Get data error , tag ffffffff, mContentPtr 0x0 (itemAt){#531:vendor/mediatek/proprietary/hardware/mtkcam/utils/metadata/metadata/Entry.cpp}
02-24 00:56:57.524  1348  1348 E Metadata2/Entry: itemAt(531):Get data error , tag ffffffff, mContentPtr 0x0 (itemAt){#531:vendor/mediatek/proprietary/hardware/mtkcam/utils/metadata/metadata/Entry.cpp}
02-24 00:56:57.524  1348  1348 E KEYFILE : [ERROR   ] keyfilegroup.cpp:348 GetKeyValues() pKeyName :OrientationInfo[1][com.instagram.android] is not found!
02-24 00:56:57.554  1348 21703 E Hal3ARaw: [setStereoParams] Dev(2) StereoQ has Error message (setStereoParams){#1565:vendor/mediatek/proprietary/hardware/mtkcam/aaa/source/isp_50/wrapper/Hal3ARawImp.cpp}
02-24 00:56:57.554  1348  1348 E NormalPipe: [vendor/mediatek/proprietary/hardware/mtkcam/drv/src/isp/mt6785/iopipe/CamIO/NormalPipe.cpp, sendCommand, line3260] ERROR: error: sendCommand fail: (cmd,arg1,arg2,arg3)=(0x00001500,0x7FCD800FF0,0x7FCD800FF4,0xB4000070AD193A5C) (sendCommand){#3260:vendor/mediatek/proprietary/hardware/mtkcam/drv/src/isp/mt6785/iopipe/CamIO/NormalPipe.cpp}
02-24 00:56:57.557  1348  1348 E Metadata2/Entry: itemAt(531):Get data error , tag ffffffff, mContentPtr 0x0 (itemAt){#531:vendor/mediatek/proprietary/hardware/mtkcam/utils/metadata/metadata/Entry.cpp}
02-24 00:56:57.557  1348  1348 E Metadata2/Entry: itemAt(531):Get data error , tag ffffffff, mContentPtr 0x0 (itemAt){#531:vendor/mediatek/proprietary/hardware/mtkcam/utils/metadata/metadata/Entry.cpp}
02-24 00:56:57.557  1348  1348 E KEYFILE : [ERROR   ] keyfilegroup.cpp:348 GetKeyValues() pKeyName :OrientationInfo[1][com.instagram.android] is not found!
02-24 00:56:57.575  1953  2268 E OplusNetworkStackManager: callback len = 2
02-24 00:56:57.575  3213  3886 E OplusNetworkStackManager: callback len = 1
02-24 00:56:57.575  3185  3379 E OplusNetworkStackManager: callback len = 1
02-24 00:56:57.589  1348  1348 E NormalPipe: [vendor/mediatek/proprietary/hardware/mtkcam/drv/src/isp/mt6785/iopipe/CamIO/NormalPipe.cpp, sendCommand, line3260] ERROR: error: sendCommand fail: (cmd,arg1,arg2,arg3)=(0x00001500,0x7FCD800FF0,0x7FCD800FF4,0xB4000070A99D4A5C) (sendCommand){#3260:vendor/mediatek/proprietary/hardware/mtkcam/drv/src/isp/mt6785/iopipe/CamIO/NormalPipe.cpp}
02-24 00:56:57.589  1348 21703 E Hal3ARaw: [setStereoParams] Dev(2) StereoQ has Error message (setStereoParams){#1565:vendor/mediatek/proprietary/hardware/mtkcam/aaa/source/isp_50/wrapper/Hal3ARawImp.cpp}
02-24 00:56:57.592  1348  1348 E Metadata2/Entry: itemAt(531):Get data error , tag ffffffff, mContentPtr 0x0 (itemAt){#531:vendor/mediatek/proprietary/hardware/mtkcam/utils/metadata/metadata/Entry.cpp}
02-24 00:56:57.592  1348  1348 E Metadata2/Entry: itemAt(531):Get data error , tag ffffffff, mContentPtr 0x0 (itemAt){#531:vendor/mediatek/proprietary/hardware/mtkcam/utils/metadata/metadata/Entry.cpp}
02-24 00:56:57.592  1348  1348 E KEYFILE : [ERROR   ] keyfilegroup.cpp:348 GetKeyValues() pKeyName :OrientationInfo[1][com.instagram.android] is not found!
02-24 00:56:57.621  1348 21703 E Hal3ARaw: [setStereoParams] Dev(2) StereoQ has Error message (setStereoParams){#1565:vendor/mediatek/proprietary/hardware/mtkcam/aaa/source/isp_50/wrapper/Hal3ARawImp.cpp}
02-24 00:56:57.621  1348  1348 E NormalPipe: [vendor/mediatek/proprietary/hardware/mtkcam/drv/src/isp/mt6785/iopipe/CamIO/NormalPipe.cpp, sendCommand, line3260] ERROR: error: sendCommand fail: (cmd,arg1,arg2,arg3)=(0x00001500,0x7FCD800FF0,0x7FCD800FF4,0xB4000070A99D665C) (sendCommand){#3260:vendor/mediatek/proprietary/hardware/mtkcam/drv/src/isp/mt6785/iopipe/CamIO/NormalPipe.cpp}
02-24 00:56:57.624  1348  5440 E Metadata2/Entry: itemAt(531):Get data error , tag ffffffff, mContentPtr 0x0 (itemAt){#531:vendor/mediatek/proprietary/hardware/mtkcam/utils/metadata/metadata/Entry.cpp}
02-24 00:56:57.624  1348  5440 E Metadata2/Entry: itemAt(531):Get data error , tag ffffffff, mContentPtr 0x0 (itemAt){#531:vendor/mediatek/proprietary/hardware/mtkcam/utils/metadata/metadata/Entry.cpp}
02-24 00:56:57.624  1348  5440 E KEYFILE : [ERROR   ] keyfilegroup.cpp:348 GetKeyValues() pKeyName :OrientationInfo[1][com.instagram.android] is not found!
02-24 00:56:57.654  1348 21703 E Hal3ARaw: [setStereoParams] Dev(2) StereoQ has Error message (setStereoParams){#1565:vendor/mediatek/proprietary/hardware/mtkcam/aaa/source/isp_50/wrapper/Hal3ARawImp.cpp}
02-24 00:56:57.654  1348  5440 E NormalPipe: [vendor/mediatek/proprietary/hardware/mtkcam/drv/src/isp/mt6785/iopipe/CamIO/NormalPipe.cpp, sendCommand, line3260] ERROR: error: sendCommand fail: (cmd,arg1,arg2,arg3)=(0x00001500,0x707F188890,0x707F188894,0xB40000707650A25C) (sendCommand){#3260:vendor/mediatek/proprietary/hardware/mtkcam/drv/src/isp/mt6785/iopipe/CamIO/NormalPipe.cpp}
02-24 00:56:57.657  1348  5440 E Metadata2/Entry: itemAt(531):Get data error , tag ffffffff, mContentPtr 0x0 (itemAt){#531:vendor/mediatek/proprietary/hardware/mtkcam/utils/metadata/metadata/Entry.cpp}
02-24 00:56:57.657  1348  5440 E Metadata2/Entry: itemAt(531):Get data error , tag ffffffff, mContentPtr 0x0 (itemAt){#531:vendor/mediatek/proprietary/hardware/mtkcam/utils/metadata/metadata/Entry.cpp}
02-24 00:56:57.657  1348  5440 E KEYFILE : [ERROR   ] keyfilegroup.cpp:348 GetKeyValues() pKeyName :OrientationInfo[1][com.instagram.android] is not found!
02-24 00:56:57.687  1348 21703 E Hal3ARaw: [setStereoParams] Dev(2) StereoQ has Error message (setStereoParams){#1565:vendor/mediatek/proprietary/hardware/mtkcam/aaa/source/isp_50/wrapper/Hal3ARawImp.cpp}
02-24 00:56:57.687  1348  5440 E NormalPipe: [vendor/mediatek/proprietary/hardware/mtkcam/drv/src/isp/mt6785/iopipe/CamIO/NormalPipe.cpp, sendCommand, line3260] ERROR: error: sendCommand fail: (cmd,arg1,arg2,arg3)=(0x00001500,0x707F188890,0x707F188894,0xB40000707650BE5C) (sendCommand){#3260:vendor/mediatek/proprietary/hardware/mtkcam/drv/src/isp/mt6785/iopipe/CamIO/NormalPipe.cpp}
02-24 00:56:57.690  1348 19202 E Metadata2/Entry: itemAt(531):Get data error , tag ffffffff, mContentPtr 0x0 (itemAt){#531:vendor/mediatek/proprietary/hardware/mtkcam/utils/metadata/metadata/Entry.cpp}
02-24 00:56:57.690  1348 19202 E Metadata2/Entry: itemAt(531):Get data error , tag ffffffff, mContentPtr 0x0 (itemAt){#531:vendor/mediatek/proprietary/hardware/mtkcam/utils/metadata/metadata/Entry.cpp}
02-24 00:56:57.690  1348 19202 E KEYFILE : [ERROR   ] keyfilegroup.cpp:348 GetKeyValues() pKeyName :OrientationInfo[1][com.instagram.android] is not found!
02-24 00:56:57.720  1348 21703 E Hal3ARaw: [setStereoParams] Dev(2) StereoQ has Error message (setStereoParams){#1565:vendor/mediatek/proprietary/hardware/mtkcam/aaa/source/isp_50/wrapper/Hal3ARawImp.cpp}
02-24 00:56:57.721  1348 19202 E NormalPipe: [vendor/mediatek/proprietary/hardware/mtkcam/drv/src/isp/mt6785/iopipe/CamIO/NormalPipe.cpp, sendCommand, line3260] ERROR: error: sendCommand fail: (cmd,arg1,arg2,arg3)=(0x00001500,0x70A9DD7890,0x70A9DD7894,0xB400007076DE925C) (sendCommand){#3260:vendor/mediatek/proprietary/hardware/mtkcam/drv/src/isp/mt6785/iopipe/CamIO/NormalPipe.cpp}
02-24 00:56:57.723  1348 19202 E Metadata2/Entry: itemAt(531):Get data error , tag ffffffff, mContentPtr 0x0 (itemAt){#531:vendor/mediatek/proprietary/hardware/mtkcam/utils/metadata/metadata/Entry.cpp}
02-24 00:56:57.723  1348 19202 E Metadata2/Entry: itemAt(531):Get data error , tag ffffffff, mContentPtr 0x0 (itemAt){#531:vendor/mediatek/proprietary/hardware/mtkcam/utils/metadata/metadata/Entry.cpp}
02-24 00:56:57.723  1348 19202 E KEYFILE : [ERROR   ] keyfilegroup.cpp:348 GetKeyValues() pKeyName :OrientationInfo[1][com.instagram.android] is not found!
02-24 00:56:57.754  1348 21703 E Hal3ARaw: [setStereoParams] Dev(2) StereoQ has Error message (setStereoParams){#1565:vendor/mediatek/proprietary/hardware/mtkcam/aaa/source/isp_50/wrapper/Hal3ARawImp.cpp}
02-24 00:56:57.754  1348 19202 E NormalPipe: [vendor/mediatek/proprietary/hardware/mtkcam/drv/src/isp/mt6785/iopipe/CamIO/NormalPipe.cpp, sendCommand, line3260] ERROR: error: sendCommand fail: (cmd,arg1,arg2,arg3)=(0x00001500,0x70A9DD7890,0x70A9DD7894,0xB40000707B912A5C) (sendCommand){#3260:vendor/mediatek/proprietary/hardware/mtkcam/drv/src/isp/mt6785/iopipe/CamIO/NormalPipe.cpp}
02-24 00:56:57.757  1348 19202 E Metadata2/Entry: itemAt(531):Get data error , tag ffffffff, mContentPtr 0x0 (itemAt){#531:vendor/mediatek/proprietary/hardware/mtkcam/utils/metadata/metadata/Entry.cpp}
02-24 00:56:57.757  1348 19202 E Metadata2/Entry: itemAt(531):Get data error , tag ffffffff, mContentPtr 0x0 (itemAt){#531:vendor/mediatek/proprietary/hardware/mtkcam/utils/metadata/metadata/Entry.cpp}
02-24 00:56:57.757  1348 19202 E KEYFILE : [ERROR   ] keyfilegroup.cpp:348 GetKeyValues() pKeyName :OrientationInfo[1][com.instagram.android] is not found!
02-24 00:56:57.788  1348 21703 E Hal3ARaw: [setStereoParams] Dev(2) StereoQ has Error message (setStereoParams){#1565:vendor/mediatek/proprietary/hardware/mtkcam/aaa/source/isp_50/wrapper/Hal3ARawImp.cpp}
02-24 00:56:57.788  1348 19202 E NormalPipe: [vendor/mediatek/proprietary/hardware/mtkcam/drv/src/isp/mt6785/iopipe/CamIO/NormalPipe.cpp, sendCommand, line3260] ERROR: error: sendCommand fail: (cmd,arg1,arg2,arg3)=(0x00001500,0x70A9DD7890,0x70A9DD7894,0xB40000707B91465C) (sendCommand){#3260:vendor/mediatek/proprietary/hardware/mtkcam/drv/src/isp/mt6785/iopipe/CamIO/NormalPipe.cpp}
02-24 00:56:57.791  1348 19202 E Metadata2/Entry: itemAt(531):Get data error , tag ffffffff, mContentPtr 0x0 (itemAt){#531:vendor/mediatek/proprietary/hardware/mtkcam/utils/metadata/metadata/Entry.cpp}
02-24 00:56:57.792  1348 19202 E Metadata2/Entry: itemAt(531):Get data error , tag ffffffff, mContentPtr 0x0 (itemAt){#531:vendor/mediatek/proprietary/hardware/mtkcam/utils/metadata/metadata/Entry.cpp}
02-24 00:56:57.792  1348 19202 E KEYFILE : [ERROR   ] keyfilegroup.cpp:348 GetKeyValues() pKeyName :OrientationInfo[1][com.instagram.android] is not found!
02-24 00:56:57.821  1348 19202 E NormalPipe: [vendor/mediatek/proprietary/hardware/mtkcam/drv/src/isp/mt6785/iopipe/CamIO/NormalPipe.cpp, sendCommand, line3260] ERROR: error: sendCommand fail: (cmd,arg1,arg2,arg3)=(0x00001500,0x70A9DD7890,0x70A9DD7894,0xB40000707B91625C) (sendCommand){#3260:vendor/mediatek/proprietary/hardware/mtkcam/drv/src/isp/mt6785/iopipe/CamIO/NormalPipe.cpp}
02-24 00:56:57.821  1348 21703 E Hal3ARaw: [setStereoParams] Dev(2) StereoQ has Error message (setStereoParams){#1565:vendor/mediatek/proprietary/hardware/mtkcam/aaa/source/isp_50/wrapper/Hal3ARawImp.cpp}
02-24 00:56:57.824  1348  5440 E Metadata2/Entry: itemAt(531):Get data error , tag ffffffff, mContentPtr 0x0 (itemAt){#531:vendor/mediatek/proprietary/hardware/mtkcam/utils/metadata/metadata/Entry.cpp}
02-24 00:56:57.824  1348  5440 E Metadata2/Entry: itemAt(531):Get data error , tag ffffffff, mContentPtr 0x0 (itemAt){#531:vendor/mediatek/proprietary/hardware/mtkcam/utils/metadata/metadata/Entry.cpp}
02-24 00:56:57.824  1348  5440 E KEYFILE : [ERROR   ] keyfilegroup.cpp:348 GetKeyValues() pKeyName :OrientationInfo[1][com.instagram.android] is not found!
02-24 00:56:57.854  1348 21703 E Hal3ARaw: [setStereoParams] Dev(2) StereoQ has Error message (setStereoParams){#1565:vendor/mediatek/proprietary/hardware/mtkcam/aaa/source/isp_50/wrapper/Hal3ARawImp.cpp}
02-24 00:56:57.854  1348  5440 E NormalPipe: [vendor/mediatek/proprietary/hardware/mtkcam/drv/src/isp/mt6785/iopipe/CamIO/NormalPipe.cpp, sendCommand, line3260] ERROR: error: sendCommand fail: (cmd,arg1,arg2,arg3)=(0x00001500,0x707F188890,0x707F188894,0xB4000070AD19AA5C) (sendCommand){#3260:vendor/mediatek/proprietary/hardware/mtkcam/drv/src/isp/mt6785/iopipe/CamIO/NormalPipe.cpp}
02-24 00:56:57.857  1348 19202 E Metadata2/Entry: itemAt(531):Get data error , tag ffffffff, mContentPtr 0x0 (itemAt){#531:vendor/mediatek/proprietary/hardware/mtkcam/utils/metadata/metadata/Entry.cpp}
02-24 00:56:57.857  1348 19202 E Metadata2/Entry: itemAt(531):Get data error , tag ffffffff, mContentPtr 0x0 (itemAt){#531:vendor/mediatek/proprietary/hardware/mtkcam/utils/metadata/metadata/Entry.cpp}
02-24 00:56:57.857  1348 19202 E KEYFILE : [ERROR   ] keyfilegroup.cpp:348 GetKeyValues() pKeyName :OrientationInfo[1][com.instagram.android] is not found!
02-24 00:56:57.887  1348 19202 E NormalPipe: [vendor/mediatek/proprietary/hardware/mtkcam/drv/src/isp/mt6785/iopipe/CamIO/NormalPipe.cpp, sendCommand, line3260] ERROR: error: sendCommand fail: (cmd,arg1,arg2,arg3)=(0x00001500,0x70A9DD7890,0x70A9DD7894,0xB40000707B922A5C) (sendCommand){#3260:vendor/mediatek/proprietary/hardware/mtkcam/drv/src/isp/mt6785/iopipe/CamIO/NormalPipe.cpp}
02-24 00:56:57.887  1348 21703 E Hal3ARaw: [setStereoParams] Dev(2) StereoQ has Error message (setStereoParams){#1565:vendor/mediatek/proprietary/hardware/mtkcam/aaa/source/isp_50/wrapper/Hal3ARawImp.cpp}
02-24 00:56:57.890  1348  1348 E Metadata2/Entry: itemAt(531):Get data error , tag ffffffff, mContentPtr 0x0 (itemAt){#531:vendor/mediatek/proprietary/hardware/mtkcam/utils/metadata/metadata/Entry.cpp}
02-24 00:56:57.890  1348  1348 E Metadata2/Entry: itemAt(531):Get data error , tag ffffffff, mContentPtr 0x0 (itemAt){#531:vendor/mediatek/proprietary/hardware/mtkcam/utils/metadata/metadata/Entry.cpp}
02-24 00:56:57.890  1348  1348 E KEYFILE : [ERROR   ] keyfilegroup.cpp:348 GetKeyValues() pKeyName :OrientationInfo[1][com.instagram.android] is not found!
02-24 00:56:57.921  1348 21703 E Hal3ARaw: [setStereoParams] Dev(2) StereoQ has Error message (setStereoParams){#1565:vendor/mediatek/proprietary/hardware/mtkcam/aaa/source/isp_50/wrapper/Hal3ARawImp.cpp}
02-24 00:56:57.921  1348  1348 E NormalPipe: [vendor/mediatek/proprietary/hardware/mtkcam/drv/src/isp/mt6785/iopipe/CamIO/NormalPipe.cpp, sendCommand, line3260] ERROR: error: sendCommand fail: (cmd,arg1,arg2,arg3)=(0x00001500,0x7FCD800FF0,0x7FCD800FF4,0xB400007079AC825C) (sendCommand){#3260:vendor/mediatek/proprietary/hardware/mtkcam/drv/src/isp/mt6785/iopipe/CamIO/NormalPipe.cpp}
02-24 00:56:57.924  1348 19202 E Metadata2/Entry: itemAt(531):Get data error , tag ffffffff, mContentPtr 0x0 (itemAt){#531:vendor/mediatek/proprietary/hardware/mtkcam/utils/metadata/metadata/Entry.cpp}
02-24 00:56:57.924  1348 19202 E Metadata2/Entry: itemAt(531):Get data error , tag ffffffff, mContentPtr 0x0 (itemAt){#531:vendor/mediatek/proprietary/hardware/mtkcam/utils/metadata/metadata/Entry.cpp}
02-24 00:56:57.924  1348 19202 E KEYFILE : [ERROR   ] keyfilegroup.cpp:348 GetKeyValues() pKeyName :OrientationInfo[1][com.instagram.android] is not found!
02-24 00:56:57.954  1348 21703 E Hal3ARaw: [setStereoParams] Dev(2) StereoQ has Error message (setStereoParams){#1565:vendor/mediatek/proprietary/hardware/mtkcam/aaa/source/isp_50/wrapper/Hal3ARawImp.cpp}
02-24 00:56:57.954  1348 19202 E NormalPipe: [vendor/mediatek/proprietary/hardware/mtkcam/drv/src/isp/mt6785/iopipe/CamIO/NormalPipe.cpp, sendCommand, line3260] ERROR: error: sendCommand fail: (cmd,arg1,arg2,arg3)=(0x00001500,0x70A9DD7890,0x70A9DD7894,0xB400007079AC4A5C) (sendCommand){#3260:vendor/mediatek/proprietary/hardware/mtkcam/drv/src/isp/mt6785/iopipe/CamIO/NormalPipe.cpp}
02-24 00:56:57.957  1348 19202 E Metadata2/Entry: itemAt(531):Get data error , tag ffffffff, mContentPtr 0x0 (itemAt){#531:vendor/mediatek/proprietary/hardware/mtkcam/utils/metadata/metadata/Entry.cpp}
02-24 00:56:57.957  1348 19202 E Metadata2/Entry: itemAt(531):Get data error , tag ffffffff, mContentPtr 0x0 (itemAt){#531:vendor/mediatek/proprietary/hardware/mtkcam/utils/metadata/metadata/Entry.cpp}
02-24 00:56:57.957  1348 19202 E KEYFILE : [ERROR   ] keyfilegroup.cpp:348 GetKeyValues() pKeyName :OrientationInfo[1][com.instagram.android] is not found!
02-24 00:56:57.987  1348 19202 E NormalPipe: [vendor/mediatek/proprietary/hardware/mtkcam/drv/src/isp/mt6785/iopipe/CamIO/NormalPipe.cpp, sendCommand, line3260] ERROR: error: sendCommand fail: (cmd,arg1,arg2,arg3)=(0x00001500,0x70A9DD7890,0x70A9DD7894,0xB4000070AC7B225C) (sendCommand){#3260:vendor/mediatek/proprietary/hardware/mtkcam/drv/src/isp/mt6785/iopipe/CamIO/NormalPipe.cpp}
02-24 00:56:57.987  1348 21703 E Hal3ARaw: [setStereoParams] Dev(2) StereoQ has Error message (setStereoParams){#1565:vendor/mediatek/proprietary/hardware/mtkcam/aaa/source/isp_50/wrapper/Hal3ARawImp.cpp}
02-24 00:56:57.990  1348  5440 E Metadata2/Entry: itemAt(531):Get data error , tag ffffffff, mContentPtr 0x0 (itemAt){#531:vendor/mediatek/proprietary/hardware/mtkcam/utils/metadata/metadata/Entry.cpp}
02-24 00:56:57.990  1348  5440 E Metadata2/Entry: itemAt(531):Get data error , tag ffffffff, mContentPtr 0x0 (itemAt){#531:vendor/mediatek/proprietary/hardware/mtkcam/utils/metadata/metadata/Entry.cpp}
02-24 00:56:57.991  1348  5440 E KEYFILE : [ERROR   ] keyfilegroup.cpp:348 GetKeyValues() pKeyName :OrientationInfo[1][com.instagram.android] is not found!
02-24 00:56:58.020  1348 21703 E Hal3ARaw: [setStereoParams] Dev(2) StereoQ has Error message (setStereoParams){#1565:vendor/mediatek/proprietary/hardware/mtkcam/aaa/source/isp_50/wrapper/Hal3ARawImp.cpp}
02-24 00:56:58.020  1348  5440 E NormalPipe: [vendor/mediatek/proprietary/hardware/mtkcam/drv/src/isp/mt6785/iopipe/CamIO/NormalPipe.cpp, sendCommand, line3260] ERROR: error: sendCommand fail: (cmd,arg1,arg2,arg3)=(0x00001500,0x707F188890,0x707F188894,0xB4000070AD19C65C) (sendCommand){#3260:vendor/mediatek/proprietary/hardware/mtkcam/drv/src/isp/mt6785/iopipe/CamIO/NormalPipe.cpp}
02-24 00:56:58.023  1348  5440 E Metadata2/Entry: itemAt(531):Get data error , tag ffffffff, mContentPtr 0x0 (itemAt){#531:vendor/mediatek/proprietary/hardware/mtkcam/utils/metadata/metadata/Entry.cpp}
02-24 00:56:58.023  1348  5440 E Metadata2/Entry: itemAt(531):Get data error , tag ffffffff, mContentPtr 0x0 (itemAt){#531:vendor/mediatek/proprietary/hardware/mtkcam/utils/metadata/metadata/Entry.cpp}
02-24 00:56:58.023  1348  5440 E KEYFILE : [ERROR   ] keyfilegroup.cpp:348 GetKeyValues() pKeyName :OrientationInfo[1][com.instagram.android] is not found!
02-24 00:56:58.054  1348 21703 E Hal3ARaw: [setStereoParams] Dev(2) StereoQ has Error message (setStereoParams){#1565:vendor/mediatek/proprietary/hardware/mtkcam/aaa/source/isp_50/wrapper/Hal3ARawImp.cpp}
02-24 00:56:58.054  1348  5440 E NormalPipe: [vendor/mediatek/proprietary/hardware/mtkcam/drv/src/isp/mt6785/iopipe/CamIO/NormalPipe.cpp, sendCommand, line3260] ERROR: error: sendCommand fail: (cmd,arg1,arg2,arg3)=(0x00001500,0x707F188890,0x707F188894,0xB4000070AD19E25C) (sendCommand){#3260:vendor/mediatek/proprietary/hardware/mtkcam/drv/src/isp/mt6785/iopipe/CamIO/NormalPipe.cpp}
02-24 00:56:58.057  1348  1348 E Metadata2/Entry: itemAt(531):Get data error , tag ffffffff, mContentPtr 0x0 (itemAt){#531:vendor/mediatek/proprietary/hardware/mtkcam/utils/metadata/metadata/Entry.cpp}
02-24 00:56:58.057  1348  1348 E Metadata2/Entry: itemAt(531):Get data error , tag ffffffff, mContentPtr 0x0 (itemAt){#531:vendor/mediatek/proprietary/hardware/mtkcam/utils/metadata/metadata/Entry.cpp}
02-24 00:56:58.057  1348  1348 E KEYFILE : [ERROR   ] keyfilegroup.cpp:348 GetKeyValues() pKeyName :OrientationInfo[1][com.instagram.android] is not found!
02-24 00:56:58.087  1348 21703 E Hal3ARaw: [setStereoParams] Dev(2) StereoQ has Error message (setStereoParams){#1565:vendor/mediatek/proprietary/hardware/mtkcam/aaa/source/isp_50/wrapper/Hal3ARawImp.cpp}
02-24 00:56:58.087  1348  1348 E NormalPipe: [vendor/mediatek/proprietary/hardware/mtkcam/drv/src/isp/mt6785/iopipe/CamIO/NormalPipe.cpp, sendCommand, line3260] ERROR: error: sendCommand fail: (cmd,arg1,arg2,arg3)=(0x00001500,0x7FCD800FF0,0x7FCD800FF4,0xB400007079AC9E5C) (sendCommand){#3260:vendor/mediatek/proprietary/hardware/mtkcam/drv/src/isp/mt6785/iopipe/CamIO/NormalPipe.cpp}
02-24 00:56:58.090  1348  1348 E Metadata2/Entry: itemAt(531):Get data error , tag ffffffff, mContentPtr 0x0 (itemAt){#531:vendor/mediatek/proprietary/hardware/mtkcam/utils/metadata/metadata/Entry.cpp}
02-24 00:56:58.090  1348  1348 E Metadata2/Entry: itemAt(531):Get data error , tag ffffffff, mContentPtr 0x0 (itemAt){#531:vendor/mediatek/proprietary/hardware/mtkcam/utils/metadata/metadata/Entry.cpp}
02-24 00:56:58.091  1348  1348 E KEYFILE : [ERROR   ] keyfilegroup.cpp:348 GetKeyValues() pKeyName :OrientationInfo[1][com.instagram.android] is not found!
02-24 00:56:58.120  1348 21703 E Hal3ARaw: [setStereoParams] Dev(2) StereoQ has Error message (setStereoParams){#1565:vendor/mediatek/proprietary/hardware/mtkcam/aaa/source/isp_50/wrapper/Hal3ARawImp.cpp}
02-24 00:56:58.121  1348  1348 E NormalPipe: [vendor/mediatek/proprietary/hardware/mtkcam/drv/src/isp/mt6785/iopipe/CamIO/NormalPipe.cpp, sendCommand, line3260] ERROR: error: sendCommand fail: (cmd,arg1,arg2,arg3)=(0x00001500,0x7FCD800FF0,0x7FCD800FF4,0xB400007076DEAE5C) (sendCommand){#3260:vendor/mediatek/proprietary/hardware/mtkcam/drv/src/isp/mt6785/iopipe/CamIO/NormalPipe.cpp}
02-24 00:56:58.124  1348  5440 E Metadata2/Entry: itemAt(531):Get data error , tag ffffffff, mContentPtr 0x0 (itemAt){#531:vendor/mediatek/proprietary/hardware/mtkcam/utils/metadata/metadata/Entry.cpp}
02-24 00:56:58.124  1348  5440 E Metadata2/Entry: itemAt(531):Get data error , tag ffffffff, mContentPtr 0x0 (itemAt){#531:vendor/mediatek/proprietary/hardware/mtkcam/utils/metadata/metadata/Entry.cpp}
02-24 00:56:58.124  1348  5440 E KEYFILE : [ERROR   ] keyfilegroup.cpp:348 GetKeyValues() pKeyName :OrientationInfo[1][com.instagram.android] is not found!
02-24 00:56:58.154  1348  5440 E NormalPipe: [vendor/mediatek/proprietary/hardware/mtkcam/drv/src/isp/mt6785/iopipe/CamIO/NormalPipe.cpp, sendCommand, line3260] ERROR: error: sendCommand fail: (cmd,arg1,arg2,arg3)=(0x00001500,0x707F188890,0x707F188894,0xB4000070AD193A5C) (sendCommand){#3260:vendor/mediatek/proprietary/hardware/mtkcam/drv/src/isp/mt6785/iopipe/CamIO/NormalPipe.cpp}
02-24 00:56:58.154  1348 21703 E Hal3ARaw: [setStereoParams] Dev(2) StereoQ has Error message (setStereoParams){#1565:vendor/mediatek/proprietary/hardware/mtkcam/aaa/source/isp_50/wrapper/Hal3ARawImp.cpp}
02-24 00:56:58.158  1348  5440 E Metadata2/Entry: itemAt(531):Get data error , tag ffffffff, mContentPtr 0x0 (itemAt){#531:vendor/mediatek/proprietary/hardware/mtkcam/utils/metadata/metadata/Entry.cpp}
02-24 00:56:58.158  1348  5440 E Metadata2/Entry: itemAt(531):Get data error , tag ffffffff, mContentPtr 0x0 (itemAt){#531:vendor/mediatek/proprietary/hardware/mtkcam/utils/metadata/metadata/Entry.cpp}
02-24 00:56:58.158  1348  5440 E KEYFILE : [ERROR   ] keyfilegroup.cpp:348 GetKeyValues() pKeyName :OrientationInfo[1][com.instagram.android] is not found!
02-24 00:56:58.187  1348 21703 E Hal3ARaw: [setStereoParams] Dev(2) StereoQ has Error message (setStereoParams){#1565:vendor/mediatek/proprietary/hardware/mtkcam/aaa/source/isp_50/wrapper/Hal3ARawImp.cpp}
02-24 00:56:58.187  1348  5440 E NormalPipe: [vendor/mediatek/proprietary/hardware/mtkcam/drv/src/isp/mt6785/iopipe/CamIO/NormalPipe.cpp, sendCommand, line3260] ERROR: error: sendCommand fail: (cmd,arg1,arg2,arg3)=(0x00001500,0x707F188890,0x707F188894,0xB4000070A99D4A5C) (sendCommand){#3260:vendor/mediatek/proprietary/hardware/mtkcam/drv/src/isp/mt6785/iopipe/CamIO/NormalPipe.cpp}
02-24 00:56:58.189  1348  5440 E Metadata2/Entry: itemAt(531):Get data error , tag ffffffff, mContentPtr 0x0 (itemAt){#531:vendor/mediatek/proprietary/hardware/mtkcam/utils/metadata/metadata/Entry.cpp}
02-24 00:56:58.190  1348  5440 E Metadata2/Entry: itemAt(531):Get data error , tag ffffffff, mContentPtr 0x0 (itemAt){#531:vendor/mediatek/proprietary/hardware/mtkcam/utils/metadata/metadata/Entry.cpp}
02-24 00:56:58.190  1348  5440 E KEYFILE : [ERROR   ] keyfilegroup.cpp:348 GetKeyValues() pKeyName :OrientationInfo[1][com.instagram.android] is not found!
02-24 00:56:58.221  1348 21703 E Hal3ARaw: [setStereoParams] Dev(2) StereoQ has Error message (setStereoParams){#1565:vendor/mediatek/proprietary/hardware/mtkcam/aaa/source/isp_50/wrapper/Hal3ARawImp.cpp}
02-24 00:56:58.221  1348  5440 E NormalPipe: [vendor/mediatek/proprietary/hardware/mtkcam/drv/src/isp/mt6785/iopipe/CamIO/NormalPipe.cpp, sendCommand, line3260] ERROR: error: sendCommand fail: (cmd,arg1,arg2,arg3)=(0x00001500,0x707F188890,0x707F188894,0xB4000070A99D665C) (sendCommand){#3260:vendor/mediatek/proprietary/hardware/mtkcam/drv/src/isp/mt6785/iopipe/CamIO/NormalPipe.cpp}
02-24 00:56:58.224  1348  5440 E Metadata2/Entry: itemAt(531):Get data error , tag ffffffff, mContentPtr 0x0 (itemAt){#531:vendor/mediatek/proprietary/hardware/mtkcam/utils/metadata/metadata/Entry.cpp}
02-24 00:56:58.224  1348  5440 E Metadata2/Entry: itemAt(531):Get data error , tag ffffffff, mContentPtr 0x0 (itemAt){#531:vendor/mediatek/proprietary/hardware/mtkcam/utils/metadata/metadata/Entry.cpp}
02-24 00:56:58.224  1348  5440 E KEYFILE : [ERROR   ] keyfilegroup.cpp:348 GetKeyValues() pKeyName :OrientationInfo[1][com.instagram.android] is not found!
02-24 00:56:58.254  1348 21703 E Hal3ARaw: [setStereoParams] Dev(2) StereoQ has Error message (setStereoParams){#1565:vendor/mediatek/proprietary/hardware/mtkcam/aaa/source/isp_50/wrapper/Hal3ARawImp.cpp}
02-24 00:56:58.254  1348  5440 E NormalPipe: [vendor/mediatek/proprietary/hardware/mtkcam/drv/src/isp/mt6785/iopipe/CamIO/NormalPipe.cpp, sendCommand, line3260] ERROR: error: sendCommand fail: (cmd,arg1,arg2,arg3)=(0x00001500,0x707F188890,0x707F188894,0xB4000070A99D9E5C) (sendCommand){#3260:vendor/mediatek/proprietary/hardware/mtkcam/drv/src/isp/mt6785/iopipe/CamIO/NormalPipe.cpp}
02-24 00:56:58.257  1348 19202 E Metadata2/Entry: itemAt(531):Get data error , tag ffffffff, mContentPtr 0x0 (itemAt){#531:vendor/mediatek/proprietary/hardware/mtkcam/utils/metadata/metadata/Entry.cpp}
02-24 00:56:58.257  1348 19202 E Metadata2/Entry: itemAt(531):Get data error , tag ffffffff, mContentPtr 0x0 (itemAt){#531:vendor/mediatek/proprietary/hardware/mtkcam/utils/metadata/metadata/Entry.cpp}
02-24 00:56:58.257  1348 19202 E KEYFILE : [ERROR   ] keyfilegroup.cpp:348 GetKeyValues() pKeyName :OrientationInfo[1][com.instagram.android] is not found!
02-24 00:56:58.287  1348 21703 E Hal3ARaw: [setStereoParams] Dev(2) StereoQ has Error message (setStereoParams){#1565:vendor/mediatek/proprietary/hardware/mtkcam/aaa/source/isp_50/wrapper/Hal3ARawImp.cpp}
02-24 00:56:58.287  1348 19202 E NormalPipe: [vendor/mediatek/proprietary/hardware/mtkcam/drv/src/isp/mt6785/iopipe/CamIO/NormalPipe.cpp, sendCommand, line3260] ERROR: error: sendCommand fail: (cmd,arg1,arg2,arg3)=(0x00001500,0x70A9DD7890,0x70A9DD7894,0xB4000070AD0DB65C) (sendCommand){#3260:vendor/mediatek/proprietary/hardware/mtkcam/drv/src/isp/mt6785/iopipe/CamIO/NormalPipe.cpp}
02-24 00:56:58.290  1348 19202 E Metadata2/Entry: itemAt(531):Get data error , tag ffffffff, mContentPtr 0x0 (itemAt){#531:vendor/mediatek/proprietary/hardware/mtkcam/utils/metadata/metadata/Entry.cpp}
02-24 00:56:58.290  1348 19202 E Metadata2/Entry: itemAt(531):Get data error , tag ffffffff, mContentPtr 0x0 (itemAt){#531:vendor/mediatek/proprietary/hardware/mtkcam/utils/metadata/metadata/Entry.cpp}
02-24 00:56:58.290  1348 19202 E KEYFILE : [ERROR   ] keyfilegroup.cpp:348 GetKeyValues() pKeyName :OrientationInfo[1][com.instagram.android] is not found!
02-24 00:56:58.320  1348 21703 E Hal3ARaw: [setStereoParams] Dev(2) StereoQ has Error message (setStereoParams){#1565:vendor/mediatek/proprietary/hardware/mtkcam/aaa/source/isp_50/wrapper/Hal3ARawImp.cpp}
02-24 00:56:58.320  1348 19202 E NormalPipe: [vendor/mediatek/proprietary/hardware/mtkcam/drv/src/isp/mt6785/iopipe/CamIO/NormalPipe.cpp, sendCommand, line3260] ERROR: error: sendCommand fail: (cmd,arg1,arg2,arg3)=(0x00001500,0x70A9DD7890,0x70A9DD7894,0xB4000070AD19565C) (sendCommand){#3260:vendor/mediatek/proprietary/hardware/mtkcam/drv/src/isp/mt6785/iopipe/CamIO/NormalPipe.cpp}
02-24 00:56:58.323  1348  5440 E Metadata2/Entry: itemAt(531):Get data error , tag ffffffff, mContentPtr 0x0 (itemAt){#531:vendor/mediatek/proprietary/hardware/mtkcam/utils/metadata/metadata/Entry.cpp}
02-24 00:56:58.323  1348  5440 E Metadata2/Entry: itemAt(531):Get data error , tag ffffffff, mContentPtr 0x0 (itemAt){#531:vendor/mediatek/proprietary/hardware/mtkcam/utils/metadata/metadata/Entry.cpp}
02-24 00:56:58.323  1348  5440 E KEYFILE : [ERROR   ] keyfilegroup.cpp:348 GetKeyValues() pKeyName :OrientationInfo[1][com.instagram.android] is not found!
02-24 00:56:58.354  1348 21703 E Hal3ARaw: [setStereoParams] Dev(2) StereoQ has Error message (setStereoParams){#1565:vendor/mediatek/proprietary/hardware/mtkcam/aaa/source/isp_50/wrapper/Hal3ARawImp.cpp}
02-24 00:56:58.354  1348  5440 E NormalPipe: [vendor/mediatek/proprietary/hardware/mtkcam/drv/src/isp/mt6785/iopipe/CamIO/NormalPipe.cpp, sendCommand, line3260] ERROR: error: sendCommand fail: (cmd,arg1,arg2,arg3)=(0x00001500,0x707F188890,0x707F188894,0xB40000707D08EE5C) (sendCommand){#3260:vendor/mediatek/proprietary/hardware/mtkcam/drv/src/isp/mt6785/iopipe/CamIO/NormalPipe.cpp}
02-24 00:56:58.358  1348  5440 E Metadata2/Entry: itemAt(531):Get data error , tag ffffffff, mContentPtr 0x0 (itemAt){#531:vendor/mediatek/proprietary/hardware/mtkcam/utils/metadata/metadata/Entry.cpp}
02-24 00:56:58.358  1348  5440 E Metadata2/Entry: itemAt(531):Get data error , tag ffffffff, mContentPtr 0x0 (itemAt){#531:vendor/mediatek/proprietary/hardware/mtkcam/utils/metadata/metadata/Entry.cpp}
02-24 00:56:58.358  1348  5440 E KEYFILE : [ERROR   ] keyfilegroup.cpp:348 GetKeyValues() pKeyName :OrientationInfo[1][com.instagram.android] is not found!
02-24 00:56:58.387  1348  5440 E NormalPipe: [vendor/mediatek/proprietary/hardware/mtkcam/drv/src/isp/mt6785/iopipe/CamIO/NormalPipe.cpp, sendCommand, line3260] ERROR: error: sendCommand fail: (cmd,arg1,arg2,arg3)=(0x00001500,0x707F188890,0x707F188894,0xB400007079AC665C) (sendCommand){#3260:vendor/mediatek/proprietary/hardware/mtkcam/drv/src/isp/mt6785/iopipe/CamIO/NormalPipe.cpp}
02-24 00:56:58.388  1348 21703 E Hal3ARaw: [setStereoParams] Dev(2) StereoQ has Error message (setStereoParams){#1565:vendor/mediatek/proprietary/hardware/mtkcam/aaa/source/isp_50/wrapper/Hal3ARawImp.cpp}
02-24 00:56:58.391  1348  5440 E Metadata2/Entry: itemAt(531):Get data error , tag ffffffff, mContentPtr 0x0 (itemAt){#531:vendor/mediatek/proprietary/hardware/mtkcam/utils/metadata/metadata/Entry.cpp}
02-24 00:56:58.391  1348  5440 E Metadata2/Entry: itemAt(531):Get data error , tag ffffffff, mContentPtr 0x0 (itemAt){#531:vendor/mediatek/proprietary/hardware/mtkcam/utils/metadata/metadata/Entry.cpp}
02-24 00:56:58.391  1348  5440 E KEYFILE : [ERROR   ] keyfilegroup.cpp:348 GetKeyValues() pKeyName :OrientationInfo[1][com.instagram.android] is not found!
02-24 00:56:58.420  1348 21703 E Hal3ARaw: [setStereoParams] Dev(2) StereoQ has Error message (setStereoParams){#1565:vendor/mediatek/proprietary/hardware/mtkcam/aaa/source/isp_50/wrapper/Hal3ARawImp.cpp}
02-24 00:56:58.420  1348  5440 E NormalPipe: [vendor/mediatek/proprietary/hardware/mtkcam/drv/src/isp/mt6785/iopipe/CamIO/NormalPipe.cpp, sendCommand, line3260] ERROR: error: sendCommand fail: (cmd,arg1,arg2,arg3)=(0x00001500,0x707F188890,0x707F188894,0xB400007077DE6A5C) (sendCommand){#3260:vendor/mediatek/proprietary/hardware/mtkcam/drv/src/isp/mt6785/iopipe/CamIO/NormalPipe.cpp}
02-24 00:56:58.423  1348  5440 E Metadata2/Entry: itemAt(531):Get data error , tag ffffffff, mContentPtr 0x0 (itemAt){#531:vendor/mediatek/proprietary/hardware/mtkcam/utils/metadata/metadata/Entry.cpp}
02-24 00:56:58.423  1348  5440 E Metadata2/Entry: itemAt(531):Get data error , tag ffffffff, mContentPtr 0x0 (itemAt){#531:vendor/mediatek/proprietary/hardware/mtkcam/utils/metadata/metadata/Entry.cpp}
02-24 00:56:58.424  1348  5440 E KEYFILE : [ERROR   ] keyfilegroup.cpp:348 GetKeyValues() pKeyName :OrientationInfo[1][com.instagram.android] is not found!
02-24 00:56:58.453  1348 21703 E Hal3ARaw: [setStereoParams] Dev(2) StereoQ has Error message (setStereoParams){#1565:vendor/mediatek/proprietary/hardware/mtkcam/aaa/source/isp_50/wrapper/Hal3ARawImp.cpp}
02-24 00:56:58.454  1348  5440 E NormalPipe: [vendor/mediatek/proprietary/hardware/mtkcam/drv/src/isp/mt6785/iopipe/CamIO/NormalPipe.cpp, sendCommand, line3260] ERROR: error: sendCommand fail: (cmd,arg1,arg2,arg3)=(0x00001500,0x707F188890,0x707F188894,0xB400007077DE865C) (sendCommand){#3260:vendor/mediatek/proprietary/hardware/mtkcam/drv/src/isp/mt6785/iopipe/CamIO/NormalPipe.cpp}
02-24 00:56:58.457  1348  1348 E Metadata2/Entry: itemAt(531):Get data error , tag ffffffff, mContentPtr 0x0 (itemAt){#531:vendor/mediatek/proprietary/hardware/mtkcam/utils/metadata/metadata/Entry.cpp}
02-24 00:56:58.457  1348  1348 E Metadata2/Entry: itemAt(531):Get data error , tag ffffffff, mContentPtr 0x0 (itemAt){#531:vendor/mediatek/proprietary/hardware/mtkcam/utils/metadata/metadata/Entry.cpp}
02-24 00:56:58.457  1348  1348 E KEYFILE : [ERROR   ] keyfilegroup.cpp:348 GetKeyValues() pKeyName :OrientationInfo[1][com.instagram.android] is not found!
02-24 00:56:58.487  1348 21703 E Hal3ARaw: [setStereoParams] Dev(2) StereoQ has Error message (setStereoParams){#1565:vendor/mediatek/proprietary/hardware/mtkcam/aaa/source/isp_50/wrapper/Hal3ARawImp.cpp}
02-24 00:56:58.487  1348  1348 E NormalPipe: [vendor/mediatek/proprietary/hardware/mtkcam/drv/src/isp/mt6785/iopipe/CamIO/NormalPipe.cpp, sendCommand, line3260] ERROR: error: sendCommand fail: (cmd,arg1,arg2,arg3)=(0x00001500,0x7FCD800FF0,0x7FCD800FF4,0xB40000707657425C) (sendCommand){#3260:vendor/mediatek/proprietary/hardware/mtkcam/drv/src/isp/mt6785/iopipe/CamIO/NormalPipe.cpp}
02-24 00:56:58.490  1348  1348 E Metadata2/Entry: itemAt(531):Get data error , tag ffffffff, mContentPtr 0x0 (itemAt){#531:vendor/mediatek/proprietary/hardware/mtkcam/utils/metadata/metadata/Entry.cpp}
02-24 00:56:58.490  1348  1348 E Metadata2/Entry: itemAt(531):Get data error , tag ffffffff, mContentPtr 0x0 (itemAt){#531:vendor/mediatek/proprietary/hardware/mtkcam/utils/metadata/metadata/Entry.cpp}
02-24 00:56:58.490  1348  1348 E KEYFILE : [ERROR   ] keyfilegroup.cpp:348 GetKeyValues() pKeyName :OrientationInfo[1][com.instagram.android] is not found!
02-24 00:56:58.520  1348 21703 E Hal3ARaw: [setStereoParams] Dev(2) StereoQ has Error message (setStereoParams){#1565:vendor/mediatek/proprietary/hardware/mtkcam/aaa/source/isp_50/wrapper/Hal3ARawImp.cpp}
02-24 00:56:58.520  1348  1348 E NormalPipe: [vendor/mediatek/proprietary/hardware/mtkcam/drv/src/isp/mt6785/iopipe/CamIO/NormalPipe.cpp, sendCommand, line3260] ERROR: error: sendCommand fail: (cmd,arg1,arg2,arg3)=(0x00001500,0x7FCD800FF0,0x7FCD800FF4,0xB40000707A3C3A5C) (sendCommand){#3260:vendor/mediatek/proprietary/hardware/mtkcam/drv/src/isp/mt6785/iopipe/CamIO/NormalPipe.cpp}
02-24 00:56:58.523  1348 19202 E Metadata2/Entry: itemAt(531):Get data error , tag ffffffff, mContentPtr 0x0 (itemAt){#531:vendor/mediatek/proprietary/hardware/mtkcam/utils/metadata/metadata/Entry.cpp}
02-24 00:56:58.523  1348 19202 E Metadata2/Entry: itemAt(531):Get data error , tag ffffffff, mContentPtr 0x0 (itemAt){#531:vendor/mediatek/proprietary/hardware/mtkcam/utils/metadata/metadata/Entry.cpp}
02-24 00:56:58.524  1348 19202 E KEYFILE : [ERROR   ] keyfilegroup.cpp:348 GetKeyValues() pKeyName :OrientationInfo[1][com.instagram.android] is not found!
02-24 00:56:58.553  1348 21703 E Hal3ARaw: [setStereoParams] Dev(2) StereoQ has Error message (setStereoParams){#1565:vendor/mediatek/proprietary/hardware/mtkcam/aaa/source/isp_50/wrapper/Hal3ARawImp.cpp}
02-24 00:56:58.554  1348 19202 E NormalPipe: [vendor/mediatek/proprietary/hardware/mtkcam/drv/src/isp/mt6785/iopipe/CamIO/NormalPipe.cpp, sendCommand, line3260] ERROR: error: sendCommand fail: (cmd,arg1,arg2,arg3)=(0x00001500,0x70A9DD7890,0x70A9DD7894,0xB4000070AD19FE5C) (sendCommand){#3260:vendor/mediatek/proprietary/hardware/mtkcam/drv/src/isp/mt6785/iopipe/CamIO/NormalPipe.cpp}
02-24 00:56:58.557  1348 19202 E Metadata2/Entry: itemAt(531):Get data error , tag ffffffff, mContentPtr 0x0 (itemAt){#531:vendor/mediatek/proprietary/hardware/mtkcam/utils/metadata/metadata/Entry.cpp}
02-24 00:56:58.557  1348 19202 E Metadata2/Entry: itemAt(531):Get data error , tag ffffffff, mContentPtr 0x0 (itemAt){#531:vendor/mediatek/proprietary/hardware/mtkcam/utils/metadata/metadata/Entry.cpp}
02-24 00:56:58.557  1348 19202 E KEYFILE : [ERROR   ] keyfilegroup.cpp:348 GetKeyValues() pKeyName :OrientationInfo[1][com.instagram.android] is not found!
02-24 00:56:58.587  1348 19202 E NormalPipe: [vendor/mediatek/proprietary/hardware/mtkcam/drv/src/isp/mt6785/iopipe/CamIO/NormalPipe.cpp, sendCommand, line3260] ERROR: error: sendCommand fail: (cmd,arg1,arg2,arg3)=(0x00001500,0x70A9DD7890,0x70A9DD7894,0xB4000070A99D825C) (sendCommand){#3260:vendor/mediatek/proprietary/hardware/mtkcam/drv/src/isp/mt6785/iopipe/CamIO/NormalPipe.cpp}
02-24 00:56:58.587  1348 21703 E Hal3ARaw: [setStereoParams] Dev(2) StereoQ has Error message (setStereoParams){#1565:vendor/mediatek/proprietary/hardware/mtkcam/aaa/source/isp_50/wrapper/Hal3ARawImp.cpp}
02-24 00:56:58.590  1348  1348 E Metadata2/Entry: itemAt(531):Get data error , tag ffffffff, mContentPtr 0x0 (itemAt){#531:vendor/mediatek/proprietary/hardware/mtkcam/utils/metadata/metadata/Entry.cpp}
02-24 00:56:58.590  1348  1348 E Metadata2/Entry: itemAt(531):Get data error , tag ffffffff, mContentPtr 0x0 (itemAt){#531:vendor/mediatek/proprietary/hardware/mtkcam/utils/metadata/metadata/Entry.cpp}
02-24 00:56:58.590  1348  1348 E KEYFILE : [ERROR   ] keyfilegroup.cpp:348 GetKeyValues() pKeyName :OrientationInfo[1][com.instagram.android] is not found!
02-24 00:56:58.599  1953  2268 E OplusNetworkStackManager: callback len = 2
02-24 00:56:58.600  3213  3886 E OplusNetworkStackManager: callback len = 1
02-24 00:56:58.600  3185  3379 E OplusNetworkStackManager: callback len = 1
02-24 00:56:58.620  1348 21703 E Hal3ARaw: [setStereoParams] Dev(2) StereoQ has Error message (setStereoParams){#1565:vendor/mediatek/proprietary/hardware/mtkcam/aaa/source/isp_50/wrapper/Hal3ARawImp.cpp}
02-24 00:56:58.620  1348  1348 E NormalPipe: [vendor/mediatek/proprietary/hardware/mtkcam/drv/src/isp/mt6785/iopipe/CamIO/NormalPipe.cpp, sendCommand, line3260] ERROR: error: sendCommand fail: (cmd,arg1,arg2,arg3)=(0x00001500,0x7FCD800FF0,0x7FCD800FF4,0xB4000070AC7B225C) (sendCommand){#3260:vendor/mediatek/proprietary/hardware/mtkcam/drv/src/isp/mt6785/iopipe/CamIO/NormalPipe.cpp}
02-24 00:56:58.624  1348  1348 E Metadata2/Entry: itemAt(531):Get data error , tag ffffffff, mContentPtr 0x0 (itemAt){#531:vendor/mediatek/proprietary/hardware/mtkcam/utils/metadata/metadata/Entry.cpp}
02-24 00:56:58.624  1348  1348 E Metadata2/Entry: itemAt(531):Get data error , tag ffffffff, mContentPtr 0x0 (itemAt){#531:vendor/mediatek/proprietary/hardware/mtkcam/utils/metadata/metadata/Entry.cpp}
02-24 00:56:58.624  1348  1348 E KEYFILE : [ERROR   ] keyfilegroup.cpp:348 GetKeyValues() pKeyName :OrientationInfo[1][com.instagram.android] is not found!
02-24 00:56:58.653  1348 21703 E Hal3ARaw: [setStereoParams] Dev(2) StereoQ has Error message (setStereoParams){#1565:vendor/mediatek/proprietary/hardware/mtkcam/aaa/source/isp_50/wrapper/Hal3ARawImp.cpp}
02-24 00:56:58.654  1348  1348 E NormalPipe: [vendor/mediatek/proprietary/hardware/mtkcam/drv/src/isp/mt6785/iopipe/CamIO/NormalPipe.cpp, sendCommand, line3260] ERROR: error: sendCommand fail: (cmd,arg1,arg2,arg3)=(0x00001500,0x7FCD800FF0,0x7FCD800FF4,0xB4000070AD19AA5C) (sendCommand){#3260:vendor/mediatek/proprietary/hardware/mtkcam/drv/src/isp/mt6785/iopipe/CamIO/NormalPipe.cpp}
02-24 00:56:58.657  1348  5440 E Metadata2/Entry: itemAt(531):Get data error , tag ffffffff, mContentPtr 0x0 (itemAt){#531:vendor/mediatek/proprietary/hardware/mtkcam/utils/metadata/metadata/Entry.cpp}
02-24 00:56:58.657  1348  5440 E Metadata2/Entry: itemAt(531):Get data error , tag ffffffff, mContentPtr 0x0 (itemAt){#531:vendor/mediatek/proprietary/hardware/mtkcam/utils/metadata/metadata/Entry.cpp}
02-24 00:56:58.657  1348  5440 E KEYFILE : [ERROR   ] keyfilegroup.cpp:348 GetKeyValues() pKeyName :OrientationInfo[1][com.instagram.android] is not found!
02-24 00:56:58.687  1348  5440 E NormalPipe: [vendor/mediatek/proprietary/hardware/mtkcam/drv/src/isp/mt6785/iopipe/CamIO/NormalPipe.cpp, sendCommand, line3260] ERROR: error: sendCommand fail: (cmd,arg1,arg2,arg3)=(0x00001500,0x707F188890,0x707F188894,0xB400007077DEBE5C) (sendCommand){#3260:vendor/mediatek/proprietary/hardware/mtkcam/drv/src/isp/mt6785/iopipe/CamIO/NormalPipe.cpp}
02-24 00:56:58.687  1348 21703 E Hal3ARaw: [setStereoParams] Dev(2) StereoQ has Error message (setStereoParams){#1565:vendor/mediatek/proprietary/hardware/mtkcam/aaa/source/isp_50/wrapper/Hal3ARawImp.cpp}
02-24 00:56:58.690  1348  5440 E Metadata2/Entry: itemAt(531):Get data error , tag ffffffff, mContentPtr 0x0 (itemAt){#531:vendor/mediatek/proprietary/hardware/mtkcam/utils/metadata/metadata/Entry.cpp}
02-24 00:56:58.691  1348  5440 E Metadata2/Entry: itemAt(531):Get data error , tag ffffffff, mContentPtr 0x0 (itemAt){#531:vendor/mediatek/proprietary/hardware/mtkcam/utils/metadata/metadata/Entry.cpp}
02-24 00:56:58.691  1348  5440 E KEYFILE : [ERROR   ] keyfilegroup.cpp:348 GetKeyValues() pKeyName :OrientationInfo[1][com.instagram.android] is not found!
02-24 00:56:58.721  1348 21703 E Hal3ARaw: [setStereoParams] Dev(2) StereoQ has Error message (setStereoParams){#1565:vendor/mediatek/proprietary/hardware/mtkcam/aaa/source/isp_50/wrapper/Hal3ARawImp.cpp}
02-24 00:56:58.721  1348  5440 E NormalPipe: [vendor/mediatek/proprietary/hardware/mtkcam/drv/src/isp/mt6785/iopipe/CamIO/NormalPipe.cpp, sendCommand, line3260] ERROR: error: sendCommand fail: (cmd,arg1,arg2,arg3)=(0x00001500,0x707F188890,0x707F188894,0xB400007077DF665C) (sendCommand){#3260:vendor/mediatek/proprietary/hardware/mtkcam/drv/src/isp/mt6785/iopipe/CamIO/NormalPipe.cpp}
02-24 00:56:58.725  1348 19202 E Metadata2/Entry: itemAt(531):Get data error , tag ffffffff, mContentPtr 0x0 (itemAt){#531:vendor/mediatek/proprietary/hardware/mtkcam/utils/metadata/metadata/Entry.cpp}
02-24 00:56:58.725  1348 19202 E Metadata2/Entry: itemAt(531):Get data error , tag ffffffff, mContentPtr 0x0 (itemAt){#531:vendor/mediatek/proprietary/hardware/mtkcam/utils/metadata/metadata/Entry.cpp}
02-24 00:56:58.726  1348 19202 E KEYFILE : [ERROR   ] keyfilegroup.cpp:348 GetKeyValues() pKeyName :OrientationInfo[1][com.instagram.android] is not found!
02-24 00:56:58.753  1348 21703 E Hal3ARaw: [setStereoParams] Dev(2) StereoQ has Error message (setStereoParams){#1565:vendor/mediatek/proprietary/hardware/mtkcam/aaa/source/isp_50/wrapper/Hal3ARawImp.cpp}
02-24 00:56:58.754  1348 19202 E NormalPipe: [vendor/mediatek/proprietary/hardware/mtkcam/drv/src/isp/mt6785/iopipe/CamIO/NormalPipe.cpp, sendCommand, line3260] ERROR: error: sendCommand fail: (cmd,arg1,arg2,arg3)=(0x00001500,0x70A9DD7890,0x70A9DD7894,0xB400007076DE765C) (sendCommand){#3260:vendor/mediatek/proprietary/hardware/mtkcam/drv/src/isp/mt6785/iopipe/CamIO/NormalPipe.cpp}
02-24 00:56:58.757  1348 19202 E Metadata2/Entry: itemAt(531):Get data error , tag ffffffff, mContentPtr 0x0 (itemAt){#531:vendor/mediatek/proprietary/hardware/mtkcam/utils/metadata/metadata/Entry.cpp}
02-24 00:56:58.757  1348 19202 E Metadata2/Entry: itemAt(531):Get data error , tag ffffffff, mContentPtr 0x0 (itemAt){#531:vendor/mediatek/proprietary/hardware/mtkcam/utils/metadata/metadata/Entry.cpp}
02-24 00:56:58.757  1348 19202 E KEYFILE : [ERROR   ] keyfilegroup.cpp:348 GetKeyValues() pKeyName :OrientationInfo[1][com.instagram.android] is not found!
02-24 00:56:58.787  1348 21703 E Hal3ARaw: [setStereoParams] Dev(2) StereoQ has Error message (setStereoParams){#1565:vendor/mediatek/proprietary/hardware/mtkcam/aaa/source/isp_50/wrapper/Hal3ARawImp.cpp}
02-24 00:56:58.787  1348 19202 E NormalPipe: [vendor/mediatek/proprietary/hardware/mtkcam/drv/src/isp/mt6785/iopipe/CamIO/NormalPipe.cpp, sendCommand, line3260] ERROR: error: sendCommand fail: (cmd,arg1,arg2,arg3)=(0x00001500,0x70A9DD7890,0x70A9DD7894,0xB400007076DE925C) (sendCommand){#3260:vendor/mediatek/proprietary/hardware/mtkcam/drv/src/isp/mt6785/iopipe/CamIO/NormalPipe.cpp}
02-24 00:56:58.790  1348 19202 E Metadata2/Entry: itemAt(531):Get data error , tag ffffffff, mContentPtr 0x0 (itemAt){#531:vendor/mediatek/proprietary/hardware/mtkcam/utils/metadata/metadata/Entry.cpp}
02-24 00:56:58.790  1348 19202 E Metadata2/Entry: itemAt(531):Get data error , tag ffffffff, mContentPtr 0x0 (itemAt){#531:vendor/mediatek/proprietary/hardware/mtkcam/utils/metadata/metadata/Entry.cpp}
02-24 00:56:58.790  1348 19202 E KEYFILE : [ERROR   ] keyfilegroup.cpp:348 GetKeyValues() pKeyName :OrientationInfo[1][com.instagram.android] is not found!
02-24 00:56:58.820  1348 21703 E Hal3ARaw: [setStereoParams] Dev(2) StereoQ has Error message (setStereoParams){#1565:vendor/mediatek/proprietary/hardware/mtkcam/aaa/source/isp_50/wrapper/Hal3ARawImp.cpp}
02-24 00:56:58.820  1348 19202 E NormalPipe: [vendor/mediatek/proprietary/hardware/mtkcam/drv/src/isp/mt6785/iopipe/CamIO/NormalPipe.cpp, sendCommand, line3260] ERROR: error: sendCommand fail: (cmd,arg1,arg2,arg3)=(0x00001500,0x70A9DD7890,0x70A9DD7894,0xB400007076575E5C) (sendCommand){#3260:vendor/mediatek/proprietary/hardware/mtkcam/drv/src/isp/mt6785/iopipe/CamIO/NormalPipe.cpp}
02-24 00:56:58.824  1348  5440 E Metadata2/Entry: itemAt(531):Get data error , tag ffffffff, mContentPtr 0x0 (itemAt){#531:vendor/mediatek/proprietary/hardware/mtkcam/utils/metadata/metadata/Entry.cpp}
02-24 00:56:58.824  1348  5440 E Metadata2/Entry: itemAt(531):Get data error , tag ffffffff, mContentPtr 0x0 (itemAt){#531:vendor/mediatek/proprietary/hardware/mtkcam/utils/metadata/metadata/Entry.cpp}
02-24 00:56:58.824  1348  5440 E KEYFILE : [ERROR   ] keyfilegroup.cpp:348 GetKeyValues() pKeyName :OrientationInfo[1][com.instagram.android] is not found!
02-24 00:56:58.853  1348 21703 E Hal3ARaw: [setStereoParams] Dev(2) StereoQ has Error message (setStereoParams){#1565:vendor/mediatek/proprietary/hardware/mtkcam/aaa/source/isp_50/wrapper/Hal3ARawImp.cpp}
02-24 00:56:58.854  1348  5440 E NormalPipe: [vendor/mediatek/proprietary/hardware/mtkcam/drv/src/isp/mt6785/iopipe/CamIO/NormalPipe.cpp, sendCommand, line3260] ERROR: error: sendCommand fail: (cmd,arg1,arg2,arg3)=(0x00001500,0x707F188890,0x707F188894,0xB40000707B91625C) (sendCommand){#3260:vendor/mediatek/proprietary/hardware/mtkcam/drv/src/isp/mt6785/iopipe/CamIO/NormalPipe.cpp}
02-24 00:56:58.857  1348  5440 E Metadata2/Entry: itemAt(531):Get data error , tag ffffffff, mContentPtr 0x0 (itemAt){#531:vendor/mediatek/proprietary/hardware/mtkcam/utils/metadata/metadata/Entry.cpp}
02-24 00:56:58.857  1348  5440 E Metadata2/Entry: itemAt(531):Get data error , tag ffffffff, mContentPtr 0x0 (itemAt){#531:vendor/mediatek/proprietary/hardware/mtkcam/utils/metadata/metadata/Entry.cpp}
02-24 00:56:58.857  1348  5440 E KEYFILE : [ERROR   ] keyfilegroup.cpp:348 GetKeyValues() pKeyName :OrientationInfo[1][com.instagram.android] is not found!
02-24 00:56:58.887  1348 21703 E Hal3ARaw: [setStereoParams] Dev(2) StereoQ has Error message (setStereoParams){#1565:vendor/mediatek/proprietary/hardware/mtkcam/aaa/source/isp_50/wrapper/Hal3ARawImp.cpp}
02-24 00:56:58.887  1348  5440 E NormalPipe: [vendor/mediatek/proprietary/hardware/mtkcam/drv/src/isp/mt6785/iopipe/CamIO/NormalPipe.cpp, sendCommand, line3260] ERROR: error: sendCommand fail: (cmd,arg1,arg2,arg3)=(0x00001500,0x707F188890,0x707F188894,0xB40000707B922A5C) (sendCommand){#3260:vendor/mediatek/proprietary/hardware/mtkcam/drv/src/isp/mt6785/iopipe/CamIO/NormalPipe.cpp}
02-24 00:56:58.891  1348  5440 E Metadata2/Entry: itemAt(531):Get data error , tag ffffffff, mContentPtr 0x0 (itemAt){#531:vendor/mediatek/proprietary/hardware/mtkcam/utils/metadata/metadata/Entry.cpp}
02-24 00:56:58.891  1348  5440 E Metadata2/Entry: itemAt(531):Get data error , tag ffffffff, mContentPtr 0x0 (itemAt){#531:vendor/mediatek/proprietary/hardware/mtkcam/utils/metadata/metadata/Entry.cpp}
02-24 00:56:58.891  1348  5440 E KEYFILE : [ERROR   ] keyfilegroup.cpp:348 GetKeyValues() pKeyName :OrientationInfo[1][com.instagram.android] is not found!
02-24 00:56:58.920  1348 21703 E Hal3ARaw: [setStereoParams] Dev(2) StereoQ has Error message (setStereoParams){#1565:vendor/mediatek/proprietary/hardware/mtkcam/aaa/source/isp_50/wrapper/Hal3ARawImp.cpp}
02-24 00:56:58.920  1348  5440 E NormalPipe: [vendor/mediatek/proprietary/hardware/mtkcam/drv/src/isp/mt6785/iopipe/CamIO/NormalPipe.cpp, sendCommand, line3260] ERROR: error: sendCommand fail: (cmd,arg1,arg2,arg3)=(0x00001500,0x707F188890,0x707F188894,0xB40000707A3C565C) (sendCommand){#3260:vendor/mediatek/proprietary/hardware/mtkcam/drv/src/isp/mt6785/iopipe/CamIO/NormalPipe.cpp}
02-24 00:56:58.923  1348 19202 E Metadata2/Entry: itemAt(531):Get data error , tag ffffffff, mContentPtr 0x0 (itemAt){#531:vendor/mediatek/proprietary/hardware/mtkcam/utils/metadata/metadata/Entry.cpp}
02-24 00:56:58.923  1348 19202 E Metadata2/Entry: itemAt(531):Get data error , tag ffffffff, mContentPtr 0x0 (itemAt){#531:vendor/mediatek/proprietary/hardware/mtkcam/utils/metadata/metadata/Entry.cpp}
02-24 00:56:58.924  1348 19202 E KEYFILE : [ERROR   ] keyfilegroup.cpp:348 GetKeyValues() pKeyName :OrientationInfo[1][com.instagram.android] is not found!
02-24 00:56:58.953  1348 21703 E Hal3ARaw: [setStereoParams] Dev(2) StereoQ has Error message (setStereoParams){#1565:vendor/mediatek/proprietary/hardware/mtkcam/aaa/source/isp_50/wrapper/Hal3ARawImp.cpp}
02-24 00:56:58.953  1348 19202 E NormalPipe: [vendor/mediatek/proprietary/hardware/mtkcam/drv/src/isp/mt6785/iopipe/CamIO/NormalPipe.cpp, sendCommand, line3260] ERROR: error: sendCommand fail: (cmd,arg1,arg2,arg3)=(0x00001500,0x70A9DD7890,0x70A9DD7894,0xB40000707B912A5C) (sendCommand){#3260:vendor/mediatek/proprietary/hardware/mtkcam/drv/src/isp/mt6785/iopipe/CamIO/NormalPipe.cpp}
02-24 00:56:58.957  1348  5440 E Metadata2/Entry: itemAt(531):Get data error , tag ffffffff, mContentPtr 0x0 (itemAt){#531:vendor/mediatek/proprietary/hardware/mtkcam/utils/metadata/metadata/Entry.cpp}
02-24 00:56:58.957  1348  5440 E Metadata2/Entry: itemAt(531):Get data error , tag ffffffff, mContentPtr 0x0 (itemAt){#531:vendor/mediatek/proprietary/hardware/mtkcam/utils/metadata/metadata/Entry.cpp}
02-24 00:56:58.958  1348  5440 E KEYFILE : [ERROR   ] keyfilegroup.cpp:348 GetKeyValues() pKeyName :OrientationInfo[1][com.instagram.android] is not found!
02-24 00:56:58.987  1348 21703 E Hal3ARaw: [setStereoParams] Dev(2) StereoQ has Error message (setStereoParams){#1565:vendor/mediatek/proprietary/hardware/mtkcam/aaa/source/isp_50/wrapper/Hal3ARawImp.cpp}
02-24 00:56:58.987  1348  5440 E NormalPipe: [vendor/mediatek/proprietary/hardware/mtkcam/drv/src/isp/mt6785/iopipe/CamIO/NormalPipe.cpp, sendCommand, line3260] ERROR: error: sendCommand fail: (cmd,arg1,arg2,arg3)=(0x00001500,0x707F188890,0x707F188894,0xB40000707A3C725C) (sendCommand){#3260:vendor/mediatek/proprietary/hardware/mtkcam/drv/src/isp/mt6785/iopipe/CamIO/NormalPipe.cpp}
02-24 00:56:58.991  1348  5440 E Metadata2/Entry: itemAt(531):Get data error , tag ffffffff, mContentPtr 0x0 (itemAt){#531:vendor/mediatek/proprietary/hardware/mtkcam/utils/metadata/metadata/Entry.cpp}
02-24 00:56:58.991  1348  5440 E Metadata2/Entry: itemAt(531):Get data error , tag ffffffff, mContentPtr 0x0 (itemAt){#531:vendor/mediatek/proprietary/hardware/mtkcam/utils/metadata/metadata/Entry.cpp}
02-24 00:56:58.991  1348  5440 E KEYFILE : [ERROR   ] keyfilegroup.cpp:348 GetKeyValues() pKeyName :OrientationInfo[1][com.instagram.android] is not found!
02-24 00:56:59.020  1348 21703 E Hal3ARaw: [setStereoParams] Dev(2) StereoQ has Error message (setStereoParams){#1565:vendor/mediatek/proprietary/hardware/mtkcam/aaa/source/isp_50/wrapper/Hal3ARawImp.cpp}
02-24 00:56:59.020  1348  5440 E NormalPipe: [vendor/mediatek/proprietary/hardware/mtkcam/drv/src/isp/mt6785/iopipe/CamIO/NormalPipe.cpp, sendCommand, line3260] ERROR: error: sendCommand fail: (cmd,arg1,arg2,arg3)=(0x00001500,0x707F188890,0x707F188894,0xB40000707A3C8E5C) (sendCommand){#3260:vendor/mediatek/proprietary/hardware/mtkcam/drv/src/isp/mt6785/iopipe/CamIO/NormalPipe.cpp}
02-24 00:56:59.024  1348  5440 E Metadata2/Entry: itemAt(531):Get data error , tag ffffffff, mContentPtr 0x0 (itemAt){#531:vendor/mediatek/proprietary/hardware/mtkcam/utils/metadata/metadata/Entry.cpp}
02-24 00:56:59.024  1348  5440 E Metadata2/Entry: itemAt(531):Get data error , tag ffffffff, mContentPtr 0x0 (itemAt){#531:vendor/mediatek/proprietary/hardware/mtkcam/utils/metadata/metadata/Entry.cpp}
02-24 00:56:59.024  1348  5440 E KEYFILE : [ERROR   ] keyfilegroup.cpp:348 GetKeyValues() pKeyName :OrientationInfo[1][com.instagram.android] is not found!
02-24 00:56:59.053  1348 21703 E Hal3ARaw: [setStereoParams] Dev(2) StereoQ has Error message (setStereoParams){#1565:vendor/mediatek/proprietary/hardware/mtkcam/aaa/source/isp_50/wrapper/Hal3ARawImp.cpp}
02-24 00:56:59.053  1348  5440 E NormalPipe: [vendor/mediatek/proprietary/hardware/mtkcam/drv/src/isp/mt6785/iopipe/CamIO/NormalPipe.cpp, sendCommand, line3260] ERROR: error: sendCommand fail: (cmd,arg1,arg2,arg3)=(0x00001500,0x707F188890,0x707F188894,0xB4000070AD1A1A5C) (sendCommand){#3260:vendor/mediatek/proprietary/hardware/mtkcam/drv/src/isp/mt6785/iopipe/CamIO/NormalPipe.cpp}
02-24 00:56:59.056  1348 19202 E Metadata2/Entry: itemAt(531):Get data error , tag ffffffff, mContentPtr 0x0 (itemAt){#531:vendor/mediatek/proprietary/hardware/mtkcam/utils/metadata/metadata/Entry.cpp}
02-24 00:56:59.056  1348 19202 E Metadata2/Entry: itemAt(531):Get data error , tag ffffffff, mContentPtr 0x0 (itemAt){#531:vendor/mediatek/proprietary/hardware/mtkcam/utils/metadata/metadata/Entry.cpp}
02-24 00:56:59.057  1348 19202 E KEYFILE : [ERROR   ] keyfilegroup.cpp:348 GetKeyValues() pKeyName :OrientationInfo[1][com.instagram.android] is not found!
02-24 00:56:59.087  1348 21703 E Hal3ARaw: [setStereoParams] Dev(2) StereoQ has Error message (setStereoParams){#1565:vendor/mediatek/proprietary/hardware/mtkcam/aaa/source/isp_50/wrapper/Hal3ARawImp.cpp}
02-24 00:56:59.087  1348 19202 E NormalPipe: [vendor/mediatek/proprietary/hardware/mtkcam/drv/src/isp/mt6785/iopipe/CamIO/NormalPipe.cpp, sendCommand, line3260] ERROR: error: sendCommand fail: (cmd,arg1,arg2,arg3)=(0x00001500,0x70A9DD7890,0x70A9DD7894,0xB40000707B91465C) (sendCommand){#3260:vendor/mediatek/proprietary/hardware/mtkcam/drv/src/isp/mt6785/iopipe/CamIO/NormalPipe.cpp}
02-24 00:56:59.090  1348  5440 E Metadata2/Entry: itemAt(531):Get data error , tag ffffffff, mContentPtr 0x0 (itemAt){#531:vendor/mediatek/proprietary/hardware/mtkcam/utils/metadata/metadata/Entry.cpp}
02-24 00:56:59.090  1348  5440 E Metadata2/Entry: itemAt(531):Get data error , tag ffffffff, mContentPtr 0x0 (itemAt){#531:vendor/mediatek/proprietary/hardware/mtkcam/utils/metadata/metadata/Entry.cpp}
02-24 00:56:59.090  1348  5440 E KEYFILE : [ERROR   ] keyfilegroup.cpp:348 GetKeyValues() pKeyName :OrientationInfo[1][com.instagram.android] is not found!
02-24 00:56:59.120  1348 21703 E Hal3ARaw: [setStereoParams] Dev(2) StereoQ has Error message (setStereoParams){#1565:vendor/mediatek/proprietary/hardware/mtkcam/aaa/source/isp_50/wrapper/Hal3ARawImp.cpp}
02-24 00:56:59.120  1348  5440 E NormalPipe: [vendor/mediatek/proprietary/hardware/mtkcam/drv/src/isp/mt6785/iopipe/CamIO/NormalPipe.cpp, sendCommand, line3260] ERROR: error: sendCommand fail: (cmd,arg1,arg2,arg3)=(0x00001500,0x707F188890,0x707F188894,0xB4000070AD1A365C) (sendCommand){#3260:vendor/mediatek/proprietary/hardware/mtkcam/drv/src/isp/mt6785/iopipe/CamIO/NormalPipe.cpp}
02-24 00:56:59.123  1348 19202 E Metadata2/Entry: itemAt(531):Get data error , tag ffffffff, mContentPtr 0x0 (itemAt){#531:vendor/mediatek/proprietary/hardware/mtkcam/utils/metadata/metadata/Entry.cpp}
02-24 00:56:59.123  1348 19202 E Metadata2/Entry: itemAt(531):Get data error , tag ffffffff, mContentPtr 0x0 (itemAt){#531:vendor/mediatek/proprietary/hardware/mtkcam/utils/metadata/metadata/Entry.cpp}
02-24 00:56:59.124  1348 19202 E KEYFILE : [ERROR   ] keyfilegroup.cpp:348 GetKeyValues() pKeyName :OrientationInfo[1][com.instagram.android] is not found!
02-24 00:56:59.153  1348 21703 E Hal3ARaw: [setStereoParams] Dev(2) StereoQ has Error message (setStereoParams){#1565:vendor/mediatek/proprietary/hardware/mtkcam/aaa/source/isp_50/wrapper/Hal3ARawImp.cpp}
02-24 00:56:59.153  1348 19202 E NormalPipe: [vendor/mediatek/proprietary/hardware/mtkcam/drv/src/isp/mt6785/iopipe/CamIO/NormalPipe.cpp, sendCommand, line3260] ERROR: error: sendCommand fail: (cmd,arg1,arg2,arg3)=(0x00001500,0x70A9DD7890,0x70A9DD7894,0xB4000070AD0DB65C) (sendCommand){#3260:vendor/mediatek/proprietary/hardware/mtkcam/drv/src/isp/mt6785/iopipe/CamIO/NormalPipe.cpp}
02-24 00:56:59.156  1348 19202 E Metadata2/Entry: itemAt(531):Get data error , tag ffffffff, mContentPtr 0x0 (itemAt){#531:vendor/mediatek/proprietary/hardware/mtkcam/utils/metadata/metadata/Entry.cpp}
02-24 00:56:59.156  1348 19202 E Metadata2/Entry: itemAt(531):Get data error , tag ffffffff, mContentPtr 0x0 (itemAt){#531:vendor/mediatek/proprietary/hardware/mtkcam/utils/metadata/metadata/Entry.cpp}
02-24 00:56:59.157  1348 19202 E KEYFILE : [ERROR   ] keyfilegroup.cpp:348 GetKeyValues() pKeyName :OrientationInfo[1][com.instagram.android] is not found!
02-24 00:56:59.186  1348 21703 E Hal3ARaw: [setStereoParams] Dev(2) StereoQ has Error message (setStereoParams){#1565:vendor/mediatek/proprietary/hardware/mtkcam/aaa/source/isp_50/wrapper/Hal3ARawImp.cpp}
02-24 00:56:59.187  1348 19202 E NormalPipe: [vendor/mediatek/proprietary/hardware/mtkcam/drv/src/isp/mt6785/iopipe/CamIO/NormalPipe.cpp, sendCommand, line3260] ERROR: error: sendCommand fail: (cmd,arg1,arg2,arg3)=(0x00001500,0x70A9DD7890,0x70A9DD7894,0xB4000070AD193A5C) (sendCommand){#3260:vendor/mediatek/proprietary/hardware/mtkcam/drv/src/isp/mt6785/iopipe/CamIO/NormalPipe.cpp}
02-24 00:56:59.191  1348  5440 E Metadata2/Entry: itemAt(531):Get data error , tag ffffffff, mContentPtr 0x0 (itemAt){#531:vendor/mediatek/proprietary/hardware/mtkcam/utils/metadata/metadata/Entry.cpp}
02-24 00:56:59.191  1348  5440 E Metadata2/Entry: itemAt(531):Get data error , tag ffffffff, mContentPtr 0x0 (itemAt){#531:vendor/mediatek/proprietary/hardware/mtkcam/utils/metadata/metadata/Entry.cpp}
02-24 00:56:59.191  1348  5440 E KEYFILE : [ERROR   ] keyfilegroup.cpp:348 GetKeyValues() pKeyName :OrientationInfo[1][com.instagram.android] is not found!
02-24 00:56:59.220  1348 21703 E Hal3ARaw: [setStereoParams] Dev(2) StereoQ has Error message (setStereoParams){#1565:vendor/mediatek/proprietary/hardware/mtkcam/aaa/source/isp_50/wrapper/Hal3ARawImp.cpp}
02-24 00:56:59.220  1348  5440 E NormalPipe: [vendor/mediatek/proprietary/hardware/mtkcam/drv/src/isp/mt6785/iopipe/CamIO/NormalPipe.cpp, sendCommand, line3260] ERROR: error: sendCommand fail: (cmd,arg1,arg2,arg3)=(0x00001500,0x707F188890,0x707F188894,0xB4000070AD1A525C) (sendCommand){#3260:vendor/mediatek/proprietary/hardware/mtkcam/drv/src/isp/mt6785/iopipe/CamIO/NormalPipe.cpp}
02-24 00:56:59.222  1348 19202 E Metadata2/Entry: itemAt(531):Get data error , tag ffffffff, mContentPtr 0x0 (itemAt){#531:vendor/mediatek/proprietary/hardware/mtkcam/utils/metadata/metadata/Entry.cpp}
02-24 00:56:59.222  1348 19202 E Metadata2/Entry: itemAt(531):Get data error , tag ffffffff, mContentPtr 0x0 (itemAt){#531:vendor/mediatek/proprietary/hardware/mtkcam/utils/metadata/metadata/Entry.cpp}
02-24 00:56:59.222  1348 19202 E KEYFILE : [ERROR   ] keyfilegroup.cpp:348 GetKeyValues() pKeyName :OrientationInfo[1][com.instagram.android] is not found!
02-24 00:56:59.253  1348 21703 E Hal3ARaw: [setStereoParams] Dev(2) StereoQ has Error message (setStereoParams){#1565:vendor/mediatek/proprietary/hardware/mtkcam/aaa/source/isp_50/wrapper/Hal3ARawImp.cpp}
02-24 00:56:59.253  1348 19202 E NormalPipe: [vendor/mediatek/proprietary/hardware/mtkcam/drv/src/isp/mt6785/iopipe/CamIO/NormalPipe.cpp, sendCommand, line3260] ERROR: error: sendCommand fail: (cmd,arg1,arg2,arg3)=(0x00001500,0x70A9DD7890,0x70A9DD7894,0xB4000070AD19565C) (sendCommand){#3260:vendor/mediatek/proprietary/hardware/mtkcam/drv/src/isp/mt6785/iopipe/CamIO/NormalPipe.cpp}
02-24 00:56:59.257  1348 19202 E Metadata2/Entry: itemAt(531):Get data error , tag ffffffff, mContentPtr 0x0 (itemAt){#531:vendor/mediatek/proprietary/hardware/mtkcam/utils/metadata/metadata/Entry.cpp}
02-24 00:56:59.257  1348 19202 E Metadata2/Entry: itemAt(531):Get data error , tag ffffffff, mContentPtr 0x0 (itemAt){#531:vendor/mediatek/proprietary/hardware/mtkcam/utils/metadata/metadata/Entry.cpp}
02-24 00:56:59.257  1348 19202 E KEYFILE : [ERROR   ] keyfilegroup.cpp:348 GetKeyValues() pKeyName :OrientationInfo[1][com.instagram.android] is not found!
02-24 00:56:59.287  1348 21703 E Hal3ARaw: [setStereoParams] Dev(2) StereoQ has Error message (setStereoParams){#1565:vendor/mediatek/proprietary/hardware/mtkcam/aaa/source/isp_50/wrapper/Hal3ARawImp.cpp}
02-24 00:56:59.287  1348 19202 E NormalPipe: [vendor/mediatek/proprietary/hardware/mtkcam/drv/src/isp/mt6785/iopipe/CamIO/NormalPipe.cpp, sendCommand, line3260] ERROR: error: sendCommand fail: (cmd,arg1,arg2,arg3)=(0x00001500,0x70A9DD7890,0x70A9DD7894,0xB4000070A99D4A5C) (sendCommand){#3260:vendor/mediatek/proprietary/hardware/mtkcam/drv/src/isp/mt6785/iopipe/CamIO/NormalPipe.cpp}
02-24 00:56:59.289  1348  1348 E Metadata2/Entry: itemAt(531):Get data error , tag ffffffff, mContentPtr 0x0 (itemAt){#531:vendor/mediatek/proprietary/hardware/mtkcam/utils/metadata/metadata/Entry.cpp}
02-24 00:56:59.289  1348  1348 E Metadata2/Entry: itemAt(531):Get data error , tag ffffffff, mContentPtr 0x0 (itemAt){#531:vendor/mediatek/proprietary/hardware/mtkcam/utils/metadata/metadata/Entry.cpp}
02-24 00:56:59.289  1348  1348 E KEYFILE : [ERROR   ] keyfilegroup.cpp:348 GetKeyValues() pKeyName :OrientationInfo[1][com.instagram.android] is not found!
02-24 00:56:59.320  1348 21703 E Hal3ARaw: [setStereoParams] Dev(2) StereoQ has Error message (setStereoParams){#1565:vendor/mediatek/proprietary/hardware/mtkcam/aaa/source/isp_50/wrapper/Hal3ARawImp.cpp}
02-24 00:56:59.320  1348  1348 E NormalPipe: [vendor/mediatek/proprietary/hardware/mtkcam/drv/src/isp/mt6785/iopipe/CamIO/NormalPipe.cpp, sendCommand, line3260] ERROR: error: sendCommand fail: (cmd,arg1,arg2,arg3)=(0x00001500,0x7FCD800FF0,0x7FCD800FF4,0xB4000070AD19C65C) (sendCommand){#3260:vendor/mediatek/proprietary/hardware/mtkcam/drv/src/isp/mt6785/iopipe/CamIO/NormalPipe.cpp}
02-24 00:56:59.323  1348 19202 E Metadata2/Entry: itemAt(531):Get data error , tag ffffffff, mContentPtr 0x0 (itemAt){#531:vendor/mediatek/proprietary/hardware/mtkcam/utils/metadata/metadata/Entry.cpp}
02-24 00:56:59.323  1348 19202 E Metadata2/Entry: itemAt(531):Get data error , tag ffffffff, mContentPtr 0x0 (itemAt){#531:vendor/mediatek/proprietary/hardware/mtkcam/utils/metadata/metadata/Entry.cpp}
02-24 00:56:59.324  1348 19202 E KEYFILE : [ERROR   ] keyfilegroup.cpp:348 GetKeyValues() pKeyName :OrientationInfo[1][com.instagram.android] is not found!
02-24 00:56:59.353  1348 21703 E Hal3ARaw: [setStereoParams] Dev(2) StereoQ has Error message (setStereoParams){#1565:vendor/mediatek/proprietary/hardware/mtkcam/aaa/source/isp_50/wrapper/Hal3ARawImp.cpp}
02-24 00:56:59.353  1348 19202 E NormalPipe: [vendor/mediatek/proprietary/hardware/mtkcam/drv/src/isp/mt6785/iopipe/CamIO/NormalPipe.cpp, sendCommand, line3260] ERROR: error: sendCommand fail: (cmd,arg1,arg2,arg3)=(0x00001500,0x70A9DD7890,0x70A9DD7894,0xB4000070A99D665C) (sendCommand){#3260:vendor/mediatek/proprietary/hardware/mtkcam/drv/src/isp/mt6785/iopipe/CamIO/NormalPipe.cpp}
02-24 00:56:59.357  1348 13643 E Metadata2/Entry: itemAt(531):Get data error , tag ffffffff, mContentPtr 0x0 (itemAt){#531:vendor/mediatek/proprietary/hardware/mtkcam/utils/metadata/metadata/Entry.cpp}
02-24 00:56:59.357  1348 13643 E Metadata2/Entry: itemAt(531):Get data error , tag ffffffff, mContentPtr 0x0 (itemAt){#531:vendor/mediatek/proprietary/hardware/mtkcam/utils/metadata/metadata/Entry.cpp}
02-24 00:56:59.357  1348 13643 E KEYFILE : [ERROR   ] keyfilegroup.cpp:348 GetKeyValues() pKeyName :OrientationInfo[1][com.instagram.android] is not found!
02-24 00:56:59.386  1348 21703 E Hal3ARaw: [setStereoParams] Dev(2) StereoQ has Error message (setStereoParams){#1565:vendor/mediatek/proprietary/hardware/mtkcam/aaa/source/isp_50/wrapper/Hal3ARawImp.cpp}
02-24 00:56:59.387  1348 13643 E NormalPipe: [vendor/mediatek/proprietary/hardware/mtkcam/drv/src/isp/mt6785/iopipe/CamIO/NormalPipe.cpp, sendCommand, line3260] ERROR: error: sendCommand fail: (cmd,arg1,arg2,arg3)=(0x00001500,0x70AE4DC890,0x70AE4DC894,0xB40000709A2F4A5C) (sendCommand){#3260:vendor/mediatek/proprietary/hardware/mtkcam/drv/src/isp/mt6785/iopipe/CamIO/NormalPipe.cpp}
02-24 00:56:59.389  1348 19202 E Metadata2/Entry: itemAt(531):Get data error , tag ffffffff, mContentPtr 0x0 (itemAt){#531:vendor/mediatek/proprietary/hardware/mtkcam/utils/metadata/metadata/Entry.cpp}
02-24 00:56:59.389  1348 19202 E Metadata2/Entry: itemAt(531):Get data error , tag ffffffff, mContentPtr 0x0 (itemAt){#531:vendor/mediatek/proprietary/hardware/mtkcam/utils/metadata/metadata/Entry.cpp}
02-24 00:56:59.389  1348 19202 E KEYFILE : [ERROR   ] keyfilegroup.cpp:348 GetKeyValues() pKeyName :OrientationInfo[1][com.instagram.android] is not found!
02-24 00:56:59.420  1348 21703 E Hal3ARaw: [setStereoParams] Dev(2) StereoQ has Error message (setStereoParams){#1565:vendor/mediatek/proprietary/hardware/mtkcam/aaa/source/isp_50/wrapper/Hal3ARawImp.cpp}
02-24 00:56:59.420  1348 19202 E NormalPipe: [vendor/mediatek/proprietary/hardware/mtkcam/drv/src/isp/mt6785/iopipe/CamIO/NormalPipe.cpp, sendCommand, line3260] ERROR: error: sendCommand fail: (cmd,arg1,arg2,arg3)=(0x00001500,0x70A9DD7890,0x70A9DD7894,0xB4000070A99D9E5C) (sendCommand){#3260:vendor/mediatek/proprietary/hardware/mtkcam/drv/src/isp/mt6785/iopipe/CamIO/NormalPipe.cpp}
02-24 00:56:59.423  1348 13643 E Metadata2/Entry: itemAt(531):Get data error , tag ffffffff, mContentPtr 0x0 (itemAt){#531:vendor/mediatek/proprietary/hardware/mtkcam/utils/metadata/metadata/Entry.cpp}
02-24 00:56:59.423  1348 13643 E Metadata2/Entry: itemAt(531):Get data error , tag ffffffff, mContentPtr 0x0 (itemAt){#531:vendor/mediatek/proprietary/hardware/mtkcam/utils/metadata/metadata/Entry.cpp}
02-24 00:56:59.423  1348 13643 E KEYFILE : [ERROR   ] keyfilegroup.cpp:348 GetKeyValues() pKeyName :OrientationInfo[1][com.instagram.android] is not found!
02-24 00:56:59.453  1348 21703 E Hal3ARaw: [setStereoParams] Dev(2) StereoQ has Error message (setStereoParams){#1565:vendor/mediatek/proprietary/hardware/mtkcam/aaa/source/isp_50/wrapper/Hal3ARawImp.cpp}
02-24 00:56:59.453  1348 13643 E NormalPipe: [vendor/mediatek/proprietary/hardware/mtkcam/drv/src/isp/mt6785/iopipe/CamIO/NormalPipe.cpp, sendCommand, line3260] ERROR: error: sendCommand fail: (cmd,arg1,arg2,arg3)=(0x00001500,0x70AE4DC890,0x70AE4DC894,0xB40000709A2F665C) (sendCommand){#3260:vendor/mediatek/proprietary/hardware/mtkcam/drv/src/isp/mt6785/iopipe/CamIO/NormalPipe.cpp}
02-24 00:56:59.456  1348 13643 E Metadata2/Entry: itemAt(531):Get data error , tag ffffffff, mContentPtr 0x0 (itemAt){#531:vendor/mediatek/proprietary/hardware/mtkcam/utils/metadata/metadata/Entry.cpp}
02-24 00:56:59.456  1348 13643 E Metadata2/Entry: itemAt(531):Get data error , tag ffffffff, mContentPtr 0x0 (itemAt){#531:vendor/mediatek/proprietary/hardware/mtkcam/utils/metadata/metadata/Entry.cpp}
02-24 00:56:59.456  1348 13643 E KEYFILE : [ERROR   ] keyfilegroup.cpp:348 GetKeyValues() pKeyName :OrientationInfo[1][com.instagram.android] is not found!
02-24 00:56:59.486  1348 21703 E Hal3ARaw: [setStereoParams] Dev(2) StereoQ has Error message (setStereoParams){#1565:vendor/mediatek/proprietary/hardware/mtkcam/aaa/source/isp_50/wrapper/Hal3ARawImp.cpp}
02-24 00:56:59.487  1348 13643 E NormalPipe: [vendor/mediatek/proprietary/hardware/mtkcam/drv/src/isp/mt6785/iopipe/CamIO/NormalPipe.cpp, sendCommand, line3260] ERROR: error: sendCommand fail: (cmd,arg1,arg2,arg3)=(0x00001500,0x70AE4DC890,0x70AE4DC894,0xB40000709A2F825C) (sendCommand){#3260:vendor/mediatek/proprietary/hardware/mtkcam/drv/src/isp/mt6785/iopipe/CamIO/NormalPipe.cpp}
02-24 00:56:59.490  1348 13643 E Metadata2/Entry: itemAt(531):Get data error , tag ffffffff, mContentPtr 0x0 (itemAt){#531:vendor/mediatek/proprietary/hardware/mtkcam/utils/metadata/metadata/Entry.cpp}
02-24 00:56:59.490  1348 13643 E Metadata2/Entry: itemAt(531):Get data error , tag ffffffff, mContentPtr 0x0 (itemAt){#531:vendor/mediatek/proprietary/hardware/mtkcam/utils/metadata/metadata/Entry.cpp}
02-24 00:56:59.490  1348 13643 E KEYFILE : [ERROR   ] keyfilegroup.cpp:348 GetKeyValues() pKeyName :OrientationInfo[1][com.instagram.android] is not found!
02-24 00:56:59.520  1348 21703 E Hal3ARaw: [setStereoParams] Dev(2) StereoQ has Error message (setStereoParams){#1565:vendor/mediatek/proprietary/hardware/mtkcam/aaa/source/isp_50/wrapper/Hal3ARawImp.cpp}
02-24 00:56:59.520  1348 13643 E NormalPipe: [vendor/mediatek/proprietary/hardware/mtkcam/drv/src/isp/mt6785/iopipe/CamIO/NormalPipe.cpp, sendCommand, line3260] ERROR: error: sendCommand fail: (cmd,arg1,arg2,arg3)=(0x00001500,0x70AE4DC890,0x70AE4DC894,0xB40000709A2F9E5C) (sendCommand){#3260:vendor/mediatek/proprietary/hardware/mtkcam/drv/src/isp/mt6785/iopipe/CamIO/NormalPipe.cpp}
02-24 00:56:59.523  1348  1348 E Metadata2/Entry: itemAt(531):Get data error , tag ffffffff, mContentPtr 0x0 (itemAt){#531:vendor/mediatek/proprietary/hardware/mtkcam/utils/metadata/metadata/Entry.cpp}
02-24 00:56:59.523  1348  1348 E Metadata2/Entry: itemAt(531):Get data error , tag ffffffff, mContentPtr 0x0 (itemAt){#531:vendor/mediatek/proprietary/hardware/mtkcam/utils/metadata/metadata/Entry.cpp}
02-24 00:56:59.523  1348  1348 E KEYFILE : [ERROR   ] keyfilegroup.cpp:348 GetKeyValues() pKeyName :OrientationInfo[1][com.instagram.android] is not found!
02-24 00:56:59.553  1348 21703 E Hal3ARaw: [setStereoParams] Dev(2) StereoQ has Error message (setStereoParams){#1565:vendor/mediatek/proprietary/hardware/mtkcam/aaa/source/isp_50/wrapper/Hal3ARawImp.cpp}
02-24 00:56:59.553  1348  1348 E NormalPipe: [vendor/mediatek/proprietary/hardware/mtkcam/drv/src/isp/mt6785/iopipe/CamIO/NormalPipe.cpp, sendCommand, line3260] ERROR: error: sendCommand fail: (cmd,arg1,arg2,arg3)=(0x00001500,0x7FCD800FF0,0x7FCD800FF4,0xB4000070AD19E25C) (sendCommand){#3260:vendor/mediatek/proprietary/hardware/mtkcam/drv/src/isp/mt6785/iopipe/CamIO/NormalPipe.cpp}
02-24 00:56:59.557  1348  1348 E Metadata2/Entry: itemAt(531):Get data error , tag ffffffff, mContentPtr 0x0 (itemAt){#531:vendor/mediatek/proprietary/hardware/mtkcam/utils/metadata/metadata/Entry.cpp}
02-24 00:56:59.557  1348  1348 E Metadata2/Entry: itemAt(531):Get data error , tag ffffffff, mContentPtr 0x0 (itemAt){#531:vendor/mediatek/proprietary/hardware/mtkcam/utils/metadata/metadata/Entry.cpp}
02-24 00:56:59.557  1348  1348 E KEYFILE : [ERROR   ] keyfilegroup.cpp:348 GetKeyValues() pKeyName :OrientationInfo[1][com.instagram.android] is not found!
02-24 00:56:59.586  1348 21703 E Hal3ARaw: [setStereoParams] Dev(2) StereoQ has Error message (setStereoParams){#1565:vendor/mediatek/proprietary/hardware/mtkcam/aaa/source/isp_50/wrapper/Hal3ARawImp.cpp}
02-24 00:56:59.587  1348  1348 E NormalPipe: [vendor/mediatek/proprietary/hardware/mtkcam/drv/src/isp/mt6785/iopipe/CamIO/NormalPipe.cpp, sendCommand, line3260] ERROR: error: sendCommand fail: (cmd,arg1,arg2,arg3)=(0x00001500,0x7FCD800FF0,0x7FCD800FF4,0xB400007079AC4A5C) (sendCommand){#3260:vendor/mediatek/proprietary/hardware/mtkcam/drv/src/isp/mt6785/iopipe/CamIO/NormalPipe.cpp}
02-24 00:56:59.590  1348  1348 E Metadata2/Entry: itemAt(531):Get data error , tag ffffffff, mContentPtr 0x0 (itemAt){#531:vendor/mediatek/proprietary/hardware/mtkcam/utils/metadata/metadata/Entry.cpp}
02-24 00:56:59.590  1348  1348 E Metadata2/Entry: itemAt(531):Get data error , tag ffffffff, mContentPtr 0x0 (itemAt){#531:vendor/mediatek/proprietary/hardware/mtkcam/utils/metadata/metadata/Entry.cpp}
02-24 00:56:59.590  1348  1348 E KEYFILE : [ERROR   ] keyfilegroup.cpp:348 GetKeyValues() pKeyName :OrientationInfo[1][com.instagram.android] is not found!
02-24 00:56:59.620  1348 21703 E Hal3ARaw: [setStereoParams] Dev(2) StereoQ has Error message (setStereoParams){#1565:vendor/mediatek/proprietary/hardware/mtkcam/aaa/source/isp_50/wrapper/Hal3ARawImp.cpp}
02-24 00:56:59.620  1348  1348 E NormalPipe: [vendor/mediatek/proprietary/hardware/mtkcam/drv/src/isp/mt6785/iopipe/CamIO/NormalPipe.cpp, sendCommand, line3260] ERROR: error: sendCommand fail: (cmd,arg1,arg2,arg3)=(0x00001500,0x7FCD800FF0,0x7FCD800FF4,0xB400007079AC825C) (sendCommand){#3260:vendor/mediatek/proprietary/hardware/mtkcam/drv/src/isp/mt6785/iopipe/CamIO/NormalPipe.cpp}
02-24 00:56:59.623  1348 13643 E Metadata2/Entry: itemAt(531):Get data error , tag ffffffff, mContentPtr 0x0 (itemAt){#531:vendor/mediatek/proprietary/hardware/mtkcam/utils/metadata/metadata/Entry.cpp}
02-24 00:56:59.624  1348 13643 E Metadata2/Entry: itemAt(531):Get data error , tag ffffffff, mContentPtr 0x0 (itemAt){#531:vendor/mediatek/proprietary/hardware/mtkcam/utils/metadata/metadata/Entry.cpp}
02-24 00:56:59.624  1348 13643 E KEYFILE : [ERROR   ] keyfilegroup.cpp:348 GetKeyValues() pKeyName :OrientationInfo[1][com.instagram.android] is not found!
02-24 00:56:59.653  1348 21703 E Hal3ARaw: [setStereoParams] Dev(2) StereoQ has Error message (setStereoParams){#1565:vendor/mediatek/proprietary/hardware/mtkcam/aaa/source/isp_50/wrapper/Hal3ARawImp.cpp}
02-24 00:56:59.653  1348 13643 E NormalPipe: [vendor/mediatek/proprietary/hardware/mtkcam/drv/src/isp/mt6785/iopipe/CamIO/NormalPipe.cpp, sendCommand, line3260] ERROR: error: sendCommand fail: (cmd,arg1,arg2,arg3)=(0x00001500,0x70AE4DC890,0x70AE4DC894,0xB400007098D2AA5C) (sendCommand){#3260:vendor/mediatek/proprietary/hardware/mtkcam/drv/src/isp/mt6785/iopipe/CamIO/NormalPipe.cpp}
02-24 00:56:59.657  1348 13643 E Metadata2/Entry: itemAt(531):Get data error , tag ffffffff, mContentPtr 0x0 (itemAt){#531:vendor/mediatek/proprietary/hardware/mtkcam/utils/metadata/metadata/Entry.cpp}
02-24 00:56:59.657  1348 13643 E Metadata2/Entry: itemAt(531):Get data error , tag ffffffff, mContentPtr 0x0 (itemAt){#531:vendor/mediatek/proprietary/hardware/mtkcam/utils/metadata/metadata/Entry.cpp}
02-24 00:56:59.657  1348 13643 E KEYFILE : [ERROR   ] keyfilegroup.cpp:348 GetKeyValues() pKeyName :OrientationInfo[1][com.instagram.android] is not found!
02-24 00:56:59.686  1348 21703 E Hal3ARaw: [setStereoParams] Dev(2) StereoQ has Error message (setStereoParams){#1565:vendor/mediatek/proprietary/hardware/mtkcam/aaa/source/isp_50/wrapper/Hal3ARawImp.cpp}
02-24 00:56:59.686  1348 13643 E NormalPipe: [vendor/mediatek/proprietary/hardware/mtkcam/drv/src/isp/mt6785/iopipe/CamIO/NormalPipe.cpp, sendCommand, line3260] ERROR: error: sendCommand fail: (cmd,arg1,arg2,arg3)=(0x00001500,0x70AE4DC890,0x70AE4DC894,0xB400007098D2FE5C) (sendCommand){#3260:vendor/mediatek/proprietary/hardware/mtkcam/drv/src/isp/mt6785/iopipe/CamIO/NormalPipe.cpp}
02-24 00:56:59.690  1348 13643 E Metadata2/Entry: itemAt(531):Get data error , tag ffffffff, mContentPtr 0x0 (itemAt){#531:vendor/mediatek/proprietary/hardware/mtkcam/utils/metadata/metadata/Entry.cpp}
02-24 00:56:59.690  1348 13643 E Metadata2/Entry: itemAt(531):Get data error , tag ffffffff, mContentPtr 0x0 (itemAt){#531:vendor/mediatek/proprietary/hardware/mtkcam/utils/metadata/metadata/Entry.cpp}
02-24 00:56:59.690  1348 13643 E KEYFILE : [ERROR   ] keyfilegroup.cpp:348 GetKeyValues() pKeyName :OrientationInfo[1][com.instagram.android] is not found!
02-24 00:56:59.719  1348 21703 E Hal3ARaw: [setStereoParams] Dev(2) StereoQ has Error message (setStereoParams){#1565:vendor/mediatek/proprietary/hardware/mtkcam/aaa/source/isp_50/wrapper/Hal3ARawImp.cpp}
02-24 00:56:59.720  1348 13643 E NormalPipe: [vendor/mediatek/proprietary/hardware/mtkcam/drv/src/isp/mt6785/iopipe/CamIO/NormalPipe.cpp, sendCommand, line3260] ERROR: error: sendCommand fail: (cmd,arg1,arg2,arg3)=(0x00001500,0x70AE4DC890,0x70AE4DC894,0xB400007098D92A5C) (sendCommand){#3260:vendor/mediatek/proprietary/hardware/mtkcam/drv/src/isp/mt6785/iopipe/CamIO/NormalPipe.cpp}
02-24 00:56:59.722  1348 13643 E Metadata2/Entry: itemAt(531):Get data error , tag ffffffff, mContentPtr 0x0 (itemAt){#531:vendor/mediatek/proprietary/hardware/mtkcam/utils/metadata/metadata/Entry.cpp}
02-24 00:56:59.722  1348 13643 E Metadata2/Entry: itemAt(531):Get data error , tag ffffffff, mContentPtr 0x0 (itemAt){#531:vendor/mediatek/proprietary/hardware/mtkcam/utils/metadata/metadata/Entry.cpp}
02-24 00:56:59.722  1348 13643 E KEYFILE : [ERROR   ] keyfilegroup.cpp:348 GetKeyValues() pKeyName :OrientationInfo[1][com.instagram.android] is not found!
02-24 00:56:59.753  1348 21703 E Hal3ARaw: [setStereoParams] Dev(2) StereoQ has Error message (setStereoParams){#1565:vendor/mediatek/proprietary/hardware/mtkcam/aaa/source/isp_50/wrapper/Hal3ARawImp.cpp}
02-24 00:56:59.753  1348 13643 E NormalPipe: [vendor/mediatek/proprietary/hardware/mtkcam/drv/src/isp/mt6785/iopipe/CamIO/NormalPipe.cpp, sendCommand, line3260] ERROR: error: sendCommand fail: (cmd,arg1,arg2,arg3)=(0x00001500,0x70AE4DC890,0x70AE4DC894,0xB40000707EF5E65C) (sendCommand){#3260:vendor/mediatek/proprietary/hardware/mtkcam/drv/src/isp/mt6785/iopipe/CamIO/NormalPipe.cpp}
02-24 00:56:59.756  1348 13643 E Metadata2/Entry: itemAt(531):Get data error , tag ffffffff, mContentPtr 0x0 (itemAt){#531:vendor/mediatek/proprietary/hardware/mtkcam/utils/metadata/metadata/Entry.cpp}
02-24 00:56:59.756  1348 13643 E Metadata2/Entry: itemAt(531):Get data error , tag ffffffff, mContentPtr 0x0 (itemAt){#531:vendor/mediatek/proprietary/hardware/mtkcam/utils/metadata/metadata/Entry.cpp}
02-24 00:56:59.756  1348 13643 E KEYFILE : [ERROR   ] keyfilegroup.cpp:348 GetKeyValues() pKeyName :OrientationInfo[1][com.instagram.android] is not found!
02-24 00:56:59.786  1348 21703 E Hal3ARaw: [setStereoParams] Dev(2) StereoQ has Error message (setStereoParams){#1565:vendor/mediatek/proprietary/hardware/mtkcam/aaa/source/isp_50/wrapper/Hal3ARawImp.cpp}
02-24 00:56:59.786  1348 13643 E NormalPipe: [vendor/mediatek/proprietary/hardware/mtkcam/drv/src/isp/mt6785/iopipe/CamIO/NormalPipe.cpp, sendCommand, line3260] ERROR: error: sendCommand fail: (cmd,arg1,arg2,arg3)=(0x00001500,0x70AE4DC890,0x70AE4DC894,0xB40000707EF6025C) (sendCommand){#3260:vendor/mediatek/proprietary/hardware/mtkcam/drv/src/isp/mt6785/iopipe/CamIO/NormalPipe.cpp}
02-24 00:56:59.790  1348 13643 E Metadata2/Entry: itemAt(531):Get data error , tag ffffffff, mContentPtr 0x0 (itemAt){#531:vendor/mediatek/proprietary/hardware/mtkcam/utils/metadata/metadata/Entry.cpp}
02-24 00:56:59.790  1348 13643 E Metadata2/Entry: itemAt(531):Get data error , tag ffffffff, mContentPtr 0x0 (itemAt){#531:vendor/mediatek/proprietary/hardware/mtkcam/utils/metadata/metadata/Entry.cpp}
02-24 00:56:59.790  1348 13643 E KEYFILE : [ERROR   ] keyfilegroup.cpp:348 GetKeyValues() pKeyName :OrientationInfo[1][com.instagram.android] is not found!
02-24 00:56:59.819  1348 21703 E Hal3ARaw: [setStereoParams] Dev(2) StereoQ has Error message (setStereoParams){#1565:vendor/mediatek/proprietary/hardware/mtkcam/aaa/source/isp_50/wrapper/Hal3ARawImp.cpp}
02-24 00:56:59.820  1348 13643 E NormalPipe: [vendor/mediatek/proprietary/hardware/mtkcam/drv/src/isp/mt6785/iopipe/CamIO/NormalPipe.cpp, sendCommand, line3260] ERROR: error: sendCommand fail: (cmd,arg1,arg2,arg3)=(0x00001500,0x70AE4DC890,0x70AE4DC894,0xB40000707EF61E5C) (sendCommand){#3260:vendor/mediatek/proprietary/hardware/mtkcam/drv/src/isp/mt6785/iopipe/CamIO/NormalPipe.cpp}
02-24 00:56:59.823  1348  1348 E Metadata2/Entry: itemAt(531):Get data error , tag ffffffff, mContentPtr 0x0 (itemAt){#531:vendor/mediatek/proprietary/hardware/mtkcam/utils/metadata/metadata/Entry.cpp}
02-24 00:56:59.823  1348  1348 E Metadata2/Entry: itemAt(531):Get data error , tag ffffffff, mContentPtr 0x0 (itemAt){#531:vendor/mediatek/proprietary/hardware/mtkcam/utils/metadata/metadata/Entry.cpp}
02-24 00:56:59.823  1348  1348 E KEYFILE : [ERROR   ] keyfilegroup.cpp:348 GetKeyValues() pKeyName :OrientationInfo[1][com.instagram.android] is not found!
02-24 00:56:59.828  1953  2268 E OplusNetworkStackManager: callback len = 2
02-24 00:56:59.829  3213  3886 E OplusNetworkStackManager: callback len = 1
02-24 00:56:59.830  3185  3379 E OplusNetworkStackManager: callback len = 1
02-24 00:56:59.853  1348 21703 E Hal3ARaw: [setStereoParams] Dev(2) StereoQ has Error message (setStereoParams){#1565:vendor/mediatek/proprietary/hardware/mtkcam/aaa/source/isp_50/wrapper/Hal3ARawImp.cpp}
02-24 00:56:59.853  1348  1348 E NormalPipe: [vendor/mediatek/proprietary/hardware/mtkcam/drv/src/isp/mt6785/iopipe/CamIO/NormalPipe.cpp, sendCommand, line3260] ERROR: error: sendCommand fail: (cmd,arg1,arg2,arg3)=(0x00001500,0x7FCD800FF0,0x7FCD800FF4,0xB400007079AC9E5C) (sendCommand){#3260:vendor/mediatek/proprietary/hardware/mtkcam/drv/src/isp/mt6785/iopipe/CamIO/NormalPipe.cpp}
02-24 00:56:59.857  1348  1348 E Metadata2/Entry: itemAt(531):Get data error , tag ffffffff, mContentPtr 0x0 (itemAt){#531:vendor/mediatek/proprietary/hardware/mtkcam/utils/metadata/metadata/Entry.cpp}
02-24 00:56:59.857  1348  1348 E Metadata2/Entry: itemAt(531):Get data error , tag ffffffff, mContentPtr 0x0 (itemAt){#531:vendor/mediatek/proprietary/hardware/mtkcam/utils/metadata/metadata/Entry.cpp}
02-24 00:56:59.857  1348  1348 E KEYFILE : [ERROR   ] keyfilegroup.cpp:348 GetKeyValues() pKeyName :OrientationInfo[1][com.instagram.android] is not found!
02-24 00:56:59.886  1348 21703 E Hal3ARaw: [setStereoParams] Dev(2) StereoQ has Error message (setStereoParams){#1565:vendor/mediatek/proprietary/hardware/mtkcam/aaa/source/isp_50/wrapper/Hal3ARawImp.cpp}
02-24 00:56:59.886  1348  1348 E NormalPipe: [vendor/mediatek/proprietary/hardware/mtkcam/drv/src/isp/mt6785/iopipe/CamIO/NormalPipe.cpp, sendCommand, line3260] ERROR: error: sendCommand fail: (cmd,arg1,arg2,arg3)=(0x00001500,0x7FCD800FF0,0x7FCD800FF4,0xB400007077DF9E5C) (sendCommand){#3260:vendor/mediatek/proprietary/hardware/mtkcam/drv/src/isp/mt6785/iopipe/CamIO/NormalPipe.cpp}
02-24 00:56:59.889  1348  1348 E Metadata2/Entry: itemAt(531):Get data error , tag ffffffff, mContentPtr 0x0 (itemAt){#531:vendor/mediatek/proprietary/hardware/mtkcam/utils/metadata/metadata/Entry.cpp}
02-24 00:56:59.889  1348  1348 E Metadata2/Entry: itemAt(531):Get data error , tag ffffffff, mContentPtr 0x0 (itemAt){#531:vendor/mediatek/proprietary/hardware/mtkcam/utils/metadata/metadata/Entry.cpp}
02-24 00:56:59.890  1348  1348 E KEYFILE : [ERROR   ] keyfilegroup.cpp:348 GetKeyValues() pKeyName :OrientationInfo[1][com.instagram.android] is not found!
02-24 00:56:59.919  1348 21703 E Hal3ARaw: [setStereoParams] Dev(2) StereoQ has Error message (setStereoParams){#1565:vendor/mediatek/proprietary/hardware/mtkcam/aaa/source/isp_50/wrapper/Hal3ARawImp.cpp}
02-24 00:56:59.920  1348  1348 E NormalPipe: [vendor/mediatek/proprietary/hardware/mtkcam/drv/src/isp/mt6785/iopipe/CamIO/NormalPipe.cpp, sendCommand, line3260] ERROR: error: sendCommand fail: (cmd,arg1,arg2,arg3)=(0x00001500,0x7FCD800FF0,0x7FCD800FF4,0xB4000070771F7E5C) (sendCommand){#3260:vendor/mediatek/proprietary/hardware/mtkcam/drv/src/isp/mt6785/iopipe/CamIO/NormalPipe.cpp}
02-24 00:56:59.923  1348  1348 E Metadata2/Entry: itemAt(531):Get data error , tag ffffffff, mContentPtr 0x0 (itemAt){#531:vendor/mediatek/proprietary/hardware/mtkcam/utils/metadata/metadata/Entry.cpp}
02-24 00:56:59.923  1348  1348 E Metadata2/Entry: itemAt(531):Get data error , tag ffffffff, mContentPtr 0x0 (itemAt){#531:vendor/mediatek/proprietary/hardware/mtkcam/utils/metadata/metadata/Entry.cpp}
02-24 00:56:59.923  1348  1348 E KEYFILE : [ERROR   ] keyfilegroup.cpp:348 GetKeyValues() pKeyName :OrientationInfo[1][com.instagram.android] is not found!
02-24 00:56:59.953  1348 21703 E Hal3ARaw: [setStereoParams] Dev(2) StereoQ has Error message (setStereoParams){#1565:vendor/mediatek/proprietary/hardware/mtkcam/aaa/source/isp_50/wrapper/Hal3ARawImp.cpp}
02-24 00:56:59.953  1348  1348 E NormalPipe: [vendor/mediatek/proprietary/hardware/mtkcam/drv/src/isp/mt6785/iopipe/CamIO/NormalPipe.cpp, sendCommand, line3260] ERROR: error: sendCommand fail: (cmd,arg1,arg2,arg3)=(0x00001500,0x7FCD800FF0,0x7FCD800FF4,0xB400007076DE5A5C) (sendCommand){#3260:vendor/mediatek/proprietary/hardware/mtkcam/drv/src/isp/mt6785/iopipe/CamIO/NormalPipe.cpp}
02-24 00:56:59.956  1348  1348 E Metadata2/Entry: itemAt(531):Get data error , tag ffffffff, mContentPtr 0x0 (itemAt){#531:vendor/mediatek/proprietary/hardware/mtkcam/utils/metadata/metadata/Entry.cpp}
02-24 00:56:59.956  1348  1348 E Metadata2/Entry: itemAt(531):Get data error , tag ffffffff, mContentPtr 0x0 (itemAt){#531:vendor/mediatek/proprietary/hardware/mtkcam/utils/metadata/metadata/Entry.cpp}
02-24 00:56:59.956  1348  1348 E KEYFILE : [ERROR   ] keyfilegroup.cpp:348 GetKeyValues() pKeyName :OrientationInfo[1][com.instagram.android] is not found!
02-24 00:56:59.986  1348 21703 E Hal3ARaw: [setStereoParams] Dev(2) StereoQ has Error message (setStereoParams){#1565:vendor/mediatek/proprietary/hardware/mtkcam/aaa/source/isp_50/wrapper/Hal3ARawImp.cpp}
02-24 00:56:59.986  1348  1348 E NormalPipe: [vendor/mediatek/proprietary/hardware/mtkcam/drv/src/isp/mt6785/iopipe/CamIO/NormalPipe.cpp, sendCommand, line3260] ERROR: error: sendCommand fail: (cmd,arg1,arg2,arg3)=(0x00001500,0x7FCD800FF0,0x7FCD800FF4,0xB4000070AC7B225C) (sendCommand){#3260:vendor/mediatek/proprietary/hardware/mtkcam/drv/src/isp/mt6785/iopipe/CamIO/NormalPipe.cpp}
02-24 00:56:59.990  1348  1348 E Metadata2/Entry: itemAt(531):Get data error , tag ffffffff, mContentPtr 0x0 (itemAt){#531:vendor/mediatek/proprietary/hardware/mtkcam/utils/metadata/metadata/Entry.cpp}
02-24 00:56:59.990  1348  1348 E Metadata2/Entry: itemAt(531):Get data error , tag ffffffff, mContentPtr 0x0 (itemAt){#531:vendor/mediatek/proprietary/hardware/mtkcam/utils/metadata/metadata/Entry.cpp}
02-24 00:56:59.991  1348  1348 E KEYFILE : [ERROR   ] keyfilegroup.cpp:348 GetKeyValues() pKeyName :OrientationInfo[1][com.instagram.android] is not found!
02-24 00:57:00.019  1348 21703 E Hal3ARaw: [setStereoParams] Dev(2) StereoQ has Error message (setStereoParams){#1565:vendor/mediatek/proprietary/hardware/mtkcam/aaa/source/isp_50/wrapper/Hal3ARawImp.cpp}
02-24 00:57:00.019  1348  1348 E NormalPipe: [vendor/mediatek/proprietary/hardware/mtkcam/drv/src/isp/mt6785/iopipe/CamIO/NormalPipe.cpp, sendCommand, line3260] ERROR: error: sendCommand fail: (cmd,arg1,arg2,arg3)=(0x00001500,0x7FCD800FF0,0x7FCD800FF4,0xB4000070AD0DB65C) (sendCommand){#3260:vendor/mediatek/proprietary/hardware/mtkcam/drv/src/isp/mt6785/iopipe/CamIO/NormalPipe.cpp}
02-24 00:57:00.021  1953  4672 E OplusCustomizeRestrictionManagerService: isBiometricDisabled start
02-24 00:57:00.022  1348  1348 E Metadata2/Entry: itemAt(531):Get data error , tag ffffffff, mContentPtr 0x0 (itemAt){#531:vendor/mediatek/proprietary/hardware/mtkcam/utils/metadata/metadata/Entry.cpp}
02-24 00:57:00.022  1348  1348 E Metadata2/Entry: itemAt(531):Get data error , tag ffffffff, mContentPtr 0x0 (itemAt){#531:vendor/mediatek/proprietary/hardware/mtkcam/utils/metadata/metadata/Entry.cpp}
02-24 00:57:00.022  1348  1348 E KEYFILE : [ERROR   ] keyfilegroup.cpp:348 GetKeyValues() pKeyName :OrientationInfo[1][com.instagram.android] is not found!
02-24 00:57:00.024  1953  4672 E OplusCustomizeRestrictionManagerService: isBiometricDisabled start
02-24 00:57:00.053  1348  1348 E NormalPipe: [vendor/mediatek/proprietary/hardware/mtkcam/drv/src/isp/mt6785/iopipe/CamIO/NormalPipe.cpp, sendCommand, line3260] ERROR: error: sendCommand fail: (cmd,arg1,arg2,arg3)=(0x00001500,0x7FCD800FF0,0x7FCD800FF4,0xB4000070AD193A5C) (sendCommand){#3260:vendor/mediatek/proprietary/hardware/mtkcam/drv/src/isp/mt6785/iopipe/CamIO/NormalPipe.cpp}
02-24 00:57:00.054  1348 21703 E Hal3ARaw: [setStereoParams] Dev(2) StereoQ has Error message (setStereoParams){#1565:vendor/mediatek/proprietary/hardware/mtkcam/aaa/source/isp_50/wrapper/Hal3ARawImp.cpp}
02-24 00:57:00.057  1348  1348 E Metadata2/Entry: itemAt(531):Get data error , tag ffffffff, mContentPtr 0x0 (itemAt){#531:vendor/mediatek/proprietary/hardware/mtkcam/utils/metadata/metadata/Entry.cpp}
02-24 00:57:00.057  1348  1348 E Metadata2/Entry: itemAt(531):Get data error , tag ffffffff, mContentPtr 0x0 (itemAt){#531:vendor/mediatek/proprietary/hardware/mtkcam/utils/metadata/metadata/Entry.cpp}
02-24 00:57:00.057  1348  1348 E KEYFILE : [ERROR   ] keyfilegroup.cpp:348 GetKeyValues() pKeyName :OrientationInfo[1][com.instagram.android] is not found!
02-24 00:57:00.086  1348 21703 E Hal3ARaw: [setStereoParams] Dev(2) StereoQ has Error message (setStereoParams){#1565:vendor/mediatek/proprietary/hardware/mtkcam/aaa/source/isp_50/wrapper/Hal3ARawImp.cpp}
02-24 00:57:00.086  1348  1348 E NormalPipe: [vendor/mediatek/proprietary/hardware/mtkcam/drv/src/isp/mt6785/iopipe/CamIO/NormalPipe.cpp, sendCommand, line3260] ERROR: error: sendCommand fail: (cmd,arg1,arg2,arg3)=(0x00001500,0x7FCD800FF0,0x7FCD800FF4,0xB4000070AD19565C) (sendCommand){#3260:vendor/mediatek/proprietary/hardware/mtkcam/drv/src/isp/mt6785/iopipe/CamIO/NormalPipe.cpp}
02-24 00:57:00.088  1348 13643 E Metadata2/Entry: itemAt(531):Get data error , tag ffffffff, mContentPtr 0x0 (itemAt){#531:vendor/mediatek/proprietary/hardware/mtkcam/utils/metadata/metadata/Entry.cpp}
02-24 00:57:00.088  1348 13643 E Metadata2/Entry: itemAt(531):Get data error , tag ffffffff, mContentPtr 0x0 (itemAt){#531:vendor/mediatek/proprietary/hardware/mtkcam/utils/metadata/metadata/Entry.cpp}
02-24 00:57:00.089  1348 13643 E KEYFILE : [ERROR   ] keyfilegroup.cpp:348 GetKeyValues() pKeyName :OrientationInfo[1][com.instagram.android] is not found!
02-24 00:57:00.119  1348 21703 E Hal3ARaw: [setStereoParams] Dev(2) StereoQ has Error message (setStereoParams){#1565:vendor/mediatek/proprietary/hardware/mtkcam/aaa/source/isp_50/wrapper/Hal3ARawImp.cpp}
02-24 00:57:00.119  1348 13643 E NormalPipe: [vendor/mediatek/proprietary/hardware/mtkcam/drv/src/isp/mt6785/iopipe/CamIO/NormalPipe.cpp, sendCommand, line3260] ERROR: error: sendCommand fail: (cmd,arg1,arg2,arg3)=(0x00001500,0x70AE4DC890,0x70AE4DC894,0xB40000707A6F525C) (sendCommand){#3260:vendor/mediatek/proprietary/hardware/mtkcam/drv/src/isp/mt6785/iopipe/CamIO/NormalPipe.cpp}
02-24 00:57:00.122  1348 13643 E Metadata2/Entry: itemAt(531):Get data error , tag ffffffff, mContentPtr 0x0 (itemAt){#531:vendor/mediatek/proprietary/hardware/mtkcam/utils/metadata/metadata/Entry.cpp}
02-24 00:57:00.122  1348 13643 E Metadata2/Entry: itemAt(531):Get data error , tag ffffffff, mContentPtr 0x0 (itemAt){#531:vendor/mediatek/proprietary/hardware/mtkcam/utils/metadata/metadata/Entry.cpp}
02-24 00:57:00.122  1348 13643 E KEYFILE : [ERROR   ] keyfilegroup.cpp:348 GetKeyValues() pKeyName :OrientationInfo[1][com.instagram.android] is not found!
02-24 00:57:00.153  1348 21703 E Hal3ARaw: [setStereoParams] Dev(2) StereoQ has Error message (setStereoParams){#1565:vendor/mediatek/proprietary/hardware/mtkcam/aaa/source/isp_50/wrapper/Hal3ARawImp.cpp}
02-24 00:57:00.153  1348 13643 E NormalPipe: [vendor/mediatek/proprietary/hardware/mtkcam/drv/src/isp/mt6785/iopipe/CamIO/NormalPipe.cpp, sendCommand, line3260] ERROR: error: sendCommand fail: (cmd,arg1,arg2,arg3)=(0x00001500,0x70AE4DC890,0x70AE4DC894,0xB40000707A6F6E5C) (sendCommand){#3260:vendor/mediatek/proprietary/hardware/mtkcam/drv/src/isp/mt6785/iopipe/CamIO/NormalPipe.cpp}
02-24 00:57:00.155  1348 13643 E Metadata2/Entry: itemAt(531):Get data error , tag ffffffff, mContentPtr 0x0 (itemAt){#531:vendor/mediatek/proprietary/hardware/mtkcam/utils/metadata/metadata/Entry.cpp}
02-24 00:57:00.155  1348 13643 E Metadata2/Entry: itemAt(531):Get data error , tag ffffffff, mContentPtr 0x0 (itemAt){#531:vendor/mediatek/proprietary/hardware/mtkcam/utils/metadata/metadata/Entry.cpp}
02-24 00:57:00.155  1348 13643 E KEYFILE : [ERROR   ] keyfilegroup.cpp:348 GetKeyValues() pKeyName :OrientationInfo[1][com.instagram.android] is not found!
02-24 00:57:00.186  1348 21703 E Hal3ARaw: [setStereoParams] Dev(2) StereoQ has Error message (setStereoParams){#1565:vendor/mediatek/proprietary/hardware/mtkcam/aaa/source/isp_50/wrapper/Hal3ARawImp.cpp}
02-24 00:57:00.186  1348 13643 E NormalPipe: [vendor/mediatek/proprietary/hardware/mtkcam/drv/src/isp/mt6785/iopipe/CamIO/NormalPipe.cpp, sendCommand, line3260] ERROR: error: sendCommand fail: (cmd,arg1,arg2,arg3)=(0x00001500,0x70AE4DC890,0x70AE4DC894,0xB4000070797E2A5C) (sendCommand){#3260:vendor/mediatek/proprietary/hardware/mtkcam/drv/src/isp/mt6785/iopipe/CamIO/NormalPipe.cpp}
02-24 00:57:00.189  1348 13643 E Metadata2/Entry: itemAt(531):Get data error , tag ffffffff, mContentPtr 0x0 (itemAt){#531:vendor/mediatek/proprietary/hardware/mtkcam/utils/metadata/metadata/Entry.cpp}
02-24 00:57:00.189  1348 13643 E Metadata2/Entry: itemAt(531):Get data error , tag ffffffff, mContentPtr 0x0 (itemAt){#531:vendor/mediatek/proprietary/hardware/mtkcam/utils/metadata/metadata/Entry.cpp}
02-24 00:57:00.189  1348 13643 E KEYFILE : [ERROR   ] keyfilegroup.cpp:348 GetKeyValues() pKeyName :OrientationInfo[1][com.instagram.android] is not found!
02-24 00:57:00.219  1348 21703 E Hal3ARaw: [setStereoParams] Dev(2) StereoQ has Error message (setStereoParams){#1565:vendor/mediatek/proprietary/hardware/mtkcam/aaa/source/isp_50/wrapper/Hal3ARawImp.cpp}
02-24 00:57:00.219  1348 13643 E NormalPipe: [vendor/mediatek/proprietary/hardware/mtkcam/drv/src/isp/mt6785/iopipe/CamIO/NormalPipe.cpp, sendCommand, line3260] ERROR: error: sendCommand fail: (cmd,arg1,arg2,arg3)=(0x00001500,0x70AE4DC890,0x70AE4DC894,0xB400007098D2AA5C) (sendCommand){#3260:vendor/mediatek/proprietary/hardware/mtkcam/drv/src/isp/mt6785/iopipe/CamIO/NormalPipe.cpp}
02-24 00:57:00.221  1348  1348 E Metadata2/Entry: itemAt(531):Get data error , tag ffffffff, mContentPtr 0x0 (itemAt){#531:vendor/mediatek/proprietary/hardware/mtkcam/utils/metadata/metadata/Entry.cpp}
02-24 00:57:00.221  1348  1348 E Metadata2/Entry: itemAt(531):Get data error , tag ffffffff, mContentPtr 0x0 (itemAt){#531:vendor/mediatek/proprietary/hardware/mtkcam/utils/metadata/metadata/Entry.cpp}
02-24 00:57:00.221  1348  1348 E KEYFILE : [ERROR   ] keyfilegroup.cpp:348 GetKeyValues() pKeyName :OrientationInfo[1][com.instagram.android] is not found!
02-24 00:57:00.253  1348 21703 E Hal3ARaw: [setStereoParams] Dev(2) StereoQ has Error message (setStereoParams){#1565:vendor/mediatek/proprietary/hardware/mtkcam/aaa/source/isp_50/wrapper/Hal3ARawImp.cpp}
02-24 00:57:00.253  1348  1348 E NormalPipe: [vendor/mediatek/proprietary/hardware/mtkcam/drv/src/isp/mt6785/iopipe/CamIO/NormalPipe.cpp, sendCommand, line3260] ERROR: error: sendCommand fail: (cmd,arg1,arg2,arg3)=(0x00001500,0x7FCD800FF0,0x7FCD800FF4,0xB4000070AD19AA5C) (sendCommand){#3260:vendor/mediatek/proprietary/hardware/mtkcam/drv/src/isp/mt6785/iopipe/CamIO/NormalPipe.cpp}
02-24 00:57:00.255  1348  1348 E Metadata2/Entry: itemAt(531):Get data error , tag ffffffff, mContentPtr 0x0 (itemAt){#531:vendor/mediatek/proprietary/hardware/mtkcam/utils/metadata/metadata/Entry.cpp}
02-24 00:57:00.255  1348  1348 E Metadata2/Entry: itemAt(531):Get data error , tag ffffffff, mContentPtr 0x0 (itemAt){#531:vendor/mediatek/proprietary/hardware/mtkcam/utils/metadata/metadata/Entry.cpp}
02-24 00:57:00.255  1348  1348 E KEYFILE : [ERROR   ] keyfilegroup.cpp:348 GetKeyValues() pKeyName :OrientationInfo[1][com.instagram.android] is not found!
02-24 00:57:00.286  1348 21703 E Hal3ARaw: [setStereoParams] Dev(2) StereoQ has Error message (setStereoParams){#1565:vendor/mediatek/proprietary/hardware/mtkcam/aaa/source/isp_50/wrapper/Hal3ARawImp.cpp}
02-24 00:57:00.286  1348  1348 E NormalPipe: [vendor/mediatek/proprietary/hardware/mtkcam/drv/src/isp/mt6785/iopipe/CamIO/NormalPipe.cpp, sendCommand, line3260] ERROR: error: sendCommand fail: (cmd,arg1,arg2,arg3)=(0x00001500,0x7FCD800FF0,0x7FCD800FF4,0xB4000070AD19C65C) (sendCommand){#3260:vendor/mediatek/proprietary/hardware/mtkcam/drv/src/isp/mt6785/iopipe/CamIO/NormalPipe.cpp}
02-24 00:57:00.288  1348  1348 E Metadata2/Entry: itemAt(531):Get data error , tag ffffffff, mContentPtr 0x0 (itemAt){#531:vendor/mediatek/proprietary/hardware/mtkcam/utils/metadata/metadata/Entry.cpp}
02-24 00:57:00.288  1348  1348 E Metadata2/Entry: itemAt(531):Get data error , tag ffffffff, mContentPtr 0x0 (itemAt){#531:vendor/mediatek/proprietary/hardware/mtkcam/utils/metadata/metadata/Entry.cpp}
02-24 00:57:00.289  1348  1348 E KEYFILE : [ERROR   ] keyfilegroup.cpp:348 GetKeyValues() pKeyName :OrientationInfo[1][com.instagram.android] is not found!
02-24 00:57:00.319  1348 21703 E Hal3ARaw: [setStereoParams] Dev(2) StereoQ has Error message (setStereoParams){#1565:vendor/mediatek/proprietary/hardware/mtkcam/aaa/source/isp_50/wrapper/Hal3ARawImp.cpp}
02-24 00:57:00.319  1348  1348 E NormalPipe: [vendor/mediatek/proprietary/hardware/mtkcam/drv/src/isp/mt6785/iopipe/CamIO/NormalPipe.cpp, sendCommand, line3260] ERROR: error: sendCommand fail: (cmd,arg1,arg2,arg3)=(0x00001500,0x7FCD800FF0,0x7FCD800FF4,0xB4000070AD19FE5C) (sendCommand){#3260:vendor/mediatek/proprietary/hardware/mtkcam/drv/src/isp/mt6785/iopipe/CamIO/NormalPipe.cpp}
02-24 00:57:00.322  1348  1348 E Metadata2/Entry: itemAt(531):Get data error , tag ffffffff, mContentPtr 0x0 (itemAt){#531:vendor/mediatek/proprietary/hardware/mtkcam/utils/metadata/metadata/Entry.cpp}
02-24 00:57:00.322  1348  1348 E Metadata2/Entry: itemAt(531):Get data error , tag ffffffff, mContentPtr 0x0 (itemAt){#531:vendor/mediatek/proprietary/hardware/mtkcam/utils/metadata/metadata/Entry.cpp}
02-24 00:57:00.322  1348  1348 E KEYFILE : [ERROR   ] keyfilegroup.cpp:348 GetKeyValues() pKeyName :OrientationInfo[1][com.instagram.android] is not found!
02-24 00:57:00.353  1348 21703 E Hal3ARaw: [setStereoParams] Dev(2) StereoQ has Error message (setStereoParams){#1565:vendor/mediatek/proprietary/hardware/mtkcam/aaa/source/isp_50/wrapper/Hal3ARawImp.cpp}
02-24 00:57:00.353  1348  1348 E NormalPipe: [vendor/mediatek/proprietary/hardware/mtkcam/drv/src/isp/mt6785/iopipe/CamIO/NormalPipe.cpp, sendCommand, line3260] ERROR: error: sendCommand fail: (cmd,arg1,arg2,arg3)=(0x00001500,0x7FCD800FF0,0x7FCD800FF4,0xB4000070AD1A1A5C) (sendCommand){#3260:vendor/mediatek/proprietary/hardware/mtkcam/drv/src/isp/mt6785/iopipe/CamIO/NormalPipe.cpp}
02-24 00:57:00.355  1348  1348 E Metadata2/Entry: itemAt(531):Get data error , tag ffffffff, mContentPtr 0x0 (itemAt){#531:vendor/mediatek/proprietary/hardware/mtkcam/utils/metadata/metadata/Entry.cpp}
02-24 00:57:00.355  1348  1348 E Metadata2/Entry: itemAt(531):Get data error , tag ffffffff, mContentPtr 0x0 (itemAt){#531:vendor/mediatek/proprietary/hardware/mtkcam/utils/metadata/metadata/Entry.cpp}
02-24 00:57:00.355  1348  1348 E KEYFILE : [ERROR   ] keyfilegroup.cpp:348 GetKeyValues() pKeyName :OrientationInfo[1][com.instagram.android] is not found!
02-24 00:57:00.386  1348 21703 E Hal3ARaw: [setStereoParams] Dev(2) StereoQ has Error message (setStereoParams){#1565:vendor/mediatek/proprietary/hardware/mtkcam/aaa/source/isp_50/wrapper/Hal3ARawImp.cpp}
02-24 00:57:00.386  1348  1348 E NormalPipe: [vendor/mediatek/proprietary/hardware/mtkcam/drv/src/isp/mt6785/iopipe/CamIO/NormalPipe.cpp, sendCommand, line3260] ERROR: error: sendCommand fail: (cmd,arg1,arg2,arg3)=(0x00001500,0x7FCD800FF0,0x7FCD800FF4,0xB4000070AD1A365C) (sendCommand){#3260:vendor/mediatek/proprietary/hardware/mtkcam/drv/src/isp/mt6785/iopipe/CamIO/NormalPipe.cpp}
02-24 00:57:00.388  1348  1348 E Metadata2/Entry: itemAt(531):Get data error , tag ffffffff, mContentPtr 0x0 (itemAt){#531:vendor/mediatek/proprietary/hardware/mtkcam/utils/metadata/metadata/Entry.cpp}
02-24 00:57:00.388  1348  1348 E Metadata2/Entry: itemAt(531):Get data error , tag ffffffff, mContentPtr 0x0 (itemAt){#531:vendor/mediatek/proprietary/hardware/mtkcam/utils/metadata/metadata/Entry.cpp}
02-24 00:57:00.388  1348  1348 E KEYFILE : [ERROR   ] keyfilegroup.cpp:348 GetKeyValues() pKeyName :OrientationInfo[1][com.instagram.android] is not found!
02-24 00:57:00.419  1348 21703 E Hal3ARaw: [setStereoParams] Dev(2) StereoQ has Error message (setStereoParams){#1565:vendor/mediatek/proprietary/hardware/mtkcam/aaa/source/isp_50/wrapper/Hal3ARawImp.cpp}
02-24 00:57:00.419  1348  1348 E NormalPipe: [vendor/mediatek/proprietary/hardware/mtkcam/drv/src/isp/mt6785/iopipe/CamIO/NormalPipe.cpp, sendCommand, line3260] ERROR: error: sendCommand fail: (cmd,arg1,arg2,arg3)=(0x00001500,0x7FCD800FF0,0x7FCD800FF4,0xB4000070AD1A525C) (sendCommand){#3260:vendor/mediatek/proprietary/hardware/mtkcam/drv/src/isp/mt6785/iopipe/CamIO/NormalPipe.cpp}
02-24 00:57:00.421  1348  1348 E Metadata2/Entry: itemAt(531):Get data error , tag ffffffff, mContentPtr 0x0 (itemAt){#531:vendor/mediatek/proprietary/hardware/mtkcam/utils/metadata/metadata/Entry.cpp}
02-24 00:57:00.421  1348  1348 E Metadata2/Entry: itemAt(531):Get data error , tag ffffffff, mContentPtr 0x0 (itemAt){#531:vendor/mediatek/proprietary/hardware/mtkcam/utils/metadata/metadata/Entry.cpp}
02-24 00:57:00.421  1348  1348 E KEYFILE : [ERROR   ] keyfilegroup.cpp:348 GetKeyValues() pKeyName :OrientationInfo[1][com.instagram.android] is not found!
02-24 00:57:00.452  1348 21703 E Hal3ARaw: [setStereoParams] Dev(2) StereoQ has Error message (setStereoParams){#1565:vendor/mediatek/proprietary/hardware/mtkcam/aaa/source/isp_50/wrapper/Hal3ARawImp.cpp}
02-24 00:57:00.452  1348  1348 E NormalPipe: [vendor/mediatek/proprietary/hardware/mtkcam/drv/src/isp/mt6785/iopipe/CamIO/NormalPipe.cpp, sendCommand, line3260] ERROR: error: sendCommand fail: (cmd,arg1,arg2,arg3)=(0x00001500,0x7FCD800FF0,0x7FCD800FF4,0xB4000070AD19E25C) (sendCommand){#3260:vendor/mediatek/proprietary/hardware/mtkcam/drv/src/isp/mt6785/iopipe/CamIO/NormalPipe.cpp}
02-24 00:57:00.455  1348 13643 E Metadata2/Entry: itemAt(531):Get data error , tag ffffffff, mContentPtr 0x0 (itemAt){#531:vendor/mediatek/proprietary/hardware/mtkcam/utils/metadata/metadata/Entry.cpp}
02-24 00:57:00.455  1348 13643 E Metadata2/Entry: itemAt(531):Get data error , tag ffffffff, mContentPtr 0x0 (itemAt){#531:vendor/mediatek/proprietary/hardware/mtkcam/utils/metadata/metadata/Entry.cpp}
02-24 00:57:00.455  1348 13643 E KEYFILE : [ERROR   ] keyfilegroup.cpp:348 GetKeyValues() pKeyName :OrientationInfo[1][com.instagram.android] is not found!
02-24 00:57:00.486  1348 21703 E Hal3ARaw: [setStereoParams] Dev(2) StereoQ has Error message (setStereoParams){#1565:vendor/mediatek/proprietary/hardware/mtkcam/aaa/source/isp_50/wrapper/Hal3ARawImp.cpp}
02-24 00:57:00.486  1348 13643 E NormalPipe: [vendor/mediatek/proprietary/hardware/mtkcam/drv/src/isp/mt6785/iopipe/CamIO/NormalPipe.cpp, sendCommand, line3260] ERROR: error: sendCommand fail: (cmd,arg1,arg2,arg3)=(0x00001500,0x70AE4DC890,0x70AE4DC894,0xB400007098D2FE5C) (sendCommand){#3260:vendor/mediatek/proprietary/hardware/mtkcam/drv/src/isp/mt6785/iopipe/CamIO/NormalPipe.cpp}
02-24 00:57:00.488  1348  1348 E Metadata2/Entry: itemAt(531):Get data error , tag ffffffff, mContentPtr 0x0 (itemAt){#531:vendor/mediatek/proprietary/hardware/mtkcam/utils/metadata/metadata/Entry.cpp}
02-24 00:57:00.488  1348  1348 E Metadata2/Entry: itemAt(531):Get data error , tag ffffffff, mContentPtr 0x0 (itemAt){#531:vendor/mediatek/proprietary/hardware/mtkcam/utils/metadata/metadata/Entry.cpp}
02-24 00:57:00.488  1348  1348 E KEYFILE : [ERROR   ] keyfilegroup.cpp:348 GetKeyValues() pKeyName :OrientationInfo[1][com.instagram.android] is not found!
02-24 00:57:00.519  1348 21703 E Hal3ARaw: [setStereoParams] Dev(2) StereoQ has Error message (setStereoParams){#1565:vendor/mediatek/proprietary/hardware/mtkcam/aaa/source/isp_50/wrapper/Hal3ARawImp.cpp}
02-24 00:57:00.519  1348  1348 E NormalPipe: [vendor/mediatek/proprietary/hardware/mtkcam/drv/src/isp/mt6785/iopipe/CamIO/NormalPipe.cpp, sendCommand, line3260] ERROR: error: sendCommand fail: (cmd,arg1,arg2,arg3)=(0x00001500,0x7FCD800FF0,0x7FCD800FF4,0xB400007079AC4A5C) (sendCommand){#3260:vendor/mediatek/proprietary/hardware/mtkcam/drv/src/isp/mt6785/iopipe/CamIO/NormalPipe.cpp}
02-24 00:57:00.522  1348 13643 E Metadata2/Entry: itemAt(531):Get data error , tag ffffffff, mContentPtr 0x0 (itemAt){#531:vendor/mediatek/proprietary/hardware/mtkcam/utils/metadata/metadata/Entry.cpp}
02-24 00:57:00.522  1348 13643 E Metadata2/Entry: itemAt(531):Get data error , tag ffffffff, mContentPtr 0x0 (itemAt){#531:vendor/mediatek/proprietary/hardware/mtkcam/utils/metadata/metadata/Entry.cpp}
02-24 00:57:00.522  1348 13643 E KEYFILE : [ERROR   ] keyfilegroup.cpp:348 GetKeyValues() pKeyName :OrientationInfo[1][com.instagram.android] is not found!
02-24 00:57:00.552  1348 21703 E Hal3ARaw: [setStereoParams] Dev(2) StereoQ has Error message (setStereoParams){#1565:vendor/mediatek/proprietary/hardware/mtkcam/aaa/source/isp_50/wrapper/Hal3ARawImp.cpp}
02-24 00:57:00.553  1348 13643 E NormalPipe: [vendor/mediatek/proprietary/hardware/mtkcam/drv/src/isp/mt6785/iopipe/CamIO/NormalPipe.cpp, sendCommand, line3260] ERROR: error: sendCommand fail: (cmd,arg1,arg2,arg3)=(0x00001500,0x70AE4DC890,0x70AE4DC894,0xB4000070797E625C) (sendCommand){#3260:vendor/mediatek/proprietary/hardware/mtkcam/drv/src/isp/mt6785/iopipe/CamIO/NormalPipe.cpp}
02-24 00:57:00.555  1348 13643 E Metadata2/Entry: itemAt(531):Get data error , tag ffffffff, mContentPtr 0x0 (itemAt){#531:vendor/mediatek/proprietary/hardware/mtkcam/utils/metadata/metadata/Entry.cpp}
02-24 00:57:00.555  1348 13643 E Metadata2/Entry: itemAt(531):Get data error , tag ffffffff, mContentPtr 0x0 (itemAt){#531:vendor/mediatek/proprietary/hardware/mtkcam/utils/metadata/metadata/Entry.cpp}
02-24 00:57:00.555  1348 13643 E KEYFILE : [ERROR   ] keyfilegroup.cpp:348 GetKeyValues() pKeyName :OrientationInfo[1][com.instagram.android] is not found!
02-24 00:57:00.586  1348 21703 E Hal3ARaw: [setStereoParams] Dev(2) StereoQ has Error message (setStereoParams){#1565:vendor/mediatek/proprietary/hardware/mtkcam/aaa/source/isp_50/wrapper/Hal3ARawImp.cpp}
02-24 00:57:00.586  1348 13643 E NormalPipe: [vendor/mediatek/proprietary/hardware/mtkcam/drv/src/isp/mt6785/iopipe/CamIO/NormalPipe.cpp, sendCommand, line3260] ERROR: error: sendCommand fail: (cmd,arg1,arg2,arg3)=(0x00001500,0x70AE4DC890,0x70AE4DC894,0xB4000070797E7E5C) (sendCommand){#3260:vendor/mediatek/proprietary/hardware/mtkcam/drv/src/isp/mt6785/iopipe/CamIO/NormalPipe.cpp}
02-24 00:57:00.589  1348 13643 E Metadata2/Entry: itemAt(531):Get data error , tag ffffffff, mContentPtr 0x0 (itemAt){#531:vendor/mediatek/proprietary/hardware/mtkcam/utils/metadata/metadata/Entry.cpp}
02-24 00:57:00.589  1348 13643 E Metadata2/Entry: itemAt(531):Get data error , tag ffffffff, mContentPtr 0x0 (itemAt){#531:vendor/mediatek/proprietary/hardware/mtkcam/utils/metadata/metadata/Entry.cpp}
02-24 00:57:00.590  1348 13643 E KEYFILE : [ERROR   ] keyfilegroup.cpp:348 GetKeyValues() pKeyName :OrientationInfo[1][com.instagram.android] is not found!
02-24 00:57:00.619  1348 21703 E Hal3ARaw: [setStereoParams] Dev(2) StereoQ has Error message (setStereoParams){#1565:vendor/mediatek/proprietary/hardware/mtkcam/aaa/source/isp_50/wrapper/Hal3ARawImp.cpp}
02-24 00:57:00.619  1348 13643 E NormalPipe: [vendor/mediatek/proprietary/hardware/mtkcam/drv/src/isp/mt6785/iopipe/CamIO/NormalPipe.cpp, sendCommand, line3260] ERROR: error: sendCommand fail: (cmd,arg1,arg2,arg3)=(0x00001500,0x70AE4DC890,0x70AE4DC894,0xB40000707D28FA5C) (sendCommand){#3260:vendor/mediatek/proprietary/hardware/mtkcam/drv/src/isp/mt6785/iopipe/CamIO/NormalPipe.cpp}
02-24 00:57:00.621  1348 19202 E Metadata2/Entry: itemAt(531):Get data error , tag ffffffff, mContentPtr 0x0 (itemAt){#531:vendor/mediatek/proprietary/hardware/mtkcam/utils/metadata/metadata/Entry.cpp}
02-24 00:57:00.622  1348 19202 E Metadata2/Entry: itemAt(531):Get data error , tag ffffffff, mContentPtr 0x0 (itemAt){#531:vendor/mediatek/proprietary/hardware/mtkcam/utils/metadata/metadata/Entry.cpp}
02-24 00:57:00.622  1348 19202 E KEYFILE : [ERROR   ] keyfilegroup.cpp:348 GetKeyValues() pKeyName :OrientationInfo[1][com.instagram.android] is not found!
02-24 00:57:00.652  1348 21703 E Hal3ARaw: [setStereoParams] Dev(2) StereoQ has Error message (setStereoParams){#1565:vendor/mediatek/proprietary/hardware/mtkcam/aaa/source/isp_50/wrapper/Hal3ARawImp.cpp}
02-24 00:57:00.652  1348 19202 E NormalPipe: [vendor/mediatek/proprietary/hardware/mtkcam/drv/src/isp/mt6785/iopipe/CamIO/NormalPipe.cpp, sendCommand, line3260] ERROR: error: sendCommand fail: (cmd,arg1,arg2,arg3)=(0x00001500,0x70A9DD7890,0x70A9DD7894,0xB40000707D08EE5C) (sendCommand){#3260:vendor/mediatek/proprietary/hardware/mtkcam/drv/src/isp/mt6785/iopipe/CamIO/NormalPipe.cpp}
02-24 00:57:00.655  1348  1348 E Metadata2/Entry: itemAt(531):Get data error , tag ffffffff, mContentPtr 0x0 (itemAt){#531:vendor/mediatek/proprietary/hardware/mtkcam/utils/metadata/metadata/Entry.cpp}
02-24 00:57:00.655  1348  1348 E Metadata2/Entry: itemAt(531):Get data error , tag ffffffff, mContentPtr 0x0 (itemAt){#531:vendor/mediatek/proprietary/hardware/mtkcam/utils/metadata/metadata/Entry.cpp}
02-24 00:57:00.655  1348  1348 E KEYFILE : [ERROR   ] keyfilegroup.cpp:348 GetKeyValues() pKeyName :OrientationInfo[1][com.instagram.android] is not found!
02-24 00:57:00.686  1348 21703 E Hal3ARaw: [setStereoParams] Dev(2) StereoQ has Error message (setStereoParams){#1565:vendor/mediatek/proprietary/hardware/mtkcam/aaa/source/isp_50/wrapper/Hal3ARawImp.cpp}
02-24 00:57:00.686  1348  1348 E NormalPipe: [vendor/mediatek/proprietary/hardware/mtkcam/drv/src/isp/mt6785/iopipe/CamIO/NormalPipe.cpp, sendCommand, line3260] ERROR: error: sendCommand fail: (cmd,arg1,arg2,arg3)=(0x00001500,0x7FCD800FF0,0x7FCD800FF4,0xB400007079AC825C) (sendCommand){#3260:vendor/mediatek/proprietary/hardware/mtkcam/drv/src/isp/mt6785/iopipe/CamIO/NormalPipe.cpp}
02-24 00:57:00.688  1348  1348 E Metadata2/Entry: itemAt(531):Get data error , tag ffffffff, mContentPtr 0x0 (itemAt){#531:vendor/mediatek/proprietary/hardware/mtkcam/utils/metadata/metadata/Entry.cpp}
02-24 00:57:00.688  1348  1348 E Metadata2/Entry: itemAt(531):Get data error , tag ffffffff, mContentPtr 0x0 (itemAt){#531:vendor/mediatek/proprietary/hardware/mtkcam/utils/metadata/metadata/Entry.cpp}
02-24 00:57:00.689  1348  1348 E KEYFILE : [ERROR   ] keyfilegroup.cpp:348 GetKeyValues() pKeyName :OrientationInfo[1][com.instagram.android] is not found!
02-24 00:57:00.719  1348  1348 E NormalPipe: [vendor/mediatek/proprietary/hardware/mtkcam/drv/src/isp/mt6785/iopipe/CamIO/NormalPipe.cpp, sendCommand, line3260] ERROR: error: sendCommand fail: (cmd,arg1,arg2,arg3)=(0x00001500,0x7FCD800FF0,0x7FCD800FF4,0xB400007077DE865C) (sendCommand){#3260:vendor/mediatek/proprietary/hardware/mtkcam/drv/src/isp/mt6785/iopipe/CamIO/NormalPipe.cpp}
02-24 00:57:00.719  1348 21703 E Hal3ARaw: [setStereoParams] Dev(2) StereoQ has Error message (setStereoParams){#1565:vendor/mediatek/proprietary/hardware/mtkcam/aaa/source/isp_50/wrapper/Hal3ARawImp.cpp}
02-24 00:57:00.722  1348  1348 E Metadata2/Entry: itemAt(531):Get data error , tag ffffffff, mContentPtr 0x0 (itemAt){#531:vendor/mediatek/proprietary/hardware/mtkcam/utils/metadata/metadata/Entry.cpp}
02-24 00:57:00.722  1348  1348 E Metadata2/Entry: itemAt(531):Get data error , tag ffffffff, mContentPtr 0x0 (itemAt){#531:vendor/mediatek/proprietary/hardware/mtkcam/utils/metadata/metadata/Entry.cpp}
02-24 00:57:00.722  1348  1348 E KEYFILE : [ERROR   ] keyfilegroup.cpp:348 GetKeyValues() pKeyName :OrientationInfo[1][com.instagram.android] is not found!
02-24 00:57:00.752  1348 21703 E Hal3ARaw: [setStereoParams] Dev(2) StereoQ has Error message (setStereoParams){#1565:vendor/mediatek/proprietary/hardware/mtkcam/aaa/source/isp_50/wrapper/Hal3ARawImp.cpp}
02-24 00:57:00.752  1348  1348 E NormalPipe: [vendor/mediatek/proprietary/hardware/mtkcam/drv/src/isp/mt6785/iopipe/CamIO/NormalPipe.cpp, sendCommand, line3260] ERROR: error: sendCommand fail: (cmd,arg1,arg2,arg3)=(0x00001500,0x7FCD800FF0,0x7FCD800FF4,0xB400007077DEBE5C) (sendCommand){#3260:vendor/mediatek/proprietary/hardware/mtkcam/drv/src/isp/mt6785/iopipe/CamIO/NormalPipe.cpp}
02-24 00:57:00.754  1348  1348 E Metadata2/Entry: itemAt(531):Get data error , tag ffffffff, mContentPtr 0x0 (itemAt){#531:vendor/mediatek/proprietary/hardware/mtkcam/utils/metadata/metadata/Entry.cpp}
02-24 00:57:00.754  1348  1348 E Metadata2/Entry: itemAt(531):Get data error , tag ffffffff, mContentPtr 0x0 (itemAt){#531:vendor/mediatek/proprietary/hardware/mtkcam/utils/metadata/metadata/Entry.cpp}
02-24 00:57:00.754  1348  1348 E KEYFILE : [ERROR   ] keyfilegroup.cpp:348 GetKeyValues() pKeyName :OrientationInfo[1][com.instagram.android] is not found!
02-24 00:57:00.786  1348 21703 E Hal3ARaw: [setStereoParams] Dev(2) StereoQ has Error message (setStereoParams){#1565:vendor/mediatek/proprietary/hardware/mtkcam/aaa/source/isp_50/wrapper/Hal3ARawImp.cpp}
02-24 00:57:00.786  1348  1348 E NormalPipe: [vendor/mediatek/proprietary/hardware/mtkcam/drv/src/isp/mt6785/iopipe/CamIO/NormalPipe.cpp, sendCommand, line3260] ERROR: error: sendCommand fail: (cmd,arg1,arg2,arg3)=(0x00001500,0x7FCD800FF0,0x7FCD800FF4,0xB400007077DF665C) (sendCommand){#3260:vendor/mediatek/proprietary/hardware/mtkcam/drv/src/isp/mt6785/iopipe/CamIO/NormalPipe.cpp}
02-24 00:57:00.788  1348  1348 E Metadata2/Entry: itemAt(531):Get data error , tag ffffffff, mContentPtr 0x0 (itemAt){#531:vendor/mediatek/proprietary/hardware/mtkcam/utils/metadata/metadata/Entry.cpp}
02-24 00:57:00.788  1348  1348 E Metadata2/Entry: itemAt(531):Get data error , tag ffffffff, mContentPtr 0x0 (itemAt){#531:vendor/mediatek/proprietary/hardware/mtkcam/utils/metadata/metadata/Entry.cpp}
02-24 00:57:00.788  1348  1348 E KEYFILE : [ERROR   ] keyfilegroup.cpp:348 GetKeyValues() pKeyName :OrientationInfo[1][com.instagram.android] is not found!
02-24 00:57:00.819  1348 21703 E Hal3ARaw: [setStereoParams] Dev(2) StereoQ has Error message (setStereoParams){#1565:vendor/mediatek/proprietary/hardware/mtkcam/aaa/source/isp_50/wrapper/Hal3ARawImp.cpp}
02-24 00:57:00.819  1348  1348 E NormalPipe: [vendor/mediatek/proprietary/hardware/mtkcam/drv/src/isp/mt6785/iopipe/CamIO/NormalPipe.cpp, sendCommand, line3260] ERROR: error: sendCommand fail: (cmd,arg1,arg2,arg3)=(0x00001500,0x7FCD800FF0,0x7FCD800FF4,0xB400007076DE765C) (sendCommand){#3260:vendor/mediatek/proprietary/hardware/mtkcam/drv/src/isp/mt6785/iopipe/CamIO/NormalPipe.cpp}
02-24 00:57:00.821  1348  1348 E Metadata2/Entry: itemAt(531):Get data error , tag ffffffff, mContentPtr 0x0 (itemAt){#531:vendor/mediatek/proprietary/hardware/mtkcam/utils/metadata/metadata/Entry.cpp}
02-24 00:57:00.821  1348  1348 E Metadata2/Entry: itemAt(531):Get data error , tag ffffffff, mContentPtr 0x0 (itemAt){#531:vendor/mediatek/proprietary/hardware/mtkcam/utils/metadata/metadata/Entry.cpp}
02-24 00:57:00.821  1348  1348 E KEYFILE : [ERROR   ] keyfilegroup.cpp:348 GetKeyValues() pKeyName :OrientationInfo[1][com.instagram.android] is not found!
02-24 00:57:00.852  1348 21703 E Hal3ARaw: [setStereoParams] Dev(2) StereoQ has Error message (setStereoParams){#1565:vendor/mediatek/proprietary/hardware/mtkcam/aaa/source/isp_50/wrapper/Hal3ARawImp.cpp}
02-24 00:57:00.852  1348  1348 E NormalPipe: [vendor/mediatek/proprietary/hardware/mtkcam/drv/src/isp/mt6785/iopipe/CamIO/NormalPipe.cpp, sendCommand, line3260] ERROR: error: sendCommand fail: (cmd,arg1,arg2,arg3)=(0x00001500,0x7FCD800FF0,0x7FCD800FF4,0xB400007076DE925C) (sendCommand){#3260:vendor/mediatek/proprietary/hardware/mtkcam/drv/src/isp/mt6785/iopipe/CamIO/NormalPipe.cpp}
02-24 00:57:00.854  1348  1348 E Metadata2/Entry: itemAt(531):Get data error , tag ffffffff, mContentPtr 0x0 (itemAt){#531:vendor/mediatek/proprietary/hardware/mtkcam/utils/metadata/metadata/Entry.cpp}
02-24 00:57:00.854  1348  1348 E Metadata2/Entry: itemAt(531):Get data error , tag ffffffff, mContentPtr 0x0 (itemAt){#531:vendor/mediatek/proprietary/hardware/mtkcam/utils/metadata/metadata/Entry.cpp}
02-24 00:57:00.854  1348  1348 E KEYFILE : [ERROR   ] keyfilegroup.cpp:348 GetKeyValues() pKeyName :OrientationInfo[1][com.instagram.android] is not found!
02-24 00:57:00.885  1348 21703 E Hal3ARaw: [setStereoParams] Dev(2) StereoQ has Error message (setStereoParams){#1565:vendor/mediatek/proprietary/hardware/mtkcam/aaa/source/isp_50/wrapper/Hal3ARawImp.cpp}
02-24 00:57:00.886  1348  1348 E NormalPipe: [vendor/mediatek/proprietary/hardware/mtkcam/drv/src/isp/mt6785/iopipe/CamIO/NormalPipe.cpp, sendCommand, line3260] ERROR: error: sendCommand fail: (cmd,arg1,arg2,arg3)=(0x00001500,0x7FCD800FF0,0x7FCD800FF4,0xB40000707650865C) (sendCommand){#3260:vendor/mediatek/proprietary/hardware/mtkcam/drv/src/isp/mt6785/iopipe/CamIO/NormalPipe.cpp}
02-24 00:57:00.888  1348  1348 E Metadata2/Entry: itemAt(531):Get data error , tag ffffffff, mContentPtr 0x0 (itemAt){#531:vendor/mediatek/proprietary/hardware/mtkcam/utils/metadata/metadata/Entry.cpp}
02-24 00:57:00.888  1348  1348 E Metadata2/Entry: itemAt(531):Get data error , tag ffffffff, mContentPtr 0x0 (itemAt){#531:vendor/mediatek/proprietary/hardware/mtkcam/utils/metadata/metadata/Entry.cpp}
02-24 00:57:00.888  1348  1348 E KEYFILE : [ERROR   ] keyfilegroup.cpp:348 GetKeyValues() pKeyName :OrientationInfo[1][com.instagram.android] is not found!
